1.274: [GC 1.274: [DefNew: 896K->64K(960K), 0.0136197 secs] 976K->818K(524224K), 0.0137645 secs] [Times: user=0.00 sys=0.02, real=0.01 secs] 
1.310: [GC 1.310: [DefNew: 960K->63K(960K), 0.0025744 secs] 1731K->1719K(524224K), 0.0026822 secs] [Times: user=0.00 sys=0.00, real=0.00 secs] 
1.324: [GC 1.324: [DefNew: 959K->64K(960K), 0.0028847 secs] 2746K->2704K(524224K), 0.0029993 secs] [Times: user=0.00 sys=0.00, real=0.00 secs] 
1.329: [GC 1.329: [DefNew: 960K->63K(960K), 0.0020128 secs] 3600K->3561K(524224K), 0.0021071 secs] [Times: user=0.00 sys=0.00, real=0.00 secs] 
1.334: [GC 1.334: [DefNew: 959K->64K(960K), 0.0030310 secs] 4578K->4535K(524224K), 0.0031427 secs] [Times: user=0.00 sys=0.00, real=0.00 secs] 
1.340: [GC 1.340: [DefNew: 960K->63K(960K), 0.0025888 secs] 5433K->5415K(524224K), 0.0027394 secs] [Times: user=0.00 sys=0.00, real=0.00 secs] 
1.345: [GC 1.345: [DefNew: 959K->64K(960K), 0.0024676 secs] 6369K->6348K(524224K), 0.0025311 secs] [Times: user=0.00 sys=0.00, real=0.00 secs] 
1.351: [GC 1.351: [DefNew: 960K->64K(960K), 0.0038832 secs] 7469K->7450K(524224K), 0.0039448 secs] [Times: user=0.01 sys=0.00, real=0.00 secs] 
1.358: [GC 1.358: [DefNew: 960K->64K(960K), 0.0029170 secs] 8348K->8335K(524224K), 0.0029757 secs] [Times: user=0.00 sys=0.00, real=0.00 secs] 
1.363: [GC 1.363: [DefNew: 960K->63K(960K), 0.0025253 secs] 9233K->9219K(524224K), 0.0025802 secs] [Times: user=0.00 sys=0.00, real=0.00 secs] 
1.368: [GC 1.368: [DefNew: 959K->64K(960K), 0.0024945 secs] 10117K->10046K(524224K), 0.0025460 secs] [Times: user=0.02 sys=0.00, real=0.00 secs] 
1.373: [GC 1.373: [DefNew: 960K->63K(960K), 0.0020205 secs] 10945K->10896K(524224K), 0.0020855 secs] [Times: user=0.00 sys=0.00, real=0.00 secs] 
1.377: [GC 1.377: [DefNew: 959K->64K(960K), 0.0020022 secs] 11794K->11743K(524224K), 0.0020600 secs] [Times: user=0.00 sys=0.00, real=0.00 secs] 
1.381: [GC 1.381: [DefNew: 960K->64K(960K), 0.0021009 secs] 12641K->12570K(524224K), 0.0021644 secs] [Times: user=0.00 sys=0.00, real=0.00 secs] 
1.386: [GC 1.386: [DefNew: 960K->63K(960K), 0.0019609 secs] 13468K->13417K(524224K), 0.0020186 secs] [Times: user=0.00 sys=0.00, real=0.00 secs] 
1.394: [GC 1.394: [DefNew: 959K->64K(960K), 0.0041041 secs] 14571K->14525K(524224K), 0.0041844 secs] [Times: user=0.00 sys=0.00, real=0.00 secs] 
1.400: [GC 1.400: [DefNew: 960K->64K(960K), 0.0030084 secs] 15422K->15191K(524224K), 0.0030724 secs] [Times: user=0.02 sys=0.00, real=0.00 secs] 
1.405: [GC 1.405: [DefNew: 960K->64K(960K), 0.0018747 secs] 16088K->15871K(524224K), 0.0019378 secs] [Times: user=0.00 sys=0.00, real=0.00 secs] 
1.408: [GC 1.408: [DefNew: 960K->63K(960K), 0.0017097 secs] 16768K->16412K(524224K), 0.0017607 secs] [Times: user=0.00 sys=0.00, real=0.00 secs] 
1.412: [GC 1.412: [DefNew: 959K->64K(960K), 0.0017573 secs] 17308K->17006K(524224K), 0.0018184 secs] [Times: user=0.00 sys=0.00, real=0.00 secs] 
1.415: [GC 1.415: [DefNew: 960K->63K(960K), 0.0015807 secs] 17904K->17583K(524224K), 0.0016399 secs] [Times: user=0.00 sys=0.00, real=0.00 secs] 
1.419: [GC 1.419: [DefNew: 959K->63K(960K), 0.0015745 secs] 18480K->18143K(524224K), 0.0016216 secs] [Times: user=0.00 sys=0.00, real=0.00 secs] 
1.423: [GC 1.423: [DefNew: 959K->64K(960K), 0.0018035 secs] 19039K->18720K(524224K), 0.0018507 secs] [Times: user=0.00 sys=0.00, real=0.00 secs] 
1.426: [GC 1.426: [DefNew: 960K->64K(960K), 0.0017833 secs] 19617K->19294K(524224K), 0.0018439 secs] [Times: user=0.00 sys=0.00, real=0.00 secs] 
1.430: [GC 1.430: [DefNew: 960K->64K(960K), 0.0015283 secs] 20191K->19929K(524224K), 0.0015711 secs] [Times: user=0.00 sys=0.00, real=0.00 secs] 
1.433: [GC 1.433: [DefNew: 960K->64K(960K), 0.0014821 secs] 20825K->20459K(524224K), 0.0015278 secs] [Times: user=0.00 sys=0.00, real=0.00 secs] 
1.437: [GC 1.437: [DefNew: 960K->64K(960K), 0.0015668 secs] 21355K->21073K(524224K), 0.0016115 secs] [Times: user=0.00 sys=0.00, real=0.00 secs] 
1.441: [GC 1.441: [DefNew: 960K->64K(960K), 0.0015730 secs] 21969K->21613K(524224K), 0.0016197 secs] [Times: user=0.00 sys=0.00, real=0.00 secs] 
1.444: [GC 1.444: [DefNew: 960K->64K(960K), 0.0018064 secs] 22510K->22140K(524224K), 0.0019036 secs] [Times: user=0.00 sys=0.00, real=0.00 secs] 
1.448: [GC 1.448: [DefNew: 960K->63K(960K), 0.0015360 secs] 23036K->22712K(524224K), 0.0015802 secs] [Times: user=0.01 sys=0.00, real=0.00 secs] 
1.451: [GC 1.451: [DefNew: 959K->63K(960K), 0.0020826 secs] 23608K->23309K(524224K), 0.0021509 secs] [Times: user=0.00 sys=0.00, real=0.00 secs] 
1.456: [GC 1.456: [DefNew: 959K->64K(960K), 0.0021312 secs] 24206K->24072K(524224K), 0.0022005 secs] [Times: user=0.00 sys=0.00, real=0.00 secs] 
1.460: [GC 1.460: [DefNew: 960K->64K(960K), 0.0017857 secs] 24969K->24811K(524224K), 0.0018329 secs] [Times: user=0.00 sys=0.00, real=0.00 secs] 
1.464: [GC 1.464: [DefNew: 960K->64K(960K), 0.0020686 secs] 25707K->25393K(524224K), 0.0021230 secs] [Times: user=0.00 sys=0.00, real=0.00 secs] 
1.468: [GC 1.468: [DefNew: 960K->63K(960K), 0.0016914 secs] 26289K->25967K(524224K), 0.0017414 secs] [Times: user=0.00 sys=0.00, real=0.00 secs] 
1.471: [GC 1.471: [DefNew: 959K->63K(960K), 0.0016255 secs] 26863K->26526K(524224K), 0.0016678 secs] [Times: user=0.00 sys=0.00, real=0.00 secs] 
1.475: [GC 1.475: [DefNew: 959K->64K(960K), 0.0016760 secs] 27422K->27096K(524224K), 0.0017150 secs] [Times: user=0.00 sys=0.00, real=0.00 secs] 
1.478: [GC 1.478: [DefNew: 960K->63K(960K), 0.0015600 secs] 27992K->27651K(524224K), 0.0016014 secs] [Times: user=0.02 sys=0.00, real=0.00 secs] 
1.486: [GC 1.486: [DefNew: 959K->63K(960K), 0.0046979 secs] 29060K->28728K(524224K), 0.0047681 secs] [Times: user=0.00 sys=0.00, real=0.01 secs] 
1.492: [GC 1.492: [DefNew: 959K->64K(960K), 0.0024887 secs] 29625K->29425K(524224K), 0.0025518 secs] [Times: user=0.00 sys=0.00, real=0.00 secs] 
1.497: [GC 1.497: [DefNew: 960K->63K(960K), 0.0019512 secs] 30322K->30044K(524224K), 0.0019989 secs] [Times: user=0.00 sys=0.00, real=0.00 secs] 
1.501: [GC 1.501: [DefNew: 959K->63K(960K), 0.0019873 secs] 30942K->30576K(524224K), 0.0020364 secs] [Times: user=0.00 sys=0.00, real=0.00 secs] 
1.504: [GC 1.504: [DefNew: 959K->64K(960K), 0.0017770 secs] 31472K->31114K(524224K), 0.0018256 secs] [Times: user=0.00 sys=0.00, real=0.00 secs] 
1.508: [GC 1.508: [DefNew: 960K->63K(960K), 0.0026090 secs] 32010K->31782K(524224K), 0.0026639 secs] [Times: user=0.00 sys=0.00, real=0.00 secs] 
1.512: [GC 1.512: [DefNew: 959K->63K(960K), 0.0022914 secs] 32678K->32454K(524224K), 0.0023521 secs] [Times: user=0.00 sys=0.00, real=0.00 secs] 
1.516: [GC 1.516: [DefNew: 959K->63K(960K), 0.0025542 secs] 33350K->33132K(524224K), 0.0026754 secs] [Times: user=0.00 sys=0.00, real=0.00 secs] 
1.520: [GC 1.520: [DefNew: 959K->64K(960K), 0.0021182 secs] 34028K->33816K(524224K), 0.0021683 secs] [Times: user=0.00 sys=0.00, real=0.00 secs] 
1.524: [GC 1.524: [DefNew: 960K->64K(960K), 0.0019108 secs] 34712K->34363K(524224K), 0.0019585 secs] [Times: user=0.00 sys=0.00, real=0.00 secs] 
1.528: [GC 1.528: [DefNew: 960K->64K(960K), 0.0019286 secs] 35259K->34944K(524224K), 0.0019777 secs] [Times: user=0.00 sys=0.00, real=0.00 secs] 
1.531: [GC 1.531: [DefNew: 960K->63K(960K), 0.0018078 secs] 35841K->35438K(524224K), 0.0018507 secs] [Times: user=0.00 sys=0.00, real=0.00 secs] 
1.535: [GC 1.535: [DefNew: 959K->63K(960K), 0.0021452 secs] 36335K->36076K(524224K), 0.0021986 secs] [Times: user=0.00 sys=0.00, real=0.00 secs] 
1.538: [GC 1.538: [DefNew: 959K->63K(960K), 0.0018959 secs] 36972K->36639K(524224K), 0.0019469 secs] [Times: user=0.00 sys=0.00, real=0.00 secs] 
1.542: [GC 1.542: [DefNew: 959K->64K(960K), 0.0023704 secs] 37535K->37220K(524224K), 0.0024454 secs] [Times: user=0.00 sys=0.00, real=0.00 secs] 
1.546: [GC 1.546: [DefNew: 960K->63K(960K), 0.0022390 secs] 38117K->37905K(524224K), 0.0022934 secs] [Times: user=0.00 sys=0.00, real=0.00 secs] 
1.550: [GC 1.550: [DefNew: 959K->64K(960K), 0.0021962 secs] 38801K->38473K(524224K), 0.0022525 secs] [Times: user=0.00 sys=0.00, real=0.00 secs] 
1.554: [GC 1.554: [DefNew: 960K->64K(960K), 0.0020080 secs] 39371K->39077K(524224K), 0.0020629 secs] [Times: user=0.00 sys=0.00, real=0.00 secs] 
1.557: [GC 1.557: [DefNew: 960K->64K(960K), 0.0023891 secs] 39974K->39756K(524224K), 0.0024618 secs] [Times: user=0.02 sys=0.00, real=0.00 secs] 
1.562: [GC 1.562: [DefNew: 960K->63K(960K), 0.0028280 secs] 40652K->40503K(524224K), 0.0029064 secs] [Times: user=0.00 sys=0.00, real=0.00 secs] 
1.566: [GC 1.566: [DefNew: 959K->64K(960K), 0.0024781 secs] 41400K->41168K(524224K), 0.0025431 secs] [Times: user=0.00 sys=0.00, real=0.00 secs] 
1.571: [GC 1.571: [DefNew: 960K->64K(960K), 0.0022626 secs] 42065K->41819K(524224K), 0.0023218 secs] [Times: user=0.00 sys=0.00, real=0.00 secs] 
1.574: [GC 1.574: [DefNew: 960K->64K(960K), 0.0023800 secs] 42716K->42422K(524224K), 0.0024493 secs] [Times: user=0.00 sys=0.00, real=0.00 secs] 
1.579: [GC 1.579: [DefNew: 960K->63K(960K), 0.0020826 secs] 43318K->43042K(524224K), 0.0021341 secs] [Times: user=0.00 sys=0.00, real=0.00 secs] 
1.583: [GC 1.583: [DefNew: 959K->64K(960K), 0.0022313 secs] 43939K->43605K(524224K), 0.0022905 secs] [Times: user=0.00 sys=0.00, real=0.00 secs] 
1.586: [GC 1.586: [DefNew: 960K->63K(960K), 0.0023473 secs] 44501K->44215K(524224K), 0.0024060 secs] [Times: user=0.00 sys=0.00, real=0.00 secs] 
1.591: [GC 1.591: [DefNew: 959K->63K(960K), 0.0023882 secs] 45111K->44889K(524224K), 0.0024449 secs] [Times: user=0.00 sys=0.00, real=0.00 secs] 
1.595: [GC 1.595: [DefNew: 959K->64K(960K), 0.0027240 secs] 45785K->45716K(524224K), 0.0028078 secs] [Times: user=0.00 sys=0.00, real=0.00 secs] 
1.600: [GC 1.600: [DefNew: 960K->63K(960K), 0.0026610 secs] 46613K->46507K(524224K), 0.0027187 secs] [Times: user=0.00 sys=0.00, real=0.00 secs] 
1.604: [GC 1.604: [DefNew: 959K->63K(960K), 0.0021990 secs] 47403K->47153K(524224K), 0.0022472 secs] [Times: user=0.02 sys=0.00, real=0.00 secs] 
1.608: [GC 1.608: [DefNew: 959K->64K(960K), 0.0022443 secs] 48049K->47840K(524224K), 0.0022972 secs] [Times: user=0.00 sys=0.00, real=0.00 secs] 
1.611: [GC 1.611: [DefNew: 960K->64K(960K), 0.0022688 secs] 48737K->48510K(524224K), 0.0023198 secs] [Times: user=0.00 sys=0.00, real=0.00 secs] 
1.615: [GC 1.615: [DefNew: 960K->63K(960K), 0.0026389 secs] 49406K->49107K(524224K), 0.0027086 secs] [Times: user=0.00 sys=0.00, real=0.00 secs] 
1.620: [GC 1.620: [DefNew: 959K->64K(960K), 0.0023598 secs] 50003K->49782K(524224K), 0.0024204 secs] [Times: user=0.00 sys=0.00, real=0.00 secs] 
1.624: [GC 1.624: [DefNew: 960K->64K(960K), 0.0023314 secs] 50680K->50444K(524224K), 0.0023853 secs] [Times: user=0.00 sys=0.00, real=0.00 secs] 
1.629: [GC 1.629: [DefNew: 960K->64K(960K), 0.0020744 secs] 51341K->51060K(524224K), 0.0021182 secs] [Times: user=0.00 sys=0.00, real=0.00 secs] 
1.632: [GC 1.632: [DefNew: 960K->63K(960K), 0.0020123 secs] 51957K->51629K(524224K), 0.0020576 secs] [Times: user=0.00 sys=0.00, real=0.00 secs] 
1.636: [GC 1.636: [DefNew: 959K->64K(960K), 0.0022842 secs] 52525K->52237K(524224K), 0.0023439 secs] [Times: user=0.00 sys=0.00, real=0.00 secs] 
1.639: [GC 1.639: [DefNew: 960K->64K(960K), 0.0023444 secs] 53134K->52890K(524224K), 0.0024127 secs] [Times: user=0.00 sys=0.00, real=0.00 secs] 
1.644: [GC 1.644: [DefNew: 960K->63K(960K), 0.0025917 secs] 53788K->53590K(524224K), 0.0026586 secs] [Times: user=0.00 sys=0.00, real=0.00 secs] 
1.649: [GC 1.649: [DefNew: 959K->64K(960K), 0.0025542 secs] 54486K->54303K(524224K), 0.0026307 secs] [Times: user=0.00 sys=0.00, real=0.00 secs] 
1.653: [GC 1.653: [DefNew: 960K->63K(960K), 0.0023747 secs] 55200K->54988K(524224K), 0.0024339 secs] [Times: user=0.00 sys=0.00, real=0.00 secs] 
1.658: [GC 1.658: [DefNew: 959K->64K(960K), 0.0024300 secs] 55885K->55685K(524224K), 0.0024796 secs] [Times: user=0.00 sys=0.00, real=0.00 secs] 
1.670: [GC 1.670: [DefNew: 960K->64K(960K), 0.0073593 secs] 57606K->57306K(524224K), 0.0074445 secs] [Times: user=0.00 sys=0.00, real=0.01 secs] 
1.680: [GC 1.680: [DefNew: 960K->63K(960K), 0.0029127 secs] 58202K->57962K(524224K), 0.0029819 secs] [Times: user=0.02 sys=0.00, real=0.00 secs] 
1.684: [GC 1.684: [DefNew: 959K->64K(960K), 0.0026764 secs] 58859K->58542K(524224K), 0.0027365 secs] [Times: user=0.00 sys=0.00, real=0.00 secs] 
1.689: [GC 1.689: [DefNew: 960K->64K(960K), 0.0025830 secs] 59439K->59169K(524224K), 0.0026528 secs] [Times: user=0.00 sys=0.00, real=0.00 secs] 
1.694: [GC 1.694: [DefNew: 960K->63K(960K), 0.0024031 secs] 60065K->59758K(524224K), 0.0024603 secs] [Times: user=0.00 sys=0.00, real=0.00 secs] 
1.697: [GC 1.697: [DefNew: 959K->64K(960K), 0.0023554 secs] 60654K->60287K(524224K), 0.0024016 secs] [Times: user=0.02 sys=0.00, real=0.00 secs] 
1.701: [GC 1.701: [DefNew: 960K->64K(960K), 0.0025850 secs] 61184K->60839K(524224K), 0.0026451 secs] [Times: user=0.00 sys=0.00, real=0.00 secs] 
1.705: [GC 1.705: [DefNew: 960K->64K(960K), 0.0025397 secs] 61736K->61422K(524224K), 0.0026211 secs] [Times: user=0.00 sys=0.00, real=0.00 secs] 
1.710: [GC 1.710: [DefNew: 960K->63K(960K), 0.0023934 secs] 62318K->62024K(524224K), 0.0024430 secs] [Times: user=0.00 sys=0.00, real=0.00 secs] 
1.713: [GC 1.713: [DefNew: 959K->63K(960K), 0.0024623 secs] 62920K->62550K(524224K), 0.0025219 secs] [Times: user=0.02 sys=0.00, real=0.00 secs] 
1.717: [GC 1.717: [DefNew: 959K->64K(960K), 0.0026504 secs] 63446K->63222K(524224K), 0.0027062 secs] [Times: user=0.00 sys=0.00, real=0.00 secs] 
1.722: [GC 1.722: [DefNew: 960K->64K(960K), 0.0024420 secs] 64119K->63795K(524224K), 0.0024974 secs] [Times: user=0.00 sys=0.00, real=0.00 secs] 
1.726: [GC 1.726: [DefNew: 960K->63K(960K), 0.0025744 secs] 64691K->64362K(524224K), 0.0026215 secs] [Times: user=0.00 sys=0.00, real=0.00 secs] 
1.731: [GC 1.731: [DefNew: 959K->63K(960K), 0.0025301 secs] 65259K->64999K(524224K), 0.0025883 secs] [Times: user=0.00 sys=0.00, real=0.00 secs] 
1.735: [GC 1.735: [DefNew: 959K->63K(960K), 0.0025219 secs] 65895K->65569K(524224K), 0.0025753 secs] [Times: user=0.00 sys=0.00, real=0.00 secs] 
1.740: [GC 1.740: [DefNew: 959K->63K(960K), 0.0034145 secs] 66465K->66145K(524224K), 0.0034935 secs] [Times: user=0.00 sys=0.00, real=0.00 secs] 
1.745: [GC 1.745: [DefNew: 959K->64K(960K), 0.0030714 secs] 67043K->66850K(524224K), 0.0031340 secs] [Times: user=0.00 sys=0.00, real=0.00 secs] 
1.750: [GC 1.750: [DefNew: 960K->63K(960K), 0.0031504 secs] 67746K->67513K(524224K), 0.0032043 secs] [Times: user=0.00 sys=0.00, real=0.00 secs] 
1.755: [GC 1.755: [DefNew: 959K->64K(960K), 0.0030272 secs] 68409K->68111K(524224K), 0.0031027 secs] [Times: user=0.00 sys=0.00, real=0.00 secs] 
1.759: [GC 1.759: [DefNew: 960K->64K(960K), 0.0026932 secs] 69007K->68722K(524224K), 0.0027669 secs] [Times: user=0.01 sys=0.00, real=0.00 secs] 
1.764: [GC 1.764: [DefNew: 960K->63K(960K), 0.0033135 secs] 69618K->69370K(524224K), 0.0034020 secs] [Times: user=0.00 sys=0.00, real=0.00 secs] 
1.769: [GC 1.769: [DefNew: 959K->63K(960K), 0.0027697 secs] 70267K->70010K(524224K), 0.0028280 secs] [Times: user=0.00 sys=0.00, real=0.00 secs] 
1.774: [GC 1.774: [DefNew: 959K->63K(960K), 0.0033837 secs] 70907K->70591K(524224K), 0.0034444 secs] [Times: user=0.02 sys=0.00, real=0.00 secs] 
1.779: [GC 1.779: [DefNew: 959K->64K(960K), 0.0027760 secs] 71488K->71225K(524224K), 0.0028347 secs] [Times: user=0.00 sys=0.00, real=0.00 secs] 
1.784: [GC 1.784: [DefNew: 960K->63K(960K), 0.0031181 secs] 72122K->71875K(524224K), 0.0031783 secs] [Times: user=0.00 sys=0.00, real=0.00 secs] 
1.789: [GC 1.789: [DefNew: 959K->64K(960K), 0.0028198 secs] 72771K->72496K(524224K), 0.0028785 secs] [Times: user=0.01 sys=0.00, real=0.00 secs] 
1.793: [GC 1.793: [DefNew: 960K->64K(960K), 0.0028053 secs] 73392K->73101K(524224K), 0.0028742 secs] [Times: user=0.00 sys=0.00, real=0.00 secs] 
1.798: [GC 1.798: [DefNew: 960K->64K(960K), 0.0029054 secs] 73997K->73723K(524224K), 0.0029598 secs] [Times: user=0.00 sys=0.00, real=0.00 secs] 
1.802: [GC 1.802: [DefNew: 960K->63K(960K), 0.0027981 secs] 74619K->74345K(524224K), 0.0028588 secs] [Times: user=0.00 sys=0.00, real=0.00 secs] 
1.807: [GC 1.807: [DefNew: 959K->64K(960K), 0.0035728 secs] 75242K->74998K(524224K), 0.0036330 secs] [Times: user=0.02 sys=0.00, real=0.00 secs] 
1.813: [GC 1.813: [DefNew: 960K->63K(960K), 0.0030936 secs] 75895K->75692K(524224K), 0.0031614 secs] [Times: user=0.00 sys=0.00, real=0.00 secs] 
1.818: [GC 1.818: [DefNew: 959K->63K(960K), 0.0029853 secs] 76588K->76358K(524224K), 0.0030416 secs] [Times: user=0.00 sys=0.00, real=0.00 secs] 
1.823: [GC 1.823: [DefNew: 959K->63K(960K), 0.0031845 secs] 77254K->77000K(524224K), 0.0032567 secs] [Times: user=0.00 sys=0.00, real=0.00 secs] 
1.827: [GC 1.827: [DefNew: 959K->64K(960K), 0.0028833 secs] 77897K->77628K(524224K), 0.0029507 secs] [Times: user=0.00 sys=0.00, real=0.00 secs] 
1.832: [GC 1.832: [DefNew: 960K->63K(960K), 0.0029410 secs] 78524K->78262K(524224K), 0.0030209 secs] [Times: user=0.00 sys=0.00, real=0.00 secs] 
1.836: [GC 1.836: [DefNew: 959K->63K(960K), 0.0028804 secs] 79159K->78892K(524224K), 0.0029516 secs] [Times: user=0.02 sys=0.00, real=0.00 secs] 
1.843: [GC 1.843: [DefNew: 959K->64K(960K), 0.0029088 secs] 79789K->79546K(524224K), 0.0029877 secs] [Times: user=0.00 sys=0.00, real=0.00 secs] 
1.847: [GC 1.847: [DefNew: 960K->64K(960K), 0.0030835 secs] 80443K->80242K(524224K), 0.0031513 secs] [Times: user=0.00 sys=0.00, real=0.00 secs] 
1.853: [GC 1.853: [DefNew: 960K->64K(960K), 0.0029704 secs] 81138K->80876K(524224K), 0.0030214 secs] [Times: user=0.02 sys=0.00, real=0.00 secs] 
1.858: [GC 1.858: [DefNew: 960K->64K(960K), 0.0030127 secs] 81772K->81453K(524224K), 0.0030657 secs] [Times: user=0.00 sys=0.00, real=0.00 secs] 
1.862: [GC 1.862: [DefNew: 960K->64K(960K), 0.0027746 secs] 82350K->82075K(524224K), 0.0028304 secs] [Times: user=0.00 sys=0.00, real=0.00 secs] 
1.867: [GC 1.867: [DefNew: 960K->64K(960K), 0.0029160 secs] 82971K->82650K(524224K), 0.0029752 secs] [Times: user=0.02 sys=0.00, real=0.00 secs] 
1.871: [GC 1.871: [DefNew: 960K->64K(960K), 0.0029988 secs] 83546K->83312K(524224K), 0.0030541 secs] [Times: user=0.00 sys=0.00, real=0.00 secs] 
1.876: [GC 1.876: [DefNew: 960K->63K(960K), 0.0031003 secs] 84208K->83931K(524224K), 0.0031638 secs] [Times: user=0.00 sys=0.00, real=0.00 secs] 
1.880: [GC 1.880: [DefNew: 959K->63K(960K), 0.0029704 secs] 84827K->84547K(524224K), 0.0030330 secs] [Times: user=0.00 sys=0.00, real=0.00 secs] 
1.885: [GC 1.885: [DefNew: 959K->64K(960K), 0.0031706 secs] 85443K->85234K(524224K), 0.0032379 secs] [Times: user=0.02 sys=0.00, real=0.00 secs] 
1.890: [GC 1.890: [DefNew: 960K->63K(960K), 0.0029487 secs] 86131K->85830K(524224K), 0.0030161 secs] [Times: user=0.00 sys=0.00, real=0.00 secs] 
1.894: [GC 1.894: [DefNew: 959K->63K(960K), 0.0030671 secs] 86726K->86441K(524224K), 0.0031335 secs] [Times: user=0.00 sys=0.00, real=0.00 secs] 
1.899: [GC 1.899: [DefNew: 959K->63K(960K), 0.0032466 secs] 87338K->87162K(524224K), 0.0033106 secs] [Times: user=0.02 sys=0.00, real=0.00 secs] 
1.904: [GC 1.904: [DefNew: 959K->63K(960K), 0.0030921 secs] 88059K->87814K(524224K), 0.0031533 secs] [Times: user=0.00 sys=0.00, real=0.00 secs] 
1.909: [GC 1.909: [DefNew: 959K->63K(960K), 0.0029151 secs] 88710K->88454K(524224K), 0.0029699 secs] [Times: user=0.00 sys=0.00, real=0.00 secs] 
1.913: [GC 1.913: [DefNew: 959K->63K(960K), 0.0028015 secs] 89351K->89038K(524224K), 0.0028515 secs] [Times: user=0.00 sys=0.00, real=0.00 secs] 
1.918: [GC 1.918: [DefNew: 959K->64K(960K), 0.0031903 secs] 89934K->89688K(524224K), 0.0032471 secs] [Times: user=0.00 sys=0.00, real=0.00 secs] 
1.922: [GC 1.922: [DefNew: 960K->63K(960K), 0.0030820 secs] 90585K->90284K(524224K), 0.0031499 secs] [Times: user=0.00 sys=0.00, real=0.00 secs] 
1.927: [GC 1.927: [DefNew: 959K->64K(960K), 0.0034025 secs] 91181K->90930K(524224K), 0.0034670 secs] [Times: user=0.00 sys=0.00, real=0.00 secs] 
1.933: [GC 1.933: [DefNew: 960K->64K(960K), 0.0029545 secs] 91827K->91586K(524224K), 0.0030123 secs] [Times: user=0.00 sys=0.00, real=0.00 secs] 
1.937: [GC 1.937: [DefNew: 960K->63K(960K), 0.0028491 secs] 92483K->92193K(524224K), 0.0029021 secs] [Times: user=0.00 sys=0.00, real=0.00 secs] 
1.942: [GC 1.942: [DefNew: 959K->63K(960K), 0.0029545 secs] 93090K->92813K(524224K), 0.0030190 secs] [Times: user=0.00 sys=0.00, real=0.00 secs] 
1.946: [GC 1.946: [DefNew: 959K->64K(960K), 0.0036099 secs] 93710K->93483K(524224K), 0.0036744 secs] [Times: user=0.02 sys=0.00, real=0.00 secs] 
1.952: [GC 1.952: [DefNew: 960K->64K(960K), 0.0032076 secs] 94380K->94177K(524224K), 0.0032769 secs] [Times: user=0.00 sys=0.00, real=0.00 secs] 
1.957: [GC 1.957: [DefNew: 960K->64K(960K), 0.0031364 secs] 95073K->94841K(524224K), 0.0031985 secs] [Times: user=0.00 sys=0.00, real=0.00 secs] 
1.962: [GC 1.962: [DefNew: 960K->64K(960K), 0.0030888 secs] 95738K->95458K(524224K), 0.0031629 secs] [Times: user=0.01 sys=0.00, real=0.00 secs] 
1.967: [GC 1.967: [DefNew: 960K->63K(960K), 0.0031739 secs] 96356K->96114K(524224K), 0.0032476 secs] [Times: user=0.00 sys=0.00, real=0.00 secs] 
1.971: [GC 1.971: [DefNew: 959K->63K(960K), 0.0029747 secs] 97011K->96758K(524224K), 0.0030320 secs] [Times: user=0.00 sys=0.00, real=0.00 secs] 
1.976: [GC 1.976: [DefNew: 959K->64K(960K), 0.0029901 secs] 97655K->97394K(524224K), 0.0031162 secs] [Times: user=0.02 sys=0.00, real=0.00 secs] 
1.981: [GC 1.981: [DefNew: 960K->64K(960K), 0.0032875 secs] 98290K->98086K(524224K), 0.0033438 secs] [Times: user=0.00 sys=0.00, real=0.00 secs] 
1.987: [GC 2.038: [DefNew: 960K->64K(960K), 0.0035589 secs] 98982K->98772K(524224K), 0.0036522 secs] [Times: user=0.01 sys=0.00, real=0.06 secs] 
2.043: [GC 2.043: [DefNew: 960K->63K(960K), 0.0032168 secs] 99669K->99414K(524224K), 0.0032716 secs] [Times: user=0.00 sys=0.00, real=0.00 secs] 
2.048: [GC 2.048: [DefNew: 959K->64K(960K), 0.0031653 secs] 100311K->100105K(524224K), 0.0032254 secs] [Times: user=0.00 sys=0.00, real=0.00 secs] 
2.053: [GC 2.053: [DefNew: 960K->64K(960K), 0.0029906 secs] 101001K->100703K(524224K), 0.0030392 secs] [Times: user=0.00 sys=0.00, real=0.00 secs] 
2.057: [GC 2.057: [DefNew: 960K->64K(960K), 0.0037807 secs] 101599K->101355K(524224K), 0.0038423 secs] [Times: user=0.00 sys=0.00, real=0.00 secs] 
2.064: [GC 2.064: [DefNew: 960K->63K(960K), 0.0036965 secs] 102253K->102087K(524224K), 0.0037600 secs] [Times: user=0.00 sys=0.00, real=0.00 secs] 
2.069: [GC 2.069: [DefNew: 959K->63K(960K), 0.0032298 secs] 102985K->102781K(524224K), 0.0032938 secs] [Times: user=0.00 sys=0.00, real=0.00 secs] 
2.076: [GC 2.076: [DefNew: 959K->63K(960K), 0.0034550 secs] 103678K->103480K(524224K), 0.0035276 secs] [Times: user=0.00 sys=0.00, real=0.00 secs] 
2.081: [GC 2.081: [DefNew: 959K->64K(960K), 0.0034795 secs] 104376K->104122K(524224K), 0.0035454 secs] [Times: user=0.00 sys=0.00, real=0.00 secs] 
2.087: [GC 2.087: [DefNew: 960K->63K(960K), 0.0035368 secs] 105018K->104817K(524224K), 0.0036012 secs] [Times: user=0.02 sys=0.00, real=0.00 secs] 
2.093: [GC 2.093: [DefNew: 959K->64K(960K), 0.0037090 secs] 105713K->105539K(524224K), 0.0037769 secs] [Times: user=0.00 sys=0.00, real=0.00 secs] 
2.098: [GC 2.098: [DefNew: 960K->64K(960K), 0.0034270 secs] 106437K->106257K(524224K), 0.0034992 secs] [Times: user=0.00 sys=0.00, real=0.00 secs] 
2.104: [GC 2.104: [DefNew: 960K->64K(960K), 0.0033169 secs] 107154K->106951K(524224K), 0.0033866 secs] [Times: user=0.00 sys=0.00, real=0.00 secs] 
2.109: [GC 2.109: [DefNew: 960K->64K(960K), 0.0033837 secs] 107849K->107626K(524224K), 0.0034434 secs] [Times: user=0.00 sys=0.00, real=0.00 secs] 
2.115: [GC 2.115: [DefNew: 960K->64K(960K), 0.0033881 secs] 108523K->108272K(524224K), 0.0034554 secs] [Times: user=0.00 sys=0.00, real=0.00 secs] 
2.121: [GC 2.121: [DefNew: 960K->64K(960K), 0.0035988 secs] 109169K->108997K(524224K), 0.0036599 secs] [Times: user=0.00 sys=0.00, real=0.00 secs] 
2.126: [GC 2.126: [DefNew: 960K->63K(960K), 0.0031744 secs] 109893K->109648K(524224K), 0.0032283 secs] [Times: user=0.00 sys=0.00, real=0.00 secs] 
2.131: [GC 2.131: [DefNew: 959K->64K(960K), 0.0029035 secs] 110546K->110266K(524224K), 0.0029593 secs] [Times: user=0.00 sys=0.00, real=0.00 secs] 
2.135: [GC 2.135: [DefNew: 960K->64K(960K), 0.0030411 secs] 111163K->110888K(524224K), 0.0030970 secs] [Times: user=0.00 sys=0.00, real=0.00 secs] 
2.163: [GC 2.163: [DefNew: 960K->63K(960K), 0.0119875 secs] 113832K->113581K(524224K), 0.0120630 secs] [Times: user=0.02 sys=0.00, real=0.01 secs] 
2.176: [GC 2.176: [DefNew: 959K->63K(960K), 0.0041248 secs] 114477K->114197K(524224K), 0.0041989 secs] [Times: user=0.00 sys=0.00, real=0.00 secs] 
2.182: [GC 2.182: [DefNew: 959K->64K(960K), 0.0037403 secs] 115093K->114887K(524224K), 0.0038062 secs] [Times: user=0.00 sys=0.00, real=0.00 secs] 
2.188: [GC 2.188: [DefNew: 960K->64K(960K), 0.0036498 secs] 115783K->115533K(524224K), 0.0037095 secs] [Times: user=0.00 sys=0.00, real=0.00 secs] 
2.194: [GC 2.194: [DefNew: 960K->63K(960K), 0.0035084 secs] 116429K->116156K(524224K), 0.0035613 secs] [Times: user=0.00 sys=0.00, real=0.00 secs] 
2.199: [GC 2.199: [DefNew: 959K->63K(960K), 0.0033818 secs] 117052K->116768K(524224K), 0.0034497 secs] [Times: user=0.00 sys=0.00, real=0.00 secs] 
2.205: [GC 2.205: [DefNew: 959K->63K(960K), 0.0032529 secs] 117665K->117337K(524224K), 0.0033140 secs] [Times: user=0.00 sys=0.00, real=0.00 secs] 
2.210: [GC 2.210: [DefNew: 959K->64K(960K), 0.0033236 secs] 118234K->117962K(524224K), 0.0033804 secs] [Times: user=0.02 sys=0.00, real=0.00 secs] 
2.214: [GC 2.214: [DefNew: 960K->63K(960K), 0.0033837 secs] 118859K->118556K(524224K), 0.0034550 secs] [Times: user=0.00 sys=0.00, real=0.00 secs] 
2.220: [GC 2.220: [DefNew: 959K->64K(960K), 0.0035242 secs] 119453K->119208K(524224K), 0.0035830 secs] [Times: user=0.00 sys=0.00, real=0.00 secs] 
2.225: [GC 2.225: [DefNew: 960K->63K(960K), 0.0033226 secs] 120105K->119814K(524224K), 0.0033833 secs] [Times: user=0.00 sys=0.00, real=0.00 secs] 
2.230: [GC 2.230: [DefNew: 959K->64K(960K), 0.0034396 secs] 120710K->120441K(524224K), 0.0034959 secs] [Times: user=0.00 sys=0.00, real=0.00 secs] 
2.235: [GC 2.235: [DefNew: 960K->63K(960K), 0.0034314 secs] 121338K->121040K(524224K), 0.0035252 secs] [Times: user=0.00 sys=0.00, real=0.00 secs] 
2.241: [GC 2.241: [DefNew: 959K->63K(960K), 0.0034968 secs] 121937K->121668K(524224K), 0.0036330 secs] [Times: user=0.02 sys=0.00, real=0.00 secs] 
2.248: [GC 2.248: [DefNew: 959K->64K(960K), 0.0037427 secs] 122564K->122340K(524224K), 0.0038062 secs] [Times: user=0.00 sys=0.00, real=0.00 secs] 
2.253: [GC 2.253: [DefNew: 960K->63K(960K), 0.0035295 secs] 123236K->122973K(524224K), 0.0035810 secs] [Times: user=0.00 sys=0.00, real=0.00 secs] 
2.259: [GC 2.259: [DefNew: 959K->64K(960K), 0.0038519 secs] 123869K->123607K(524224K), 0.0039155 secs] [Times: user=0.02 sys=0.00, real=0.00 secs] 
2.265: [GC 2.265: [DefNew: 960K->64K(960K), 0.0038895 secs] 124504K->124277K(524224K), 0.0039467 secs] [Times: user=0.00 sys=0.00, real=0.00 secs] 
2.271: [GC 2.271: [DefNew: 960K->63K(960K), 0.0034732 secs] 125173K->124882K(524224K), 0.0035305 secs] [Times: user=0.00 sys=0.00, real=0.00 secs] 
2.276: [GC 2.276: [DefNew: 959K->64K(960K), 0.0041729 secs] 125779K->125491K(524224K), 0.0042311 secs] [Times: user=0.00 sys=0.00, real=0.00 secs] 
2.282: [GC 2.282: [DefNew: 960K->64K(960K), 0.0041782 secs] 126387K->126150K(524224K), 0.0042504 secs] [Times: user=0.00 sys=0.00, real=0.00 secs] 
2.288: [GC 2.288: [DefNew: 960K->63K(960K), 0.0038919 secs] 127047K->126799K(524224K), 0.0039487 secs] [Times: user=0.01 sys=0.00, real=0.00 secs] 
2.293: [GC 2.293: [DefNew: 959K->64K(960K), 0.0037307 secs] 127696K->127413K(524224K), 0.0037918 secs] [Times: user=0.00 sys=0.00, real=0.00 secs] 
2.299: [GC 2.299: [DefNew: 960K->63K(960K), 0.0034242 secs] 128310K->128014K(524224K), 0.0034756 secs] [Times: user=0.00 sys=0.00, real=0.00 secs] 
2.304: [GC 2.304: [DefNew: 959K->63K(960K), 0.0032678 secs] 128910K->128623K(524224K), 0.0033380 secs] [Times: user=0.02 sys=0.00, real=0.00 secs] 
2.309: [GC 2.309: [DefNew: 959K->64K(960K), 0.0035661 secs] 129519K->129239K(524224K), 0.0036359 secs] [Times: user=0.00 sys=0.00, real=0.00 secs] 
2.314: [GC 2.314: [DefNew: 960K->64K(960K), 0.0036898 secs] 130135K->129918K(524224K), 0.0037591 secs] [Times: user=0.00 sys=0.00, real=0.00 secs] 
2.320: [GC 2.320: [DefNew: 960K->64K(960K), 0.0037340 secs] 130815K->130535K(524224K), 0.0038005 secs] [Times: user=0.01 sys=0.00, real=0.00 secs] 
2.326: [GC 2.326: [DefNew: 960K->64K(960K), 0.0036494 secs] 131431K->131164K(524224K), 0.0037153 secs] [Times: user=0.00 sys=0.00, real=0.00 secs] 
2.331: [GC 2.331: [DefNew: 960K->63K(960K), 0.0038779 secs] 132061K->131792K(524224K), 0.0039328 secs] [Times: user=0.00 sys=0.00, real=0.00 secs] 
2.337: [GC 2.337: [DefNew: 959K->63K(960K), 0.0036258 secs] 132689K->132423K(524224K), 0.0036845 secs] [Times: user=0.02 sys=0.00, real=0.00 secs] 
2.343: [GC 2.343: [DefNew: 959K->63K(960K), 0.0037581 secs] 133319K->133065K(524224K), 0.0038211 secs] [Times: user=0.00 sys=0.00, real=0.00 secs] 
2.349: [GC 2.349: [DefNew: 959K->63K(960K), 0.0037966 secs] 133961K->133766K(524224K), 0.0038577 secs] [Times: user=0.00 sys=0.00, real=0.00 secs] 
2.354: [GC 2.354: [DefNew: 959K->64K(960K), 0.0038231 secs] 134662K->134387K(524224K), 0.0038832 secs] [Times: user=0.00 sys=0.00, real=0.00 secs] 
2.360: [GC 2.360: [DefNew: 960K->64K(960K), 0.0036956 secs] 135284K->135018K(524224K), 0.0037562 secs] [Times: user=0.00 sys=0.00, real=0.00 secs] 
2.366: [GC 2.366: [DefNew: 960K->64K(960K), 0.0036470 secs] 135916K->135641K(524224K), 0.0037028 secs] [Times: user=0.02 sys=0.00, real=0.00 secs] 
2.371: [GC 2.371: [DefNew: 960K->63K(960K), 0.0036960 secs] 136537K->136261K(524224K), 0.0037519 secs] [Times: user=0.00 sys=0.00, real=0.00 secs] 
2.377: [GC 2.377: [DefNew: 959K->64K(960K), 0.0037143 secs] 137157K->136901K(524224K), 0.0037673 secs] [Times: user=0.00 sys=0.00, real=0.00 secs] 
2.382: [GC 2.382: [DefNew: 960K->64K(960K), 0.0035233 secs] 137798K->137476K(524224K), 0.0037360 secs] [Times: user=0.02 sys=0.00, real=0.00 secs] 
2.389: [GC 2.389: [DefNew: 960K->63K(960K), 0.0038240 secs] 138372K->138154K(524224K), 0.0038851 secs] [Times: user=0.00 sys=0.00, real=0.00 secs] 
2.394: [GC 2.394: [DefNew: 959K->63K(960K), 0.0041219 secs] 139051K->138804K(524224K), 0.0041998 secs] [Times: user=0.00 sys=0.00, real=0.00 secs] 
2.400: [GC 2.400: [DefNew: 959K->63K(960K), 0.0038038 secs] 139700K->139465K(524224K), 0.0038688 secs] [Times: user=0.00 sys=0.00, real=0.00 secs] 
2.406: [GC 2.406: [DefNew: 959K->63K(960K), 0.0036527 secs] 140362K->140113K(524224K), 0.0037191 secs] [Times: user=0.00 sys=0.00, real=0.00 secs] 
2.411: [GC 2.411: [DefNew: 959K->63K(960K), 0.0035368 secs] 141009K->140725K(524224K), 0.0035959 secs] [Times: user=0.00 sys=0.00, real=0.00 secs] 
2.417: [GC 2.417: [DefNew: 959K->63K(960K), 0.0037427 secs] 141621K->141376K(524224K), 0.0038130 secs] [Times: user=0.00 sys=0.00, real=0.00 secs] 
2.422: [GC 2.422: [DefNew: 959K->64K(960K), 0.0039309 secs] 142272K->142022K(524224K), 0.0039924 secs] [Times: user=0.00 sys=0.00, real=0.00 secs] 
2.428: [GC 2.428: [DefNew: 960K->63K(960K), 0.0046137 secs] 142919K->142664K(524224K), 0.0046729 secs] [Times: user=0.02 sys=0.00, real=0.00 secs] 
2.434: [GC 2.434: [DefNew: 959K->63K(960K), 0.0035931 secs] 143561K->143307K(524224K), 0.0036489 secs] [Times: user=0.00 sys=0.00, real=0.00 secs] 
2.440: [GC 2.440: [DefNew: 959K->64K(960K), 0.0035430 secs] 144203K->143951K(524224K), 0.0035979 secs] [Times: user=0.00 sys=0.00, real=0.00 secs] 
2.445: [GC 2.445: [DefNew: 960K->64K(960K), 0.0038332 secs] 144847K->144586K(524224K), 0.0039025 secs] [Times: user=0.02 sys=0.00, real=0.00 secs] 
2.451: [GC 2.451: [DefNew: 960K->63K(960K), 0.0036402 secs] 145483K->145264K(524224K), 0.0037013 secs] [Times: user=0.00 sys=0.00, real=0.00 secs] 
2.457: [GC 2.457: [DefNew: 959K->64K(960K), 0.0038404 secs] 146160K->145872K(524224K), 0.0039044 secs] [Times: user=0.00 sys=0.00, real=0.00 secs] 
2.462: [GC 2.462: [DefNew: 960K->63K(960K), 0.0037976 secs] 146769K->146483K(524224K), 0.0038558 secs] [Times: user=0.02 sys=0.00, real=0.00 secs] 
2.468: [GC 2.468: [DefNew: 959K->64K(960K), 0.0038919 secs] 147379K->147120K(524224K), 0.0039487 secs] [Times: user=0.00 sys=0.00, real=0.00 secs] 
2.473: [GC 2.473: [DefNew: 960K->63K(960K), 0.0038664 secs] 148016K->147791K(524224K), 0.0039309 secs] [Times: user=0.00 sys=0.00, real=0.00 secs] 
2.479: [GC 2.479: [DefNew: 959K->64K(960K), 0.0039751 secs] 148687K->148443K(524224K), 0.0040334 secs] [Times: user=0.00 sys=0.00, real=0.00 secs] 
2.484: [GC 2.484: [DefNew: 960K->63K(960K), 0.0038539 secs] 149340K->149075K(524224K), 0.0039188 secs] [Times: user=0.00 sys=0.00, real=0.00 secs] 
2.490: [GC 2.490: [DefNew: 959K->63K(960K), 0.0041233 secs] 149971K->149734K(524224K), 0.0041883 secs] [Times: user=0.00 sys=0.02, real=0.00 secs] 
2.497: [GC 2.497: [DefNew: 959K->63K(960K), 0.0039578 secs] 150632K->150408K(524224K), 0.0040213 secs] [Times: user=0.00 sys=0.00, real=0.00 secs] 
2.502: [GC 2.502: [DefNew: 959K->64K(960K), 0.0036364 secs] 151304K->151037K(524224K), 0.0036879 secs] [Times: user=0.00 sys=0.00, real=0.00 secs] 
2.508: [GC 2.508: [DefNew: 960K->64K(960K), 0.0040757 secs] 151933K->151679K(524224K), 0.0041450 secs] [Times: user=0.02 sys=0.00, real=0.00 secs] 
2.514: [GC 2.514: [DefNew: 960K->63K(960K), 0.0038895 secs] 152575K->152356K(524224K), 0.0039540 secs] [Times: user=0.00 sys=0.00, real=0.00 secs] 
2.520: [GC 2.520: [DefNew: 959K->63K(960K), 0.0036753 secs] 153253K->153001K(524224K), 0.0037442 secs] [Times: user=0.00 sys=0.00, real=0.00 secs] 
2.525: [GC 2.525: [DefNew: 959K->64K(960K), 0.0040435 secs] 153898K->153624K(524224K), 0.0041070 secs] [Times: user=0.00 sys=0.00, real=0.00 secs] 
2.531: [GC 2.531: [DefNew: 960K->64K(960K), 0.0037711 secs] 154520K->154273K(524224K), 0.0038317 secs] [Times: user=0.00 sys=0.00, real=0.00 secs] 
2.537: [GC 2.537: [DefNew: 960K->64K(960K), 0.0037634 secs] 155171K->154937K(524224K), 0.0038197 secs] [Times: user=0.00 sys=0.00, real=0.00 secs] 
2.542: [GC 2.542: [DefNew: 960K->63K(960K), 0.0039208 secs] 155833K->155552K(524224K), 0.0039775 secs] [Times: user=0.00 sys=0.00, real=0.00 secs] 
2.548: [GC 2.548: [DefNew: 959K->63K(960K), 0.0036826 secs] 156448K->156179K(524224K), 0.0037369 secs] [Times: user=0.00 sys=0.00, real=0.00 secs] 
2.553: [GC 2.553: [DefNew: 959K->63K(960K), 0.0037355 secs] 157076K->156812K(524224K), 0.0037985 secs] [Times: user=0.01 sys=0.00, real=0.00 secs] 
2.559: [GC 2.559: [DefNew: 959K->64K(960K), 0.0039357 secs] 157709K->157469K(524224K), 0.0040257 secs] [Times: user=0.00 sys=0.00, real=0.00 secs] 
2.564: [GC 2.564: [DefNew: 960K->63K(960K), 0.0037798 secs] 158365K->158123K(524224K), 0.0038428 secs] [Times: user=0.00 sys=0.00, real=0.00 secs] 
2.570: [GC 2.570: [DefNew: 959K->63K(960K), 0.0039573 secs] 159020K->158818K(524224K), 0.0040276 secs] [Times: user=0.02 sys=0.00, real=0.00 secs] 
2.576: [GC 2.576: [DefNew: 959K->64K(960K), 0.0040641 secs] 159715K->159443K(524224K), 0.0041277 secs] [Times: user=0.00 sys=0.00, real=0.00 secs] 
2.581: [GC 2.581: [DefNew: 960K->64K(960K), 0.0039323 secs] 160341K->160105K(524224K), 0.0039982 secs] [Times: user=0.00 sys=0.00, real=0.00 secs] 
2.587: [GC 2.587: [DefNew: 960K->64K(960K), 0.0044145 secs] 161002K->160747K(524224K), 0.0044809 secs] [Times: user=0.02 sys=0.00, real=0.00 secs] 
2.593: [GC 2.593: [DefNew: 960K->64K(960K), 0.0044371 secs] 161644K->161433K(524224K), 0.0044958 secs] [Times: user=0.00 sys=0.00, real=0.00 secs] 
2.600: [GC 2.600: [DefNew: 960K->64K(960K), 0.0037889 secs] 162330K->162111K(524224K), 0.0038558 secs] [Times: user=0.02 sys=0.00, real=0.00 secs] 
2.605: [GC 2.605: [DefNew: 960K->63K(960K), 0.0039746 secs] 163008K->162748K(524224K), 0.0040377 secs] [Times: user=0.00 sys=0.00, real=0.00 secs] 
2.612: [GC 2.612: [DefNew: 959K->64K(960K), 0.0041070 secs] 163646K->163485K(524224K), 0.0041739 secs] [Times: user=0.00 sys=0.00, real=0.00 secs] 
2.617: [GC 2.617: [DefNew: 960K->64K(960K), 0.0041171 secs] 164383K->164160K(524224K), 0.0041801 secs] [Times: user=0.02 sys=0.00, real=0.00 secs] 
2.623: [GC 2.623: [DefNew: 960K->63K(960K), 0.0037889 secs] 165056K->164801K(524224K), 0.0038428 secs] [Times: user=0.00 sys=0.00, real=0.00 secs] 
2.629: [GC 2.629: [DefNew: 959K->64K(960K), 0.0038803 secs] 165699K->165435K(524224K), 0.0039347 secs] [Times: user=0.00 sys=0.00, real=0.00 secs] 
2.634: [GC 2.634: [DefNew: 960K->63K(960K), 0.0039554 secs] 166331K->166069K(524224K), 0.0040146 secs] [Times: user=0.00 sys=0.00, real=0.00 secs] 
2.640: [GC 2.640: [DefNew: 959K->63K(960K), 0.0041349 secs] 166966K->166714K(524224K), 0.0042022 secs] [Times: user=0.00 sys=0.00, real=0.00 secs] 
2.645: [GC 2.645: [DefNew: 959K->64K(960K), 0.0041686 secs] 167612K->167422K(524224K), 0.0042379 secs] [Times: user=0.00 sys=0.00, real=0.00 secs] 
2.652: [GC 2.652: [DefNew: 960K->63K(960K), 0.0041103 secs] 168319K->168063K(524224K), 0.0041753 secs] [Times: user=0.00 sys=0.00, real=0.00 secs] 
2.658: [GC 2.658: [DefNew: 959K->63K(960K), 0.0038471 secs] 168959K->168689K(524224K), 0.0039097 secs] [Times: user=0.00 sys=0.00, real=0.00 secs] 
2.664: [GC 2.664: [DefNew: 959K->64K(960K), 0.0041666 secs] 169586K->169352K(524224K), 0.0042244 secs] [Times: user=0.02 sys=0.00, real=0.00 secs] 
2.670: [GC 2.670: [DefNew: 960K->64K(960K), 0.0040714 secs] 170251K->170017K(524224K), 0.0041296 secs] [Times: user=0.00 sys=0.00, real=0.00 secs] 
2.675: [GC 2.675: [DefNew: 960K->63K(960K), 0.0043707 secs] 170913K->170678K(524224K), 0.0044284 secs] [Times: user=0.00 sys=0.00, real=0.00 secs] 
2.681: [GC 2.681: [DefNew: 959K->64K(960K), 0.0040261 secs] 171575K->171348K(524224K), 0.0040824 secs] [Times: user=0.00 sys=0.00, real=0.00 secs] 
2.686: [GC 2.686: [DefNew: 960K->63K(960K), 0.0039241 secs] 172244K->171994K(524224K), 0.0039872 secs] [Times: user=0.00 sys=0.00, real=0.00 secs] 
2.692: [GC 2.692: [DefNew: 959K->63K(960K), 0.0040709 secs] 172891K->172668K(524224K), 0.0041267 secs] [Times: user=0.00 sys=0.00, real=0.00 secs] 
2.697: [GC 2.697: [DefNew: 959K->64K(960K), 0.0042672 secs] 173565K->173333K(524224K), 0.0043259 secs] [Times: user=0.00 sys=0.00, real=0.00 secs] 
2.704: [GC 2.704: [DefNew: 960K->63K(960K), 0.0041945 secs] 174231K->174019K(524224K), 0.0042513 secs] [Times: user=0.00 sys=0.00, real=0.00 secs] 
2.710: [GC 2.710: [DefNew: 959K->64K(960K), 0.0042124 secs] 174916K->174692K(524224K), 0.0042667 secs] [Times: user=0.02 sys=0.00, real=0.00 secs] 
2.716: [GC 2.716: [DefNew: 960K->63K(960K), 0.0040675 secs] 175588K->175385K(524224K), 0.0041296 secs] [Times: user=0.00 sys=0.00, real=0.00 secs] 
2.722: [GC 2.722: [DefNew: 959K->63K(960K), 0.0039410 secs] 176281K->176026K(524224K), 0.0039973 secs] [Times: user=0.00 sys=0.00, real=0.00 secs] 
2.727: [GC 2.727: [DefNew: 959K->63K(960K), 0.0038029 secs] 176922K->176643K(524224K), 0.0038553 secs] [Times: user=0.01 sys=0.00, real=0.00 secs] 
2.733: [GC 2.733: [DefNew: 959K->63K(960K), 0.0038722 secs] 177540K->177314K(524224K), 0.0039328 secs] [Times: user=0.00 sys=0.00, real=0.00 secs] 
2.738: [GC 2.738: [DefNew: 959K->63K(960K), 0.0045237 secs] 178210K->177953K(524224K), 0.0046098 secs] [Times: user=0.00 sys=0.00, real=0.00 secs] 
2.745: [GC 2.745: [DefNew: 959K->63K(960K), 0.0042600 secs] 178851K->178687K(524224K), 0.0043206 secs] [Times: user=0.00 sys=0.00, real=0.00 secs] 
2.752: [GC 2.752: [DefNew: 959K->64K(960K), 0.0040276 secs] 179583K->179345K(524224K), 0.0040815 secs] [Times: user=0.00 sys=0.00, real=0.00 secs] 
2.757: [GC 2.757: [DefNew: 960K->64K(960K), 0.0045020 secs] 180242K->180035K(524224K), 0.0045728 secs] [Times: user=0.02 sys=0.00, real=0.01 secs] 
2.764: [GC 2.764: [DefNew: 960K->64K(960K), 0.0042359 secs] 180932K->180735K(524224K), 0.0043004 secs] [Times: user=0.00 sys=0.00, real=0.00 secs] 
2.769: [GC 2.769: [DefNew: 960K->63K(960K), 0.0039270 secs] 181631K->181404K(524224K), 0.0039886 secs] [Times: user=0.00 sys=0.00, real=0.00 secs] 
2.775: [GC 2.775: [DefNew: 959K->64K(960K), 0.0040925 secs] 182301K->182067K(524224K), 0.0041580 secs] [Times: user=0.00 sys=0.00, real=0.00 secs] 
2.780: [GC 2.780: [DefNew: 960K->63K(960K), 0.0039684 secs] 182964K->182724K(524224K), 0.0040314 secs] [Times: user=0.00 sys=0.00, real=0.00 secs] 
2.786: [GC 2.786: [DefNew: 959K->64K(960K), 0.0038847 secs] 183620K->183378K(524224K), 0.0039487 secs] [Times: user=0.01 sys=0.00, real=0.00 secs] 
2.791: [GC 2.791: [DefNew: 960K->63K(960K), 0.0040791 secs] 184274K->184034K(524224K), 0.0041416 secs] [Times: user=0.00 sys=0.00, real=0.00 secs] 
2.797: [GC 2.797: [DefNew: 959K->63K(960K), 0.0041440 secs] 184930K->184669K(524224K), 0.0042027 secs] [Times: user=0.00 sys=0.00, real=0.00 secs] 
2.803: [GC 2.803: [DefNew: 959K->63K(960K), 0.0040704 secs] 185565K->185313K(524224K), 0.0041315 secs] [Times: user=0.02 sys=0.00, real=0.00 secs] 
2.808: [GC 2.808: [DefNew: 959K->63K(960K), 0.0042816 secs] 186210K->186000K(524224K), 0.0043538 secs] [Times: user=0.00 sys=0.00, real=0.00 secs] 
2.815: [GC 2.815: [DefNew: 959K->64K(960K), 0.0041772 secs] 186898K->186726K(524224K), 0.0042427 secs] [Times: user=0.00 sys=0.00, real=0.00 secs] 
2.820: [GC 2.820: [DefNew: 960K->64K(960K), 0.0042018 secs] 187622K->187369K(524224K), 0.0042667 secs] [Times: user=0.02 sys=0.00, real=0.00 secs] 
2.826: [GC 2.826: [DefNew: 960K->63K(960K), 0.0041055 secs] 188267K->188082K(524224K), 0.0041700 secs] [Times: user=0.00 sys=0.00, real=0.00 secs] 
2.831: [GC 2.831: [DefNew: 959K->64K(960K), 0.0040738 secs] 188978K->188763K(524224K), 0.0041378 secs] [Times: user=0.00 sys=0.00, real=0.00 secs] 
2.837: [GC 2.837: [DefNew: 960K->64K(960K), 0.0043740 secs] 189660K->189451K(524224K), 0.0044428 secs] [Times: user=0.00 sys=0.00, real=0.00 secs] 
2.844: [GC 2.844: [DefNew: 960K->64K(960K), 0.0046214 secs] 190347K->190135K(524224K), 0.0046892 secs] [Times: user=0.00 sys=0.00, real=0.00 secs] 
2.850: [GC 2.850: [DefNew: 960K->64K(960K), 0.0041349 secs] 191032K->190843K(524224K), 0.0041989 secs] [Times: user=0.02 sys=0.00, real=0.00 secs] 
2.856: [GC 2.856: [DefNew: 960K->63K(960K), 0.0041094 secs] 191739K->191520K(524224K), 0.0041753 secs] [Times: user=0.00 sys=0.00, real=0.00 secs] 
2.862: [GC 2.862: [DefNew: 959K->63K(960K), 0.0041926 secs] 192416K->192176K(524224K), 0.0042508 secs] [Times: user=0.00 sys=0.00, real=0.00 secs] 
2.868: [GC 2.868: [DefNew: 959K->63K(960K), 0.0041156 secs] 193074K->192857K(524224K), 0.0041849 secs] [Times: user=0.00 sys=0.00, real=0.00 secs] 
2.874: [GC 2.874: [DefNew: 959K->64K(960K), 0.0040964 secs] 193753K->193515K(524224K), 0.0041536 secs] [Times: user=0.00 sys=0.00, real=0.00 secs] 
2.880: [GC 2.880: [DefNew: 960K->64K(960K), 0.0041373 secs] 194413K->194211K(524224K), 0.0041955 secs] [Times: user=0.00 sys=0.01, real=0.00 secs] 
2.886: [GC 2.886: [DefNew: 960K->63K(960K), 0.0040608 secs] 195108K->194890K(524224K), 0.0041195 secs] [Times: user=0.00 sys=0.00, real=0.00 secs] 
2.891: [GC 2.891: [DefNew: 959K->64K(960K), 0.0044611 secs] 195787K->195579K(524224K), 0.0045280 secs] [Times: user=0.00 sys=0.00, real=0.00 secs] 
2.898: [GC 2.898: [DefNew: 960K->64K(960K), 0.0042614 secs] 196477K->196307K(524224K), 0.0043293 secs] [Times: user=0.02 sys=0.00, real=0.00 secs] 
2.904: [GC 2.904: [DefNew: 960K->64K(960K), 0.0041561 secs] 197203K->196990K(524224K), 0.0042114 secs] [Times: user=0.00 sys=0.00, real=0.00 secs] 
2.910: [GC 2.910: [DefNew: 960K->64K(960K), 0.0042788 secs] 197886K->197670K(524224K), 0.0043389 secs] [Times: user=0.00 sys=0.00, real=0.00 secs] 
2.916: [GC 2.916: [DefNew: 960K->64K(960K), 0.0042711 secs] 198567K->198359K(524224K), 0.0043288 secs] [Times: user=0.00 sys=0.00, real=0.00 secs] 
2.922: [GC 2.922: [DefNew: 960K->63K(960K), 0.0044573 secs] 199255K->199015K(524224K), 0.0045280 secs] [Times: user=0.00 sys=0.00, real=0.00 secs] 
2.929: [GC 2.929: [DefNew: 959K->64K(960K), 0.0041156 secs] 199912K->199734K(524224K), 0.0041830 secs] [Times: user=0.00 sys=0.00, real=0.00 secs] 
2.934: [GC 2.934: [DefNew: 960K->63K(960K), 0.0042600 secs] 200630K->200384K(524224K), 0.0043250 secs] [Times: user=0.00 sys=0.00, real=0.00 secs] 
2.940: [GC 2.940: [DefNew: 959K->64K(960K), 0.0043144 secs] 201281K->201056K(524224K), 0.0043755 secs] [Times: user=0.00 sys=0.00, real=0.00 secs] 
2.946: [GC 2.946: [DefNew: 960K->64K(960K), 0.0043947 secs] 201953K->201796K(524224K), 0.0044568 secs] [Times: user=0.00 sys=0.00, real=0.00 secs] 
2.953: [GC 2.953: [DefNew: 960K->63K(960K), 0.0043033 secs] 202693K->202479K(524224K), 0.0043606 secs] [Times: user=0.00 sys=0.00, real=0.00 secs] 
2.958: [GC 2.958: [DefNew: 959K->63K(960K), 0.0043148 secs] 203376K->203145K(524224K), 0.0043827 secs] [Times: user=0.00 sys=0.02, real=0.00 secs] 
2.965: [GC 2.965: [DefNew: 959K->63K(960K), 0.0042412 secs] 204043K->203879K(524224K), 0.0043062 secs] [Times: user=0.00 sys=0.00, real=0.00 secs] 
2.971: [GC 2.971: [DefNew: 959K->63K(960K), 0.0040223 secs] 204777K->204533K(524224K), 0.0040800 secs] [Times: user=0.00 sys=0.00, real=0.00 secs] 
2.976: [GC 2.976: [DefNew: 959K->63K(960K), 0.0043043 secs] 205429K->205204K(524224K), 0.0043615 secs] [Times: user=0.02 sys=0.00, real=0.00 secs] 
2.982: [GC 2.982: [DefNew: 959K->64K(960K), 0.0042812 secs] 206102K->205914K(524224K), 0.0043384 secs] [Times: user=0.00 sys=0.00, real=0.00 secs] 
2.988: [GC 2.988: [DefNew: 960K->64K(960K), 0.0044443 secs] 206810K->206591K(524224K), 0.0045088 secs] [Times: user=0.00 sys=0.00, real=0.00 secs] 
2.995: [GC 2.995: [DefNew: 960K->64K(960K), 0.0043240 secs] 207489K->207310K(524224K), 0.0043899 secs] [Times: user=0.00 sys=0.00, real=0.00 secs] 
3.001: [GC 3.001: [DefNew: 960K->64K(960K), 0.0045410 secs] 208206K->207984K(524224K), 0.0045935 secs] [Times: user=0.00 sys=0.00, real=0.00 secs] 
3.013: [GC 3.013: [DefNew: 960K->64K(960K), 0.0057257 secs] 208881K->208758K(524224K), 0.0057753 secs] [Times: user=0.00 sys=0.00, real=0.01 secs] 
3.021: [GC 3.021: [DefNew: 960K->64K(960K), 0.0046194 secs] 209656K->209513K(524224K), 0.0046777 secs] [Times: user=0.02 sys=0.00, real=0.00 secs] 
3.027: [GC 3.027: [DefNew: 960K->64K(960K), 0.0044727 secs] 210411K->210229K(524224K), 0.0045319 secs] [Times: user=0.00 sys=0.00, real=0.00 secs] 
3.034: [GC 3.034: [DefNew: 960K->63K(960K), 0.0043957 secs] 211126K->210947K(524224K), 0.0044645 secs] [Times: user=0.00 sys=0.00, real=0.00 secs] 
3.040: [GC 3.040: [DefNew: 959K->64K(960K), 0.0044674 secs] 211845K->211646K(524224K), 0.0045473 secs] [Times: user=0.00 sys=0.00, real=0.01 secs] 
3.047: [GC 3.047: [DefNew: 960K->64K(960K), 0.0044539 secs] 212544K->212394K(524224K), 0.0045184 secs] [Times: user=0.00 sys=0.00, real=0.00 secs] 
3.053: [GC 3.053: [DefNew: 960K->63K(960K), 0.0046676 secs] 213292K->213072K(524224K), 0.0047335 secs] [Times: user=0.01 sys=0.00, real=0.01 secs] 
3.060: [GC 3.060: [DefNew: 959K->64K(960K), 0.0045708 secs] 213970K->213771K(524224K), 0.0046440 secs] [Times: user=0.00 sys=0.00, real=0.00 secs] 
3.066: [GC 3.066: [DefNew: 960K->63K(960K), 0.0040410 secs] 214667K->214441K(524224K), 0.0041046 secs] [Times: user=0.00 sys=0.00, real=0.00 secs] 
3.072: [GC 3.072: [DefNew: 959K->63K(960K), 0.0040290 secs] 215338K->215132K(524224K), 0.0040959 secs] [Times: user=0.00 sys=0.00, real=0.00 secs] 
3.078: [GC 3.078: [DefNew: 959K->63K(960K), 0.0041604 secs] 216028K->215802K(524224K), 0.0042162 secs] [Times: user=0.00 sys=0.00, real=0.00 secs] 
3.083: [GC 3.083: [DefNew: 959K->63K(960K), 0.0040800 secs] 216699K->216449K(524224K), 0.0041368 secs] [Times: user=0.00 sys=0.01, real=0.00 secs] 
3.089: [GC 3.089: [DefNew: 959K->63K(960K), 0.0045641 secs] 217345K->217173K(524224K), 0.0046339 secs] [Times: user=0.00 sys=0.00, real=0.00 secs] 
3.095: [GC 3.095: [DefNew: 959K->64K(960K), 0.0046012 secs] 218069K->217901K(524224K), 0.0046767 secs] [Times: user=0.00 sys=0.00, real=0.01 secs] 
3.102: [GC 3.102: [DefNew: 960K->64K(960K), 0.0041844 secs] 218797K->218598K(524224K), 0.0042475 secs] [Times: user=0.00 sys=0.00, real=0.00 secs] 
3.107: [GC 3.107: [DefNew: 960K->64K(960K), 0.0041103 secs] 219495K->219268K(524224K), 0.0041724 secs] [Times: user=0.00 sys=0.00, real=0.00 secs] 
3.113: [GC 3.113: [DefNew: 960K->63K(960K), 0.0041628 secs] 220164K->219968K(524224K), 0.0042143 secs] [Times: user=0.00 sys=0.00, real=0.00 secs] 
3.119: [GC 3.119: [DefNew: 959K->64K(960K), 0.0044169 secs] 220864K->220660K(524224K), 0.0044746 secs] [Times: user=0.00 sys=0.00, real=0.00 secs] 
3.125: [GC 3.125: [DefNew: 960K->63K(960K), 0.0043452 secs] 221558K->221376K(524224K), 0.0044010 secs] [Times: user=0.00 sys=0.00, real=0.00 secs] 
3.132: [GC 3.132: [DefNew: 959K->64K(960K), 0.0044847 secs] 222273K->222058K(524224K), 0.0045468 secs] [Times: user=0.02 sys=0.00, real=0.00 secs] 
3.179: [GC 3.179: [DefNew: 960K->64K(960K), 0.0196548 secs] 227052K->226847K(524224K), 0.0197322 secs] [Times: user=0.03 sys=0.00, real=0.02 secs] 
3.201: [GC 3.201: [DefNew: 960K->64K(960K), 0.0042176 secs] 227743K->227486K(524224K), 0.0042865 secs] [Times: user=0.00 sys=0.00, real=0.00 secs] 
3.206: [GC 3.206: [DefNew: 960K->63K(960K), 0.0040165 secs] 228382K->228092K(524224K), 0.0040791 secs] [Times: user=0.00 sys=0.00, real=0.00 secs] 
3.212: [GC 3.212: [DefNew: 959K->64K(960K), 0.0041613 secs] 228988K->228737K(524224K), 0.0042191 secs] [Times: user=0.00 sys=0.00, real=0.00 secs] 
3.218: [GC 3.218: [DefNew: 960K->64K(960K), 0.0040358 secs] 229633K->229370K(524224K), 0.0040988 secs] [Times: user=0.00 sys=0.00, real=0.00 secs] 
3.223: [GC 3.223: [DefNew: 960K->64K(960K), 0.0041161 secs] 230267K->229959K(524224K), 0.0041719 secs] [Times: user=0.00 sys=0.02, real=0.00 secs] 
3.229: [GC 3.229: [DefNew: 960K->63K(960K), 0.0043654 secs] 230855K->230605K(524224K), 0.0044332 secs] [Times: user=0.00 sys=0.00, real=0.00 secs] 
3.235: [GC 3.235: [DefNew: 959K->63K(960K), 0.0042047 secs] 231502K->231229K(524224K), 0.0042682 secs] [Times: user=0.00 sys=0.00, real=0.00 secs] 
3.241: [GC 3.241: [DefNew: 959K->63K(960K), 0.0050131 secs] 232126K->231919K(524224K), 0.0050838 secs] [Times: user=0.02 sys=0.00, real=0.00 secs] 
3.247: [GC 3.247: [DefNew: 959K->64K(960K), 0.0044294 secs] 232816K->232634K(524224K), 0.0044919 secs] [Times: user=0.00 sys=0.00, real=0.01 secs] 
3.254: [GC 3.254: [DefNew: 960K->63K(960K), 0.0043432 secs] 233530K->233281K(524224K), 0.0044024 secs] [Times: user=0.00 sys=0.02, real=0.00 secs] 
3.261: [GC 3.261: [DefNew: 959K->63K(960K), 0.0049596 secs] 234179K->234095K(524224K), 0.0050299 secs] [Times: user=0.00 sys=0.00, real=0.00 secs] 
3.267: [GC 3.267: [DefNew: 959K->63K(960K), 0.0045708 secs] 234991K->234746K(524224K), 0.0046416 secs] [Times: user=0.00 sys=0.00, real=0.01 secs] 
3.274: [GC 3.274: [DefNew: 959K->64K(960K), 0.0044005 secs] 235643K->235368K(524224K), 0.0044631 secs] [Times: user=0.00 sys=0.00, real=0.00 secs] 
3.280: [GC 3.280: [DefNew: 960K->64K(960K), 0.0044780 secs] 236264K->236067K(524224K), 0.0045670 secs] [Times: user=0.00 sys=0.00, real=0.01 secs] 
3.287: [GC 3.287: [DefNew: 960K->63K(960K), 0.0046305 secs] 236963K->236739K(524224K), 0.0047017 secs] [Times: user=0.01 sys=0.00, real=0.00 secs] 
3.293: [GC 3.293: [DefNew: 959K->64K(960K), 0.0046344 secs] 237637K->237458K(524224K), 0.0046988 secs] [Times: user=0.00 sys=0.00, real=0.01 secs] 
3.300: [GC 3.300: [DefNew: 960K->64K(960K), 0.0042985 secs] 238354K->238106K(524224K), 0.0043606 secs] [Times: user=0.00 sys=0.00, real=0.00 secs] 
3.307: [GC 3.307: [DefNew: 960K->63K(960K), 0.0047787 secs] 239003K->238829K(524224K), 0.0048442 secs] [Times: user=0.00 sys=0.00, real=0.00 secs] 
3.313: [GC 3.313: [DefNew: 959K->64K(960K), 0.0047802 secs] 239726K->239530K(524224K), 0.0048567 secs] [Times: user=0.00 sys=0.00, real=0.01 secs] 
3.320: [GC 3.320: [DefNew: 960K->64K(960K), 0.0059610 secs] 240427K->240220K(524224K), 0.0060346 secs] [Times: user=0.02 sys=0.00, real=0.01 secs] 
3.328: [GC 3.328: [DefNew: 960K->64K(960K), 0.0045944 secs] 241116K->240933K(524224K), 0.0046690 secs] [Times: user=0.00 sys=0.00, real=0.01 secs] 
3.335: [GC 3.335: [DefNew: 960K->63K(960K), 0.0049125 secs] 241830K->241710K(524224K), 0.0049794 secs] [Times: user=0.01 sys=0.00, real=0.01 secs] 
3.341: [GC 3.341: [DefNew: 959K->64K(960K), 0.0049779 secs] 242608K->242372K(524224K), 0.0050997 secs] [Times: user=0.00 sys=0.00, real=0.00 secs] 
3.348: [GC 3.348: [DefNew: 960K->64K(960K), 0.0045766 secs] 243269K->243071K(524224K), 0.0046459 secs] [Times: user=0.02 sys=0.00, real=0.01 secs] 
3.354: [GC 3.354: [DefNew: 960K->64K(960K), 0.0044823 secs] 243968K->243700K(524224K), 0.0045535 secs] [Times: user=0.00 sys=0.00, real=0.00 secs] 
3.361: [GC 3.361: [DefNew: 960K->64K(960K), 0.0052407 secs] 244597K->244336K(524224K), 0.0053167 secs] [Times: user=0.00 sys=0.00, real=0.01 secs] 
3.368: [GC 3.368: [DefNew: 960K->64K(960K), 0.0043784 secs] 245233K->245019K(524224K), 0.0044376 secs] [Times: user=0.00 sys=0.00, real=0.00 secs] 
3.374: [GC 3.374: [DefNew: 960K->63K(960K), 0.0046382 secs] 245917K->245767K(524224K), 0.0047046 secs] [Times: user=0.00 sys=0.00, real=0.01 secs] 
3.381: [GC 3.381: [DefNew: 959K->63K(960K), 0.0055967 secs] 246665K->246535K(524224K), 0.0056834 secs] [Times: user=0.01 sys=0.00, real=0.01 secs] 
3.388: [GC 3.388: [DefNew: 959K->63K(960K), 0.0063344 secs] 247431K->247252K(524224K), 0.0064181 secs] [Times: user=0.00 sys=0.00, real=0.01 secs] 
3.397: [GC 3.397: [DefNew: 959K->64K(960K), 0.0062444 secs] 248148K->248057K(524224K), 0.0063306 secs] [Times: user=0.02 sys=0.00, real=0.01 secs] 
3.405: [GC 3.405: [DefNew: 960K->64K(960K), 0.0051916 secs] 248953K->248680K(524224K), 0.0052671 secs] [Times: user=0.00 sys=0.00, real=0.01 secs] 
3.412: [GC 3.412: [DefNew: 960K->63K(960K), 0.0045622 secs] 249576K->249330K(524224K), 0.0046315 secs] [Times: user=0.02 sys=0.00, real=0.00 secs] 
3.419: [GC 3.419: [DefNew: 959K->64K(960K), 0.0050987 secs] 250226K->250057K(524224K), 0.0052051 secs] [Times: user=0.00 sys=0.00, real=0.00 secs] 
3.425: [GC 3.425: [DefNew: 960K->63K(960K), 0.0052763 secs] 250954K->250865K(524224K), 0.0054023 secs] [Times: user=0.01 sys=0.00, real=0.01 secs] 
3.433: [GC 3.433: [DefNew: 959K->64K(960K), 0.0052652 secs] 251763K->251692K(524224K), 0.0053268 secs] [Times: user=0.00 sys=0.00, real=0.00 secs] 
3.439: [GC 3.439: [DefNew: 960K->64K(960K), 0.0046502 secs] 252589K->252330K(524224K), 0.0047248 secs] [Times: user=0.00 sys=0.00, real=0.00 secs] 
3.446: [GC 3.446: [DefNew: 960K->64K(960K), 0.0050564 secs] 253226K->253104K(524224K), 0.0051276 secs] [Times: user=0.00 sys=0.00, real=0.00 secs] 
3.453: [GC 3.453: [DefNew: 960K->63K(960K), 0.0056694 secs] 254000K->253820K(524224K), 0.0057430 secs] [Times: user=0.00 sys=0.00, real=0.01 secs] 
3.461: [GC 3.461: [DefNew: 959K->63K(960K), 0.0058960 secs] 254717K->254513K(524224K), 0.0059663 secs] [Times: user=0.00 sys=0.00, real=0.01 secs] 
3.469: [GC 3.469: [DefNew: 959K->63K(960K), 0.0056853 secs] 255409K->255281K(524224K), 0.0057964 secs] [Times: user=0.00 sys=0.00, real=0.01 secs] 
3.477: [GC 3.477: [DefNew: 959K->63K(960K), 0.0069725 secs] 256178K->256127K(524224K), 0.0070783 secs] [Times: user=0.00 sys=0.00, real=0.01 secs] 
3.487: [GC 3.487: [DefNew: 959K->63K(960K), 0.0055621 secs] 257024K->256980K(524224K), 0.0056324 secs] [Times: user=0.00 sys=0.01, real=0.01 secs] 
3.494: [GC 3.494: [DefNew: 959K->63K(960K), 0.0081884 secs] 257876K->257789K(524224K), 0.0082688 secs] [Times: user=0.00 sys=0.00, real=0.01 secs] 
3.505: [GC 3.505: [DefNew: 959K->64K(960K), 0.0063623 secs] 258687K->258558K(524224K), 0.0064542 secs] [Times: user=0.02 sys=0.00, real=0.01 secs] 
3.514: [GC 3.514: [DefNew: 960K->63K(960K), 0.0066169 secs] 259455K->259372K(524224K), 0.0066996 secs] [Times: user=0.00 sys=0.00, real=0.01 secs] 
3.523: [GC 3.523: [DefNew: 959K->64K(960K), 0.0065644 secs] 260268K->260116K(524224K), 0.0066587 secs] [Times: user=0.00 sys=0.00, real=0.01 secs] 
3.533: [GC 3.533: [DefNew: 960K->63K(960K), 0.0058133 secs] 261013K->260890K(524224K), 0.0058989 secs] [Times: user=0.01 sys=0.00, real=0.01 secs] 
3.540: [GC 3.540: [DefNew: 959K->63K(960K), 0.0053412 secs] 261788K->261580K(524224K), 0.0054173 secs] [Times: user=0.00 sys=0.00, real=0.01 secs] 
3.548: [GC 3.548: [DefNew: 959K->63K(960K), 0.0071832 secs] 262476K->262394K(524224K), 0.0072650 secs] [Times: user=0.00 sys=0.02, real=0.01 secs] 
3.557: [GC 3.557: [DefNew: 959K->63K(960K), 0.0078641 secs] 263291K->263150K(524224K), 0.0079887 secs] [Times: user=0.00 sys=0.00, real=0.01 secs] 
3.568: [GC 3.568: [DefNew: 959K->64K(960K), 0.0056040 secs] 264046K->263958K(524224K), 0.0056829 secs] [Times: user=0.02 sys=0.00, real=0.00 secs] 
3.575: [GC 3.575: [DefNew: 960K->64K(960K), 0.0069431 secs] 264855K->264687K(524224K), 0.0070278 secs] [Times: user=0.00 sys=0.00, real=0.01 secs] 
3.584: [GC 3.584: [DefNew: 960K->63K(960K), 0.0058855 secs] 265584K->265376K(524224K), 0.0059740 secs] [Times: user=0.02 sys=0.00, real=0.01 secs] 
3.592: [GC 3.592: [DefNew: 959K->63K(960K), 0.0059240 secs] 266273K->266173K(524224K), 0.0059957 secs] [Times: user=0.00 sys=0.00, real=0.01 secs] 
3.599: [GC 3.599: [DefNew: 959K->64K(960K), 0.0060534 secs] 267070K->266988K(524224K), 0.0061270 secs] [Times: user=0.01 sys=0.00, real=0.01 secs] 
3.607: [GC 3.607: [DefNew: 960K->63K(960K), 0.0050073 secs] 267886K->267642K(524224K), 0.0050746 secs] [Times: user=0.00 sys=0.00, real=0.00 secs] 
3.613: [GC 3.613: [DefNew: 959K->63K(960K), 0.0056044 secs] 268539K->268388K(524224K), 0.0056795 secs] [Times: user=0.02 sys=0.00, real=0.01 secs] 
3.621: [GC 3.621: [DefNew: 959K->64K(960K), 0.0065553 secs] 269284K->269191K(524224K), 0.0066515 secs] [Times: user=0.00 sys=0.00, real=0.01 secs] 
3.629: [GC 3.629: [DefNew: 960K->63K(960K), 0.0065726 secs] 270087K->269928K(524224K), 0.0066616 secs] [Times: user=0.00 sys=0.00, real=0.01 secs] 
3.638: [GC 3.638: [DefNew: 959K->63K(960K), 0.0051449 secs] 270825K->270633K(524224K), 0.0052147 secs] [Times: user=0.00 sys=0.00, real=0.01 secs] 
3.644: [GC 3.644: [DefNew: 959K->64K(960K), 0.0057219 secs] 271530K->271370K(524224K), 0.0057993 secs] [Times: user=0.02 sys=0.00, real=0.01 secs] 
3.652: [GC 3.652: [DefNew: 960K->63K(960K), 0.0050501 secs] 272268K->272093K(524224K), 0.0051112 secs] [Times: user=0.00 sys=0.00, real=0.01 secs] 
3.659: [GC 3.659: [DefNew: 959K->64K(960K), 0.0052474 secs] 272989K->272765K(524224K), 0.0053432 secs] [Times: user=0.02 sys=0.00, real=0.00 secs] 
3.666: [GC 3.666: [DefNew: 960K->64K(960K), 0.0048533 secs] 273661K->273467K(524224K), 0.0049178 secs] [Times: user=0.00 sys=0.00, real=0.00 secs] 
3.673: [GC 3.673: [DefNew: 960K->63K(960K), 0.0054572 secs] 274364K->274131K(524224K), 0.0055260 secs] [Times: user=0.00 sys=0.00, real=0.00 secs] 
3.680: [GC 3.680: [DefNew: 959K->64K(960K), 0.0048499 secs] 275028K->274896K(524224K), 0.0049245 secs] [Times: user=0.00 sys=0.00, real=0.01 secs] 
3.687: [GC 3.687: [DefNew: 960K->63K(960K), 0.0047503 secs] 275794K->275577K(524224K), 0.0048153 secs] [Times: user=0.00 sys=0.00, real=0.01 secs] 
3.693: [GC 3.693: [DefNew: 959K->64K(960K), 0.0051983 secs] 276474K->276216K(524224K), 0.0052594 secs] [Times: user=0.01 sys=0.00, real=0.00 secs] 
3.700: [GC 3.700: [DefNew: 960K->63K(960K), 0.0045400 secs] 277113K->276907K(524224K), 0.0046016 secs] [Times: user=0.00 sys=0.00, real=0.00 secs] 
3.707: [GC 3.707: [DefNew: 959K->63K(960K), 0.0045396 secs] 277804K->277552K(524224K), 0.0046190 secs] [Times: user=0.00 sys=0.02, real=0.00 secs] 
3.713: [GC 3.713: [DefNew: 959K->64K(960K), 0.0044712 secs] 278449K->278249K(524224K), 0.0045328 secs] [Times: user=0.00 sys=0.00, real=0.00 secs] 
3.720: [GC 3.720: [DefNew: 960K->64K(960K), 0.0046493 secs] 279145K->278917K(524224K), 0.0047402 secs] [Times: user=0.00 sys=0.00, real=0.01 secs] 
3.726: [GC 3.726: [DefNew: 960K->64K(960K), 0.0049418 secs] 279813K->279522K(524224K), 0.0050078 secs] [Times: user=0.00 sys=0.00, real=0.01 secs] 
3.733: [GC 3.733: [DefNew: 960K->63K(960K), 0.0043124 secs] 280418K->280190K(524224K), 0.0043760 secs] [Times: user=0.00 sys=0.00, real=0.00 secs] 
3.739: [GC 3.739: [DefNew: 959K->64K(960K), 0.0054635 secs] 281087K->280872K(524224K), 0.0055703 secs] [Times: user=0.02 sys=0.00, real=0.01 secs] 
3.747: [GC 3.747: [DefNew: 960K->64K(960K), 0.0049645 secs] 281768K->281588K(524224K), 0.0050304 secs] [Times: user=0.00 sys=0.00, real=0.01 secs] 
3.754: [GC 3.754: [DefNew: 960K->63K(960K), 0.0053744 secs] 282485K->282269K(524224K), 0.0054630 secs] [Times: user=0.01 sys=0.00, real=0.00 secs] 
3.761: [GC 3.761: [DefNew: 959K->64K(960K), 0.0058051 secs] 283167K->282950K(524224K), 0.0058782 secs] [Times: user=0.00 sys=0.00, real=0.01 secs] 
3.769: [GC 3.769: [DefNew: 960K->64K(960K), 0.0051483 secs] 283846K->283630K(524224K), 0.0052262 secs] [Times: user=0.02 sys=0.00, real=0.01 secs] 
3.776: [GC 3.776: [DefNew: 960K->63K(960K), 0.0050742 secs] 284527K->284343K(524224K), 0.0051439 secs] [Times: user=0.00 sys=0.00, real=0.01 secs] 
3.784: [GC 3.784: [DefNew: 959K->64K(960K), 0.0051820 secs] 285239K->285033K(524224K), 0.0052614 secs] [Times: user=0.00 sys=0.02, real=0.00 secs] 
3.791: [GC 3.791: [DefNew: 960K->64K(960K), 0.0051805 secs] 285930K->285804K(524224K), 0.0052609 secs] [Times: user=0.00 sys=0.00, real=0.01 secs] 
3.799: [GC 3.799: [DefNew: 960K->63K(960K), 0.0050174 secs] 286700K->286515K(524224K), 0.0050872 secs] [Times: user=0.02 sys=0.00, real=0.01 secs] 
3.807: [GC 3.807: [DefNew: 959K->64K(960K), 0.0051367 secs] 287412K->287198K(524224K), 0.0052036 secs] [Times: user=0.00 sys=0.00, real=0.00 secs] 
3.814: [GC 3.814: [DefNew: 960K->63K(960K), 0.0049183 secs] 288096K->287895K(524224K), 0.0049880 secs] [Times: user=0.00 sys=0.00, real=0.00 secs] 
3.822: [GC 3.822: [DefNew: 959K->63K(960K), 0.0050140 secs] 288791K->288574K(524224K), 0.0050780 secs] [Times: user=0.00 sys=0.00, real=0.01 secs] 
3.828: [GC 3.828: [DefNew: 959K->63K(960K), 0.0047946 secs] 289470K->289236K(524224K), 0.0048682 secs] [Times: user=0.00 sys=0.00, real=0.01 secs] 
3.835: [GC 3.835: [DefNew: 959K->64K(960K), 0.0046868 secs] 290132K->289906K(524224K), 0.0047460 secs] [Times: user=0.00 sys=0.00, real=0.01 secs] 
3.841: [GC 3.841: [DefNew: 960K->64K(960K), 0.0052031 secs] 290803K->290585K(524224K), 0.0052628 secs] [Times: user=0.00 sys=0.00, real=0.00 secs] 
3.849: [GC 3.849: [DefNew: 960K->63K(960K), 0.0051656 secs] 291482K->291301K(524224K), 0.0052330 secs] [Times: user=0.02 sys=0.00, real=0.01 secs] 
3.856: [GC 3.856: [DefNew: 959K->63K(960K), 0.0049693 secs] 292198K->291970K(524224K), 0.0050304 secs] [Times: user=0.00 sys=0.00, real=0.00 secs] 
3.863: [GC 3.863: [DefNew: 959K->64K(960K), 0.0048971 secs] 292866K->292653K(524224K), 0.0051281 secs] [Times: user=0.02 sys=0.00, real=0.00 secs] 
3.870: [GC 3.870: [DefNew: 960K->64K(960K), 0.0048490 secs] 293551K->293334K(524224K), 0.0049168 secs] [Times: user=0.00 sys=0.00, real=0.00 secs] 
3.876: [GC 3.876: [DefNew: 960K->63K(960K), 0.0048576 secs] 294231K->294003K(524224K), 0.0049264 secs] [Times: user=0.00 sys=0.00, real=0.00 secs] 
3.883: [GC 3.883: [DefNew: 959K->64K(960K), 0.0047162 secs] 294899K->294690K(524224K), 0.0047802 secs] [Times: user=0.00 sys=0.00, real=0.00 secs] 
3.889: [GC 3.889: [DefNew: 960K->63K(960K), 0.0060053 secs] 295586K->295347K(524224K), 0.0060895 secs] [Times: user=0.00 sys=0.00, real=0.01 secs] 
3.898: [GC 3.898: [DefNew: 959K->63K(960K), 0.0053792 secs] 296244K->296046K(524224K), 0.0054437 secs] [Times: user=0.00 sys=0.00, real=0.01 secs] 
3.905: [GC 3.905: [DefNew: 959K->63K(960K), 0.0047128 secs] 296943K->296699K(524224K), 0.0047676 secs] [Times: user=0.00 sys=0.00, real=0.01 secs] 
3.912: [GC 3.912: [DefNew: 959K->64K(960K), 0.0047349 secs] 297595K->297337K(524224K), 0.0048018 secs] [Times: user=0.02 sys=0.00, real=0.00 secs] 
3.919: [GC 3.919: [DefNew: 960K->64K(960K), 0.0045131 secs] 298233K->297965K(524224K), 0.0045843 secs] [Times: user=0.00 sys=0.00, real=0.00 secs] 
3.925: [GC 3.925: [DefNew: 960K->63K(960K), 0.0048312 secs] 298862K->298616K(524224K), 0.0048932 secs] [Times: user=0.02 sys=0.00, real=0.01 secs] 
3.934: [GC 3.934: [DefNew: 959K->64K(960K), 0.0046300 secs] 299513K->299369K(524224K), 0.0047012 secs] [Times: user=0.00 sys=0.00, real=0.01 secs] 
3.940: [GC 3.940: [DefNew: 960K->64K(960K), 0.0046791 secs] 300265K->300003K(524224K), 0.0047455 secs] [Times: user=0.02 sys=0.00, real=0.01 secs] 
3.948: [GC 3.948: [DefNew: 960K->64K(960K), 0.0046353 secs] 300899K->300674K(524224K), 0.0047484 secs] [Times: user=0.00 sys=0.00, real=0.01 secs] 
3.954: [GC 3.954: [DefNew: 960K->64K(960K), 0.0046089 secs] 301570K->301343K(524224K), 0.0046719 secs] [Times: user=0.00 sys=0.00, real=0.01 secs] 
3.961: [GC 3.961: [DefNew: 960K->63K(960K), 0.0040117 secs] 302239K->301977K(524224K), 0.0040829 secs] [Times: user=0.00 sys=0.00, real=0.00 secs] 
3.968: [GC 3.968: [DefNew: 959K->64K(960K), 0.0041152 secs] 302875K->302599K(524224K), 0.0041816 secs] [Times: user=0.00 sys=0.00, real=0.00 secs] 
3.973: [GC 3.973: [DefNew: 960K->64K(960K), 0.0050443 secs] 303495K->303256K(524224K), 0.0051079 secs] [Times: user=0.01 sys=0.00, real=0.01 secs] 
3.980: [GC 3.980: [DefNew: 960K->64K(960K), 0.0049794 secs] 304153K->303917K(524224K), 0.0093351 secs] [Times: user=0.00 sys=0.00, real=0.01 secs] 
3.991: [GC 3.991: [DefNew: 960K->64K(960K), 0.0053114 secs] 304815K->304611K(524224K), 0.0053898 secs] [Times: user=0.00 sys=0.00, real=0.00 secs] 
3.999: [GC 3.999: [DefNew: 960K->64K(960K), 0.0054086 secs] 305507K->305311K(524224K), 0.0054736 secs] [Times: user=0.00 sys=0.00, real=0.01 secs] 
4.006: [GC 4.006: [DefNew: 960K->64K(960K), 0.0057618 secs] 306207K->305967K(524224K), 0.0058325 secs] [Times: user=0.02 sys=0.00, real=0.01 secs] 
4.014: [GC 4.014: [DefNew: 960K->63K(960K), 0.0050063 secs] 306864K->306706K(524224K), 0.0050722 secs] [Times: user=0.00 sys=0.00, real=0.00 secs] 
4.021: [GC 4.021: [DefNew: 959K->63K(960K), 0.0066453 secs] 307604K->307347K(524224K), 0.0067069 secs] [Times: user=0.01 sys=0.00, real=0.01 secs] 
4.029: [GC 4.029: [DefNew: 959K->64K(960K), 0.0070706 secs] 308244K->308082K(524224K), 0.0071269 secs] [Times: user=0.00 sys=0.00, real=0.01 secs] 
4.038: [GC 4.038: [DefNew: 960K->63K(960K), 0.0048783 secs] 308979K->308758K(524224K), 0.0049356 secs] [Times: user=0.00 sys=0.00, real=0.00 secs] 
4.044: [GC 4.044: [DefNew: 959K->64K(960K), 0.0049149 secs] 309655K->309420K(524224K), 0.0049813 secs] [Times: user=0.00 sys=0.00, real=0.00 secs] 
4.051: [GC 4.051: [DefNew: 960K->63K(960K), 0.0049274 secs] 310316K->310085K(524224K), 0.0049842 secs] [Times: user=0.02 sys=0.00, real=0.00 secs] 
4.063: [GC 4.063: [DefNew: 959K->64K(960K), 0.0053672 secs] 310981K->310827K(524224K), 0.0054254 secs] [Times: user=0.00 sys=0.00, real=0.01 secs] 
4.070: [GC 4.070: [DefNew: 960K->63K(960K), 0.0056049 secs] 311724K->311500K(524224K), 0.0056612 secs] [Times: user=0.00 sys=0.00, real=0.01 secs] 
4.079: [GC 4.079: [DefNew: 959K->64K(960K), 0.0047643 secs] 312397K->312203K(524224K), 0.0048668 secs] [Times: user=0.00 sys=0.00, real=0.01 secs] 
4.085: [GC 4.085: [DefNew: 960K->63K(960K), 0.0054606 secs] 313099K->312863K(524224K), 0.0055173 secs] [Times: user=0.00 sys=0.00, real=0.01 secs] 
4.093: [GC 4.093: [DefNew: 959K->64K(960K), 0.0050025 secs] 313761K->313574K(524224K), 0.0050636 secs] [Times: user=0.00 sys=0.00, real=0.00 secs] 
4.099: [GC 4.099: [DefNew: 960K->64K(960K), 0.0051762 secs] 314472K->314239K(524224K), 0.0052344 secs] [Times: user=0.02 sys=0.00, real=0.01 secs] 
4.106: [GC 4.106: [DefNew: 960K->63K(960K), 0.0051642 secs] 315136K->314917K(524224K), 0.0052267 secs] [Times: user=0.00 sys=0.00, real=0.00 secs] 
4.112: [GC 4.112: [DefNew: 959K->63K(960K), 0.0051160 secs] 315814K->315587K(524224K), 0.0051839 secs] [Times: user=0.02 sys=0.00, real=0.01 secs] 
4.119: [GC 4.119: [DefNew: 959K->63K(960K), 0.0046271 secs] 316484K->316259K(524224K), 0.0046892 secs] [Times: user=0.00 sys=0.00, real=0.01 secs] 
4.125: [GC 4.125: [DefNew: 959K->63K(960K), 0.0044448 secs] 317155K->316896K(524224K), 0.0045064 secs] [Times: user=0.00 sys=0.00, real=0.01 secs] 
4.133: [GC 4.133: [DefNew: 959K->63K(960K), 0.0049486 secs] 317792K->317583K(524224K), 0.0050126 secs] [Times: user=0.00 sys=0.00, real=0.00 secs] 
4.140: [GC 4.140: [DefNew: 959K->63K(960K), 0.0050838 secs] 318480K->318256K(524224K), 0.0051521 secs] [Times: user=0.00 sys=0.00, real=0.00 secs] 
4.146: [GC 4.146: [DefNew: 959K->64K(960K), 0.0052281 secs] 319154K->318942K(524224K), 0.0052854 secs] [Times: user=0.02 sys=0.00, real=0.00 secs] 
4.153: [GC 4.153: [DefNew: 960K->64K(960K), 0.0050621 secs] 319840K->319615K(524224K), 0.0051218 secs] [Times: user=0.00 sys=0.00, real=0.00 secs] 
4.160: [GC 4.160: [DefNew: 960K->63K(960K), 0.0053172 secs] 320513K->320294K(524224K), 0.0053759 secs] [Times: user=0.02 sys=0.00, real=0.00 secs] 
4.168: [GC 4.168: [DefNew: 959K->63K(960K), 0.0049977 secs] 321190K->320960K(524224K), 0.0050554 secs] [Times: user=0.00 sys=0.00, real=0.01 secs] 
4.174: [GC 4.174: [DefNew: 959K->63K(960K), 0.0051367 secs] 321858K->321634K(524224K), 0.0052060 secs] [Times: user=0.02 sys=0.00, real=0.01 secs] 
4.181: [GC 4.181: [DefNew: 959K->64K(960K), 0.0049086 secs] 322532K->322322K(524224K), 0.0049673 secs] [Times: user=0.00 sys=0.00, real=0.01 secs] 
4.188: [GC 4.188: [DefNew: 960K->63K(960K), 0.0047980 secs] 323219K->323009K(524224K), 0.0048610 secs] [Times: user=0.00 sys=0.00, real=0.01 secs] 
4.194: [GC 4.194: [DefNew: 959K->63K(960K), 0.0049803 secs] 323907K->323686K(524224K), 0.0050424 secs] [Times: user=0.00 sys=0.00, real=0.01 secs] 
4.202: [GC 4.202: [DefNew: 959K->64K(960K), 0.0043529 secs] 324583K->324338K(524224K), 0.0044101 secs] [Times: user=0.00 sys=0.00, real=0.00 secs] 
4.208: [GC 4.208: [DefNew: 960K->64K(960K), 0.0049062 secs] 325234K->325025K(524224K), 0.0049693 secs] [Times: user=0.02 sys=0.00, real=0.00 secs] 
4.215: [GC 4.215: [DefNew: 960K->63K(960K), 0.0050920 secs] 325921K->325732K(524224K), 0.0051555 secs] [Times: user=0.00 sys=0.00, real=0.00 secs] 
4.221: [GC 4.221: [DefNew: 959K->64K(960K), 0.0050135 secs] 326628K->326397K(524224K), 0.0052065 secs] [Times: user=0.01 sys=0.00, real=0.01 secs] 
4.228: [GC 4.228: [DefNew: 960K->64K(960K), 0.0052306 secs] 327294K->327136K(524224K), 0.0052902 secs] [Times: user=0.00 sys=0.00, real=0.00 secs] 
4.236: [GC 4.236: [DefNew: 960K->64K(960K), 0.0050997 secs] 328034K->327810K(524224K), 0.0051613 secs] [Times: user=0.02 sys=0.00, real=0.01 secs] 
4.242: [GC 4.242: [DefNew: 960K->63K(960K), 0.0050751 secs] 328706K->328484K(524224K), 0.0051430 secs] [Times: user=0.00 sys=0.00, real=0.00 secs] 
4.249: [GC 4.249: [DefNew: 959K->64K(960K), 0.0049625 secs] 329380K->329165K(524224K), 0.0050270 secs] [Times: user=0.00 sys=0.00, real=0.01 secs] 
4.255: [GC 4.255: [DefNew: 960K->64K(960K), 0.0060765 secs] 330062K->329849K(524224K), 0.0061540 secs] [Times: user=0.01 sys=0.00, real=0.01 secs] 
4.263: [GC 4.263: [DefNew: 960K->64K(960K), 0.0049365 secs] 330746K->330557K(524224K), 0.0049962 secs] [Times: user=0.00 sys=0.00, real=0.01 secs] 
4.269: [GC 4.269: [DefNew: 960K->64K(960K), 0.0052859 secs] 331453K->331228K(524224K), 0.0053446 secs] [Times: user=0.02 sys=0.00, real=0.01 secs] 
4.276: [GC 4.276: [DefNew: 960K->63K(960K), 0.0050371 secs] 332126K->331909K(524224K), 0.0050939 secs] [Times: user=0.00 sys=0.00, real=0.01 secs] 
4.283: [GC 4.283: [DefNew: 959K->63K(960K), 0.0048384 secs] 332805K->332575K(524224K), 0.0048952 secs] [Times: user=0.00 sys=0.02, real=0.01 secs] 
4.289: [GC 4.289: [DefNew: 959K->64K(960K), 0.0050665 secs] 333471K->333254K(524224K), 0.0051242 secs] [Times: user=0.00 sys=0.00, real=0.01 secs] 
4.296: [GC 4.296: [DefNew: 960K->63K(960K), 0.0049043 secs] 334152K->333951K(524224K), 0.0049596 secs] [Times: user=0.00 sys=0.00, real=0.01 secs] 
4.302: [GC 4.302: [DefNew: 959K->63K(960K), 0.0051449 secs] 334848K->334581K(524224K), 0.0052099 secs] [Times: user=0.02 sys=0.00, real=0.01 secs] 
4.309: [GC 4.309: [DefNew: 959K->63K(960K), 0.0048413 secs] 335477K->335266K(524224K), 0.0049014 secs] [Times: user=0.00 sys=0.00, real=0.01 secs] 
4.315: [GC 4.315: [DefNew: 959K->64K(960K), 0.0052281 secs] 336163K->335948K(524224K), 0.0052830 secs] [Times: user=0.02 sys=0.00, real=0.01 secs] 
4.322: [GC 4.322: [DefNew: 960K->64K(960K), 0.0051810 secs] 336847K->336650K(524224K), 0.0052460 secs] [Times: user=0.00 sys=0.00, real=0.01 secs] 
4.329: [GC 4.329: [DefNew: 960K->63K(960K), 0.0050304 secs] 337547K->337332K(524224K), 0.0050876 secs] [Times: user=0.00 sys=0.00, real=0.01 secs] 
4.335: [GC 4.335: [DefNew: 959K->64K(960K), 0.0049096 secs] 338229K->337979K(524224K), 0.0049712 secs] [Times: user=0.00 sys=0.00, real=0.01 secs] 
4.342: [GC 4.342: [DefNew: 960K->64K(960K), 0.0050265 secs] 338877K->338673K(524224K), 0.0050881 secs] [Times: user=0.00 sys=0.00, real=0.01 secs] 
4.349: [GC 4.349: [DefNew: 960K->64K(960K), 0.0051690 secs] 339569K->339362K(524224K), 0.0052272 secs] [Times: user=0.02 sys=0.00, real=0.01 secs] 
4.356: [GC 4.356: [DefNew: 960K->63K(960K), 0.0051656 secs] 340260K->340068K(524224K), 0.0052238 secs] [Times: user=0.00 sys=0.00, real=0.00 secs] 
4.362: [GC 4.362: [DefNew: 959K->64K(960K), 0.0052007 secs] 340966K->340754K(524224K), 0.0052633 secs] [Times: user=0.02 sys=0.00, real=0.01 secs] 
4.369: [GC 4.369: [DefNew: 960K->63K(960K), 0.0048422 secs] 341650K->341440K(524224K), 0.0049072 secs] [Times: user=0.00 sys=0.00, real=0.01 secs] 
4.376: [GC 4.376: [DefNew: 959K->64K(960K), 0.0048244 secs] 342338K->342104K(524224K), 0.0048966 secs] [Times: user=0.00 sys=0.01, real=0.00 secs] 
4.383: [GC 4.383: [DefNew: 960K->64K(960K), 0.0047561 secs] 343001K->342791K(524224K), 0.0048196 secs] [Times: user=0.00 sys=0.00, real=0.00 secs] 
4.390: [GC 4.390: [DefNew: 960K->63K(960K), 0.0053494 secs] 343687K->343453K(524224K), 0.0054192 secs] [Times: user=0.00 sys=0.00, real=0.00 secs] 
4.397: [GC 4.397: [DefNew: 959K->64K(960K), 0.0053412 secs] 344349K->344173K(524224K), 0.0054033 secs] [Times: user=0.00 sys=0.00, real=0.01 secs] 
4.405: [GC 4.405: [DefNew: 960K->64K(960K), 0.0050458 secs] 345069K->344849K(524224K), 0.0051170 secs] [Times: user=0.00 sys=0.00, real=0.01 secs] 
4.411: [GC 4.411: [DefNew: 960K->63K(960K), 0.0050929 secs] 345746K->345583K(524224K), 0.0051565 secs] [Times: user=0.02 sys=0.00, real=0.01 secs] 
4.418: [GC 4.418: [DefNew: 959K->63K(960K), 0.0052460 secs] 346480K->346254K(524224K), 0.0053095 secs] [Times: user=0.00 sys=0.00, real=0.01 secs] 
4.424: [GC 4.424: [DefNew: 959K->63K(960K), 0.0048138 secs] 347151K->346906K(524224K), 0.0048735 secs] [Times: user=0.02 sys=0.00, real=0.01 secs] 
4.431: [GC 4.431: [DefNew: 959K->64K(960K), 0.0049794 secs] 347802K->347583K(524224K), 0.0050443 secs] [Times: user=0.00 sys=0.00, real=0.01 secs] 
4.438: [GC 4.438: [DefNew: 960K->63K(960K), 0.0053244 secs] 348479K->348266K(524224K), 0.0053913 secs] [Times: user=0.00 sys=0.00, real=0.01 secs] 
4.445: [GC 4.445: [DefNew: 959K->63K(960K), 0.0050660 secs] 349164K->348978K(524224K), 0.0051334 secs] [Times: user=0.00 sys=0.00, real=0.00 secs] 
4.452: [GC 4.452: [DefNew: 959K->64K(960K), 0.0052527 secs] 349875K->349658K(524224K), 0.0053172 secs] [Times: user=0.00 sys=0.00, real=0.00 secs] 
4.458: [GC 4.458: [DefNew: 960K->64K(960K), 0.0051074 secs] 350554K->350335K(524224K), 0.0051767 secs] [Times: user=0.02 sys=0.00, real=0.00 secs] 
4.465: [GC 4.465: [DefNew: 960K->64K(960K), 0.0050838 secs] 351231K->351031K(524224K), 0.0051512 secs] [Times: user=0.00 sys=0.00, real=0.00 secs] 
4.471: [GC 4.471: [DefNew: 960K->63K(960K), 0.0053104 secs] 351928K->351711K(524224K), 0.0053773 secs] [Times: user=0.01 sys=0.00, real=0.01 secs] 
4.479: [GC 4.479: [DefNew: 959K->63K(960K), 0.0050121 secs] 352609K->352414K(524224K), 0.0050775 secs] [Times: user=0.00 sys=0.00, real=0.00 secs] 
4.487: [GC 4.487: [DefNew: 959K->63K(960K), 0.0050328 secs] 353311K->353106K(524224K), 0.0050977 secs] [Times: user=0.02 sys=0.00, real=0.01 secs] 
4.493: [GC 4.493: [DefNew: 959K->64K(960K), 0.0053865 secs] 354003K->353799K(524224K), 0.0054558 secs] [Times: user=0.00 sys=0.00, real=0.01 secs] 
4.501: [GC 4.501: [DefNew: 960K->64K(960K), 0.0049635 secs] 354696K->354487K(524224K), 0.0050289 secs] [Times: user=0.00 sys=0.02, real=0.00 secs] 
4.508: [GC 4.508: [DefNew: 960K->63K(960K), 0.0049722 secs] 355385K->355180K(524224K), 0.0050342 secs] [Times: user=0.00 sys=0.00, real=0.00 secs] 
4.515: [GC 4.515: [DefNew: 959K->64K(960K), 0.0051834 secs] 356076K->355886K(524224K), 0.0052387 secs] [Times: user=0.00 sys=0.00, real=0.00 secs] 
4.521: [GC 4.521: [DefNew: 960K->64K(960K), 0.0063262 secs] 356782K->356545K(524224K), 0.0063955 secs] [Times: user=0.02 sys=0.00, real=0.01 secs] 
4.531: [GC 4.531: [DefNew: 960K->63K(960K), 0.0052147 secs] 357442K->357270K(524224K), 0.0052820 secs] [Times: user=0.00 sys=0.00, real=0.00 secs] 
4.539: [GC 4.539: [DefNew: 959K->64K(960K), 0.0053687 secs] 358167K->357958K(524224K), 0.0054384 secs] [Times: user=0.00 sys=0.00, real=0.01 secs] 
4.546: [GC 4.546: [DefNew: 960K->64K(960K), 0.0049221 secs] 358854K->358660K(524224K), 0.0049861 secs] [Times: user=0.00 sys=0.00, real=0.01 secs] 
4.553: [GC 4.553: [DefNew: 960K->63K(960K), 0.0054283 secs] 359558K->359363K(524224K), 0.0054962 secs] [Times: user=0.00 sys=0.00, real=0.01 secs] 
4.560: [GC 4.560: [DefNew: 959K->63K(960K), 0.0053177 secs] 360261K->360064K(524224K), 0.0053855 secs] [Times: user=0.00 sys=0.00, real=0.01 secs] 
4.568: [GC 4.568: [DefNew: 959K->64K(960K), 0.0049924 secs] 360961K->360711K(524224K), 0.0050472 secs] [Times: user=0.02 sys=0.00, real=0.00 secs] 
4.574: [GC 4.574: [DefNew: 960K->63K(960K), 0.0050698 secs] 361609K->361394K(524224K), 0.0051290 secs] [Times: user=0.00 sys=0.00, real=0.00 secs] 
4.581: [GC 4.581: [DefNew: 959K->64K(960K), 0.0053860 secs] 362291K->362083K(524224K), 0.0054432 secs] [Times: user=0.01 sys=0.00, real=0.00 secs] 
4.589: [GC 4.589: [DefNew: 960K->64K(960K), 0.0061554 secs] 362980K->362766K(524224K), 0.0062257 secs] [Times: user=0.00 sys=0.00, real=0.01 secs] 
4.597: [GC 4.597: [DefNew: 960K->63K(960K), 0.0054110 secs] 363663K->363503K(524224K), 0.0054721 secs] [Times: user=0.02 sys=0.00, real=0.00 secs] 
4.605: [GC 4.605: [DefNew: 959K->64K(960K), 0.0053109 secs] 364400K->364193K(524224K), 0.0053754 secs] [Times: user=0.00 sys=0.00, real=0.01 secs] 
4.612: [GC 4.612: [DefNew: 960K->63K(960K), 0.0051074 secs] 365091K->364892K(524224K), 0.0051675 secs] [Times: user=0.02 sys=0.00, real=0.01 secs] 
4.619: [GC 4.619: [DefNew: 959K->63K(960K), 0.0054529 secs] 365788K->365594K(524224K), 0.0055106 secs] [Times: user=0.00 sys=0.00, real=0.01 secs] 
4.626: [GC 4.626: [DefNew: 959K->64K(960K), 0.0051983 secs] 366492K->366279K(524224K), 0.0052580 secs] [Times: user=0.00 sys=0.01, real=0.00 secs] 
4.633: [GC 4.633: [DefNew: 960K->64K(960K), 0.0055809 secs] 367175K->366998K(524224K), 0.0056444 secs] [Times: user=0.00 sys=0.00, real=0.00 secs] 
4.641: [GC 4.641: [DefNew: 960K->63K(960K), 0.0055515 secs] 367895K->367712K(524224K), 0.0056184 secs] [Times: user=0.00 sys=0.00, real=0.01 secs] 
4.649: [GC 4.649: [DefNew: 959K->63K(960K), 0.0050578 secs] 368608K->368414K(524224K), 0.0051261 secs] [Times: user=0.00 sys=0.00, real=0.00 secs] 
4.656: [GC 4.656: [DefNew: 959K->64K(960K), 0.0050477 secs] 369311K->369100K(524224K), 0.0051146 secs] [Times: user=0.00 sys=0.00, real=0.00 secs] 
4.662: [GC 4.662: [DefNew: 960K->64K(960K), 0.0052686 secs] 369998K->369788K(524224K), 0.0053282 secs] [Times: user=0.00 sys=0.00, real=0.00 secs] 
4.669: [GC 4.669: [DefNew: 960K->63K(960K), 0.0051127 secs] 370684K->370481K(524224K), 0.0051714 secs] [Times: user=0.00 sys=0.00, real=0.00 secs] 
4.677: [GC 4.677: [DefNew: 959K->64K(960K), 0.0053571 secs] 371378K->371206K(524224K), 0.0054317 secs] [Times: user=0.02 sys=0.00, real=0.01 secs] 
4.685: [GC 4.685: [DefNew: 960K->63K(960K), 0.0050920 secs] 372104K->371928K(524224K), 0.0051497 secs] [Times: user=0.00 sys=0.00, real=0.00 secs] 
4.691: [GC 4.691: [DefNew: 959K->63K(960K), 0.0055029 secs] 372824K->372618K(524224K), 0.0055635 secs] [Times: user=0.01 sys=0.00, real=0.01 secs] 
4.699: [GC 4.699: [DefNew: 959K->63K(960K), 0.0052219 secs] 373514K->373321K(524224K), 0.0052792 secs] [Times: user=0.00 sys=0.00, real=0.00 secs] 
4.706: [GC 4.706: [DefNew: 959K->63K(960K), 0.0055818 secs] 374218K->374021K(524224K), 0.0056468 secs] [Times: user=0.02 sys=0.00, real=0.00 secs] 
4.713: [GC 4.713: [DefNew: 959K->64K(960K), 0.0053778 secs] 374918K->374721K(524224K), 0.0054355 secs] [Times: user=0.00 sys=0.00, real=0.01 secs] 
4.721: [GC 4.721: [DefNew: 960K->63K(960K), 0.0048750 secs] 375618K->375400K(524224K), 0.0049423 secs] [Times: user=0.02 sys=0.00, real=0.01 secs] 
4.727: [GC 4.727: [DefNew: 959K->63K(960K), 0.0052835 secs] 376297K->376100K(524224K), 0.0053523 secs] [Times: user=0.00 sys=0.00, real=0.01 secs] 
4.735: [GC 4.735: [DefNew: 959K->64K(960K), 0.0051921 secs] 376998K->376808K(524224K), 0.0052618 secs] [Times: user=0.01 sys=0.00, real=0.00 secs] 
4.743: [GC 4.743: [DefNew: 960K->64K(960K), 0.0056078 secs] 377704K->377547K(524224K), 0.0056800 secs] [Times: user=0.00 sys=0.00, real=0.01 secs] 
4.751: [GC 4.751: [DefNew: 960K->63K(960K), 0.0050833 secs] 378445K->378273K(524224K), 0.0051468 secs] [Times: user=0.00 sys=0.00, real=0.00 secs] 
4.758: [GC 4.758: [DefNew: 959K->63K(960K), 0.0057103 secs] 379171K->378972K(524224K), 0.0057834 secs] [Times: user=0.00 sys=0.00, real=0.00 secs] 
4.765: [GC 4.765: [DefNew: 959K->63K(960K), 0.0053273 secs] 379869K->379710K(524224K), 0.0053937 secs] [Times: user=0.00 sys=0.00, real=0.00 secs] 
4.773: [GC 4.773: [DefNew: 959K->63K(960K), 0.0052277 secs] 380606K->380415K(524224K), 0.0052994 secs] [Times: user=0.00 sys=0.00, real=0.01 secs] 
4.779: [GC 4.779: [DefNew: 959K->63K(960K), 0.0053321 secs] 381312K->381073K(524224K), 0.0053966 secs] [Times: user=0.00 sys=0.00, real=0.01 secs] 
4.787: [GC 4.787: [DefNew: 959K->64K(960K), 0.0055178 secs] 381971K->381762K(524224K), 0.0055871 secs] [Times: user=0.00 sys=0.00, real=0.01 secs] 
4.794: [GC 4.794: [DefNew: 960K->63K(960K), 0.0051194 secs] 382659K->382430K(524224K), 0.0051824 secs] [Times: user=0.00 sys=0.00, real=0.00 secs] 
4.801: [GC 4.801: [DefNew: 959K->64K(960K), 0.0051064 secs] 383327K->383114K(524224K), 0.0051627 secs] [Times: user=0.02 sys=0.00, real=0.00 secs] 
4.809: [GC 4.809: [DefNew: 960K->63K(960K), 0.0056362 secs] 384011K->383825K(524224K), 0.0057002 secs] [Times: user=0.00 sys=0.00, real=0.01 secs] 
4.816: [GC 4.816: [DefNew: 959K->64K(960K), 0.0052686 secs] 384722K->384556K(524224K), 0.0053369 secs] [Times: user=0.01 sys=0.00, real=0.01 secs] 
4.824: [GC 4.824: [DefNew: 960K->63K(960K), 0.0052152 secs] 385452K->385287K(524224K), 0.0052801 secs] [Times: user=0.00 sys=0.00, real=0.00 secs] 
4.830: [GC 4.830: [DefNew: 959K->64K(960K), 0.0050463 secs] 386183K->385959K(524224K), 0.0051122 secs] [Times: user=0.02 sys=0.00, real=0.00 secs] 
4.837: [GC 4.837: [DefNew: 960K->64K(960K), 0.0062459 secs] 386856K->386657K(524224K), 0.0063156 secs] [Times: user=0.00 sys=0.00, real=0.01 secs] 
4.845: [GC 4.845: [DefNew: 960K->64K(960K), 0.0056757 secs] 387554K->387390K(524224K), 0.0057445 secs] [Times: user=0.02 sys=0.00, real=0.01 secs] 
4.853: [GC 4.853: [DefNew: 960K->64K(960K), 0.0052099 secs] 388286K->388085K(524224K), 0.0052743 secs] [Times: user=0.00 sys=0.00, real=0.00 secs] 
4.860: [GC 4.860: [DefNew: 960K->64K(960K), 0.0052166 secs] 388982K->388803K(524224K), 0.0052787 secs] [Times: user=0.01 sys=0.00, real=0.00 secs] 
4.866: [GC 4.866: [DefNew: 960K->64K(960K), 0.0056107 secs] 389700K->389487K(524224K), 0.0056790 secs] [Times: user=0.00 sys=0.00, real=0.01 secs] 
4.874: [GC 4.874: [DefNew: 960K->63K(960K), 0.0052854 secs] 390385K->390196K(524224K), 0.0053504 secs] [Times: user=0.00 sys=0.00, real=0.01 secs] 
4.881: [GC 4.881: [DefNew: 959K->64K(960K), 0.0050482 secs] 391092K->390869K(524224K), 0.0051131 secs] [Times: user=0.00 sys=0.00, real=0.01 secs] 
4.888: [GC 4.888: [DefNew: 960K->64K(960K), 0.0065524 secs] 391765K->391584K(524224K), 0.0066217 secs] [Times: user=0.00 sys=0.00, real=0.01 secs] 
4.897: [GC 4.897: [DefNew: 960K->64K(960K), 0.0055342 secs] 392481K->392328K(524224K), 0.0056011 secs] [Times: user=0.00 sys=0.00, real=0.00 secs] 
4.904: [GC 4.904: [DefNew: 960K->64K(960K), 0.0052955 secs] 393225K->393025K(524224K), 0.0053624 secs] [Times: user=0.00 sys=0.00, real=0.01 secs] 
4.912: [GC 4.912: [DefNew: 960K->63K(960K), 0.0052224 secs] 393922K->393723K(524224K), 0.0052912 secs] [Times: user=0.00 sys=0.00, real=0.00 secs] 
4.918: [GC 4.918: [DefNew: 959K->63K(960K), 0.0053778 secs] 394619K->394415K(524224K), 0.0054466 secs] [Times: user=0.00 sys=0.00, real=0.01 secs] 
4.927: [GC 4.927: [DefNew: 959K->64K(960K), 0.0056963 secs] 395311K->395161K(524224K), 0.0057589 secs] [Times: user=0.00 sys=0.00, real=0.01 secs] 
4.934: [GC 4.934: [DefNew: 960K->63K(960K), 0.0054894 secs] 396057K->395848K(524224K), 0.0055515 secs] [Times: user=0.00 sys=0.00, real=0.01 secs] 
4.942: [GC 4.942: [DefNew: 959K->64K(960K), 0.0057806 secs] 396746K->396556K(524224K), 0.0058460 secs] [Times: user=0.02 sys=0.00, real=0.01 secs] 
4.949: [GC 4.949: [DefNew: 960K->63K(960K), 0.0049750 secs] 397454K->397260K(524224K), 0.0050366 secs] [Times: user=0.00 sys=0.00, real=0.00 secs] 
4.956: [GC 4.956: [DefNew: 959K->63K(960K), 0.0058330 secs] 398157K->397963K(524224K), 0.0058922 secs] [Times: user=0.01 sys=0.00, real=0.01 secs] 
4.964: [GC 4.964: [DefNew: 959K->63K(960K), 0.0051391 secs] 398859K->398653K(524224K), 0.0052007 secs] [Times: user=0.00 sys=0.00, real=0.01 secs] 
4.970: [GC 4.970: [DefNew: 959K->63K(960K), 0.0052878 secs] 399550K->399344K(524224K), 0.0053629 secs] [Times: user=0.02 sys=0.00, real=0.01 secs] 
4.978: [GC 4.978: [DefNew: 959K->64K(960K), 0.0054769 secs] 400242K->400056K(524224K), 0.0055419 secs] [Times: user=0.00 sys=0.00, real=0.00 secs] 
4.985: [GC 4.985: [DefNew: 960K->63K(960K), 0.0052830 secs] 400953K->400759K(524224K), 0.0053513 secs] [Times: user=0.02 sys=0.00, real=0.00 secs] 
4.993: [GC 4.993: [DefNew: 959K->64K(960K), 0.0057310 secs] 401655K->401501K(524224K), 0.0058032 secs] [Times: user=0.00 sys=0.00, real=0.01 secs] 
5.000: [GC 5.000: [DefNew: 960K->63K(960K), 0.0053865 secs] 402397K->402200K(524224K), 0.0054524 secs] [Times: user=0.01 sys=0.00, real=0.01 secs] 
5.010: [GC 5.010: [DefNew: 959K->63K(960K), 0.0056059 secs] 403097K->402936K(524224K), 0.0056843 secs] [Times: user=0.00 sys=0.00, real=0.01 secs] 
5.017: [GC 5.017: [DefNew: 959K->63K(960K), 0.0051011 secs] 403833K->403594K(524224K), 0.0051747 secs] [Times: user=0.02 sys=0.00, real=0.01 secs] 
5.024: [GC 5.024: [DefNew: 959K->64K(960K), 0.0052200 secs] 404492K->404295K(524224K), 0.0052859 secs] [Times: user=0.00 sys=0.00, real=0.00 secs] 
5.031: [GC 5.031: [DefNew: 960K->63K(960K), 0.0051949 secs] 405192K->404985K(524224K), 0.0052570 secs] [Times: user=0.00 sys=0.00, real=0.00 secs] 
5.037: [GC 5.037: [DefNew: 959K->64K(960K), 0.0053744 secs] 405882K->405665K(524224K), 0.0054418 secs] [Times: user=0.00 sys=0.00, real=0.00 secs] 
5.045: [GC 5.045: [DefNew: 960K->63K(960K), 0.0053865 secs] 406561K->406385K(524224K), 0.0054442 secs] [Times: user=0.00 sys=0.00, real=0.00 secs] 
5.052: [GC 5.053: [DefNew: 959K->64K(960K), 0.0056891 secs] 407283K->407095K(524224K), 0.0057498 secs] [Times: user=0.00 sys=0.00, real=0.01 secs] 
5.060: [GC 5.060: [DefNew: 960K->63K(960K), 0.0056988 secs] 407994K->407802K(524224K), 0.0057743 secs] [Times: user=0.00 sys=0.00, real=0.01 secs] 
5.067: [GC 5.067: [DefNew: 959K->64K(960K), 0.0053638 secs] 408698K->408501K(524224K), 0.0054283 secs] [Times: user=0.01 sys=0.00, real=0.00 secs] 
5.075: [GC 5.075: [DefNew: 960K->64K(960K), 0.0049058 secs] 409397K->409193K(524224K), 0.0049774 secs] [Times: user=0.00 sys=0.00, real=0.01 secs] 
5.082: [GC 5.082: [DefNew: 960K->64K(960K), 0.0053470 secs] 410090K->409912K(524224K), 0.0054129 secs] [Times: user=0.02 sys=0.00, real=0.01 secs] 
5.089: [GC 5.089: [DefNew: 960K->64K(960K), 0.0054543 secs] 410809K->410628K(524224K), 0.0055222 secs] [Times: user=0.00 sys=0.00, real=0.01 secs] 
5.097: [GC 5.097: [DefNew: 960K->63K(960K), 0.0057440 secs] 411526K->411387K(524224K), 0.0058171 secs] [Times: user=0.02 sys=0.00, real=0.01 secs] 
5.104: [GC 5.104: [DefNew: 959K->63K(960K), 0.0053898 secs] 412285K->412086K(524224K), 0.0054562 secs] [Times: user=0.00 sys=0.00, real=0.00 secs] 
5.112: [GC 5.112: [DefNew: 959K->64K(960K), 0.0055472 secs] 412984K->412816K(524224K), 0.0056035 secs] [Times: user=0.01 sys=0.00, real=0.01 secs] 
5.119: [GC 5.119: [DefNew: 960K->64K(960K), 0.0055188 secs] 413712K->413524K(524224K), 0.0055770 secs] [Times: user=0.00 sys=0.00, real=0.01 secs] 
5.127: [GC 5.127: [DefNew: 960K->63K(960K), 0.0057839 secs] 414421K->414224K(524224K), 0.0058446 secs] [Times: user=0.02 sys=0.00, real=0.01 secs] 
5.135: [GC 5.135: [DefNew: 959K->64K(960K), 0.0054009 secs] 415120K->414924K(524224K), 0.0054601 secs] [Times: user=0.00 sys=0.00, real=0.01 secs] 
5.142: [GC 5.142: [DefNew: 960K->64K(960K), 0.0055419 secs] 415820K->415625K(524224K), 0.0056179 secs] [Times: user=0.02 sys=0.00, real=0.01 secs] 
5.150: [GC 5.150: [DefNew: 960K->63K(960K), 0.0055428 secs] 416523K->416354K(524224K), 0.0056117 secs] [Times: user=0.00 sys=0.00, real=0.00 secs] 
5.157: [GC 5.157: [DefNew: 959K->64K(960K), 0.0056386 secs] 417251K->417073K(524224K), 0.0057050 secs] [Times: user=0.02 sys=0.00, real=0.01 secs] 
5.165: [GC 5.165: [DefNew: 960K->63K(960K), 0.0055318 secs] 417971K->417775K(524224K), 0.0055972 secs] [Times: user=0.00 sys=0.00, real=0.01 secs] 
5.172: [GC 5.172: [DefNew: 959K->64K(960K), 0.0054596 secs] 418673K->418465K(524224K), 0.0055270 secs] [Times: user=0.00 sys=0.02, real=0.01 secs] 
5.180: [GC 5.180: [DefNew: 960K->63K(960K), 0.0055996 secs] 419362K->419211K(524224K), 0.0056742 secs] [Times: user=0.00 sys=0.00, real=0.01 secs] 
5.188: [GC 5.188: [DefNew: 959K->63K(960K), 0.0054586 secs] 420108K->419921K(524224K), 0.0055236 secs] [Times: user=0.00 sys=0.02, real=0.01 secs] 
5.195: [GC 5.195: [DefNew: 959K->63K(960K), 0.0053619 secs] 420817K->420635K(524224K), 0.0054264 secs] [Times: user=0.00 sys=0.00, real=0.00 secs] 
5.203: [GC 5.203: [DefNew: 959K->63K(960K), 0.0058864 secs] 421531K->421358K(524224K), 0.0059538 secs] [Times: user=0.02 sys=0.00, real=0.01 secs] 
5.210: [GC 5.210: [DefNew: 959K->63K(960K), 0.0054331 secs] 422254K->422075K(524224K), 0.0054952 secs] [Times: user=0.00 sys=0.00, real=0.01 secs] 
5.218: [GC 5.218: [DefNew: 959K->64K(960K), 0.0051117 secs] 422971K->422759K(524224K), 0.0051776 secs] [Times: user=0.00 sys=0.00, real=0.00 secs] 
5.224: [GC 5.224: [DefNew: 960K->63K(960K), 0.0052440 secs] 423655K->423425K(524224K), 0.0053114 secs] [Times: user=0.00 sys=0.00, real=0.01 secs] 
5.231: [GC 5.231: [DefNew: 959K->64K(960K), 0.0053037 secs] 424323K->424135K(524224K), 0.0053687 secs] [Times: user=0.00 sys=0.00, real=0.00 secs] 
5.239: [GC 5.239: [DefNew: 960K->63K(960K), 0.0054490 secs] 425032K->424848K(524224K), 0.0055385 secs] [Times: user=0.00 sys=0.00, real=0.00 secs] 
5.246: [GC 5.246: [DefNew: 959K->64K(960K), 0.0054139 secs] 425746K->425567K(524224K), 0.0054803 secs] [Times: user=0.00 sys=0.00, real=0.01 secs] 
5.254: [GC 5.254: [DefNew: 960K->63K(960K), 0.0060755 secs] 426463K->426279K(524224K), 0.0061453 secs] [Times: user=0.01 sys=0.00, real=0.01 secs] 
5.261: [GC 5.261: [DefNew: 959K->64K(960K), 0.0054259 secs] 427177K->426983K(524224K), 0.0055496 secs] [Times: user=0.00 sys=0.00, real=0.01 secs] 
5.269: [GC 5.269: [DefNew: 960K->63K(960K), 0.0064759 secs] 427879K->427688K(524224K), 0.0065432 secs] [Times: user=0.02 sys=0.00, real=0.01 secs] 
5.277: [GC 5.277: [DefNew: 959K->64K(960K), 0.0049168 secs] 428584K->428401K(524224K), 0.0049842 secs] [Times: user=0.00 sys=0.00, real=0.01 secs] 
5.284: [GC 5.284: [DefNew: 960K->63K(960K), 0.0053879 secs] 429298K->429120K(524224K), 0.0054514 secs] [Times: user=0.01 sys=0.00, real=0.00 secs] 
5.292: [GC 5.292: [DefNew: 959K->64K(960K), 0.0055953 secs] 430016K->429843K(524224K), 0.0056526 secs] [Times: user=0.00 sys=0.00, real=0.01 secs] 
5.299: [GC 5.299: [DefNew: 960K->64K(960K), 0.0054351 secs] 430740K->430520K(524224K), 0.0054957 secs] [Times: user=0.02 sys=0.00, real=0.01 secs] 
5.307: [GC 5.307: [DefNew: 960K->64K(960K), 0.0054784 secs] 431418K->431225K(524224K), 0.0055428 secs] [Times: user=0.00 sys=0.00, real=0.00 secs] 
5.314: [GC 5.314: [DefNew: 960K->64K(960K), 0.0055655 secs] 432122K->431971K(524224K), 0.0056362 secs] [Times: user=0.02 sys=0.00, real=0.01 secs] 
5.322: [GC 5.322: [DefNew: 960K->64K(960K), 0.0053018 secs] 432868K->432691K(524224K), 0.0053595 secs] [Times: user=0.00 sys=0.00, real=0.01 secs] 
5.329: [GC 5.329: [DefNew: 960K->63K(960K), 0.0057271 secs] 433587K->433395K(524224K), 0.0057931 secs] [Times: user=0.02 sys=0.00, real=0.01 secs] 
5.337: [GC 5.337: [DefNew: 959K->64K(960K), 0.0056925 secs] 434292K->434118K(524224K), 0.0057517 secs] [Times: user=0.00 sys=0.00, real=0.01 secs] 
5.345: [GC 5.345: [DefNew: 960K->63K(960K), 0.0054947 secs] 435014K->434832K(524224K), 0.0055597 secs] [Times: user=0.02 sys=0.00, real=0.01 secs] 
5.353: [GC 5.353: [DefNew: 959K->63K(960K), 0.0058917 secs] 435728K->435559K(524224K), 0.0059586 secs] [Times: user=0.00 sys=0.00, real=0.01 secs] 
5.361: [GC 5.361: [DefNew: 959K->63K(960K), 0.0055409 secs] 436457K->436284K(524224K), 0.0056059 secs] [Times: user=0.02 sys=0.00, real=0.01 secs] 
5.368: [GC 5.368: [DefNew: 959K->64K(960K), 0.0049707 secs] 437182K->436987K(524224K), 0.0050347 secs] [Times: user=0.00 sys=0.00, real=0.01 secs] 
5.375: [GC 5.375: [DefNew: 960K->64K(960K), 0.0055501 secs] 437885K->437721K(524224K), 0.0056126 secs] [Times: user=0.00 sys=0.02, real=0.01 secs] 
5.382: [GC 5.383: [DefNew: 960K->64K(960K), 0.0055895 secs] 438618K->438431K(524224K), 0.0056574 secs] [Times: user=0.00 sys=0.00, real=0.01 secs] 
5.390: [GC 5.390: [DefNew: 960K->63K(960K), 0.0060837 secs] 439329K->439149K(524224K), 0.0061410 secs] [Times: user=0.02 sys=0.00, real=0.01 secs] 
5.399: [GC 5.399: [DefNew: 959K->63K(960K), 0.0055674 secs] 440045K->439878K(524224K), 0.0056295 secs] [Times: user=0.00 sys=0.00, real=0.00 secs] 
5.406: [GC 5.406: [DefNew: 959K->63K(960K), 0.0054635 secs] 440775K->440569K(524224K), 0.0055313 secs] [Times: user=0.00 sys=0.02, real=0.00 secs] 
5.414: [GC 5.414: [DefNew: 959K->64K(960K), 0.0056420 secs] 441467K->441283K(524224K), 0.0056992 secs] [Times: user=0.00 sys=0.00, real=0.01 secs] 
5.421: [GC 5.421: [DefNew: 960K->64K(960K), 0.0063084 secs] 442181K->441982K(524224K), 0.0063787 secs] [Times: user=0.02 sys=0.00, real=0.01 secs] 
5.430: [GC 5.430: [DefNew: 960K->63K(960K), 0.0056429 secs] 442878K->442761K(524224K), 0.0057175 secs] [Times: user=0.00 sys=0.00, real=0.01 secs] 
5.437: [GC 5.437: [DefNew: 959K->63K(960K), 0.0059557 secs] 443658K->443486K(524224K), 0.0060159 secs] [Times: user=0.01 sys=0.00, real=0.01 secs] 
5.446: [GC 5.446: [DefNew: 959K->64K(960K), 0.0054461 secs] 444383K->444249K(524224K), 0.0055063 secs] [Times: user=0.00 sys=0.00, real=0.00 secs] 
5.538: [GC 5.538: [DefNew: 960K->64K(960K), 0.0374122 secs] 453337K->453127K(524224K), 0.0374820 secs] [Times: user=0.03 sys=0.00, real=0.04 secs] 
5.577: [GC 5.577: [DefNew: 960K->64K(960K), 0.0050766 secs] 454024K->453755K(524224K), 0.0051430 secs] [Times: user=0.00 sys=0.00, real=0.00 secs] 
5.584: [GC 5.584: [DefNew: 960K->64K(960K), 0.0054384 secs] 454652K->454395K(524224K), 0.0055058 secs] [Times: user=0.00 sys=0.00, real=0.00 secs] 
5.591: [GC 5.591: [DefNew: 960K->64K(960K), 0.0053807 secs] 455293K->455066K(524224K), 0.0054553 secs] [Times: user=0.00 sys=0.00, real=0.00 secs] 
5.599: [GC 5.599: [DefNew: 960K->63K(960K), 0.0055332 secs] 455962K->455733K(524224K), 0.0056049 secs] [Times: user=0.00 sys=0.00, real=0.01 secs] 
5.606: [GC 5.606: [DefNew: 959K->63K(960K), 0.0050746 secs] 456630K->456359K(524224K), 0.0051348 secs] [Times: user=0.00 sys=0.00, real=0.00 secs] 
5.613: [GC 5.613: [DefNew: 959K->64K(960K), 0.0051358 secs] 457255K->457014K(524224K), 0.0051998 secs] [Times: user=0.02 sys=0.00, real=0.00 secs] 
5.619: [GC 5.619: [DefNew: 960K->64K(960K), 0.0051079 secs] 457911K->457646K(524224K), 0.0051714 secs] [Times: user=0.00 sys=0.00, real=0.01 secs] 
5.626: [GC 5.626: [DefNew: 960K->64K(960K), 0.0053489 secs] 458542K->458298K(524224K), 0.0054168 secs] [Times: user=0.02 sys=0.00, real=0.00 secs] 
5.633: [GC 5.633: [DefNew: 960K->63K(960K), 0.0048393 secs] 459196K->458913K(524224K), 0.0048956 secs] [Times: user=0.00 sys=0.00, real=0.00 secs] 
5.639: [GC 5.639: [DefNew: 959K->64K(960K), 0.0051945 secs] 459810K->459542K(524224K), 0.0052614 secs] [Times: user=0.00 sys=0.00, real=0.00 secs] 
5.646: [GC 5.646: [DefNew: 960K->64K(960K), 0.0053037 secs] 460440K->460237K(524224K), 0.0053648 secs] [Times: user=0.00 sys=0.00, real=0.00 secs] 
5.653: [GC 5.653: [DefNew: 960K->63K(960K), 0.0049476 secs] 461133K->460866K(524224K), 0.0050034 secs] [Times: user=0.00 sys=0.00, real=0.00 secs] 
5.660: [GC 5.660: [DefNew: 959K->64K(960K), 0.0050761 secs] 461763K->461522K(524224K), 0.0051334 secs] [Times: user=0.01 sys=0.00, real=0.00 secs] 
5.666: [GC 5.666: [DefNew: 960K->64K(960K), 0.0054230 secs] 462419K->462214K(524224K), 0.0054817 secs] [Times: user=0.00 sys=0.00, real=0.00 secs] 
5.674: [GC 5.674: [DefNew: 960K->63K(960K), 0.0058523 secs] 463110K->462922K(524224K), 0.0059191 secs] [Times: user=0.02 sys=0.00, real=0.01 secs] 
5.682: [GC 5.682: [DefNew: 959K->63K(960K), 0.0052801 secs] 463818K->463571K(524224K), 0.0053494 secs] [Times: user=0.00 sys=0.00, real=0.00 secs] 
5.688: [GC 5.688: [DefNew: 959K->63K(960K), 0.0061583 secs] 464467K->464181K(524224K), 0.0062478 secs] [Times: user=0.01 sys=0.00, real=0.01 secs] 
5.696: [GC 5.696: [DefNew: 959K->63K(960K), 0.0052435 secs] 465080K->464879K(524224K), 0.0053095 secs] [Times: user=0.00 sys=0.00, real=0.00 secs] 
5.702: [GC 5.702: [DefNew: 959K->63K(960K), 0.0054750 secs] 465775K->465515K(524224K), 0.0055462 secs] [Times: user=0.02 sys=0.00, real=0.00 secs] 
5.710: [GC 5.710: [DefNew: 959K->64K(960K), 0.0053037 secs] 466411K->466168K(524224K), 0.0053730 secs] [Times: user=0.00 sys=0.00, real=0.01 secs] 
5.717: [GC 5.717: [DefNew: 960K->64K(960K), 0.0051348 secs] 467065K->466795K(524224K), 0.0051969 secs] [Times: user=0.00 sys=0.00, real=0.01 secs] 
5.724: [GC 5.724: [DefNew: 960K->64K(960K), 0.0053229 secs] 467691K->467466K(524224K), 0.0053937 secs] [Times: user=0.00 sys=0.00, real=0.01 secs] 
5.732: [GC 5.732: [DefNew: 960K->64K(960K), 0.0057815 secs] 468364K->468151K(524224K), 0.0058590 secs] [Times: user=0.00 sys=0.00, real=0.01 secs] 
5.739: [GC 5.739: [DefNew: 960K->64K(960K), 0.0064518 secs] 469047K->468774K(524224K), 0.0065269 secs] [Times: user=0.00 sys=0.00, real=0.01 secs] 
5.748: [GC 5.748: [DefNew: 960K->63K(960K), 0.0051362 secs] 469671K->469476K(524224K), 0.0051969 secs] [Times: user=0.00 sys=0.00, real=0.00 secs] 
5.754: [GC 5.754: [DefNew: 959K->63K(960K), 0.0054240 secs] 470372K->470138K(524224K), 0.0055058 secs] [Times: user=0.00 sys=0.00, real=0.00 secs] 
5.762: [GC 5.762: [DefNew: 959K->63K(960K), 0.0055438 secs] 471035K->470882K(524224K), 0.0056165 secs] [Times: user=0.00 sys=0.00, real=0.00 secs] 
5.769: [GC 5.769: [DefNew: 959K->63K(960K), 0.0057560 secs] 471778K->471512K(524224K), 0.0058224 secs] [Times: user=0.02 sys=0.00, real=0.01 secs] 
5.777: [GC 5.777: [DefNew: 959K->64K(960K), 0.0051290 secs] 472408K->472172K(524224K), 0.0051844 secs] [Times: user=0.00 sys=0.00, real=0.01 secs] 
5.784: [GC 5.784: [DefNew: 960K->64K(960K), 0.0052984 secs] 473068K->472815K(524224K), 0.0053581 secs] [Times: user=0.02 sys=0.00, real=0.00 secs] 
5.790: [GC 5.790: [DefNew: 960K->64K(960K), 0.0049755 secs] 473711K->473443K(524224K), 0.0050299 secs] [Times: user=0.00 sys=0.00, real=0.01 secs] 
5.797: [GC 5.797: [DefNew: 960K->63K(960K), 0.0056564 secs] 474340K->474114K(524224K), 0.0057146 secs] [Times: user=0.02 sys=0.00, real=0.00 secs] 
5.804: [GC 5.804: [DefNew: 959K->64K(960K), 0.0052782 secs] 475011K->474757K(524224K), 0.0053345 secs] [Times: user=0.00 sys=0.00, real=0.00 secs] 
5.811: [GC 5.811: [DefNew: 960K->63K(960K), 0.0057406 secs] 475654K->475529K(524224K), 0.0058109 secs] [Times: user=0.02 sys=0.00, real=0.01 secs] 
5.818: [GC 5.818: [DefNew: 959K->63K(960K), 0.0059360 secs] 476426K->476185K(524224K), 0.0060038 secs] [Times: user=0.00 sys=0.00, real=0.01 secs] 
5.826: [GC 5.826: [DefNew: 959K->64K(960K), 0.0050410 secs] 477081K->476826K(524224K), 0.0050944 secs] [Times: user=0.00 sys=0.00, real=0.01 secs] 
5.832: [GC 5.832: [DefNew: 960K->63K(960K), 0.0053513 secs] 477723K->477471K(524224K), 0.0054081 secs] [Times: user=0.00 sys=0.00, real=0.01 secs] 
5.839: [GC 5.839: [DefNew: 959K->64K(960K), 0.0052917 secs] 478367K->478105K(524224K), 0.0053513 secs] [Times: user=0.00 sys=0.00, real=0.01 secs] 
5.846: [GC 5.846: [DefNew: 960K->64K(960K), 0.0055222 secs] 479003K->478878K(524224K), 0.0055905 secs] [Times: user=0.02 sys=0.00, real=0.01 secs] 
5.853: [GC 5.853: [DefNew: 960K->64K(960K), 0.0056545 secs] 479774K->479528K(524224K), 0.0057170 secs] [Times: user=0.00 sys=0.00, real=0.01 secs] 
5.861: [GC 5.861: [DefNew: 960K->64K(960K), 0.0053475 secs] 480425K->480193K(524224K), 0.0054067 secs] [Times: user=0.02 sys=0.00, real=0.01 secs] 
5.867: [GC 5.867: [DefNew: 960K->64K(960K), 0.0056627 secs] 481090K->480811K(524224K), 0.0057228 secs] [Times: user=0.00 sys=0.00, real=0.01 secs] 
5.875: [GC 5.875: [DefNew: 960K->64K(960K), 0.0052859 secs] 481708K->481466K(524224K), 0.0053528 secs] [Times: user=0.01 sys=0.00, real=0.01 secs] 
5.881: [GC 5.881: [DefNew: 960K->63K(960K), 0.0054139 secs] 482362K->482127K(524224K), 0.0054740 secs] [Times: user=0.00 sys=0.00, real=0.01 secs] 
5.889: [GC 5.889: [DefNew: 959K->63K(960K), 0.0056237 secs] 483023K->482783K(524224K), 0.0056896 secs] [Times: user=0.00 sys=0.00, real=0.00 secs] 
5.898: [GC 5.898: [DefNew: 959K->64K(960K), 0.0055761 secs] 483679K->483459K(524224K), 0.0056338 secs] [Times: user=0.00 sys=0.00, real=0.01 secs] 
5.905: [GC 5.905: [DefNew: 960K->63K(960K), 0.0055356 secs] 484355K->484117K(524224K), 0.0056059 secs] [Times: user=0.00 sys=0.02, real=0.01 secs] 
5.913: [GC 5.913: [DefNew: 959K->64K(960K), 0.0052638 secs] 485014K->484770K(524224K), 0.0053321 secs] [Times: user=0.00 sys=0.00, real=0.00 secs] 
5.919: [GC 5.919: [DefNew: 960K->63K(960K), 0.0052166 secs] 485667K->485376K(524224K), 0.0052787 secs] [Times: user=0.00 sys=0.00, real=0.00 secs] 
5.927: [GC 5.927: [DefNew: 959K->64K(960K), 0.0061054 secs] 486274K->486047K(524224K), 0.0061665 secs] [Times: user=0.00 sys=0.00, real=0.01 secs] 
5.934: [GC 5.934: [DefNew: 960K->64K(960K), 0.0053966 secs] 486944K->486683K(524224K), 0.0054582 secs] [Times: user=0.00 sys=0.00, real=0.01 secs] 
5.943: [GC 5.943: [DefNew: 960K->64K(960K), 0.0052989 secs] 487579K->487355K(524224K), 0.0053691 secs] [Times: user=0.00 sys=0.00, real=0.00 secs] 
5.951: [GC 5.951: [DefNew: 960K->63K(960K), 0.0054957 secs] 488252K->487990K(524224K), 0.0055640 secs] [Times: user=0.00 sys=0.00, real=0.01 secs] 
5.958: [GC 5.958: [DefNew: 959K->64K(960K), 0.0052123 secs] 488887K->488658K(524224K), 0.0052806 secs] [Times: user=0.00 sys=0.00, real=0.00 secs] 
5.965: [GC 5.965: [DefNew: 960K->63K(960K), 0.0053740 secs] 489555K->489314K(524224K), 0.0054322 secs] [Times: user=0.00 sys=0.00, real=0.00 secs] 
5.972: [GC 5.972: [DefNew: 959K->64K(960K), 0.0057676 secs] 490211K->489969K(524224K), 0.0058282 secs] [Times: user=0.02 sys=0.00, real=0.01 secs] 
5.980: [GC 5.980: [DefNew: 960K->64K(960K), 0.0058816 secs] 490866K->490623K(524224K), 0.0542183 secs] [Times: user=0.00 sys=0.00, real=0.05 secs] 
6.035: [GC 6.035: [DefNew: 960K->64K(960K), 0.0058325 secs] 491521K->491315K(524224K), 0.0059201 secs] [Times: user=0.00 sys=0.00, real=0.01 secs] 
6.043: [GC 6.043: [DefNew: 960K->63K(960K), 0.0059884 secs] 492211K->491994K(524224K), 0.0060726 secs] [Times: user=0.00 sys=0.00, real=0.01 secs] 
6.051: [GC 6.051: [DefNew: 959K->63K(960K), 0.0059567 secs] 492892K->492682K(524224K), 0.0060293 secs] [Times: user=0.00 sys=0.00, real=0.01 secs] 
6.059: [GC 6.059: [DefNew: 959K->64K(960K), 0.0058330 secs] 493579K->493382K(524224K), 0.0059009 secs] [Times: user=0.00 sys=0.00, real=0.01 secs] 
6.067: [GC 6.067: [DefNew: 960K->63K(960K), 0.0063845 secs] 494279K->494089K(524224K), 0.0064619 secs] [Times: user=0.00 sys=0.00, real=0.01 secs] 
6.075: [GC 6.075: [DefNew: 959K->64K(960K), 0.0058191 secs] 494985K->494732K(524224K), 0.0058965 secs] [Times: user=0.00 sys=0.00, real=0.01 secs] 
6.083: [GC 6.083: [DefNew: 960K->64K(960K), 0.0059249 secs] 495628K->495410K(524224K), 0.0060067 secs] [Times: user=0.00 sys=0.00, real=0.01 secs] 
6.090: [GC 6.090: [DefNew: 960K->63K(960K), 0.0055943 secs] 496308K->496085K(524224K), 0.0056622 secs] [Times: user=0.00 sys=0.00, real=0.01 secs] 
6.098: [GC 6.098: [DefNew: 959K->64K(960K), 0.0057036 secs] 496981K->496763K(524224K), 0.0057709 secs] [Times: user=0.00 sys=0.00, real=0.01 secs] 
6.105: [GC 6.105: [DefNew: 960K->64K(960K), 0.0059519 secs] 497659K->497415K(524224K), 0.0060086 secs] [Times: user=0.00 sys=0.00, real=0.01 secs] 
6.113: [GC 6.113: [DefNew: 960K->64K(960K), 0.0055982 secs] 498312K->498108K(524224K), 0.0056641 secs] [Times: user=0.00 sys=0.00, real=0.01 secs] 
6.121: [GC 6.121: [DefNew: 960K->63K(960K), 0.0055530 secs] 499005K->498797K(524224K), 0.0056189 secs] [Times: user=0.00 sys=0.00, real=0.01 secs] 
6.128: [GC 6.128: [DefNew: 959K->63K(960K), 0.0058195 secs] 499693K->499474K(524224K), 0.0058917 secs] [Times: user=0.02 sys=0.00, real=0.01 secs] 
6.136: [GC 6.136: [DefNew: 959K->64K(960K), 0.0054644 secs] 500371K->500114K(524224K), 0.0055222 secs] [Times: user=0.00 sys=0.00, real=0.00 secs] 
6.143: [GC 6.143: [DefNew: 960K->64K(960K), 0.0057777 secs] 501012K->500776K(524224K), 0.0058460 secs] [Times: user=0.02 sys=0.00, real=0.01 secs] 
6.151: [GC 6.151: [DefNew: 960K->64K(960K), 0.0055578 secs] 501673K->501426K(524224K), 0.0056174 secs] [Times: user=0.00 sys=0.00, real=0.01 secs] 
6.158: [GC 6.158: [DefNew: 960K->64K(960K), 0.0053999 secs] 502322K->502066K(524224K), 0.0054692 secs] [Times: user=0.02 sys=0.00, real=0.01 secs] 
6.166: [GC 6.166: [DefNew: 960K->64K(960K), 0.0057416 secs] 502963K->502732K(524224K), 0.0058008 secs] [Times: user=0.00 sys=0.00, real=0.01 secs] 
6.174: [GC 6.174: [DefNew: 960K->63K(960K), 0.0057498 secs] 503629K->503386K(524224K), 0.0058200 secs] [Times: user=0.02 sys=0.00, real=0.01 secs] 
6.181: [GC 6.181: [DefNew: 959K->63K(960K), 0.0061400 secs] 504283K->504030K(524224K), 0.0061987 secs] [Times: user=0.00 sys=0.00, real=0.01 secs] 
6.189: [GC 6.189: [DefNew: 959K->64K(960K), 0.0057430 secs] 504927K->504705K(524224K), 0.0058089 secs] [Times: user=0.02 sys=0.00, real=0.01 secs] 
6.196: [GC 6.196: [DefNew: 960K->63K(960K), 0.0053850 secs] 505601K->505345K(524224K), 0.0054423 secs] [Times: user=0.00 sys=0.00, real=0.00 secs] 
6.204: [GC 6.204: [DefNew: 959K->63K(960K), 0.0060880 secs] 506242K->506002K(524224K), 0.0061477 secs] [Times: user=0.00 sys=0.01, real=0.01 secs] 
6.211: [GC 6.211: [DefNew: 959K->64K(960K), 0.0055688 secs] 506899K->506648K(524224K), 0.0056266 secs] [Times: user=0.00 sys=0.00, real=0.01 secs] 
6.219: [GC 6.219: [DefNew: 960K->63K(960K), 0.0058041 secs] 507545K->507341K(524224K), 0.0058677 secs] [Times: user=0.02 sys=0.00, real=0.01 secs] 
6.227: [GC 6.227: [DefNew: 959K->64K(960K), 0.0055539 secs] 508239K->508012K(524224K), 0.0056198 secs] [Times: user=0.00 sys=0.00, real=0.01 secs] 
6.234: [GC 6.234: [DefNew: 960K->64K(960K), 0.0054976 secs] 508909K->508658K(524224K), 0.0055684 secs] [Times: user=0.01 sys=0.00, real=0.01 secs] 
6.242: [GC 6.242: [DefNew: 960K->63K(960K), 0.0057450 secs] 509554K->509320K(524224K), 0.0058681 secs] [Times: user=0.00 sys=0.00, real=0.01 secs] 
6.249: [GC 6.249: [DefNew: 959K->64K(960K), 0.0057921 secs] 510216K->509969K(524224K), 0.0058628 secs] [Times: user=0.02 sys=0.00, real=0.01 secs] 
6.257: [GC 6.257: [DefNew: 960K->63K(960K), 0.0058268 secs] 510866K->510653K(524224K), 0.0059268 secs] [Times: user=0.00 sys=0.00, real=0.01 secs] 
6.264: [GC 6.264: [DefNew: 959K->64K(960K), 0.0057628 secs] 511549K->511324K(524224K), 0.0058229 secs] [Times: user=0.01 sys=0.00, real=0.01 secs] 
6.272: [GC 6.272: [DefNew: 960K->63K(960K), 0.0058720 secs] 512220K->512015K(524224K), 0.0059403 secs] [Times: user=0.00 sys=0.00, real=0.01 secs] 
6.279: [GC 6.279: [DefNew: 959K->64K(960K), 0.0055924 secs] 512912K->512660K(524224K), 0.0056559 secs] [Times: user=0.02 sys=0.00, real=0.01 secs] 
6.287: [GC 6.287: [DefNew: 960K->64K(960K), 0.0055327 secs] 513556K->513298K(524224K), 0.0055958 secs] [Times: user=0.00 sys=0.00, real=0.01 secs] 
6.295: [GC 6.295: [DefNew: 960K->64K(960K), 0.0052796 secs] 514194K->513944K(524224K), 0.0053412 secs] [Times: user=0.00 sys=0.02, real=0.00 secs] 
6.301: [GC 6.301: [DefNew: 960K->64K(960K), 0.0055866 secs] 514840K->514586K(524224K), 0.0056487 secs] [Times: user=0.00 sys=0.00, real=0.01 secs] 
6.309: [GC 6.309: [DefNew: 960K->64K(960K), 0.0058917 secs] 515483K->515218K(524224K), 0.0059576 secs] [Times: user=0.00 sys=0.00, real=0.01 secs] 
6.317: [GC 6.317: [DefNew: 960K->64K(960K), 0.0056429 secs] 516116K->515891K(524224K), 0.0057074 secs] [Times: user=0.00 sys=0.00, real=0.00 secs] 
6.325: [GC 6.325: [DefNew: 960K->63K(960K), 0.0057045 secs] 516787K->516560K(524224K), 0.0057642 secs] [Times: user=0.02 sys=0.00, real=0.01 secs] 
6.332: [GC 6.332: [DefNew: 959K->63K(960K), 0.0055991 secs] 517456K->517194K(524224K), 0.0056752 secs] [Times: user=0.00 sys=0.00, real=0.01 secs] 
6.340: [GC 6.340: [DefNew: 959K->63K(960K), 0.0059509 secs] 518092K->517880K(524224K), 0.0060110 secs] [Times: user=0.00 sys=0.00, real=0.01 secs] 
6.348: [GC 6.348: [DefNew: 959K->64K(960K), 0.0057454 secs] 518777K->518580K(524224K), 0.0058171 secs] [Times: user=0.00 sys=0.00, real=0.01 secs] 
6.355: [GC 6.355: [DefNew: 960K->64K(960K), 0.0056410 secs] 519477K->519218K(524224K), 0.0056978 secs] [Times: user=0.00 sys=0.00, real=0.01 secs] 
6.363: [GC 6.363: [DefNew: 960K->64K(960K), 0.0055939 secs] 520115K->519864K(524224K), 0.0056574 secs] [Times: user=0.00 sys=0.00, real=0.00 secs] 
6.370: [GC 6.370: [DefNew: 960K->64K(960K), 0.0056482 secs] 520761K->520512K(524224K), 0.0057060 secs] [Times: user=0.00 sys=0.00, real=0.01 secs] 
6.378: [GC 6.378: [DefNew: 960K->63K(960K), 0.0053638 secs] 521408K->521171K(524224K), 0.0054683 secs] [Times: user=0.00 sys=0.00, real=0.01 secs] 
6.385: [GC 6.385: [DefNew: 959K->63K(960K), 0.0058340 secs] 522068K->521808K(524224K), 0.0058912 secs] [Times: user=0.00 sys=0.00, real=0.01 secs] 
6.393: [GC 6.393: [DefNew: 959K->64K(960K), 0.0058142 secs] 522704K->522473K(524224K), 0.0058739 secs] [Times: user=0.02 sys=0.00, real=0.01 secs] 
6.401: [GC 6.401: [DefNew: 960K->64K(960K), 0.0060803 secs] 523371K->523164K(524224K), 0.0061434 secs] [Times: user=0.00 sys=0.00, real=0.01 secs] 
6.408: [GC 6.408: [DefNew: 960K->960K(960K), 0.0000072 secs]6.408: [Tenured: 523102K->523263K(523264K), 1.7010297 secs] 524062K->523830K(524224K), [Perm : 379K->379K(12288K)], 1.7012126 secs] [Times: user=0.83 sys=0.03, real=1.70 secs] 
8.111: [Full GC 8.111: [Tenured: 523263K->523263K(523264K), 0.9106677 secs] 524159K->524130K(524224K), [Perm : 379K->379K(12288K)], 0.9107485 secs] [Times: user=0.83 sys=0.03, real=0.91 secs] 
9.022: [Full GC 9.022: [Tenured: 523263K->515908K(523264K), 1.0761727 secs] 524130K->515908K(524224K), [Perm : 379K->373K(12288K)], 1.0762901 secs] [Times: user=1.06 sys=0.00, real=1.08 secs] 
10.099: [GC 10.099: [DefNew: 896K->63K(960K), 0.0042595 secs] 516805K->516674K(524224K), 0.0043312 secs] [Times: user=0.00 sys=0.00, real=0.00 secs] 
10.106: [GC 10.106: [DefNew: 959K->64K(960K), 0.0058855 secs] 517571K->517352K(524224K), 0.0059624 secs] [Times: user=0.00 sys=0.00, real=0.01 secs] 
10.113: [GC 10.113: [DefNew: 960K->63K(960K), 0.0054442 secs] 518248K->518005K(524224K), 0.0055294 secs] [Times: user=0.00 sys=0.00, real=0.01 secs] 
10.121: [GC 10.121: [DefNew: 959K->64K(960K), 0.0057748 secs] 518902K->518668K(524224K), 0.0058474 secs] [Times: user=0.00 sys=0.00, real=0.01 secs] 
10.129: [GC 10.129: [DefNew: 960K->63K(960K), 0.0053023 secs] 519565K->519339K(524224K), 0.0053715 secs] [Times: user=0.00 sys=0.00, real=0.00 secs] 
10.142: [GC 10.142: [DefNew: 959K->64K(960K), 0.0056218 secs] 520235K->519508K(524224K), 0.0056915 secs] [Times: user=0.00 sys=0.00, real=0.00 secs] 
10.150: [GC 10.150: [DefNew: 960K->63K(960K), 0.0033780 secs] 520404K->520061K(524224K), 0.0034463 secs] [Times: user=0.02 sys=0.00, real=0.00 secs] 
10.155: [GC 10.155: [DefNew: 959K->63K(960K), 0.0043798 secs] 520958K->520700K(524224K), 0.0045011 secs] [Times: user=0.00 sys=0.00, real=0.00 secs] 
10.162: [GC 10.162: [DefNew: 959K->64K(960K), 0.0036542 secs] 521596K->521233K(524224K), 0.0037302 secs] [Times: user=0.00 sys=0.00, real=0.00 secs] 
10.167: [GC 10.167: [DefNew: 960K->63K(960K), 0.0040324 secs] 522130K->521739K(524224K), 0.0041200 secs] [Times: user=0.02 sys=0.00, real=0.00 secs] 
10.173: [GC 10.173: [DefNew: 959K->63K(960K), 0.0047441 secs] 522636K->522422K(524224K), 0.0048389 secs] [Times: user=0.00 sys=0.00, real=0.01 secs] 
10.180: [GC 10.180: [DefNew: 959K->64K(960K), 0.0046483 secs] 523318K->523179K(524224K), 0.0047402 secs] [Times: user=0.02 sys=0.00, real=0.01 secs] 
10.186: [GC 10.186: [DefNew: 960K->960K(960K), 0.0000106 secs]10.186: [Tenured: 523116K->12939K(523264K), 0.1783932 secs] 524076K->12939K(524224K), [Perm : 373K->373K(12288K)], 0.1785111 secs] [Times: user=0.17 sys=0.00, real=0.18 secs] 
10.367: [GC 10.367: [DefNew: 896K->64K(960K), 0.0014330 secs] 13836K->13523K(524224K), 0.0014898 secs] [Times: user=0.00 sys=0.00, real=0.00 secs] 
10.369: [GC 10.369: [DefNew: 960K->64K(960K), 0.0020099 secs] 14420K->14015K(524224K), 0.0020701 secs] [Times: user=0.00 sys=0.00, real=0.00 secs] 
10.373: [GC 10.373: [DefNew: 960K->64K(960K), 0.0020792 secs] 14913K->14574K(524224K), 0.0021476 secs] [Times: user=0.00 sys=0.00, real=0.00 secs] 
10.377: [GC 10.377: [DefNew: 960K->64K(960K), 0.0021264 secs] 15470K->15099K(524224K), 0.0021918 secs] [Times: user=0.00 sys=0.00, real=0.00 secs] 
10.380: [GC 10.380: [DefNew: 960K->64K(960K), 0.0017419 secs] 15996K->15573K(524224K), 0.0018050 secs] [Times: user=0.00 sys=0.00, real=0.00 secs] 
10.384: [GC 10.384: [DefNew: 960K->64K(960K), 0.0019758 secs] 16470K->16086K(524224K), 0.0020393 secs] [Times: user=0.00 sys=0.00, real=0.00 secs] 
10.387: [GC 10.387: [DefNew: 960K->64K(960K), 0.0019440 secs] 16983K->16578K(524224K), 0.0020061 secs] [Times: user=0.00 sys=0.00, real=0.00 secs] 
10.391: [GC 10.391: [DefNew: 960K->63K(960K), 0.0029459 secs] 17475K->17130K(524224K), 0.0030301 secs] [Times: user=0.00 sys=0.00, real=0.00 secs] 
10.395: [GC 10.395: [DefNew: 959K->63K(960K), 0.0023473 secs] 18027K->17731K(524224K), 0.0024247 secs] [Times: user=0.00 sys=0.00, real=0.00 secs] 
10.400: [GC 10.400: [DefNew: 959K->63K(960K), 0.0022284 secs] 18627K->18298K(524224K), 0.0022905 secs] [Times: user=0.00 sys=0.00, real=0.00 secs] 
10.404: [GC 10.404: [DefNew: 959K->64K(960K), 0.0021302 secs] 19194K->18817K(524224K), 0.0021995 secs] [Times: user=0.00 sys=0.00, real=0.00 secs] 
10.407: [GC 10.407: [DefNew: 960K->64K(960K), 0.0028660 secs] 19715K->19408K(524224K), 0.0029391 secs] [Times: user=0.00 sys=0.00, real=0.00 secs] 
10.412: [GC 10.412: [DefNew: 960K->64K(960K), 0.0020667 secs] 20305K->19944K(524224K), 0.0021307 secs] [Times: user=0.00 sys=0.00, real=0.00 secs] 
10.415: [GC 10.415: [DefNew: 960K->63K(960K), 0.0020152 secs] 20841K->20446K(524224K), 0.0020759 secs] [Times: user=0.00 sys=0.00, real=0.00 secs] 
10.419: [GC 10.419: [DefNew: 959K->64K(960K), 0.0020908 secs] 21342K->20964K(524224K), 0.0021562 secs] [Times: user=0.00 sys=0.00, real=0.00 secs] 
10.423: [GC 10.423: [DefNew: 960K->64K(960K), 0.0022717 secs] 21861K->21476K(524224K), 0.0023424 secs] [Times: user=0.00 sys=0.00, real=0.00 secs] 
10.426: [GC 10.426: [DefNew: 960K->64K(960K), 0.0031244 secs] 22373K->22052K(524224K), 0.0032086 secs] [Times: user=0.00 sys=0.00, real=0.00 secs] 
10.431: [GC 10.431: [DefNew: 960K->63K(960K), 0.0022226 secs] 22949K->22643K(524224K), 0.0022861 secs] [Times: user=0.00 sys=0.00, real=0.00 secs] 
10.434: [GC 10.434: [DefNew: 959K->64K(960K), 0.0024084 secs] 23540K->23180K(524224K), 0.0024767 secs] [Times: user=0.00 sys=0.00, real=0.00 secs] 
10.439: [GC 10.439: [DefNew: 960K->63K(960K), 0.0020465 secs] 24077K->23713K(524224K), 0.0021129 secs] [Times: user=0.00 sys=0.00, real=0.00 secs] 
10.443: [GC 10.443: [DefNew: 959K->64K(960K), 0.0027091 secs] 24610K->24225K(524224K), 0.0027784 secs] [Times: user=0.00 sys=0.00, real=0.00 secs] 
10.447: [GC 10.447: [DefNew: 960K->63K(960K), 0.0020484 secs] 25122K->24753K(524224K), 0.0021115 secs] [Times: user=0.00 sys=0.00, real=0.00 secs] 
10.451: [GC 10.451: [DefNew: 959K->64K(960K), 0.0021360 secs] 25650K->25290K(524224K), 0.0021952 secs] [Times: user=0.00 sys=0.00, real=0.00 secs] 
10.454: [GC 10.454: [DefNew: 960K->63K(960K), 0.0018791 secs] 26186K->25780K(524224K), 0.0019382 secs] [Times: user=0.00 sys=0.00, real=0.00 secs] 
10.458: [GC 10.458: [DefNew: 959K->64K(960K), 0.0021259 secs] 26677K->26340K(524224K), 0.0021885 secs] [Times: user=0.00 sys=0.00, real=0.00 secs] 
10.462: [GC 10.462: [DefNew: 960K->63K(960K), 0.0022977 secs] 27236K->26876K(524224K), 0.0023583 secs] [Times: user=0.00 sys=0.00, real=0.00 secs] 
10.465: [GC 10.465: [DefNew: 959K->63K(960K), 0.0019185 secs] 27772K->27403K(524224K), 0.0019772 secs] [Times: user=0.00 sys=0.00, real=0.00 secs] 
10.469: [GC 10.469: [DefNew: 959K->64K(960K), 0.0020946 secs] 28300K->27935K(524224K), 0.0021548 secs] [Times: user=0.00 sys=0.00, real=0.00 secs] 
10.472: [GC 10.472: [DefNew: 960K->63K(960K), 0.0020210 secs] 28832K->28463K(524224K), 0.0020821 secs] [Times: user=0.00 sys=0.00, real=0.00 secs] 
10.476: [GC 10.476: [DefNew: 959K->63K(960K), 0.0024084 secs] 29360K->29013K(524224K), 0.0024786 secs] [Times: user=0.00 sys=0.00, real=0.00 secs] 
10.480: [GC 10.480: [DefNew: 959K->64K(960K), 0.0020792 secs] 29909K->29528K(524224K), 0.0021418 secs] [Times: user=0.01 sys=0.00, real=0.00 secs] 
10.483: [GC 10.483: [DefNew: 960K->64K(960K), 0.0021153 secs] 30424K->30057K(524224K), 0.0021836 secs] [Times: user=0.00 sys=0.00, real=0.00 secs] 
10.487: [GC 10.487: [DefNew: 960K->63K(960K), 0.0026254 secs] 30953K->30611K(524224K), 0.0027057 secs] [Times: user=0.00 sys=0.00, real=0.00 secs] 
10.491: [GC 10.491: [DefNew: 959K->64K(960K), 0.0030103 secs] 31508K->31126K(524224K), 0.0030897 secs] [Times: user=0.00 sys=0.00, real=0.00 secs] 
10.496: [GC 10.496: [DefNew: 960K->63K(960K), 0.0022808 secs] 32024K->31700K(524224K), 0.0023477 secs] [Times: user=0.00 sys=0.00, real=0.00 secs] 
10.500: [GC 10.500: [DefNew: 959K->64K(960K), 0.0022120 secs] 32596K->32247K(524224K), 0.0022780 secs] [Times: user=0.00 sys=0.00, real=0.00 secs] 
10.504: [GC 10.504: [DefNew: 960K->63K(960K), 0.0022221 secs] 33145K->32795K(524224K), 0.0023035 secs] [Times: user=0.00 sys=0.00, real=0.00 secs] 
10.508: [GC 10.508: [DefNew: 959K->64K(960K), 0.0024974 secs] 33692K->33333K(524224K), 0.0025874 secs] [Times: user=0.00 sys=0.00, real=0.00 secs] 
10.512: [GC 10.512: [DefNew: 960K->63K(960K), 0.0022515 secs] 34229K->33862K(524224K), 0.0023189 secs] [Times: user=0.00 sys=0.00, real=0.00 secs] 
10.516: [GC 10.516: [DefNew: 959K->64K(960K), 0.0021606 secs] 34758K->34402K(524224K), 0.0022241 secs] [Times: user=0.00 sys=0.00, real=0.00 secs] 
10.519: [GC 10.519: [DefNew: 960K->63K(960K), 0.0022116 secs] 35298K->34923K(524224K), 0.0022732 secs] [Times: user=0.00 sys=0.00, real=0.00 secs] 
10.523: [GC 10.523: [DefNew: 959K->64K(960K), 0.0020913 secs] 35821K->35476K(524224K), 0.0021529 secs] [Times: user=0.00 sys=0.00, real=0.00 secs] 
10.527: [GC 10.527: [DefNew: 960K->63K(960K), 0.0025445 secs] 36373K->36107K(524224K), 0.0026100 secs] [Times: user=0.02 sys=0.00, real=0.00 secs] 
10.531: [GC 10.531: [DefNew: 959K->64K(960K), 0.0022539 secs] 37004K->36646K(524224K), 0.0023198 secs] [Times: user=0.00 sys=0.00, real=0.00 secs] 
10.535: [GC 10.535: [DefNew: 960K->63K(960K), 0.0021755 secs] 37542K->37196K(524224K), 0.0022366 secs] [Times: user=0.00 sys=0.00, real=0.00 secs] 
10.538: [GC 10.538: [DefNew: 959K->63K(960K), 0.0023155 secs] 38092K->37715K(524224K), 0.0023819 secs] [Times: user=0.00 sys=0.00, real=0.00 secs] 
10.542: [GC 10.542: [DefNew: 959K->64K(960K), 0.0027875 secs] 38612K->38276K(524224K), 0.0028737 secs] [Times: user=0.01 sys=0.00, real=0.00 secs] 
10.546: [GC 10.546: [DefNew: 960K->63K(960K), 0.0027774 secs] 39174K->38879K(524224K), 0.0028539 secs] [Times: user=0.00 sys=0.00, real=0.00 secs] 
10.551: [GC 10.551: [DefNew: 959K->63K(960K), 0.0023530 secs] 39776K->39438K(524224K), 0.0025691 secs] [Times: user=0.00 sys=0.00, real=0.00 secs] 
10.556: [GC 10.556: [DefNew: 959K->64K(960K), 0.0033813 secs] 40334K->39971K(524224K), 0.0034646 secs] [Times: user=0.02 sys=0.00, real=0.00 secs] 
10.561: [GC 10.561: [DefNew: 960K->63K(960K), 0.0027827 secs] 40868K->40595K(524224K), 0.0028636 secs] [Times: user=0.00 sys=0.00, real=0.00 secs] 
10.566: [GC 10.566: [DefNew: 959K->64K(960K), 0.0025826 secs] 41492K->41146K(524224K), 0.0026523 secs] [Times: user=0.00 sys=0.00, real=0.00 secs] 
10.570: [GC 10.570: [DefNew: 960K->63K(960K), 0.0021639 secs] 42042K->41672K(524224K), 0.0022265 secs] [Times: user=0.00 sys=0.00, real=0.00 secs] 
10.574: [GC 10.574: [DefNew: 959K->64K(960K), 0.0023338 secs] 42568K->42203K(524224K), 0.0024026 secs] [Times: user=0.00 sys=0.00, real=0.00 secs] 
10.579: [GC 10.579: [DefNew: 960K->63K(960K), 0.0022140 secs] 43100K->42762K(524224K), 0.0022741 secs] [Times: user=0.00 sys=0.00, real=0.00 secs] 
10.582: [GC 10.582: [DefNew: 959K->63K(960K), 0.0021326 secs] 43658K->43279K(524224K), 0.0021957 secs] [Times: user=0.00 sys=0.00, real=0.00 secs] 
10.586: [GC 10.586: [DefNew: 959K->63K(960K), 0.0021341 secs] 44175K->43830K(524224K), 0.0021933 secs] [Times: user=0.00 sys=0.00, real=0.00 secs] 
10.589: [GC 10.589: [DefNew: 959K->63K(960K), 0.0022250 secs] 44726K->44327K(524224K), 0.0022919 secs] [Times: user=0.02 sys=0.00, real=0.00 secs] 
10.593: [GC 10.593: [DefNew: 959K->63K(960K), 0.0033707 secs] 45224K->45016K(524224K), 0.0034405 secs] [Times: user=0.00 sys=0.00, real=0.00 secs] 
10.598: [GC 10.598: [DefNew: 959K->64K(960K), 0.0026201 secs] 45913K->45645K(524224K), 0.0026918 secs] [Times: user=0.00 sys=0.00, real=0.00 secs] 
10.603: [GC 10.603: [DefNew: 960K->63K(960K), 0.0024555 secs] 46541K->46189K(524224K), 0.0025229 secs] [Times: user=0.00 sys=0.00, real=0.00 secs] 
10.608: [GC 10.608: [DefNew: 959K->63K(960K), 0.0023627 secs] 47085K->46729K(524224K), 0.0024291 secs] [Times: user=0.00 sys=0.00, real=0.00 secs] 
10.611: [GC 10.611: [DefNew: 959K->63K(960K), 0.0020725 secs] 47626K->47204K(524224K), 0.0021379 secs] [Times: user=0.00 sys=0.00, real=0.00 secs] 
10.615: [GC 10.615: [DefNew: 959K->63K(960K), 0.0020860 secs] 48101K->47728K(524224K), 0.0021413 secs] [Times: user=0.00 sys=0.00, real=0.00 secs] 
10.618: [GC 10.618: [DefNew: 959K->64K(960K), 0.0021423 secs] 48625K->48233K(524224K), 0.0022034 secs] [Times: user=0.00 sys=0.00, real=0.00 secs] 
10.623: [GC 10.623: [DefNew: 960K->63K(960K), 0.0023805 secs] 49129K->48774K(524224K), 0.0024541 secs] [Times: user=0.00 sys=0.00, real=0.00 secs] 
10.628: [GC 10.628: [DefNew: 959K->63K(960K), 0.0022664 secs] 49671K->49312K(524224K), 0.0023304 secs] [Times: user=0.00 sys=0.00, real=0.00 secs] 
10.631: [GC 10.631: [DefNew: 959K->64K(960K), 0.0021312 secs] 50208K->49803K(524224K), 0.0021894 secs] [Times: user=0.00 sys=0.00, real=0.00 secs] 
10.635: [GC 10.635: [DefNew: 960K->63K(960K), 0.0021933 secs] 50699K->50324K(524224K), 0.0022520 secs] [Times: user=0.02 sys=0.00, real=0.00 secs] 
10.639: [GC 10.639: [DefNew: 959K->64K(960K), 0.0023525 secs] 51220K->50831K(524224K), 0.0024156 secs] [Times: user=0.00 sys=0.00, real=0.00 secs] 
10.643: [GC 10.643: [DefNew: 960K->63K(960K), 0.0025335 secs] 51727K->51363K(524224K), 0.0026066 secs] [Times: user=0.00 sys=0.00, real=0.00 secs] 
10.648: [GC 10.648: [DefNew: 959K->63K(960K), 0.0022207 secs] 52260K->51889K(524224K), 0.0022775 secs] [Times: user=0.00 sys=0.00, real=0.00 secs] 
10.651: [GC 10.651: [DefNew: 959K->63K(960K), 0.0022308 secs] 52786K->52408K(524224K), 0.0022924 secs] [Times: user=0.02 sys=0.00, real=0.00 secs] 
10.655: [GC 10.655: [DefNew: 959K->63K(960K), 0.0023160 secs] 53304K->52943K(524224K), 0.0023838 secs] [Times: user=0.00 sys=0.00, real=0.00 secs] 
10.659: [GC 10.659: [DefNew: 959K->63K(960K), 0.0023761 secs] 53839K->53462K(524224K), 0.0024420 secs] [Times: user=0.00 sys=0.00, real=0.00 secs] 
10.663: [GC 10.663: [DefNew: 959K->64K(960K), 0.0022000 secs] 54359K->53967K(524224K), 0.0022568 secs] [Times: user=0.00 sys=0.00, real=0.00 secs] 
10.666: [GC 10.666: [DefNew: 960K->64K(960K), 0.0023843 secs] 54863K->54460K(524224K), 0.0024507 secs] [Times: user=0.02 sys=0.00, real=0.00 secs] 
10.671: [GC 10.671: [DefNew: 960K->63K(960K), 0.0023319 secs] 55356K->55027K(524224K), 0.0024011 secs] [Times: user=0.00 sys=0.00, real=0.00 secs] 
10.676: [GC 10.676: [DefNew: 959K->63K(960K), 0.0026980 secs] 55925K->55551K(524224K), 0.0027635 secs] [Times: user=0.00 sys=0.00, real=0.00 secs] 
10.680: [GC 10.680: [DefNew: 959K->64K(960K), 0.0022876 secs] 56447K->56059K(524224K), 0.0023429 secs] [Times: user=0.00 sys=0.00, real=0.00 secs] 
10.685: [GC 10.685: [DefNew: 960K->63K(960K), 0.0023453 secs] 56956K->56623K(524224K), 0.0024064 secs] [Times: user=0.00 sys=0.00, real=0.00 secs] 
10.689: [GC 10.689: [DefNew: 959K->64K(960K), 0.0022111 secs] 57519K->57095K(524224K), 0.0022683 secs] [Times: user=0.00 sys=0.00, real=0.00 secs] 
10.693: [GC 10.693: [DefNew: 960K->64K(960K), 0.0022202 secs] 57992K->57614K(524224K), 0.0022808 secs] [Times: user=0.00 sys=0.00, real=0.00 secs] 
10.697: [GC 10.697: [DefNew: 960K->64K(960K), 0.0022606 secs] 58512K->58153K(524224K), 0.0023203 secs] [Times: user=0.02 sys=0.00, real=0.00 secs] 
10.700: [GC 10.700: [DefNew: 960K->64K(960K), 0.0024194 secs] 59049K->58662K(524224K), 0.0024854 secs] [Times: user=0.00 sys=0.00, real=0.00 secs] 
10.705: [GC 10.705: [DefNew: 960K->63K(960K), 0.0022173 secs] 59559K->59198K(524224K), 0.0022823 secs] [Times: user=0.00 sys=0.00, real=0.00 secs] 
10.708: [GC 10.708: [DefNew: 959K->63K(960K), 0.0022934 secs] 60095K->59694K(524224K), 0.0023578 secs] [Times: user=0.00 sys=0.00, real=0.00 secs] 
10.712: [GC 10.712: [DefNew: 959K->64K(960K), 0.0024849 secs] 60591K->60249K(524224K), 0.0025503 secs] [Times: user=0.00 sys=0.00, real=0.00 secs] 
10.717: [GC 10.717: [DefNew: 960K->64K(960K), 0.0024002 secs] 61146K->60788K(524224K), 0.0024647 secs] [Times: user=0.00 sys=0.00, real=0.00 secs] 
10.721: [GC 10.721: [DefNew: 960K->63K(960K), 0.0025253 secs] 61684K->61317K(524224K), 0.0025931 secs] [Times: user=0.00 sys=0.00, real=0.00 secs] 
10.726: [GC 10.726: [DefNew: 959K->63K(960K), 0.0024608 secs] 62214K->61879K(524224K), 0.0025239 secs] [Times: user=0.00 sys=0.00, real=0.00 secs] 
10.730: [GC 10.730: [DefNew: 959K->64K(960K), 0.0024522 secs] 62776K->62380K(524224K), 0.0025253 secs] [Times: user=0.00 sys=0.00, real=0.00 secs] 
10.735: [GC 10.735: [DefNew: 960K->63K(960K), 0.0023136 secs] 63276K->62934K(524224K), 0.0023742 secs] [Times: user=0.00 sys=0.00, real=0.00 secs] 
10.738: [GC 10.738: [DefNew: 959K->63K(960K), 0.0027062 secs] 63830K->63435K(524224K), 0.0027794 secs] [Times: user=0.00 sys=0.00, real=0.00 secs] 
10.743: [GC 10.743: [DefNew: 959K->64K(960K), 0.0025147 secs] 64332K->63986K(524224K), 0.0025927 secs] [Times: user=0.01 sys=0.00, real=0.00 secs] 
10.748: [GC 10.748: [DefNew: 960K->63K(960K), 0.0026042 secs] 64882K->64529K(524224K), 0.0026672 secs] [Times: user=0.00 sys=0.00, real=0.00 secs] 
10.752: [GC 10.752: [DefNew: 959K->64K(960K), 0.0027077 secs] 65425K->65053K(524224K), 0.0027755 secs] [Times: user=0.00 sys=0.00, real=0.00 secs] 
10.757: [GC 10.757: [DefNew: 960K->63K(960K), 0.0025893 secs] 65950K->65594K(524224K), 0.0026562 secs] [Times: user=0.00 sys=0.00, real=0.00 secs] 
10.761: [GC 10.761: [DefNew: 959K->64K(960K), 0.0027255 secs] 66490K->66098K(524224K), 0.0028241 secs] [Times: user=0.02 sys=0.00, real=0.00 secs] 
10.766: [GC 10.766: [DefNew: 960K->64K(960K), 0.0023934 secs] 66995K->66653K(524224K), 0.0024579 secs] [Times: user=0.00 sys=0.00, real=0.00 secs] 
10.771: [GC 10.771: [DefNew: 960K->63K(960K), 0.0024627 secs] 67550K->67165K(524224K), 0.0025296 secs] [Times: user=0.00 sys=0.00, real=0.00 secs] 
10.774: [GC 10.774: [DefNew: 959K->64K(960K), 0.0025311 secs] 68061K->67667K(524224K), 0.0025955 secs] [Times: user=0.01 sys=0.00, real=0.00 secs] 
10.779: [GC 10.779: [DefNew: 960K->64K(960K), 0.0022765 secs] 68563K->68180K(524224K), 0.0023391 secs] [Times: user=0.00 sys=0.00, real=0.00 secs] 
10.782: [GC 10.782: [DefNew: 960K->64K(960K), 0.0024093 secs] 69076K->68709K(524224K), 0.0024685 secs] [Times: user=0.00 sys=0.00, real=0.00 secs] 
10.786: [GC 10.786: [DefNew: 960K->64K(960K), 0.0025494 secs] 69606K->69244K(524224K), 0.0026143 secs] [Times: user=0.00 sys=0.00, real=0.00 secs] 
10.790: [GC 10.790: [DefNew: 960K->64K(960K), 0.0024743 secs] 70141K->69786K(524224K), 0.0025368 secs] [Times: user=0.00 sys=0.00, real=0.00 secs] 
10.795: [GC 10.795: [DefNew: 960K->64K(960K), 0.0029815 secs] 70682K->70347K(524224K), 0.0030512 secs] [Times: user=0.00 sys=0.00, real=0.00 secs] 
10.800: [GC 10.800: [DefNew: 960K->63K(960K), 0.0026239 secs] 71244K->70858K(524224K), 0.0026913 secs] [Times: user=0.00 sys=0.00, real=0.00 secs] 
10.804: [GC 10.804: [DefNew: 959K->63K(960K), 0.0024180 secs] 71755K->71386K(524224K), 0.0024791 secs] [Times: user=0.00 sys=0.00, real=0.00 secs] 
10.812: [GC 10.812: [DefNew: 959K->64K(960K), 0.0024589 secs] 72284K->71927K(524224K), 0.0025368 secs] [Times: user=0.00 sys=0.00, real=0.00 secs] 
10.817: [GC 10.817: [DefNew: 960K->63K(960K), 0.0028174 secs] 72823K->72462K(524224K), 0.0028891 secs] [Times: user=0.00 sys=0.00, real=0.00 secs] 
10.823: [GC 10.823: [DefNew: 959K->64K(960K), 0.0031975 secs] 73358K->73022K(524224K), 0.0032678 secs] [Times: user=0.02 sys=0.00, real=0.00 secs] 
10.828: [GC 10.828: [DefNew: 960K->63K(960K), 0.0024959 secs] 73918K->73565K(524224K), 0.0025599 secs] [Times: user=0.00 sys=0.00, real=0.00 secs] 
10.832: [GC 10.832: [DefNew: 959K->63K(960K), 0.0025542 secs] 74461K->74077K(524224K), 0.0026215 secs] [Times: user=0.00 sys=0.00, real=0.00 secs] 
10.837: [GC 10.837: [DefNew: 959K->64K(960K), 0.0024632 secs] 74973K->74616K(524224K), 0.0025354 secs] [Times: user=0.00 sys=0.00, real=0.00 secs] 
10.845: [GC 10.845: [DefNew: 960K->64K(960K), 0.0027029 secs] 75514K->75174K(524224K), 0.0027736 secs] [Times: user=0.00 sys=0.00, real=0.00 secs] 
10.850: [GC 10.850: [DefNew: 960K->64K(960K), 0.0037167 secs] 76071K->75791K(524224K), 0.0038014 secs] [Times: user=0.00 sys=0.00, real=0.00 secs] 
10.855: [GC 10.855: [DefNew: 960K->63K(960K), 0.0026398 secs] 76687K->76308K(524224K), 0.0027500 secs] [Times: user=0.00 sys=0.00, real=0.00 secs] 
10.860: [GC 10.860: [DefNew: 959K->64K(960K), 0.0029247 secs] 77205K->76840K(524224K), 0.0029940 secs] [Times: user=0.00 sys=0.00, real=0.00 secs] 
10.865: [GC 10.865: [DefNew: 960K->64K(960K), 0.0027139 secs] 77738K->77424K(524224K), 0.0027808 secs] [Times: user=0.00 sys=0.00, real=0.00 secs] 
10.869: [GC 10.869: [DefNew: 960K->63K(960K), 0.0029444 secs] 78321K->77976K(524224K), 0.0030084 secs] [Times: user=0.02 sys=0.00, real=0.00 secs] 
10.874: [GC 10.874: [DefNew: 959K->64K(960K), 0.0026644 secs] 78872K->78527K(524224K), 0.0027341 secs] [Times: user=0.00 sys=0.00, real=0.00 secs] 
10.878: [GC 10.878: [DefNew: 960K->63K(960K), 0.0023011 secs] 79423K->79049K(524224K), 0.0023593 secs] [Times: user=0.00 sys=0.00, real=0.00 secs] 
10.882: [GC 10.882: [DefNew: 959K->63K(960K), 0.0025017 secs] 79945K->79573K(524224K), 0.0025710 secs] [Times: user=0.00 sys=0.00, real=0.00 secs] 
10.886: [GC 10.886: [DefNew: 959K->63K(960K), 0.0023809 secs] 80470K->80095K(524224K), 0.0024430 secs] [Times: user=0.00 sys=0.00, real=0.00 secs] 
10.890: [GC 10.890: [DefNew: 959K->63K(960K), 0.0033775 secs] 80992K->80611K(524224K), 0.0034675 secs] [Times: user=0.00 sys=0.00, real=0.00 secs] 
10.896: [GC 10.896: [DefNew: 959K->64K(960K), 0.0032827 secs] 81507K->81340K(524224K), 0.0033655 secs] [Times: user=0.00 sys=0.00, real=0.00 secs] 
10.901: [GC 10.901: [DefNew: 960K->63K(960K), 0.0032187 secs] 82237K->81934K(524224K), 0.0032928 secs] [Times: user=0.02 sys=0.00, real=0.00 secs] 
10.906: [GC 10.906: [DefNew: 959K->64K(960K), 0.0027976 secs] 82832K->82523K(524224K), 0.0028689 secs] [Times: user=0.00 sys=0.00, real=0.00 secs] 
10.910: [GC 10.910: [DefNew: 960K->63K(960K), 0.0025152 secs] 83420K->83063K(524224K), 0.0025787 secs] [Times: user=0.00 sys=0.00, real=0.00 secs] 
10.915: [GC 10.915: [DefNew: 959K->63K(960K), 0.0026769 secs] 83960K->83691K(524224K), 0.0027389 secs] [Times: user=0.00 sys=0.00, real=0.00 secs] 
10.920: [GC 10.920: [DefNew: 959K->64K(960K), 0.0027173 secs] 84589K->84219K(524224K), 0.0027952 secs] [Times: user=0.00 sys=0.00, real=0.00 secs] 
10.924: [GC 10.924: [DefNew: 960K->63K(960K), 0.0028857 secs] 85115K->84821K(524224K), 0.0029550 secs] [Times: user=0.00 sys=0.00, real=0.00 secs] 
10.929: [GC 10.929: [DefNew: 959K->63K(960K), 0.0030493 secs] 85717K->85386K(524224K), 0.0031167 secs] [Times: user=0.00 sys=0.00, real=0.00 secs] 
10.933: [GC 10.933: [DefNew: 959K->64K(960K), 0.0025729 secs] 86282K->85907K(524224K), 0.0026437 secs] [Times: user=0.00 sys=0.00, real=0.00 secs] 
10.938: [GC 10.938: [DefNew: 960K->63K(960K), 0.0028414 secs] 86804K->86448K(524224K), 0.0029632 secs] [Times: user=0.00 sys=0.00, real=0.00 secs] 
10.942: [GC 10.942: [DefNew: 959K->64K(960K), 0.0029199 secs] 87346K->86975K(524224K), 0.0029945 secs] [Times: user=0.00 sys=0.00, real=0.00 secs] 
10.947: [GC 10.947: [DefNew: 960K->64K(960K), 0.0027486 secs] 87873K->87618K(524224K), 0.0028227 secs] [Times: user=0.02 sys=0.00, real=0.00 secs] 
10.952: [GC 10.952: [DefNew: 960K->63K(960K), 0.0027991 secs] 88515K->88171K(524224K), 0.0028660 secs] [Times: user=0.00 sys=0.00, real=0.00 secs] 
10.956: [GC 10.956: [DefNew: 959K->64K(960K), 0.0025210 secs] 89068K->88708K(524224K), 0.0025821 secs] [Times: user=0.00 sys=0.00, real=0.00 secs] 
10.961: [GC 10.961: [DefNew: 960K->64K(960K), 0.0026826 secs] 89605K->89272K(524224K), 0.0027500 secs] [Times: user=0.00 sys=0.02, real=0.00 secs] 
10.965: [GC 10.965: [DefNew: 960K->64K(960K), 0.0024420 secs] 90169K->89806K(524224K), 0.0025089 secs] [Times: user=0.00 sys=0.00, real=0.00 secs] 
10.969: [GC 10.969: [DefNew: 960K->63K(960K), 0.0026186 secs] 90702K->90321K(524224K), 0.0026903 secs] [Times: user=0.00 sys=0.00, real=0.00 secs] 
10.974: [GC 10.974: [DefNew: 959K->64K(960K), 0.0026514 secs] 91218K->90869K(524224K), 0.0027139 secs] [Times: user=0.00 sys=0.00, real=0.00 secs] 
10.978: [GC 10.978: [DefNew: 960K->64K(960K), 0.0030503 secs] 91766K->91453K(524224K), 0.0031167 secs] [Times: user=0.01 sys=0.00, real=0.00 secs] 
10.983: [GC 10.983: [DefNew: 960K->63K(960K), 0.0028799 secs] 92349K->92024K(524224K), 0.0029526 secs] [Times: user=0.00 sys=0.00, real=0.00 secs] 
10.987: [GC 10.987: [DefNew: 959K->63K(960K), 0.0027394 secs] 92920K->92543K(524224K), 0.0028203 secs] [Times: user=0.00 sys=0.00, real=0.00 secs] 
10.992: [GC 10.992: [DefNew: 959K->64K(960K), 0.0027481 secs] 93440K->93159K(524224K), 0.0028193 secs] [Times: user=0.00 sys=0.00, real=0.00 secs] 
10.996: [GC 10.997: [DefNew: 960K->63K(960K), 0.0028236 secs] 94055K->93738K(524224K), 0.0028876 secs] [Times: user=0.00 sys=0.00, real=0.00 secs] 
11.001: [GC 11.001: [DefNew: 959K->64K(960K), 0.0030955 secs] 94634K->94255K(524224K), 0.0031706 secs] [Times: user=0.00 sys=0.00, real=0.00 secs] 
11.006: [GC 11.006: [DefNew: 960K->64K(960K), 0.0043327 secs] 95152K->94892K(524224K), 0.0044332 secs] [Times: user=0.00 sys=0.00, real=0.00 secs] 
11.011: [GC 11.011: [DefNew: 960K->64K(960K), 0.0030618 secs] 95790K->95531K(524224K), 0.0031119 secs] [Times: user=0.00 sys=0.00, real=0.00 secs] 
11.016: [GC 11.016: [DefNew: 960K->63K(960K), 0.0028833 secs] 96427K->96110K(524224K), 0.0029579 secs] [Times: user=0.00 sys=0.00, real=0.00 secs] 
11.020: [GC 11.020: [DefNew: 959K->63K(960K), 0.0027096 secs] 97007K->96641K(524224K), 0.0027760 secs] [Times: user=0.00 sys=0.00, real=0.00 secs] 
11.025: [GC 11.025: [DefNew: 959K->63K(960K), 0.0029333 secs] 97537K->97205K(524224K), 0.0030036 secs] [Times: user=0.02 sys=0.00, real=0.00 secs] 
11.029: [GC 11.029: [DefNew: 959K->63K(960K), 0.0025518 secs] 98101K->97783K(524224K), 0.0026095 secs] [Times: user=0.00 sys=0.00, real=0.00 secs] 
11.034: [GC 11.034: [DefNew: 959K->64K(960K), 0.0028814 secs] 98680K->98340K(524224K), 0.0029444 secs] [Times: user=0.00 sys=0.00, real=0.00 secs] 
11.039: [GC 11.039: [DefNew: 960K->64K(960K), 0.0032134 secs] 99236K->98945K(524224K), 0.0032923 secs] [Times: user=0.02 sys=0.00, real=0.00 secs] 
11.043: [GC 11.043: [DefNew: 960K->64K(960K), 0.0029829 secs] 99842K->99482K(524224K), 0.0030609 secs] [Times: user=0.00 sys=0.00, real=0.00 secs] 
11.048: [GC 11.048: [DefNew: 960K->63K(960K), 0.0028607 secs] 100379K->100037K(524224K), 0.0029338 secs] [Times: user=0.00 sys=0.00, real=0.00 secs] 
11.052: [GC 11.052: [DefNew: 959K->63K(960K), 0.0028852 secs] 100934K->100669K(524224K), 0.0029531 secs] [Times: user=0.00 sys=0.00, real=0.00 secs] 
11.057: [GC 11.057: [DefNew: 959K->63K(960K), 0.0051324 secs] 101565K->101239K(524224K), 0.0052036 secs] [Times: user=0.00 sys=0.00, real=0.00 secs] 
11.064: [GC 11.064: [DefNew: 959K->64K(960K), 0.0027091 secs] 102137K->101787K(524224K), 0.0027779 secs] [Times: user=0.00 sys=0.00, real=0.00 secs] 
11.068: [GC 11.068: [DefNew: 960K->64K(960K), 0.0027871 secs] 102684K->102449K(524224K), 0.0028477 secs] [Times: user=0.00 sys=0.00, real=0.00 secs] 
11.073: [GC 11.073: [DefNew: 960K->63K(960K), 0.0034877 secs] 103348K->103009K(524224K), 0.0035608 secs] [Times: user=0.01 sys=0.00, real=0.00 secs] 
11.078: [GC 11.078: [DefNew: 959K->63K(960K), 0.0030994 secs] 103906K->103666K(524224K), 0.0031686 secs] [Times: user=0.00 sys=0.00, real=0.00 secs] 
11.083: [GC 11.083: [DefNew: 959K->63K(960K), 0.0029074 secs] 104563K->104202K(524224K), 0.0029742 secs] [Times: user=0.00 sys=0.00, real=0.00 secs] 
11.087: [GC 11.087: [DefNew: 959K->64K(960K), 0.0030830 secs] 105098K->104745K(524224K), 0.0031667 secs] [Times: user=0.02 sys=0.00, real=0.00 secs] 
11.092: [GC 11.092: [DefNew: 960K->63K(960K), 0.0033087 secs] 105642K->105466K(524224K), 0.0033799 secs] [Times: user=0.00 sys=0.00, real=0.00 secs] 
11.098: [GC 11.098: [DefNew: 959K->64K(960K), 0.0031643 secs] 106362K->106015K(524224K), 0.0032360 secs] [Times: user=0.00 sys=0.00, real=0.00 secs] 
11.102: [GC 11.102: [DefNew: 960K->64K(960K), 0.0027616 secs] 106911K->106583K(524224K), 0.0028270 secs] [Times: user=0.01 sys=0.00, real=0.00 secs] 
11.107: [GC 11.107: [DefNew: 960K->64K(960K), 0.0029001 secs] 107479K->107090K(524224K), 0.0029675 secs] [Times: user=0.00 sys=0.00, real=0.00 secs] 
11.111: [GC 11.111: [DefNew: 960K->64K(960K), 0.0027385 secs] 107986K->107610K(524224K), 0.0028145 secs] [Times: user=0.00 sys=0.00, real=0.00 secs] 
11.116: [GC 11.116: [DefNew: 960K->63K(960K), 0.0027385 secs] 108506K->108189K(524224K), 0.0028049 secs] [Times: user=0.00 sys=0.00, real=0.00 secs] 
11.120: [GC 11.120: [DefNew: 959K->63K(960K), 0.0033332 secs] 109085K->108729K(524224K), 0.0034675 secs] [Times: user=0.00 sys=0.00, real=0.00 secs] 
11.126: [GC 11.126: [DefNew: 959K->63K(960K), 0.0027231 secs] 109626K->109307K(524224K), 0.0027890 secs] [Times: user=0.00 sys=0.00, real=0.00 secs] 
11.131: [GC 11.131: [DefNew: 959K->64K(960K), 0.0030734 secs] 110205K->109948K(524224K), 0.0031451 secs] [Times: user=0.00 sys=0.00, real=0.00 secs] 
11.135: [GC 11.135: [DefNew: 960K->63K(960K), 0.0028876 secs] 110845K->110479K(524224K), 0.0029584 secs] [Times: user=0.02 sys=0.00, real=0.00 secs] 
11.140: [GC 11.140: [DefNew: 959K->63K(960K), 0.0028886 secs] 111376K->111103K(524224K), 0.0029555 secs] [Times: user=0.00 sys=0.00, real=0.00 secs] 
11.144: [GC 11.144: [DefNew: 959K->63K(960K), 0.0029892 secs] 112002K->111637K(524224K), 0.0030560 secs] [Times: user=0.00 sys=0.00, real=0.00 secs] 
11.149: [GC 11.149: [DefNew: 959K->64K(960K), 0.0025691 secs] 112534K->112175K(524224K), 0.0026278 secs] [Times: user=0.00 sys=0.00, real=0.00 secs] 
11.154: [GC 11.154: [DefNew: 960K->64K(960K), 0.0025633 secs] 113072K->112686K(524224K), 0.0026235 secs] [Times: user=0.00 sys=0.00, real=0.00 secs] 
11.158: [GC 11.158: [DefNew: 960K->63K(960K), 0.0026937 secs] 113582K->113231K(524224K), 0.0027717 secs] [Times: user=0.00 sys=0.00, real=0.00 secs] 
11.163: [GC 11.163: [DefNew: 959K->63K(960K), 0.0027327 secs] 114127K->113764K(524224K), 0.0027933 secs] [Times: user=0.00 sys=0.00, real=0.00 secs] 
11.167: [GC 11.167: [DefNew: 959K->64K(960K), 0.0028150 secs] 114660K->114270K(524224K), 0.0028857 secs] [Times: user=0.00 sys=0.00, real=0.00 secs] 
11.172: [GC 11.172: [DefNew: 960K->64K(960K), 0.0034251 secs] 115166K->114816K(524224K), 0.0034983 secs] [Times: user=0.00 sys=0.00, real=0.00 secs] 
11.177: [GC 11.177: [DefNew: 960K->63K(960K), 0.0027322 secs] 115712K->115363K(524224K), 0.0028029 secs] [Times: user=0.00 sys=0.00, real=0.00 secs] 
11.182: [GC 11.182: [DefNew: 959K->63K(960K), 0.0027361 secs] 116260K->115910K(524224K), 0.0028126 secs] [Times: user=0.02 sys=0.00, real=0.00 secs] 
11.187: [GC 11.187: [DefNew: 959K->64K(960K), 0.0026047 secs] 116806K->116450K(524224K), 0.0026663 secs] [Times: user=0.00 sys=0.00, real=0.00 secs] 
11.191: [GC 11.191: [DefNew: 960K->63K(960K), 0.0026422 secs] 117347K->116965K(524224K), 0.0027072 secs] [Times: user=0.00 sys=0.00, real=0.00 secs] 
11.196: [GC 11.196: [DefNew: 959K->64K(960K), 0.0026090 secs] 117862K->117501K(524224K), 0.0026730 secs] [Times: user=0.01 sys=0.00, real=0.00 secs] 
11.200: [GC 11.200: [DefNew: 960K->63K(960K), 0.0027981 secs] 118398K->118053K(524224K), 0.0028660 secs] [Times: user=0.00 sys=0.00, real=0.00 secs] 
11.205: [GC 11.205: [DefNew: 959K->64K(960K), 0.0026331 secs] 118949K->118579K(524224K), 0.0027004 secs] [Times: user=0.00 sys=0.00, real=0.00 secs] 
11.209: [GC 11.209: [DefNew: 960K->63K(960K), 0.0024781 secs] 119476K->119093K(524224K), 0.0025441 secs] [Times: user=0.00 sys=0.00, real=0.00 secs] 
11.214: [GC 11.214: [DefNew: 959K->63K(960K), 0.0026389 secs] 119989K->119628K(524224K), 0.0027024 secs] [Times: user=0.00 sys=0.00, real=0.00 secs] 
11.219: [GC 11.219: [DefNew: 959K->64K(960K), 0.0026432 secs] 120524K->120171K(524224K), 0.0027043 secs] [Times: user=0.00 sys=0.00, real=0.00 secs] 
11.223: [GC 11.223: [DefNew: 960K->64K(960K), 0.0026081 secs] 121067K->120693K(524224K), 0.0026807 secs] [Times: user=0.00 sys=0.00, real=0.00 secs] 
11.228: [GC 11.228: [DefNew: 960K->63K(960K), 0.0029998 secs] 121589K->121294K(524224K), 0.0030666 secs] [Times: user=0.02 sys=0.00, real=0.00 secs] 
11.232: [GC 11.232: [DefNew: 959K->63K(960K), 0.0029006 secs] 122191K->121812K(524224K), 0.0029694 secs] [Times: user=0.00 sys=0.00, real=0.00 secs] 
11.237: [GC 11.237: [DefNew: 959K->63K(960K), 0.0028087 secs] 122709K->122363K(524224K), 0.0028790 secs] [Times: user=0.00 sys=0.00, real=0.00 secs] 
11.242: [GC 11.242: [DefNew: 959K->64K(960K), 0.0030171 secs] 123261K->122880K(524224K), 0.0030849 secs] [Times: user=0.01 sys=0.00, real=0.00 secs] 
11.247: [GC 11.247: [DefNew: 960K->63K(960K), 0.0028116 secs] 123776K->123448K(524224K), 0.0028727 secs] [Times: user=0.00 sys=0.00, real=0.00 secs] 
11.252: [GC 11.252: [DefNew: 959K->64K(960K), 0.0026148 secs] 124344K->123990K(524224K), 0.0026716 secs] [Times: user=0.00 sys=0.00, real=0.00 secs] 
11.256: [GC 11.256: [DefNew: 960K->63K(960K), 0.0028140 secs] 124886K->124500K(524224K), 0.0028828 secs] [Times: user=0.00 sys=0.00, real=0.00 secs] 
11.261: [GC 11.261: [DefNew: 959K->63K(960K), 0.0028708 secs] 125396K->125030K(524224K), 0.0029401 secs] [Times: user=0.00 sys=0.00, real=0.00 secs] 
11.265: [GC 11.265: [DefNew: 959K->63K(960K), 0.0026697 secs] 125926K->125562K(524224K), 0.0027312 secs] [Times: user=0.00 sys=0.00, real=0.00 secs] 
11.270: [GC 11.270: [DefNew: 959K->64K(960K), 0.0027144 secs] 126459K->126102K(524224K), 0.0027770 secs] [Times: user=0.00 sys=0.00, real=0.00 secs] 
11.275: [GC 11.275: [DefNew: 960K->64K(960K), 0.0030474 secs] 126998K->126669K(524224K), 0.0031200 secs] [Times: user=0.02 sys=0.00, real=0.00 secs] 
11.279: [GC 11.279: [DefNew: 960K->63K(960K), 0.0028318 secs] 127565K->127216K(524224K), 0.0028900 secs] [Times: user=0.00 sys=0.00, real=0.00 secs] 
11.284: [GC 11.284: [DefNew: 959K->63K(960K), 0.0027250 secs] 128112K->127754K(524224K), 0.0027856 secs] [Times: user=0.00 sys=0.00, real=0.00 secs] 
11.288: [GC 11.288: [DefNew: 959K->63K(960K), 0.0024863 secs] 128651K->128263K(524224K), 0.0025542 secs] [Times: user=0.00 sys=0.00, real=0.00 secs] 
11.294: [GC 11.294: [DefNew: 959K->63K(960K), 0.0029131 secs] 129159K->128831K(524224K), 0.0029925 secs] [Times: user=0.00 sys=0.00, real=0.00 secs] 
11.299: [GC 11.299: [DefNew: 959K->63K(960K), 0.0032298 secs] 129727K->129429K(524224K), 0.0032986 secs] [Times: user=0.00 sys=0.00, real=0.00 secs] 
11.303: [GC 11.303: [DefNew: 959K->64K(960K), 0.0028732 secs] 130327K->129951K(524224K), 0.0029329 secs] [Times: user=0.00 sys=0.00, real=0.00 secs] 
11.308: [GC 11.308: [DefNew: 960K->63K(960K), 0.0029430 secs] 130848K->130540K(524224K), 0.0030363 secs] [Times: user=0.00 sys=0.00, real=0.00 secs] 
11.313: [GC 11.313: [DefNew: 959K->63K(960K), 0.0029844 secs] 131437K->131102K(524224K), 0.0030522 secs] [Times: user=0.00 sys=0.00, real=0.00 secs] 
11.318: [GC 11.318: [DefNew: 959K->63K(960K), 0.0029309 secs] 132000K->131653K(524224K), 0.0029945 secs] [Times: user=0.00 sys=0.00, real=0.00 secs] 
11.322: [GC 11.322: [DefNew: 959K->63K(960K), 0.0031369 secs] 132549K->132192K(524224K), 0.0032086 secs] [Times: user=0.02 sys=0.00, real=0.00 secs] 
11.327: [GC 11.327: [DefNew: 959K->63K(960K), 0.0028487 secs] 133089K->132756K(524224K), 0.0029141 secs] [Times: user=0.00 sys=0.00, real=0.00 secs] 
11.332: [GC 11.332: [DefNew: 959K->64K(960K), 0.0029218 secs] 133653K->133308K(524224K), 0.0029892 secs] [Times: user=0.00 sys=0.00, real=0.00 secs] 
11.336: [GC 11.336: [DefNew: 960K->64K(960K), 0.0028347 secs] 134204K->133846K(524224K), 0.0029016 secs] [Times: user=0.01 sys=0.00, real=0.00 secs] 
11.342: [GC 11.342: [DefNew: 960K->63K(960K), 0.0030498 secs] 134742K->134381K(524224K), 0.0031167 secs] [Times: user=0.00 sys=0.00, real=0.00 secs] 
11.346: [GC 11.346: [DefNew: 959K->63K(960K), 0.0028891 secs] 135278K->134941K(524224K), 0.0029540 secs] [Times: user=0.00 sys=0.00, real=0.00 secs] 
11.351: [GC 11.351: [DefNew: 959K->63K(960K), 0.0028049 secs] 135837K->135459K(524224K), 0.0028669 secs] [Times: user=0.02 sys=0.00, real=0.00 secs] 
11.355: [GC 11.355: [DefNew: 959K->63K(960K), 0.0029536 secs] 136356K->135992K(524224K), 0.0030209 secs] [Times: user=0.00 sys=0.00, real=0.00 secs] 
11.360: [GC 11.360: [DefNew: 959K->63K(960K), 0.0029848 secs] 136888K->136589K(524224K), 0.0030517 secs] [Times: user=0.00 sys=0.00, real=0.00 secs] 
11.365: [GC 11.365: [DefNew: 959K->64K(960K), 0.0027370 secs] 137485K->137123K(524224K), 0.0028029 secs] [Times: user=0.00 sys=0.00, real=0.00 secs] 
11.369: [GC 11.369: [DefNew: 960K->63K(960K), 0.0026398 secs] 138020K->137653K(524224K), 0.0027284 secs] [Times: user=0.01 sys=0.00, real=0.00 secs] 
11.374: [GC 11.374: [DefNew: 959K->63K(960K), 0.0026533 secs] 138550K->138225K(524224K), 0.0027134 secs] [Times: user=0.00 sys=0.00, real=0.00 secs] 
11.378: [GC 11.378: [DefNew: 959K->63K(960K), 0.0027664 secs] 139121K->138761K(524224K), 0.0028207 secs] [Times: user=0.00 sys=0.00, real=0.00 secs] 
11.383: [GC 11.383: [DefNew: 959K->63K(960K), 0.0030666 secs] 139658K->139317K(524224K), 0.0031306 secs] [Times: user=0.02 sys=0.00, real=0.00 secs] 
11.388: [GC 11.388: [DefNew: 959K->64K(960K), 0.0029978 secs] 140215K->139869K(524224K), 0.0030671 secs] [Times: user=0.00 sys=0.00, real=0.00 secs] 
11.392: [GC 11.392: [DefNew: 960K->64K(960K), 0.0031706 secs] 140766K->140425K(524224K), 0.0032394 secs] [Times: user=0.00 sys=0.00, real=0.00 secs] 
11.397: [GC 11.397: [DefNew: 960K->64K(960K), 0.0030248 secs] 141321K->141000K(524224K), 0.0030945 secs] [Times: user=0.00 sys=0.00, real=0.00 secs] 
11.401: [GC 11.401: [DefNew: 960K->63K(960K), 0.0030825 secs] 141896K->141572K(524224K), 0.0031504 secs] [Times: user=0.00 sys=0.00, real=0.00 secs] 
11.406: [GC 11.406: [DefNew: 959K->63K(960K), 0.0031456 secs] 142468K->142124K(524224K), 0.0032129 secs] [Times: user=0.00 sys=0.00, real=0.00 secs] 
11.410: [GC 11.410: [DefNew: 959K->63K(960K), 0.0027216 secs] 143021K->142674K(524224K), 0.0027794 secs] [Times: user=0.00 sys=0.00, real=0.00 secs] 
11.415: [GC 11.415: [DefNew: 959K->63K(960K), 0.0027442 secs] 143571K->143223K(524224K), 0.0028020 secs] [Times: user=0.02 sys=0.00, real=0.00 secs] 
11.420: [GC 11.420: [DefNew: 959K->63K(960K), 0.0029175 secs] 144119K->143773K(524224K), 0.0030166 secs] [Times: user=0.00 sys=0.00, real=0.00 secs] 
11.424: [GC 11.424: [DefNew: 959K->64K(960K), 0.0029574 secs] 144669K->144307K(524224K), 0.0030262 secs] [Times: user=0.00 sys=0.00, real=0.00 secs] 
11.429: [GC 11.429: [DefNew: 960K->63K(960K), 0.0029863 secs] 145204K->144908K(524224K), 0.0030474 secs] [Times: user=0.01 sys=0.00, real=0.00 secs] 
11.433: [GC 11.433: [DefNew: 959K->64K(960K), 0.0029815 secs] 145807K->145454K(524224K), 0.0030440 secs] [Times: user=0.00 sys=0.00, real=0.00 secs] 
11.438: [GC 11.438: [DefNew: 960K->64K(960K), 0.0030893 secs] 146350K->146036K(524224K), 0.0031533 secs] [Times: user=0.00 sys=0.00, real=0.00 secs] 
11.443: [GC 11.443: [DefNew: 960K->64K(960K), 0.0030864 secs] 146933K->146592K(524224K), 0.0031513 secs] [Times: user=0.00 sys=0.00, real=0.00 secs] 
11.447: [GC 11.447: [DefNew: 960K->64K(960K), 0.0032471 secs] 147489K->147130K(524224K), 0.0033154 secs] [Times: user=0.02 sys=0.00, real=0.00 secs] 
11.452: [GC 11.452: [DefNew: 960K->63K(960K), 0.0028761 secs] 148027K->147699K(524224K), 0.0029391 secs] [Times: user=0.00 sys=0.00, real=0.00 secs] 
11.456: [GC 11.456: [DefNew: 959K->63K(960K), 0.0032307 secs] 148596K->148255K(524224K), 0.0032962 secs] [Times: user=0.00 sys=0.00, real=0.00 secs] 
11.461: [GC 11.461: [DefNew: 959K->64K(960K), 0.0027813 secs] 149151K->148836K(524224K), 0.0028424 secs] [Times: user=0.01 sys=0.00, real=0.00 secs] 
11.465: [GC 11.465: [DefNew: 960K->64K(960K), 0.0031162 secs] 149733K->149364K(524224K), 0.0031826 secs] [Times: user=0.00 sys=0.00, real=0.00 secs] 
11.470: [GC 11.470: [DefNew: 960K->64K(960K), 0.0031807 secs] 150260K->149971K(524224K), 0.0032485 secs] [Times: user=0.00 sys=0.00, real=0.00 secs] 
11.475: [GC 11.475: [DefNew: 960K->64K(960K), 0.0033698 secs] 150868K->150516K(524224K), 0.0034646 secs] [Times: user=0.02 sys=0.00, real=0.00 secs] 
11.480: [GC 11.481: [DefNew: 960K->63K(960K), 0.0032649 secs] 151412K->151119K(524224K), 0.0033616 secs] [Times: user=0.00 sys=0.00, real=0.00 secs] 
11.487: [GC 11.487: [DefNew: 959K->64K(960K), 0.0035767 secs] 152016K->151710K(524224K), 0.0036508 secs] [Times: user=0.00 sys=0.00, real=0.00 secs] 
11.494: [GC 11.494: [DefNew: 960K->64K(960K), 0.0033496 secs] 152608K->152306K(524224K), 0.0034218 secs] [Times: user=0.02 sys=0.00, real=0.00 secs] 
11.499: [GC 11.499: [DefNew: 960K->63K(960K), 0.0030565 secs] 153202K->152852K(524224K), 0.0031234 secs] [Times: user=0.00 sys=0.00, real=0.00 secs] 
11.503: [GC 11.503: [DefNew: 959K->63K(960K), 0.0031407 secs] 153749K->153401K(524224K), 0.0032100 secs] [Times: user=0.00 sys=0.00, real=0.00 secs] 
11.509: [GC 11.509: [DefNew: 959K->63K(960K), 0.0037615 secs] 154299K->153967K(524224K), 0.0038327 secs] [Times: user=0.01 sys=0.00, real=0.00 secs] 
11.515: [GC 11.515: [DefNew: 959K->63K(960K), 0.0028790 secs] 154864K->154523K(524224K), 0.0029459 secs] [Times: user=0.00 sys=0.00, real=0.00 secs] 
11.519: [GC 11.519: [DefNew: 959K->63K(960K), 0.0026952 secs] 155420K->155028K(524224K), 0.0027582 secs] [Times: user=0.00 sys=0.00, real=0.00 secs] 
11.524: [GC 11.524: [DefNew: 959K->64K(960K), 0.0030917 secs] 155925K->155619K(524224K), 0.0031624 secs] [Times: user=0.02 sys=0.00, real=0.00 secs] 
11.529: [GC 11.529: [DefNew: 960K->63K(960K), 0.0032341 secs] 156515K->156176K(524224K), 0.0033015 secs] [Times: user=0.00 sys=0.00, real=0.00 secs] 
11.534: [GC 11.534: [DefNew: 959K->63K(960K), 0.0029348 secs] 157073K->156756K(524224K), 0.0029964 secs] [Times: user=0.00 sys=0.00, real=0.00 secs] 
11.538: [GC 11.538: [DefNew: 959K->64K(960K), 0.0030772 secs] 157653K->157311K(524224K), 0.0031446 secs] [Times: user=0.02 sys=0.00, real=0.00 secs] 
11.543: [GC 11.543: [DefNew: 960K->63K(960K), 0.0032495 secs] 158207K->157894K(524224K), 0.0033193 secs] [Times: user=0.00 sys=0.00, real=0.00 secs] 
11.551: [GC 11.551: [DefNew: 959K->64K(960K), 0.0037215 secs] 158792K->158475K(524224K), 0.0038005 secs] [Times: user=0.00 sys=0.00, real=0.00 secs] 
11.556: [GC 11.556: [DefNew: 960K->63K(960K), 0.0035801 secs] 159372K->159028K(524224K), 0.0036898 secs] [Times: user=0.02 sys=0.00, real=0.00 secs] 
11.563: [GC 11.563: [DefNew: 959K->64K(960K), 0.0031379 secs] 159926K->159608K(524224K), 0.0032086 secs] [Times: user=0.00 sys=0.00, real=0.00 secs] 
11.567: [GC 11.567: [DefNew: 960K->64K(960K), 0.0032144 secs] 160505K->160167K(524224K), 0.0032817 secs] [Times: user=0.00 sys=0.00, real=0.00 secs] 
11.572: [GC 11.572: [DefNew: 960K->63K(960K), 0.0034963 secs] 161063K->160709K(524224K), 0.0035637 secs] [Times: user=0.02 sys=0.00, real=0.00 secs] 
11.577: [GC 11.577: [DefNew: 959K->64K(960K), 0.0031369 secs] 161606K->161265K(524224K), 0.0032038 secs] [Times: user=0.00 sys=0.00, real=0.00 secs] 
11.582: [GC 11.582: [DefNew: 960K->64K(960K), 0.0031369 secs] 162162K->161829K(524224K), 0.0031961 secs] [Times: user=0.00 sys=0.00, real=0.00 secs] 
11.587: [GC 11.587: [DefNew: 960K->64K(960K), 0.0034270 secs] 162725K->162367K(524224K), 0.0035310 secs] [Times: user=0.01 sys=0.00, real=0.00 secs] 
11.592: [GC 11.592: [DefNew: 960K->63K(960K), 0.0041416 secs] 163265K->162995K(524224K), 0.0042114 secs] [Times: user=0.00 sys=0.00, real=0.00 secs] 
11.599: [GC 11.599: [DefNew: 959K->64K(960K), 0.0031249 secs] 163891K->163584K(524224K), 0.0031932 secs] [Times: user=0.00 sys=0.00, real=0.00 secs] 
11.603: [GC 11.603: [DefNew: 960K->63K(960K), 0.0039530 secs] 164481K->164142K(524224K), 0.0040223 secs] [Times: user=0.02 sys=0.00, real=0.00 secs] 
11.609: [GC 11.609: [DefNew: 959K->64K(960K), 0.0033554 secs] 165039K->164730K(524224K), 0.0034193 secs] [Times: user=0.00 sys=0.00, real=0.00 secs] 
11.613: [GC 11.613: [DefNew: 960K->64K(960K), 0.0031783 secs] 165626K->165274K(524224K), 0.0032403 secs] [Times: user=0.00 sys=0.00, real=0.00 secs] 
11.618: [GC 11.618: [DefNew: 960K->63K(960K), 0.0030772 secs] 166170K->165841K(524224K), 0.0031480 secs] [Times: user=0.01 sys=0.00, real=0.00 secs] 
11.623: [GC 11.623: [DefNew: 959K->63K(960K), 0.0032615 secs] 166738K->166384K(524224K), 0.0033318 secs] [Times: user=0.00 sys=0.00, real=0.00 secs] 
11.628: [GC 11.628: [DefNew: 959K->64K(960K), 0.0030065 secs] 167281K->166957K(524224K), 0.0030652 secs] [Times: user=0.00 sys=0.00, real=0.00 secs] 
11.633: [GC 11.633: [DefNew: 960K->63K(960K), 0.0036580 secs] 167853K->167513K(524224K), 0.0037259 secs] [Times: user=0.02 sys=0.00, real=0.00 secs] 
11.638: [GC 11.638: [DefNew: 959K->63K(960K), 0.0041243 secs] 168410K->168063K(524224K), 0.0041984 secs] [Times: user=0.00 sys=0.00, real=0.00 secs] 
11.645: [GC 11.645: [DefNew: 959K->64K(960K), 0.0033760 secs] 168960K->168674K(524224K), 0.0034468 secs] [Times: user=0.00 sys=0.00, real=0.00 secs] 
11.651: [GC 11.651: [DefNew: 960K->64K(960K), 0.0029675 secs] 169570K->169201K(524224K), 0.0030305 secs] [Times: user=0.00 sys=0.00, real=0.00 secs] 
11.655: [GC 11.655: [DefNew: 960K->63K(960K), 0.0031667 secs] 170098K->169744K(524224K), 0.0032336 secs] [Times: user=0.00 sys=0.00, real=0.00 secs] 
11.660: [GC 11.660: [DefNew: 959K->64K(960K), 0.0030171 secs] 170641K->170321K(524224K), 0.0030791 secs] [Times: user=0.00 sys=0.00, real=0.00 secs] 
11.664: [GC 11.664: [DefNew: 960K->64K(960K), 0.0037196 secs] 171217K->170892K(524224K), 0.0037942 secs] [Times: user=0.02 sys=0.00, real=0.00 secs] 
11.670: [GC 11.670: [DefNew: 960K->64K(960K), 0.0073069 secs] 171788K->171504K(524224K), 0.0073796 secs] [Times: user=0.00 sys=0.00, real=0.01 secs] 
11.679: [GC 11.679: [DefNew: 960K->63K(960K), 0.0035820 secs] 172400K->172124K(524224K), 0.0036571 secs] [Times: user=0.02 sys=0.00, real=0.00 secs] 
11.685: [GC 11.685: [DefNew: 959K->63K(960K), 0.0032914 secs] 173020K->172702K(524224K), 0.0033544 secs] [Times: user=0.00 sys=0.00, real=0.00 secs] 
11.690: [GC 11.690: [DefNew: 959K->64K(960K), 0.0032923 secs] 173598K->173245K(524224K), 0.0033573 secs] [Times: user=0.00 sys=0.00, real=0.00 secs] 
11.694: [GC 11.694: [DefNew: 960K->64K(960K), 0.0030580 secs] 174141K->173772K(524224K), 0.0031200 secs] [Times: user=0.02 sys=0.00, real=0.00 secs] 
11.699: [GC 11.699: [DefNew: 960K->64K(960K), 0.0031484 secs] 174669K->174331K(524224K), 0.0032105 secs] [Times: user=0.00 sys=0.00, real=0.00 secs] 
11.703: [GC 11.703: [DefNew: 960K->63K(960K), 0.0033385 secs] 175227K->174889K(524224K), 0.0034107 secs] [Times: user=0.00 sys=0.00, real=0.00 secs] 
11.709: [GC 11.709: [DefNew: 959K->63K(960K), 0.0030941 secs] 175786K->175489K(524224K), 0.0031552 secs] [Times: user=0.00 sys=0.00, real=0.00 secs] 
11.713: [GC 11.713: [DefNew: 959K->64K(960K), 0.0035084 secs] 176385K->176036K(524224K), 0.0035762 secs] [Times: user=0.00 sys=0.00, real=0.00 secs] 
11.719: [GC 11.719: [DefNew: 960K->64K(960K), 0.0032456 secs] 176932K->176594K(524224K), 0.0033111 secs] [Times: user=0.00 sys=0.00, real=0.00 secs] 
11.724: [GC 11.724: [DefNew: 960K->63K(960K), 0.0030055 secs] 177490K->177150K(524224K), 0.0030647 secs] [Times: user=0.00 sys=0.00, real=0.00 secs] 
11.728: [GC 11.728: [DefNew: 959K->63K(960K), 0.0032302 secs] 178046K->177693K(524224K), 0.0032938 secs] [Times: user=0.02 sys=0.00, real=0.00 secs] 
11.733: [GC 11.733: [DefNew: 959K->63K(960K), 0.0033048 secs] 178589K->178283K(524224K), 0.0033674 secs] [Times: user=0.00 sys=0.00, real=0.00 secs] 
11.737: [GC 11.737: [DefNew: 959K->63K(960K), 0.0032654 secs] 179180K->178839K(524224K), 0.0033323 secs] [Times: user=0.00 sys=0.00, real=0.00 secs] 
11.742: [GC 11.742: [DefNew: 959K->63K(960K), 0.0032822 secs] 179735K->179377K(524224K), 0.0033534 secs] [Times: user=0.02 sys=0.00, real=0.00 secs] 
11.748: [GC 11.748: [DefNew: 959K->63K(960K), 0.0035570 secs] 180274K->179966K(524224K), 0.0036248 secs] [Times: user=0.00 sys=0.00, real=0.00 secs] 
11.753: [GC 11.753: [DefNew: 959K->63K(960K), 0.0034270 secs] 180862K->180545K(524224K), 0.0034973 secs] [Times: user=0.00 sys=0.00, real=0.00 secs] 
11.759: [GC 11.759: [DefNew: 959K->63K(960K), 0.0040367 secs] 181442K->181107K(524224K), 0.0041229 secs] [Times: user=0.02 sys=0.00, real=0.00 secs] 
11.764: [GC 11.764: [DefNew: 959K->63K(960K), 0.0031148 secs] 182003K->181691K(524224K), 0.0031778 secs] [Times: user=0.00 sys=0.00, real=0.00 secs] 
11.769: [GC 11.769: [DefNew: 959K->64K(960K), 0.0029136 secs] 182587K->182247K(524224K), 0.0030296 secs] [Times: user=0.00 sys=0.00, real=0.00 secs] 
11.773: [GC 11.773: [DefNew: 960K->63K(960K), 0.0033404 secs] 183143K->182859K(524224K), 0.0034155 secs] [Times: user=0.01 sys=0.00, real=0.00 secs] 
11.780: [GC 11.780: [DefNew: 959K->63K(960K), 0.0032038 secs] 183756K->183446K(524224K), 0.0032639 secs] [Times: user=0.00 sys=0.00, real=0.00 secs] 
11.784: [GC 11.784: [DefNew: 959K->64K(960K), 0.0030305 secs] 184342K->183980K(524224K), 0.0030893 secs] [Times: user=0.00 sys=0.00, real=0.00 secs] 
11.790: [GC 11.790: [DefNew: 960K->64K(960K), 0.0030325 secs] 184876K->184543K(524224K), 0.0030974 secs] [Times: user=0.02 sys=0.00, real=0.00 secs] 
11.795: [GC 11.795: [DefNew: 960K->64K(960K), 0.0032957 secs] 185440K->185083K(524224K), 0.0033587 secs] [Times: user=0.00 sys=0.00, real=0.00 secs] 
11.799: [GC 11.799: [DefNew: 960K->64K(960K), 0.0028920 secs] 185979K->185615K(524224K), 0.0029487 secs] [Times: user=0.00 sys=0.00, real=0.00 secs] 
11.804: [GC 11.804: [DefNew: 960K->63K(960K), 0.0033255 secs] 186512K->186197K(524224K), 0.0033905 secs] [Times: user=0.01 sys=0.00, real=0.00 secs] 
11.809: [GC 11.809: [DefNew: 959K->63K(960K), 0.0035724 secs] 187094K->186810K(524224K), 0.0036441 secs] [Times: user=0.00 sys=0.00, real=0.00 secs] 
11.815: [GC 11.815: [DefNew: 959K->64K(960K), 0.0034309 secs] 187708K->187415K(524224K), 0.0034930 secs] [Times: user=0.00 sys=0.00, real=0.00 secs] 
11.821: [GC 11.821: [DefNew: 960K->63K(960K), 0.0032572 secs] 188312K->187968K(524224K), 0.0033217 secs] [Times: user=0.02 sys=0.00, real=0.00 secs] 
11.825: [GC 11.825: [DefNew: 959K->63K(960K), 0.0032832 secs] 188864K->188522K(524224K), 0.0033433 secs] [Times: user=0.00 sys=0.00, real=0.00 secs] 
11.830: [GC 11.830: [DefNew: 959K->64K(960K), 0.0032711 secs] 189418K->189110K(524224K), 0.0033318 secs] [Times: user=0.00 sys=0.00, real=0.00 secs] 
11.834: [GC 11.834: [DefNew: 960K->64K(960K), 0.0031576 secs] 190006K->189643K(524224K), 0.0032201 secs] [Times: user=0.00 sys=0.00, real=0.00 secs] 
11.844: [GC 11.844: [DefNew: 960K->63K(960K), 0.0041017 secs] 190539K->190237K(524224K), 0.0041719 secs] [Times: user=0.00 sys=0.00, real=0.00 secs] 
11.850: [GC 11.850: [DefNew: 959K->64K(960K), 0.0035430 secs] 191133K->190827K(524224K), 0.0036094 secs] [Times: user=0.02 sys=0.00, real=0.00 secs] 
11.856: [GC 11.856: [DefNew: 960K->63K(960K), 0.0034189 secs] 191725K->191393K(524224K), 0.0034872 secs] [Times: user=0.00 sys=0.00, real=0.00 secs] 
11.862: [GC 11.862: [DefNew: 959K->64K(960K), 0.0032947 secs] 192290K->191988K(524224K), 0.0033568 secs] [Times: user=0.00 sys=0.00, real=0.00 secs] 
11.866: [GC 11.866: [DefNew: 960K->63K(960K), 0.0032110 secs] 192885K->192525K(524224K), 0.0032774 secs] [Times: user=0.02 sys=0.00, real=0.00 secs] 
11.872: [GC 11.872: [DefNew: 959K->63K(960K), 0.0035935 secs] 193423K->193115K(524224K), 0.0036633 secs] [Times: user=0.00 sys=0.00, real=0.00 secs] 
11.876: [GC 11.876: [DefNew: 959K->63K(960K), 0.0033058 secs] 194013K->193668K(524224K), 0.0033703 secs] [Times: user=0.00 sys=0.00, real=0.00 secs] 
11.881: [GC 11.881: [DefNew: 959K->64K(960K), 0.0032264 secs] 194565K->194242K(524224K), 0.0032846 secs] [Times: user=0.00 sys=0.00, real=0.00 secs] 
11.886: [GC 11.886: [DefNew: 960K->64K(960K), 0.0036513 secs] 195138K->194809K(524224K), 0.0037490 secs] [Times: user=0.00 sys=0.00, real=0.00 secs] 
11.892: [GC 11.892: [DefNew: 960K->64K(960K), 0.0035185 secs] 195706K->195378K(524224K), 0.0035902 secs] [Times: user=0.00 sys=0.00, real=0.00 secs] 
11.898: [GC 11.898: [DefNew: 960K->64K(960K), 0.0032187 secs] 196275K->195960K(524224K), 0.0032817 secs] [Times: user=0.02 sys=0.00, real=0.00 secs] 
11.902: [GC 11.902: [DefNew: 960K->64K(960K), 0.0031528 secs] 196857K->196510K(524224K), 0.0032182 secs] [Times: user=0.00 sys=0.00, real=0.00 secs] 
11.908: [GC 11.908: [DefNew: 960K->63K(960K), 0.0032355 secs] 197406K->197071K(524224K), 0.0032962 secs] [Times: user=0.00 sys=0.00, real=0.00 secs] 
11.912: [GC 11.912: [DefNew: 959K->64K(960K), 0.0030782 secs] 197967K->197599K(524224K), 0.0031383 secs] [Times: user=0.00 sys=0.00, real=0.00 secs] 
11.917: [GC 11.917: [DefNew: 960K->63K(960K), 0.0032144 secs] 198495K->198173K(524224K), 0.0032822 secs] [Times: user=0.00 sys=0.00, real=0.00 secs] 
11.921: [GC 11.921: [DefNew: 959K->63K(960K), 0.0032971 secs] 199070K->198711K(524224K), 0.0033640 secs] [Times: user=0.00 sys=0.00, real=0.00 secs] 
11.926: [GC 11.926: [DefNew: 959K->64K(960K), 0.0032755 secs] 199607K->199308K(524224K), 0.0033462 secs] [Times: user=0.00 sys=0.00, real=0.00 secs] 
11.931: [GC 11.931: [DefNew: 960K->64K(960K), 0.0034535 secs] 200204K->199829K(524224K), 0.0035185 secs] [Times: user=0.00 sys=0.00, real=0.00 secs] 
11.936: [GC 11.936: [DefNew: 960K->63K(960K), 0.0032144 secs] 200726K->200370K(524224K), 0.0032788 secs] [Times: user=0.00 sys=0.00, real=0.00 secs] 
11.941: [GC 11.941: [DefNew: 959K->64K(960K), 0.0031831 secs] 201269K->200963K(524224K), 0.0032466 secs] [Times: user=0.00 sys=0.00, real=0.00 secs] 
11.945: [GC 11.945: [DefNew: 960K->63K(960K), 0.0035786 secs] 201862K->201543K(524224K), 0.0036489 secs] [Times: user=0.02 sys=0.00, real=0.00 secs] 
11.951: [GC 11.951: [DefNew: 959K->64K(960K), 0.0034670 secs] 202440K->202172K(524224K), 0.0035310 secs] [Times: user=0.00 sys=0.00, real=0.00 secs] 
11.956: [GC 11.956: [DefNew: 960K->64K(960K), 0.0034925 secs] 203070K->202771K(524224K), 0.0035594 secs] [Times: user=0.00 sys=0.00, real=0.00 secs] 
11.962: [GC 11.962: [DefNew: 960K->63K(960K), 0.0032254 secs] 203668K->203365K(524224K), 0.0032880 secs] [Times: user=0.02 sys=0.00, real=0.00 secs] 
11.967: [GC 11.967: [DefNew: 959K->64K(960K), 0.0034732 secs] 204263K->203958K(524224K), 0.0035387 secs] [Times: user=0.00 sys=0.00, real=0.00 secs] 
11.972: [GC 11.972: [DefNew: 960K->63K(960K), 0.0033058 secs] 204854K->204521K(524224K), 0.0033698 secs] [Times: user=0.00 sys=0.00, real=0.00 secs] 
11.977: [GC 11.977: [DefNew: 959K->64K(960K), 0.0033674 secs] 205418K->205089K(524224K), 0.0034328 secs] [Times: user=0.01 sys=0.00, real=0.00 secs] 
11.981: [GC 11.981: [DefNew: 960K->64K(960K), 0.0033963 secs] 205985K->205615K(524224K), 0.0034511 secs] [Times: user=0.00 sys=0.00, real=0.00 secs] 
11.986: [GC 11.986: [DefNew: 960K->63K(960K), 0.0033491 secs] 206511K->206195K(524224K), 0.0034165 secs] [Times: user=0.00 sys=0.00, real=0.00 secs] 
11.992: [GC 11.992: [DefNew: 959K->63K(960K), 0.0035151 secs] 207092K->206749K(524224K), 0.0035873 secs] [Times: user=0.02 sys=0.00, real=0.00 secs] 
11.997: [GC 11.997: [DefNew: 959K->63K(960K), 0.0033135 secs] 207646K->207345K(524224K), 0.0033823 secs] [Times: user=0.00 sys=0.00, real=0.00 secs] 
12.003: [GC 12.003: [DefNew: 959K->64K(960K), 0.0037033 secs] 208243K->207899K(524224K), 0.0037740 secs] [Times: user=0.00 sys=0.00, real=0.00 secs] 
12.010: [GC 12.010: [DefNew: 960K->63K(960K), 0.0035257 secs] 208796K->208473K(524224K), 0.0035998 secs] [Times: user=0.00 sys=0.00, real=0.00 secs] 
12.015: [GC 12.015: [DefNew: 959K->63K(960K), 0.0034785 secs] 209370K->209052K(524224K), 0.0035440 secs] [Times: user=0.00 sys=0.00, real=0.00 secs] 
12.020: [GC 12.020: [DefNew: 959K->63K(960K), 0.0034535 secs] 209949K->209621K(524224K), 0.0035204 secs] [Times: user=0.00 sys=0.00, real=0.00 secs] 
12.026: [GC 12.026: [DefNew: 959K->63K(960K), 0.0034925 secs] 210517K->210201K(524224K), 0.0035632 secs] [Times: user=0.00 sys=0.00, real=0.00 secs] 
12.032: [GC 12.032: [DefNew: 959K->64K(960K), 0.0035132 secs] 211097K->210736K(524224K), 0.0035676 secs] [Times: user=0.00 sys=0.00, real=0.00 secs] 
12.037: [GC 12.037: [DefNew: 960K->64K(960K), 0.0035344 secs] 211633K->211304K(524224K), 0.0035945 secs] [Times: user=0.00 sys=0.00, real=0.00 secs] 
12.043: [GC 12.043: [DefNew: 960K->64K(960K), 0.0033255 secs] 212203K->211894K(524224K), 0.0033881 secs] [Times: user=0.00 sys=0.00, real=0.00 secs] 
12.047: [GC 12.047: [DefNew: 960K->64K(960K), 0.0034521 secs] 212790K->212462K(524224K), 0.0035113 secs] [Times: user=0.00 sys=0.00, real=0.00 secs] 
12.053: [GC 12.053: [DefNew: 960K->64K(960K), 0.0035820 secs] 213358K->213037K(524224K), 0.0036494 secs] [Times: user=0.02 sys=0.00, real=0.00 secs] 
12.058: [GC 12.058: [DefNew: 960K->64K(960K), 0.0037307 secs] 213933K->213610K(524224K), 0.0038014 secs] [Times: user=0.00 sys=0.00, real=0.00 secs] 
12.064: [GC 12.064: [DefNew: 960K->64K(960K), 0.0034083 secs] 214506K->214193K(524224K), 0.0034699 secs] [Times: user=0.00 sys=0.00, real=0.00 secs] 
12.069: [GC 12.069: [DefNew: 960K->63K(960K), 0.0036619 secs] 215090K->214741K(524224K), 0.0037283 secs] [Times: user=0.02 sys=0.00, real=0.00 secs] 
12.074: [GC 12.074: [DefNew: 959K->63K(960K), 0.0033741 secs] 215639K->215328K(524224K), 0.0034396 secs] [Times: user=0.00 sys=0.00, real=0.00 secs] 
12.079: [GC 12.079: [DefNew: 959K->63K(960K), 0.0032856 secs] 216225K->215889K(524224K), 0.0033438 secs] [Times: user=0.00 sys=0.00, real=0.00 secs] 
12.083: [GC 12.083: [DefNew: 959K->64K(960K), 0.0034285 secs] 216785K->216440K(524224K), 0.0034915 secs] [Times: user=0.00 sys=0.00, real=0.00 secs] 
12.088: [GC 12.088: [DefNew: 960K->64K(960K), 0.0035464 secs] 217339K->216995K(524224K), 0.0036176 secs] [Times: user=0.00 sys=0.00, real=0.00 secs] 
12.093: [GC 12.093: [DefNew: 960K->64K(960K), 0.0032851 secs] 217892K->217577K(524224K), 0.0033491 secs] [Times: user=0.00 sys=0.00, real=0.00 secs] 
12.098: [GC 12.098: [DefNew: 960K->63K(960K), 0.0035377 secs] 218473K->218162K(524224K), 0.0036022 secs] [Times: user=0.00 sys=0.00, real=0.00 secs] 
12.104: [GC 12.104: [DefNew: 959K->63K(960K), 0.0035016 secs] 219059K->218725K(524224K), 0.0035728 secs] [Times: user=0.00 sys=0.00, real=0.00 secs] 
12.109: [GC 12.109: [DefNew: 959K->63K(960K), 0.0032192 secs] 219621K->219295K(524224K), 0.0032875 secs] [Times: user=0.00 sys=0.00, real=0.00 secs] 
12.114: [GC 12.114: [DefNew: 959K->63K(960K), 0.0034372 secs] 220193K->219859K(524224K), 0.0034959 secs] [Times: user=0.00 sys=0.00, real=0.00 secs] 
12.120: [GC 12.120: [DefNew: 959K->63K(960K), 0.0036624 secs] 220756K->220446K(524224K), 0.0037288 secs] [Times: user=0.00 sys=0.00, real=0.00 secs] 
12.125: [GC 12.125: [DefNew: 959K->64K(960K), 0.0036118 secs] 221342K->221000K(524224K), 0.0036792 secs] [Times: user=0.00 sys=0.00, real=0.00 secs] 
12.130: [GC 12.130: [DefNew: 960K->64K(960K), 0.0034040 secs] 221896K->221553K(524224K), 0.0034622 secs] [Times: user=0.00 sys=0.00, real=0.00 secs] 
12.136: [GC 12.136: [DefNew: 960K->64K(960K), 0.0033332 secs] 222450K->222114K(524224K), 0.0034083 secs] [Times: user=0.00 sys=0.00, real=0.00 secs] 
12.142: [GC 12.142: [DefNew: 960K->64K(960K), 0.0035627 secs] 223010K->222690K(524224K), 0.0036311 secs] [Times: user=0.00 sys=0.00, real=0.00 secs] 
12.147: [GC 12.147: [DefNew: 960K->64K(960K), 0.0035103 secs] 223586K->223257K(524224K), 0.0035757 secs] [Times: user=0.02 sys=0.00, real=0.00 secs] 
12.153: [GC 12.153: [DefNew: 960K->64K(960K), 0.0034169 secs] 224153K->223817K(524224K), 0.0034829 secs] [Times: user=0.00 sys=0.00, real=0.00 secs] 
12.158: [GC 12.158: [DefNew: 960K->64K(960K), 0.0033048 secs] 224714K->224386K(524224K), 0.0033659 secs] [Times: user=0.00 sys=0.00, real=0.00 secs] 
12.163: [GC 12.163: [DefNew: 960K->63K(960K), 0.0034420 secs] 225283K->224954K(524224K), 0.0035021 secs] [Times: user=0.02 sys=0.00, real=0.00 secs] 
12.169: [GC 12.169: [DefNew: 959K->64K(960K), 0.0035584 secs] 225850K->225514K(524224K), 0.0036205 secs] [Times: user=0.00 sys=0.00, real=0.00 secs] 
12.174: [GC 12.174: [DefNew: 960K->63K(960K), 0.0036311 secs] 226411K->226097K(524224K), 0.0037114 secs] [Times: user=0.00 sys=0.00, real=0.00 secs] 
12.180: [GC 12.180: [DefNew: 959K->64K(960K), 0.0037033 secs] 226994K->226698K(524224K), 0.0037754 secs] [Times: user=0.02 sys=0.00, real=0.00 secs] 
12.185: [GC 12.185: [DefNew: 960K->63K(960K), 0.0039265 secs] 227594K->227296K(524224K), 0.0040035 secs] [Times: user=0.00 sys=0.00, real=0.00 secs] 
12.191: [GC 12.191: [DefNew: 959K->63K(960K), 0.0034237 secs] 228193K->227898K(524224K), 0.0034930 secs] [Times: user=0.00 sys=0.00, real=0.00 secs] 
12.196: [GC 12.196: [DefNew: 959K->63K(960K), 0.0035743 secs] 228794K->228477K(524224K), 0.0038611 secs] [Times: user=0.02 sys=0.00, real=0.00 secs] 
12.202: [GC 12.202: [DefNew: 959K->63K(960K), 0.0034896 secs] 229374K->229057K(524224K), 0.0035570 secs] [Times: user=0.00 sys=0.00, real=0.00 secs] 
12.207: [GC 12.207: [DefNew: 959K->64K(960K), 0.0034242 secs] 229954K->229615K(524224K), 0.0034882 secs] [Times: user=0.00 sys=0.00, real=0.00 secs] 
12.214: [GC 12.214: [DefNew: 960K->64K(960K), 0.0035339 secs] 230513K->230239K(524224K), 0.0036070 secs] [Times: user=0.00 sys=0.00, real=0.00 secs] 
12.220: [GC 12.220: [DefNew: 960K->63K(960K), 0.0035753 secs] 231136K->230823K(524224K), 0.0036450 secs] [Times: user=0.00 sys=0.00, real=0.00 secs] 
12.225: [GC 12.225: [DefNew: 959K->63K(960K), 0.0038943 secs] 231720K->231392K(524224K), 0.0039617 secs] [Times: user=0.02 sys=0.00, real=0.00 secs] 
12.231: [GC 12.231: [DefNew: 959K->64K(960K), 0.0036229 secs] 232288K->231995K(524224K), 0.0036917 secs] [Times: user=0.00 sys=0.00, real=0.00 secs] 
12.236: [GC 12.236: [DefNew: 960K->63K(960K), 0.0033077 secs] 232891K->232544K(524224K), 0.0033813 secs] [Times: user=0.00 sys=0.00, real=0.00 secs] 
12.242: [GC 12.242: [DefNew: 959K->64K(960K), 0.0039727 secs] 233442K->233125K(524224K), 0.0040439 secs] [Times: user=0.01 sys=0.00, real=0.00 secs] 
12.247: [GC 12.247: [DefNew: 960K->63K(960K), 0.0035671 secs] 234021K->233667K(524224K), 0.0036503 secs] [Times: user=0.00 sys=0.00, real=0.00 secs] 
12.253: [GC 12.253: [DefNew: 959K->64K(960K), 0.0036580 secs] 234565K->234263K(524224K), 0.0037278 secs] [Times: user=0.00 sys=0.00, real=0.00 secs] 
12.259: [GC 12.259: [DefNew: 960K->63K(960K), 0.0039092 secs] 235160K->234843K(524224K), 0.0039785 secs] [Times: user=0.00 sys=0.00, real=0.00 secs] 
12.264: [GC 12.264: [DefNew: 959K->63K(960K), 0.0034160 secs] 235739K->235405K(524224K), 0.0034829 secs] [Times: user=0.00 sys=0.00, real=0.00 secs] 
12.270: [GC 12.270: [DefNew: 959K->63K(960K), 0.0037273 secs] 236302K->235988K(524224K), 0.0037995 secs] [Times: user=0.00 sys=0.00, real=0.00 secs] 
12.275: [GC 12.275: [DefNew: 959K->64K(960K), 0.0035036 secs] 236886K->236554K(524224K), 0.0035704 secs] [Times: user=0.00 sys=0.00, real=0.00 secs] 
12.281: [GC 12.281: [DefNew: 960K->64K(960K), 0.0036701 secs] 237450K->237137K(524224K), 0.0037389 secs] [Times: user=0.00 sys=0.00, real=0.00 secs] 
12.287: [GC 12.287: [DefNew: 960K->63K(960K), 0.0041594 secs] 238035K->237730K(524224K), 0.0042287 secs] [Times: user=0.02 sys=0.00, real=0.00 secs] 
12.293: [GC 12.293: [DefNew: 959K->64K(960K), 0.0037783 secs] 238628K->238332K(524224K), 0.0038486 secs] [Times: user=0.00 sys=0.00, real=0.00 secs] 
12.299: [GC 12.299: [DefNew: 960K->63K(960K), 0.0035319 secs] 239230K->238900K(524224K), 0.0035935 secs] [Times: user=0.00 sys=0.00, real=0.00 secs] 
12.304: [GC 12.304: [DefNew: 959K->63K(960K), 0.0051305 secs] 239797K->239465K(524224K), 0.0052017 secs] [Times: user=0.01 sys=0.00, real=0.01 secs] 
12.313: [GC 12.313: [DefNew: 959K->63K(960K), 0.0039198 secs] 240363K->240139K(524224K), 0.0040127 secs] [Times: user=0.00 sys=0.00, real=0.00 secs] 
12.318: [GC 12.318: [DefNew: 959K->63K(960K), 0.0053239 secs] 241035K->240707K(524224K), 0.0053956 secs] [Times: user=0.02 sys=0.00, real=0.01 secs] 
12.326: [GC 12.326: [DefNew: 959K->64K(960K), 0.0035372 secs] 241604K->241336K(524224K), 0.0036051 secs] [Times: user=0.00 sys=0.00, real=0.00 secs] 
12.331: [GC 12.331: [DefNew: 960K->64K(960K), 0.0037668 secs] 242232K->241922K(524224K), 0.0038288 secs] [Times: user=0.00 sys=0.00, real=0.00 secs] 
12.337: [GC 12.337: [DefNew: 960K->64K(960K), 0.0044207 secs] 242819K->242502K(524224K), 0.0044881 secs] [Times: user=0.00 sys=0.00, real=0.00 secs] 
12.344: [GC 12.344: [DefNew: 960K->63K(960K), 0.0039352 secs] 243400K->243140K(524224K), 0.0040083 secs] [Times: user=0.00 sys=0.00, real=0.00 secs] 
12.349: [GC 12.349: [DefNew: 959K->63K(960K), 0.0037230 secs] 244036K->243705K(524224K), 0.0037879 secs] [Times: user=0.02 sys=0.00, real=0.00 secs] 
12.355: [GC 12.355: [DefNew: 959K->64K(960K), 0.0037552 secs] 244602K->244277K(524224K), 0.0038279 secs] [Times: user=0.00 sys=0.00, real=0.00 secs] 
12.360: [GC 12.360: [DefNew: 960K->64K(960K), 0.0036571 secs] 245173K->244859K(524224K), 0.0037230 secs] [Times: user=0.00 sys=0.00, real=0.00 secs] 
12.366: [GC 12.366: [DefNew: 960K->64K(960K), 0.0040930 secs] 245755K->245471K(524224K), 0.0041565 secs] [Times: user=0.02 sys=0.00, real=0.00 secs] 
12.372: [GC 12.372: [DefNew: 960K->64K(960K), 0.0036474 secs] 246368K->246067K(524224K), 0.0037177 secs] [Times: user=0.00 sys=0.00, real=0.00 secs] 
12.377: [GC 12.377: [DefNew: 960K->64K(960K), 0.0036749 secs] 246963K->246685K(524224K), 0.0037451 secs] [Times: user=0.00 sys=0.00, real=0.00 secs] 
12.383: [GC 12.383: [DefNew: 960K->63K(960K), 0.0035810 secs] 247583K->247262K(524224K), 0.0036508 secs] [Times: user=0.02 sys=0.00, real=0.00 secs] 
12.388: [GC 12.388: [DefNew: 959K->63K(960K), 0.0036142 secs] 248159K->247831K(524224K), 0.0036888 secs] [Times: user=0.00 sys=0.00, real=0.00 secs] 
12.394: [GC 12.394: [DefNew: 959K->63K(960K), 0.0036426 secs] 248729K->248426K(524224K), 0.0037066 secs] [Times: user=0.00 sys=0.00, real=0.00 secs] 
12.399: [GC 12.399: [DefNew: 959K->64K(960K), 0.0042571 secs] 249322K->249004K(524224K), 0.0043216 secs] [Times: user=0.00 sys=0.00, real=0.00 secs] 
12.405: [GC 12.405: [DefNew: 960K->64K(960K), 0.0036931 secs] 249900K->249615K(524224K), 0.0037644 secs] [Times: user=0.00 sys=0.00, real=0.00 secs] 
12.410: [GC 12.410: [DefNew: 960K->63K(960K), 0.0037288 secs] 250511K->250144K(524224K), 0.0037961 secs] [Times: user=0.00 sys=0.00, real=0.00 secs] 
12.416: [GC 12.416: [DefNew: 959K->64K(960K), 0.0037124 secs] 251042K->250755K(524224K), 0.0037774 secs] [Times: user=0.00 sys=0.00, real=0.00 secs] 
12.422: [GC 12.422: [DefNew: 960K->64K(960K), 0.0044428 secs] 251651K->251323K(524224K), 0.0045179 secs] [Times: user=0.00 sys=0.00, real=0.00 secs] 
12.428: [GC 12.428: [DefNew: 960K->64K(960K), 0.0036946 secs] 252220K->251954K(524224K), 0.0037634 secs] [Times: user=0.01 sys=0.00, real=0.00 secs] 
12.434: [GC 12.434: [DefNew: 960K->63K(960K), 0.0038986 secs] 252852K->252542K(524224K), 0.0039684 secs] [Times: user=0.00 sys=0.00, real=0.00 secs] 
12.439: [GC 12.439: [DefNew: 959K->63K(960K), 0.0039737 secs] 253440K->253159K(524224K), 0.0040386 secs] [Times: user=0.00 sys=0.00, real=0.00 secs] 
12.445: [GC 12.445: [DefNew: 959K->64K(960K), 0.0037600 secs] 254057K->253766K(524224K), 0.0038303 secs] [Times: user=0.02 sys=0.00, real=0.00 secs] 
12.450: [GC 12.450: [DefNew: 960K->63K(960K), 0.0037081 secs] 254662K->254319K(524224K), 0.0037798 secs] [Times: user=0.00 sys=0.00, real=0.00 secs] 
12.456: [GC 12.456: [DefNew: 959K->63K(960K), 0.0036551 secs] 255215K->254912K(524224K), 0.0037355 secs] [Times: user=0.00 sys=0.00, real=0.00 secs] 
12.462: [GC 12.462: [DefNew: 959K->63K(960K), 0.0037057 secs] 255808K->255481K(524224K), 0.0037778 secs] [Times: user=0.00 sys=0.00, real=0.00 secs] 
12.467: [GC 12.467: [DefNew: 959K->63K(960K), 0.0037076 secs] 256377K->256052K(524224K), 0.0037740 secs] [Times: user=0.00 sys=0.00, real=0.00 secs] 
12.473: [GC 12.473: [DefNew: 959K->64K(960K), 0.0039328 secs] 256949K->256599K(524224K), 0.0039992 secs] [Times: user=0.02 sys=0.00, real=0.00 secs] 
12.479: [GC 12.479: [DefNew: 960K->64K(960K), 0.0037947 secs] 257495K->257200K(524224K), 0.0038625 secs] [Times: user=0.00 sys=0.00, real=0.00 secs] 
12.484: [GC 12.484: [DefNew: 960K->64K(960K), 0.0037408 secs] 258096K->257777K(524224K), 0.0038067 secs] [Times: user=0.00 sys=0.00, real=0.00 secs] 
12.489: [GC 12.489: [DefNew: 960K->63K(960K), 0.0047267 secs] 258673K->258351K(524224K), 0.0047941 secs] [Times: user=0.01 sys=0.00, real=0.01 secs] 
12.496: [GC 12.496: [DefNew: 959K->63K(960K), 0.0040993 secs] 259247K->258994K(524224K), 0.0041666 secs] [Times: user=0.00 sys=0.00, real=0.00 secs] 
12.502: [GC 12.502: [DefNew: 959K->63K(960K), 0.0036599 secs] 259890K->259568K(524224K), 0.0037326 secs] [Times: user=0.00 sys=0.00, real=0.00 secs] 
12.507: [GC 12.507: [DefNew: 959K->64K(960K), 0.0039472 secs] 260464K->260162K(524224K), 0.0040213 secs] [Times: user=0.02 sys=0.00, real=0.00 secs] 
12.513: [GC 12.513: [DefNew: 960K->63K(960K), 0.0039617 secs] 261058K->260758K(524224K), 0.0040314 secs] [Times: user=0.00 sys=0.00, real=0.00 secs] 
12.518: [GC 12.518: [DefNew: 959K->64K(960K), 0.0038909 secs] 261654K->261336K(524224K), 0.0039535 secs] [Times: user=0.00 sys=0.00, real=0.00 secs] 
12.524: [GC 12.524: [DefNew: 960K->64K(960K), 0.0035931 secs] 262232K->261923K(524224K), 0.0036672 secs] [Times: user=0.00 sys=0.00, real=0.00 secs] 
12.529: [GC 12.529: [DefNew: 960K->64K(960K), 0.0036186 secs] 262821K->262505K(524224K), 0.0036874 secs] [Times: user=0.00 sys=0.00, real=0.00 secs] 
12.535: [GC 12.535: [DefNew: 960K->63K(960K), 0.0036147 secs] 263401K->263066K(524224K), 0.0036864 secs] [Times: user=0.00 sys=0.00, real=0.00 secs] 
12.542: [GC 12.542: [DefNew: 959K->63K(960K), 0.0038784 secs] 263962K->263699K(524224K), 0.0039491 secs] [Times: user=0.00 sys=0.00, real=0.00 secs] 
12.547: [GC 12.547: [DefNew: 959K->63K(960K), 0.0037750 secs] 264595K->264269K(524224K), 0.0038442 secs] [Times: user=0.00 sys=0.00, real=0.00 secs] 
12.553: [GC 12.553: [DefNew: 959K->64K(960K), 0.0040704 secs] 265166K->264854K(524224K), 0.0041383 secs] [Times: user=0.01 sys=0.00, real=0.00 secs] 
12.558: [GC 12.558: [DefNew: 960K->63K(960K), 0.0039054 secs] 265753K->265425K(524224K), 0.0039751 secs] [Times: user=0.00 sys=0.00, real=0.00 secs] 
12.564: [GC 12.564: [DefNew: 959K->64K(960K), 0.0038043 secs] 266323K->266034K(524224K), 0.0038707 secs] [Times: user=0.00 sys=0.00, real=0.00 secs] 
12.569: [GC 12.569: [DefNew: 960K->64K(960K), 0.0042812 secs] 266931K->266596K(524224K), 0.0043490 secs] [Times: user=0.02 sys=0.00, real=0.00 secs] 
12.575: [GC 12.575: [DefNew: 960K->63K(960K), 0.0037745 secs] 267494K->267202K(524224K), 0.0038375 secs] [Times: user=0.00 sys=0.00, real=0.00 secs] 
12.581: [GC 12.581: [DefNew: 959K->63K(960K), 0.0036912 secs] 268100K->267808K(524224K), 0.0037499 secs] [Times: user=0.00 sys=0.00, real=0.00 secs] 
12.586: [GC 12.586: [DefNew: 959K->63K(960K), 0.0038596 secs] 268705K->268379K(524224K), 0.0039313 secs] [Times: user=0.02 sys=0.00, real=0.00 secs] 
12.592: [GC 12.592: [DefNew: 959K->63K(960K), 0.0040122 secs] 269277K->268979K(524224K), 0.0040805 secs] [Times: user=0.00 sys=0.00, real=0.00 secs] 
12.597: [GC 12.597: [DefNew: 959K->63K(960K), 0.0037355 secs] 269875K->269559K(524224K), 0.0038019 secs] [Times: user=0.00 sys=0.00, real=0.00 secs] 
12.603: [GC 12.603: [DefNew: 959K->63K(960K), 0.0037740 secs] 270456K->270120K(524224K), 0.0038428 secs] [Times: user=0.00 sys=0.00, real=0.00 secs] 
12.608: [GC 12.608: [DefNew: 959K->64K(960K), 0.0037220 secs] 271017K->270700K(524224K), 0.0037846 secs] [Times: user=0.00 sys=0.00, real=0.00 secs] 
12.614: [GC 12.614: [DefNew: 960K->64K(960K), 0.0042638 secs] 271599K->271304K(524224K), 0.0043278 secs] [Times: user=0.01 sys=0.00, real=0.00 secs] 
12.621: [GC 12.621: [DefNew: 960K->63K(960K), 0.0039386 secs] 272201K->271925K(524224K), 0.0040059 secs] [Times: user=0.00 sys=0.00, real=0.00 secs] 
12.626: [GC 12.626: [DefNew: 959K->63K(960K), 0.0042148 secs] 272823K->272488K(524224K), 0.0042841 secs] [Times: user=0.00 sys=0.00, real=0.00 secs] 
12.632: [GC 12.632: [DefNew: 959K->63K(960K), 0.0040069 secs] 273386K->273157K(524224K), 0.0040762 secs] [Times: user=0.02 sys=0.00, real=0.00 secs] 
12.637: [GC 12.637: [DefNew: 959K->64K(960K), 0.0037042 secs] 274055K->273739K(524224K), 0.0037754 secs] [Times: user=0.00 sys=0.00, real=0.00 secs] 
12.643: [GC 12.643: [DefNew: 960K->63K(960K), 0.0038693 secs] 274638K->274346K(524224K), 0.0039414 secs] [Times: user=0.00 sys=0.00, real=0.00 secs] 
12.648: [GC 12.648: [DefNew: 959K->64K(960K), 0.0041955 secs] 275242K->274907K(524224K), 0.0042648 secs] [Times: user=0.01 sys=0.00, real=0.00 secs] 
12.655: [GC 12.655: [DefNew: 960K->63K(960K), 0.0039429 secs] 275805K->275526K(524224K), 0.0040247 secs] [Times: user=0.00 sys=0.00, real=0.00 secs] 
12.661: [GC 12.661: [DefNew: 959K->64K(960K), 0.0039799 secs] 276424K->276136K(524224K), 0.0040449 secs] [Times: user=0.02 sys=0.00, real=0.00 secs] 
12.666: [GC 12.666: [DefNew: 960K->64K(960K), 0.0040704 secs] 277034K->276701K(524224K), 0.0041869 secs] [Times: user=0.00 sys=0.00, real=0.00 secs] 
12.672: [GC 12.672: [DefNew: 960K->63K(960K), 0.0038057 secs] 277600K->277290K(524224K), 0.0038746 secs] [Times: user=0.00 sys=0.00, real=0.00 secs] 
12.678: [GC 12.678: [DefNew: 959K->63K(960K), 0.0040540 secs] 278188K->277901K(524224K), 0.0041238 secs] [Times: user=0.02 sys=0.00, real=0.00 secs] 
12.684: [GC 12.684: [DefNew: 959K->64K(960K), 0.0040670 secs] 278797K->278492K(524224K), 0.0041354 secs] [Times: user=0.00 sys=0.00, real=0.00 secs] 
12.689: [GC 12.689: [DefNew: 960K->63K(960K), 0.0037504 secs] 279389K->279038K(524224K), 0.0038149 secs] [Times: user=0.00 sys=0.00, real=0.00 secs] 
12.695: [GC 12.695: [DefNew: 959K->64K(960K), 0.0041729 secs] 279936K->279639K(524224K), 0.0042417 secs] [Times: user=0.01 sys=0.00, real=0.00 secs] 
12.701: [GC 12.701: [DefNew: 960K->63K(960K), 0.0040040 secs] 280537K->280249K(524224K), 0.0040699 secs] [Times: user=0.00 sys=0.00, real=0.00 secs] 
12.706: [GC 12.706: [DefNew: 959K->63K(960K), 0.0038717 secs] 281146K->280809K(524224K), 0.0039381 secs] [Times: user=0.00 sys=0.00, real=0.00 secs] 
12.712: [GC 12.712: [DefNew: 959K->63K(960K), 0.0039573 secs] 281705K->281394K(524224K), 0.0040257 secs] [Times: user=0.00 sys=0.00, real=0.00 secs] 
12.717: [GC 12.717: [DefNew: 959K->64K(960K), 0.0037798 secs] 282290K->281979K(524224K), 0.0038462 secs] [Times: user=0.00 sys=0.00, real=0.00 secs] 
12.723: [GC 12.723: [DefNew: 960K->64K(960K), 0.0038534 secs] 282876K->282557K(524224K), 0.0039164 secs] [Times: user=0.02 sys=0.00, real=0.00 secs] 
12.729: [GC 12.729: [DefNew: 960K->64K(960K), 0.0039761 secs] 283455K->283146K(524224K), 0.0040449 secs] [Times: user=0.00 sys=0.00, real=0.00 secs] 
12.735: [GC 12.735: [DefNew: 960K->63K(960K), 0.0035926 secs] 284042K->283698K(524224K), 0.0036599 secs] [Times: user=0.00 sys=0.00, real=0.00 secs] 
12.741: [GC 12.741: [DefNew: 959K->63K(960K), 0.0045689 secs] 284596K->284294K(524224K), 0.0046435 secs] [Times: user=0.01 sys=0.00, real=0.00 secs] 
12.747: [GC 12.747: [DefNew: 959K->64K(960K), 0.0039352 secs] 285192K->284883K(524224K), 0.0040026 secs] [Times: user=0.00 sys=0.00, real=0.00 secs] 
12.753: [GC 12.753: [DefNew: 960K->63K(960K), 0.0040343 secs] 285781K->285454K(524224K), 0.0041026 secs] [Times: user=0.00 sys=0.00, real=0.00 secs] 
12.760: [GC 12.760: [DefNew: 959K->64K(960K), 0.0039159 secs] 286350K->286049K(524224K), 0.0039876 secs] [Times: user=0.00 sys=0.00, real=0.00 secs] 
12.765: [GC 12.765: [DefNew: 960K->64K(960K), 0.0038866 secs] 286946K->286635K(524224K), 0.0039515 secs] [Times: user=0.00 sys=0.00, real=0.00 secs] 
12.770: [GC 12.770: [DefNew: 960K->64K(960K), 0.0038851 secs] 287532K->287200K(524224K), 0.0039540 secs] [Times: user=0.02 sys=0.00, real=0.00 secs] 
12.776: [GC 12.776: [DefNew: 960K->63K(960K), 0.0037932 secs] 288097K->287789K(524224K), 0.0038592 secs] [Times: user=0.00 sys=0.00, real=0.00 secs] 
12.782: [GC 12.782: [DefNew: 959K->63K(960K), 0.0040127 secs] 288685K->288397K(524224K), 0.0040800 secs] [Times: user=0.00 sys=0.00, real=0.00 secs] 
12.787: [GC 12.787: [DefNew: 959K->64K(960K), 0.0037894 secs] 289294K->288979K(524224K), 0.0038568 secs] [Times: user=0.02 sys=0.00, real=0.00 secs] 
12.793: [GC 12.793: [DefNew: 960K->64K(960K), 0.0038601 secs] 289876K->289578K(524224K), 0.0039193 secs] [Times: user=0.00 sys=0.00, real=0.00 secs] 
12.798: [GC 12.798: [DefNew: 960K->63K(960K), 0.0035882 secs] 290475K->290142K(524224K), 0.0036701 secs] [Times: user=0.00 sys=0.00, real=0.00 secs] 
12.804: [GC 12.804: [DefNew: 959K->63K(960K), 0.0039337 secs] 291038K->290740K(524224K), 0.0040021 secs] [Times: user=0.01 sys=0.00, real=0.00 secs] 
12.809: [GC 12.809: [DefNew: 959K->64K(960K), 0.0039347 secs] 291637K->291335K(524224K), 0.0040088 secs] [Times: user=0.00 sys=0.00, real=0.00 secs] 
12.815: [GC 12.815: [DefNew: 960K->64K(960K), 0.0039833 secs] 292231K->291934K(524224K), 0.0040468 secs] [Times: user=0.00 sys=0.00, real=0.00 secs] 
12.821: [GC 12.821: [DefNew: 960K->64K(960K), 0.0042937 secs] 292832K->292519K(524224K), 0.0043630 secs] [Times: user=0.00 sys=0.00, real=0.00 secs] 
12.826: [GC 12.826: [DefNew: 960K->63K(960K), 0.0038163 secs] 293416K->293100K(524224K), 0.0038784 secs] [Times: user=0.00 sys=0.00, real=0.00 secs] 
12.832: [GC 12.832: [DefNew: 959K->64K(960K), 0.0044390 secs] 293996K->293692K(524224K), 0.0045083 secs] [Times: user=0.02 sys=0.00, real=0.00 secs] 
12.838: [GC 12.838: [DefNew: 960K->63K(960K), 0.0040223 secs] 294590K->294291K(524224K), 0.0040930 secs] [Times: user=0.00 sys=0.00, real=0.00 secs] 
12.844: [GC 12.844: [DefNew: 959K->64K(960K), 0.0041344 secs] 295187K->294912K(524224K), 0.0042157 secs] [Times: user=0.00 sys=0.00, real=0.00 secs] 
12.849: [GC 12.849: [DefNew: 960K->64K(960K), 0.0043721 secs] 295809K->295489K(524224K), 0.0044385 secs] [Times: user=0.01 sys=0.00, real=0.00 secs] 
12.856: [GC 12.856: [DefNew: 960K->64K(960K), 0.0039968 secs] 296387K->296106K(524224K), 0.0040651 secs] [Times: user=0.00 sys=0.00, real=0.00 secs] 
12.862: [GC 12.862: [DefNew: 960K->64K(960K), 0.0040675 secs] 297003K->296687K(524224K), 0.0041416 secs] [Times: user=0.00 sys=0.00, real=0.00 secs] 
12.867: [GC 12.867: [DefNew: 960K->63K(960K), 0.0042176 secs] 297584K->297273K(524224K), 0.0042922 secs] [Times: user=0.00 sys=0.00, real=0.00 secs] 
12.875: [GC 12.875: [DefNew: 959K->63K(960K), 0.0041118 secs] 298170K->297894K(524224K), 0.0041835 secs] [Times: user=0.00 sys=0.00, real=0.00 secs] 
12.880: [GC 12.880: [DefNew: 959K->64K(960K), 0.0042321 secs] 298791K->298445K(524224K), 0.0043004 secs] [Times: user=0.02 sys=0.00, real=0.00 secs] 
12.886: [GC 12.886: [DefNew: 960K->64K(960K), 0.0044207 secs] 299342K->299130K(524224K), 0.0044919 secs] [Times: user=0.00 sys=0.00, real=0.00 secs] 
12.892: [GC 12.893: [DefNew: 960K->63K(960K), 0.0044664 secs] 300027K->299884K(524224K), 0.0045338 secs] [Times: user=0.00 sys=0.00, real=0.00 secs] 
12.899: [GC 12.899: [DefNew: 959K->64K(960K), 0.0042754 secs] 300780K->300509K(524224K), 0.0043452 secs] [Times: user=0.00 sys=0.00, real=0.00 secs] 
12.906: [GC 12.906: [DefNew: 960K->64K(960K), 0.0040074 secs] 301405K->301102K(524224K), 0.0040776 secs] [Times: user=0.00 sys=0.00, real=0.00 secs] 
12.911: [GC 12.911: [DefNew: 960K->64K(960K), 0.0037100 secs] 302000K->301657K(524224K), 0.0037817 secs] [Times: user=0.02 sys=0.00, real=0.00 secs] 
12.917: [GC 12.917: [DefNew: 960K->64K(960K), 0.0038827 secs] 302554K->302279K(524224K), 0.0039496 secs] [Times: user=0.00 sys=0.00, real=0.00 secs] 
12.922: [GC 12.922: [DefNew: 960K->63K(960K), 0.0042561 secs] 303175K->302869K(524224K), 0.0043250 secs] [Times: user=0.00 sys=0.00, real=0.00 secs] 
12.928: [GC 12.928: [DefNew: 959K->63K(960K), 0.0040723 secs] 303765K->303487K(524224K), 0.0041416 secs] [Times: user=0.01 sys=0.00, real=0.00 secs] 
12.933: [GC 12.933: [DefNew: 959K->64K(960K), 0.0041065 secs] 304385K->304084K(524224K), 0.0041806 secs] [Times: user=0.00 sys=0.00, real=0.00 secs] 
12.939: [GC 12.939: [DefNew: 960K->63K(960K), 0.0040820 secs] 304982K->304707K(524224K), 0.0041532 secs] [Times: user=0.00 sys=0.00, real=0.00 secs] 
12.945: [GC 12.945: [DefNew: 959K->63K(960K), 0.0043841 secs] 305604K->305318K(524224K), 0.0044611 secs] [Times: user=0.00 sys=0.00, real=0.00 secs] 
12.951: [GC 12.951: [DefNew: 959K->64K(960K), 0.0050929 secs] 306216K->305947K(524224K), 0.0051661 secs] [Times: user=0.00 sys=0.00, real=0.00 secs] 
12.958: [GC 12.958: [DefNew: 960K->63K(960K), 0.0043336 secs] 306844K->306558K(524224K), 0.0044034 secs] [Times: user=0.02 sys=0.00, real=0.00 secs] 
12.963: [GC 12.963: [DefNew: 959K->64K(960K), 0.0038803 secs] 307455K->307144K(524224K), 0.0039472 secs] [Times: user=0.00 sys=0.00, real=0.00 secs] 
12.969: [GC 12.969: [DefNew: 960K->64K(960K), 0.0042557 secs] 308040K->307737K(524224K), 0.0043336 secs] [Times: user=0.00 sys=0.00, real=0.00 secs] 
12.974: [GC 12.974: [DefNew: 960K->63K(960K), 0.0041152 secs] 308635K->308343K(524224K), 0.0041844 secs] [Times: user=0.02 sys=0.00, real=0.00 secs] 
12.981: [GC 12.981: [DefNew: 959K->63K(960K), 0.0043221 secs] 309240K->309067K(524224K), 0.0043938 secs] [Times: user=0.00 sys=0.00, real=0.00 secs] 
12.987: [GC 12.987: [DefNew: 959K->64K(960K), 0.0043716 secs] 309966K->309665K(524224K), 0.0044515 secs] [Times: user=0.00 sys=0.00, real=0.00 secs] 
12.993: [GC 12.993: [DefNew: 960K->63K(960K), 0.0043399 secs] 310564K->310331K(524224K), 0.0044101 secs] [Times: user=0.00 sys=0.00, real=0.00 secs] 
13.000: [GC 13.000: [DefNew: 959K->64K(960K), 0.0053850 secs] 311227K->310954K(524224K), 0.0054514 secs] [Times: user=0.00 sys=0.00, real=0.00 secs] 
13.007: [GC 13.007: [DefNew: 960K->63K(960K), 0.0045911 secs] 311850K->311526K(524224K), 0.0046637 secs] [Times: user=0.02 sys=0.00, real=0.00 secs] 
13.014: [GC 13.014: [DefNew: 959K->63K(960K), 0.0041594 secs] 312424K->312178K(524224K), 0.0042287 secs] [Times: user=0.00 sys=0.00, real=0.00 secs] 
13.019: [GC 13.019: [DefNew: 959K->63K(960K), 0.0042172 secs] 313075K->312832K(524224K), 0.0042845 secs] [Times: user=0.01 sys=0.00, real=0.00 secs] 
13.025: [GC 13.025: [DefNew: 959K->64K(960K), 0.0046012 secs] 313728K->313469K(524224K), 0.0046714 secs] [Times: user=0.00 sys=0.00, real=0.01 secs] 
13.032: [GC 13.032: [DefNew: 960K->64K(960K), 0.0042812 secs] 314366K->314076K(524224K), 0.0043485 secs] [Times: user=0.00 sys=0.00, real=0.00 secs] 
13.037: [GC 13.037: [DefNew: 960K->63K(960K), 0.0039020 secs] 314973K->314635K(524224K), 0.0039669 secs] [Times: user=0.02 sys=0.00, real=0.00 secs] 
13.043: [GC 13.043: [DefNew: 959K->64K(960K), 0.0038996 secs] 315532K->315246K(524224K), 0.0039689 secs] [Times: user=0.00 sys=0.00, real=0.00 secs] 
13.048: [GC 13.048: [DefNew: 960K->63K(960K), 0.0045006 secs] 316143K->315844K(524224K), 0.0045834 secs] [Times: user=0.00 sys=0.00, real=0.00 secs] 
13.055: [GC 13.055: [DefNew: 959K->63K(960K), 0.0048437 secs] 316740K->316517K(524224K), 0.0049139 secs] [Times: user=0.00 sys=0.00, real=0.01 secs] 
13.061: [GC 13.061: [DefNew: 959K->63K(960K), 0.0041358 secs] 317413K->317135K(524224K), 0.0042056 secs] [Times: user=0.00 sys=0.00, real=0.00 secs] 
13.067: [GC 13.067: [DefNew: 959K->64K(960K), 0.0042629 secs] 318033K->317729K(524224K), 0.0043351 secs] [Times: user=0.01 sys=0.00, real=0.00 secs] 
13.073: [GC 13.073: [DefNew: 960K->64K(960K), 0.0043885 secs] 318627K->318327K(524224K), 0.0044631 secs] [Times: user=0.00 sys=0.00, real=0.00 secs] 
13.079: [GC 13.079: [DefNew: 960K->63K(960K), 0.0042201 secs] 319226K->318926K(524224K), 0.0042855 secs] [Times: user=0.00 sys=0.00, real=0.00 secs] 
13.085: [GC 13.085: [DefNew: 959K->64K(960K), 0.0040550 secs] 319822K->319536K(524224K), 0.0041204 secs] [Times: user=0.02 sys=0.00, real=0.00 secs] 
13.090: [GC 13.090: [DefNew: 960K->64K(960K), 0.0042768 secs] 320433K->320119K(524224K), 0.0043461 secs] [Times: user=0.00 sys=0.00, real=0.00 secs] 
13.096: [GC 13.096: [DefNew: 960K->63K(960K), 0.0042860 secs] 321016K->320739K(524224K), 0.0043495 secs] [Times: user=0.00 sys=0.00, real=0.00 secs] 
13.101: [GC 13.101: [DefNew: 959K->63K(960K), 0.0042460 secs] 321635K->321350K(524224K), 0.0043144 secs] [Times: user=0.00 sys=0.00, real=0.00 secs] 
13.107: [GC 13.107: [DefNew: 959K->63K(960K), 0.0044005 secs] 322246K->321966K(524224K), 0.0044655 secs] [Times: user=0.00 sys=0.00, real=0.00 secs] 
13.114: [GC 13.114: [DefNew: 959K->64K(960K), 0.0042369 secs] 322862K->322557K(524224K), 0.0043100 secs] [Times: user=0.02 sys=0.00, real=0.00 secs] 
13.119: [GC 13.119: [DefNew: 960K->63K(960K), 0.0043610 secs] 323454K->323139K(524224K), 0.0044404 secs] [Times: user=0.00 sys=0.00, real=0.00 secs] 
13.126: [GC 13.126: [DefNew: 959K->64K(960K), 0.0054942 secs] 324037K->323784K(524224K), 0.0055780 secs] [Times: user=0.00 sys=0.00, real=0.00 secs] 
13.133: [GC 13.133: [DefNew: 960K->64K(960K), 0.0046344 secs] 324681K->324465K(524224K), 0.0047113 secs] [Times: user=0.00 sys=0.00, real=0.01 secs] 
13.140: [GC 13.140: [DefNew: 960K->64K(960K), 0.0056016 secs] 325362K->325186K(524224K), 0.0056853 secs] [Times: user=0.00 sys=0.00, real=0.01 secs] 
13.147: [GC 13.147: [DefNew: 960K->64K(960K), 0.0042932 secs] 326083K->325807K(524224K), 0.0043678 secs] [Times: user=0.02 sys=0.00, real=0.00 secs] 
13.153: [GC 13.153: [DefNew: 960K->63K(960K), 0.0043779 secs] 326703K->326411K(524224K), 0.0044472 secs] [Times: user=0.00 sys=0.00, real=0.00 secs] 
13.160: [GC 13.160: [DefNew: 959K->64K(960K), 0.0042966 secs] 327308K->327011K(524224K), 0.0043668 secs] [Times: user=0.02 sys=0.00, real=0.00 secs] 
13.165: [GC 13.165: [DefNew: 960K->63K(960K), 0.0039203 secs] 327907K->327601K(524224K), 0.0039852 secs] [Times: user=0.00 sys=0.00, real=0.00 secs] 
13.171: [GC 13.171: [DefNew: 959K->63K(960K), 0.0043942 secs] 328498K->328221K(524224K), 0.0044631 secs] [Times: user=0.00 sys=0.00, real=0.00 secs] 
13.177: [GC 13.177: [DefNew: 959K->64K(960K), 0.0042359 secs] 329119K->328861K(524224K), 0.0043014 secs] [Times: user=0.02 sys=0.00, real=0.00 secs] 
13.183: [GC 13.183: [DefNew: 960K->64K(960K), 0.0043254 secs] 329757K->329476K(524224K), 0.0043933 secs] [Times: user=0.00 sys=0.00, real=0.00 secs] 
13.188: [GC 13.188: [DefNew: 960K->64K(960K), 0.0039414 secs] 330372K->330055K(524224K), 0.0040078 secs] [Times: user=0.00 sys=0.00, real=0.00 secs] 
13.194: [GC 13.194: [DefNew: 960K->63K(960K), 0.0042239 secs] 330953K->330653K(524224K), 0.0042913 secs] [Times: user=0.02 sys=0.00, real=0.00 secs] 
13.200: [GC 13.200: [DefNew: 959K->63K(960K), 0.0042590 secs] 331550K->331257K(524224K), 0.0043259 secs] [Times: user=0.00 sys=0.00, real=0.00 secs] 
13.205: [GC 13.205: [DefNew: 959K->63K(960K), 0.0041238 secs] 332155K->331855K(524224K), 0.0041777 secs] [Times: user=0.00 sys=0.00, real=0.00 secs] 
13.211: [GC 13.211: [DefNew: 959K->64K(960K), 0.0039208 secs] 332751K->332463K(524224K), 0.0039862 secs] [Times: user=0.00 sys=0.00, real=0.00 secs] 
13.216: [GC 13.216: [DefNew: 960K->64K(960K), 0.0045680 secs] 333359K->333093K(524224K), 0.0046430 secs] [Times: user=0.00 sys=0.00, real=0.01 secs] 
13.223: [GC 13.223: [DefNew: 960K->63K(960K), 0.0044727 secs] 333990K->333703K(524224K), 0.0045434 secs] [Times: user=0.02 sys=0.00, real=0.00 secs] 
13.229: [GC 13.230: [DefNew: 959K->64K(960K), 0.0045155 secs] 334601K->334348K(524224K), 0.0045949 secs] [Times: user=0.00 sys=0.00, real=0.01 secs] 
13.236: [GC 13.236: [DefNew: 960K->63K(960K), 0.0042311 secs] 335244K->334961K(524224K), 0.0043033 secs] [Times: user=0.00 sys=0.00, real=0.00 secs] 
13.242: [GC 13.242: [DefNew: 959K->63K(960K), 0.0044525 secs] 335859K->335545K(524224K), 0.0045194 secs] [Times: user=0.00 sys=0.00, real=0.00 secs] 
13.248: [GC 13.248: [DefNew: 959K->64K(960K), 0.0044231 secs] 336444K->336155K(524224K), 0.0044895 secs] [Times: user=0.00 sys=0.00, real=0.00 secs] 
13.255: [GC 13.255: [DefNew: 960K->63K(960K), 0.0052440 secs] 337051K->336771K(524224K), 0.0053148 secs] [Times: user=0.01 sys=0.00, real=0.01 secs] 
13.262: [GC 13.262: [DefNew: 959K->64K(960K), 0.0040925 secs] 337668K->337400K(524224K), 0.0041594 secs] [Times: user=0.00 sys=0.00, real=0.00 secs] 
13.268: [GC 13.268: [DefNew: 960K->63K(960K), 0.0043865 secs] 338296K->338016K(524224K), 0.0044544 secs] [Times: user=0.00 sys=0.00, real=0.00 secs] 
13.275: [GC 13.275: [DefNew: 959K->63K(960K), 0.0041527 secs] 338912K->338607K(524224K), 0.0042220 secs] [Times: user=0.00 sys=0.00, real=0.00 secs] 
13.281: [GC 13.281: [DefNew: 959K->64K(960K), 0.0044876 secs] 339504K->339214K(524224K), 0.0046295 secs] [Times: user=0.00 sys=0.00, real=0.00 secs] 
13.288: [GC 13.288: [DefNew: 960K->64K(960K), 0.0042662 secs] 340112K->339861K(524224K), 0.0043365 secs] [Times: user=0.01 sys=0.00, real=0.00 secs] 
13.293: [GC 13.293: [DefNew: 960K->64K(960K), 0.0047383 secs] 340757K->340478K(524224K), 0.0048037 secs] [Times: user=0.00 sys=0.00, real=0.00 secs] 
13.300: [GC 13.300: [DefNew: 960K->64K(960K), 0.0044813 secs] 341374K->341090K(524224K), 0.0045482 secs] [Times: user=0.02 sys=0.00, real=0.00 secs] 
13.306: [GC 13.306: [DefNew: 960K->64K(960K), 0.0043861 secs] 341986K->341663K(524224K), 0.0044549 secs] [Times: user=0.00 sys=0.00, real=0.00 secs] 
13.313: [GC 13.313: [DefNew: 960K->63K(960K), 0.0043177 secs] 342559K->342310K(524224K), 0.0043870 secs] [Times: user=0.00 sys=0.00, real=0.00 secs] 
13.319: [GC 13.319: [DefNew: 959K->64K(960K), 0.0041960 secs] 343209K->342921K(524224K), 0.0042638 secs] [Times: user=0.02 sys=0.00, real=0.00 secs] 
13.325: [GC 13.325: [DefNew: 960K->64K(960K), 0.0040767 secs] 343818K->343546K(524224K), 0.0041392 secs] [Times: user=0.00 sys=0.00, real=0.00 secs] 
13.331: [GC 13.331: [DefNew: 960K->64K(960K), 0.0044000 secs] 344444K->344141K(524224K), 0.0044813 secs] [Times: user=0.02 sys=0.00, real=0.00 secs] 
13.337: [GC 13.337: [DefNew: 960K->63K(960K), 0.0041508 secs] 345037K->344739K(524224K), 0.0042229 secs] [Times: user=0.00 sys=0.00, real=0.00 secs] 
13.343: [GC 13.343: [DefNew: 959K->64K(960K), 0.0042460 secs] 345635K->345366K(524224K), 0.0043144 secs] [Times: user=0.00 sys=0.00, real=0.00 secs] 
13.348: [GC 13.348: [DefNew: 960K->63K(960K), 0.0044611 secs] 346264K->345944K(524224K), 0.0045261 secs] [Times: user=0.02 sys=0.00, real=0.00 secs] 
13.355: [GC 13.355: [DefNew: 959K->64K(960K), 0.0043148 secs] 346842K->346562K(524224K), 0.0043798 secs] [Times: user=0.00 sys=0.00, real=0.00 secs] 
13.360: [GC 13.360: [DefNew: 960K->64K(960K), 0.0041229 secs] 347458K->347159K(524224K), 0.0041897 secs] [Times: user=0.00 sys=0.00, real=0.00 secs] 
13.366: [GC 13.366: [DefNew: 960K->63K(960K), 0.0047470 secs] 348056K->347796K(524224K), 0.0048182 secs] [Times: user=0.02 sys=0.00, real=0.00 secs] 
13.373: [GC 13.373: [DefNew: 959K->63K(960K), 0.0043832 secs] 348694K->348398K(524224K), 0.0044457 secs] [Times: user=0.00 sys=0.00, real=0.00 secs] 
13.378: [GC 13.378: [DefNew: 959K->63K(960K), 0.0038813 secs] 349297K->348968K(524224K), 0.0039434 secs] [Times: user=0.02 sys=0.00, real=0.00 secs] 
13.384: [GC 13.384: [DefNew: 959K->63K(960K), 0.0045078 secs] 349866K->349576K(524224K), 0.0045790 secs] [Times: user=0.00 sys=0.00, real=0.01 secs] 
13.390: [GC 13.390: [DefNew: 959K->63K(960K), 0.0041869 secs] 350472K->350157K(524224K), 0.0042561 secs] [Times: user=0.00 sys=0.00, real=0.00 secs] 
13.396: [GC 13.396: [DefNew: 959K->63K(960K), 0.0042513 secs] 351054K->350792K(524224K), 0.0043177 secs] [Times: user=0.02 sys=0.00, real=0.00 secs] 
13.401: [GC 13.401: [DefNew: 959K->64K(960K), 0.0042643 secs] 351690K->351395K(524224K), 0.0043312 secs] [Times: user=0.00 sys=0.00, real=0.00 secs] 
13.408: [GC 13.408: [DefNew: 960K->64K(960K), 0.0041070 secs] 352293K->352017K(524224K), 0.0041734 secs] [Times: user=0.00 sys=0.00, real=0.00 secs] 
13.414: [GC 13.414: [DefNew: 960K->64K(960K), 0.0044231 secs] 352913K->352624K(524224K), 0.0044963 secs] [Times: user=0.00 sys=0.00, real=0.00 secs] 
13.420: [GC 13.420: [DefNew: 960K->64K(960K), 0.0043880 secs] 353522K->353251K(524224K), 0.0044568 secs] [Times: user=0.00 sys=0.00, real=0.00 secs] 
13.427: [GC 13.427: [DefNew: 960K->63K(960K), 0.0045631 secs] 354149K->353886K(524224K), 0.0046281 secs] [Times: user=0.01 sys=0.00, real=0.00 secs] 
13.433: [GC 13.433: [DefNew: 959K->63K(960K), 0.0043322 secs] 354782K->354498K(524224K), 0.0043981 secs] [Times: user=0.00 sys=0.00, real=0.00 secs] 
13.439: [GC 13.439: [DefNew: 959K->63K(960K), 0.0040656 secs] 355394K->355093K(524224K), 0.0041257 secs] [Times: user=0.00 sys=0.00, real=0.00 secs] 
13.444: [GC 13.444: [DefNew: 959K->63K(960K), 0.0041979 secs] 355990K->355697K(524224K), 0.0042619 secs] [Times: user=0.02 sys=0.00, real=0.00 secs] 
13.450: [GC 13.450: [DefNew: 959K->63K(960K), 0.0051420 secs] 356594K->356312K(524224K), 0.0052123 secs] [Times: user=0.00 sys=0.00, real=0.01 secs] 
13.456: [GC 13.456: [DefNew: 959K->64K(960K), 0.0042898 secs] 357210K->356905K(524224K), 0.0043529 secs] [Times: user=0.01 sys=0.00, real=0.00 secs] 
13.462: [GC 13.462: [DefNew: 960K->64K(960K), 0.0044039 secs] 357802K->357507K(524224K), 0.0044688 secs] [Times: user=0.00 sys=0.00, real=0.00 secs] 
13.469: [GC 13.469: [DefNew: 960K->63K(960K), 0.0042624 secs] 358405K->358153K(524224K), 0.0043307 secs] [Times: user=0.00 sys=0.00, real=0.00 secs] 
13.474: [GC 13.474: [DefNew: 959K->63K(960K), 0.0046565 secs] 359049K->358774K(524224K), 0.0047229 secs] [Times: user=0.02 sys=0.00, real=0.00 secs] 
13.481: [GC 13.481: [DefNew: 959K->64K(960K), 0.0042619 secs] 359670K->359410K(524224K), 0.0043259 secs] [Times: user=0.00 sys=0.00, real=0.00 secs] 
13.486: [GC 13.486: [DefNew: 960K->64K(960K), 0.0043067 secs] 360306K->360019K(524224K), 0.0043711 secs] [Times: user=0.00 sys=0.00, real=0.00 secs] 
13.494: [GC 13.494: [DefNew: 960K->64K(960K), 0.0042595 secs] 360917K->360681K(524224K), 0.0043269 secs] [Times: user=0.00 sys=0.00, real=0.00 secs] 
13.499: [GC 13.499: [DefNew: 960K->64K(960K), 0.0043947 secs] 361579K->361285K(524224K), 0.0044582 secs] [Times: user=0.00 sys=0.00, real=0.00 secs] 
13.505: [GC 13.505: [DefNew: 960K->63K(960K), 0.0047412 secs] 362183K->361892K(524224K), 0.0048095 secs] [Times: user=0.02 sys=0.00, real=0.01 secs] 
13.512: [GC 13.512: [DefNew: 959K->64K(960K), 0.0043230 secs] 362789K->362532K(524224K), 0.0043904 secs] [Times: user=0.00 sys=0.00, real=0.00 secs] 
13.517: [GC 13.517: [DefNew: 960K->64K(960K), 0.0046984 secs] 363428K->363103K(524224K), 0.0047657 secs] [Times: user=0.00 sys=0.00, real=0.00 secs] 
13.524: [GC 13.524: [DefNew: 960K->63K(960K), 0.0044746 secs] 364000K->363721K(524224K), 0.0045396 secs] [Times: user=0.00 sys=0.00, real=0.00 secs] 
13.530: [GC 13.530: [DefNew: 959K->63K(960K), 0.0071847 secs] 364617K->364289K(524224K), 0.0072761 secs] [Times: user=0.00 sys=0.00, real=0.01 secs] 
13.549: [GC 13.549: [DefNew: 959K->63K(960K), 0.0156002 secs] 365185K->365013K(524224K), 0.0156955 secs] [Times: user=0.00 sys=0.00, real=0.02 secs] 
13.568: [GC 13.568: [DefNew: 959K->64K(960K), 0.0061583 secs] 365910K->365662K(524224K), 0.0062810 secs] [Times: user=0.02 sys=0.00, real=0.01 secs] 
13.577: [GC 13.577: [DefNew: 960K->64K(960K), 0.0057262 secs] 366558K->366492K(524224K), 0.0058152 secs] [Times: user=0.00 sys=0.00, real=0.01 secs] 
13.584: [GC 13.584: [DefNew: 960K->63K(960K), 0.0057382 secs] 367390K->367260K(524224K), 0.0058320 secs] [Times: user=0.02 sys=0.00, real=0.01 secs] 
13.591: [GC 13.591: [DefNew: 959K->64K(960K), 0.0050111 secs] 368158K->367877K(524224K), 0.0050809 secs] [Times: user=0.00 sys=0.00, real=0.01 secs] 
13.598: [GC 13.598: [DefNew: 960K->64K(960K), 0.0045530 secs] 368773K->368497K(524224K), 0.0046204 secs] [Times: user=0.02 sys=0.00, real=0.00 secs] 
13.604: [GC 13.604: [DefNew: 960K->63K(960K), 0.0044323 secs] 369394K->369112K(524224K), 0.0044977 secs] [Times: user=0.00 sys=0.00, real=0.00 secs] 
13.611: [GC 13.611: [DefNew: 959K->63K(960K), 0.0045348 secs] 370011K->369755K(524224K), 0.0046031 secs] [Times: user=0.00 sys=0.00, real=0.00 secs] 
13.617: [GC 13.617: [DefNew: 959K->64K(960K), 0.0046791 secs] 370653K->370393K(524224K), 0.0047474 secs] [Times: user=0.00 sys=0.00, real=0.01 secs] 
13.624: [GC 13.624: [DefNew: 960K->64K(960K), 0.0046555 secs] 371291K->371020K(524224K), 0.0047263 secs] [Times: user=0.00 sys=0.00, real=0.01 secs] 
13.631: [GC 13.631: [DefNew: 960K->63K(960K), 0.0064085 secs] 371918K->371663K(524224K), 0.0065192 secs] [Times: user=0.02 sys=0.00, real=0.01 secs] 
13.641: [GC 13.641: [DefNew: 959K->63K(960K), 0.0074950 secs] 372559K->372522K(524224K), 0.0076490 secs] [Times: user=0.01 sys=0.00, real=0.01 secs] 
13.651: [GC 13.651: [DefNew: 959K->64K(960K), 0.0092615 secs] 373419K->373250K(524224K), 0.0093866 secs] [Times: user=0.00 sys=0.00, real=0.01 secs] 
13.667: [GC 13.667: [DefNew: 960K->63K(960K), 0.0085599 secs] 374146K->374117K(524224K), 0.0086557 secs] [Times: user=0.00 sys=0.00, real=0.01 secs] 
13.678: [GC 13.678: [DefNew: 959K->64K(960K), 0.0069604 secs] 375013K->374918K(524224K), 0.0070355 secs] [Times: user=0.02 sys=0.00, real=0.01 secs] 
13.686: [GC 13.686: [DefNew: 960K->63K(960K), 0.0115510 secs] 375815K->375602K(524224K), 0.0116448 secs] [Times: user=0.01 sys=0.00, real=0.01 secs] 
13.701: [GC 13.701: [DefNew: 959K->63K(960K), 0.0062406 secs] 376498K->376431K(524224K), 0.0063426 secs] [Times: user=0.00 sys=0.00, real=0.01 secs] 
13.709: [GC 13.709: [DefNew: 959K->64K(960K), 0.0054201 secs] 377327K->377090K(524224K), 0.0054962 secs] [Times: user=0.02 sys=0.00, real=0.01 secs] 
13.716: [GC 13.716: [DefNew: 960K->64K(960K), 0.0044948 secs] 377987K->377723K(524224K), 0.0045636 secs] [Times: user=0.00 sys=0.00, real=0.00 secs] 
13.723: [GC 13.723: [DefNew: 960K->64K(960K), 0.0051930 secs] 378621K->378459K(524224K), 0.0052801 secs] [Times: user=0.02 sys=0.00, real=0.01 secs] 
13.729: [GC 13.729: [DefNew: 960K->63K(960K), 0.0044505 secs] 379355K->379023K(524224K), 0.0045218 secs] [Times: user=0.00 sys=0.00, real=0.00 secs] 
13.736: [GC 13.736: [DefNew: 959K->63K(960K), 0.0053268 secs] 379919K->379687K(524224K), 0.0053961 secs] [Times: user=0.02 sys=0.00, real=0.01 secs] 
13.744: [GC 13.744: [DefNew: 959K->64K(960K), 0.0054914 secs] 380585K->380462K(524224K), 0.0055679 secs] [Times: user=0.00 sys=0.00, real=0.01 secs] 
13.751: [GC 13.751: [DefNew: 960K->63K(960K), 0.0052440 secs] 381358K->381098K(524224K), 0.0053177 secs] [Times: user=0.00 sys=0.00, real=0.00 secs] 
13.760: [GC 13.760: [DefNew: 959K->64K(960K), 0.0049919 secs] 381996K->381852K(524224K), 0.0050655 secs] [Times: user=0.00 sys=0.00, real=0.00 secs] 
13.766: [GC 13.766: [DefNew: 960K->64K(960K), 0.0049933 secs] 382749K->382449K(524224K), 0.0050660 secs] [Times: user=0.00 sys=0.00, real=0.01 secs] 
13.773: [GC 13.773: [DefNew: 960K->63K(960K), 0.0042836 secs] 383347K->383071K(524224K), 0.0043668 secs] [Times: user=0.00 sys=0.00, real=0.00 secs] 
13.779: [GC 13.779: [DefNew: 959K->63K(960K), 0.0047008 secs] 383968K->383777K(524224K), 0.0047734 secs] [Times: user=0.00 sys=0.00, real=0.01 secs] 
13.786: [GC 13.786: [DefNew: 959K->64K(960K), 0.0053792 secs] 384673K->384426K(524224K), 0.0054553 secs] [Times: user=0.02 sys=0.00, real=0.00 secs] 
13.793: [GC 13.793: [DefNew: 960K->63K(960K), 0.0044688 secs] 385323K->385020K(524224K), 0.0045367 secs] [Times: user=0.00 sys=0.00, real=0.00 secs] 
13.800: [GC 13.800: [DefNew: 959K->63K(960K), 0.0050727 secs] 385919K->385642K(524224K), 0.0051940 secs] [Times: user=0.02 sys=0.00, real=0.00 secs] 
13.807: [GC 13.807: [DefNew: 959K->64K(960K), 0.0049500 secs] 386540K->386279K(524224K), 0.0050227 secs] [Times: user=0.00 sys=0.00, real=0.00 secs] 
13.813: [GC 13.813: [DefNew: 960K->64K(960K), 0.0045521 secs] 387177K->386882K(524224K), 0.0046257 secs] [Times: user=0.00 sys=0.00, real=0.00 secs] 
13.820: [GC 13.820: [DefNew: 960K->64K(960K), 0.0049837 secs] 387779K->387619K(524224K), 0.0050621 secs] [Times: user=0.00 sys=0.00, real=0.00 secs] 
13.826: [GC 13.826: [DefNew: 960K->64K(960K), 0.0049149 secs] 388517K->388283K(524224K), 0.0049861 secs] [Times: user=0.00 sys=0.00, real=0.00 secs] 
13.833: [GC 13.833: [DefNew: 960K->63K(960K), 0.0052229 secs] 389180K->388906K(524224K), 0.0052912 secs] [Times: user=0.02 sys=0.00, real=0.00 secs] 
13.839: [GC 13.839: [DefNew: 959K->64K(960K), 0.0048822 secs] 389802K->389518K(524224K), 0.0049505 secs] [Times: user=0.00 sys=0.00, real=0.00 secs] 
13.846: [GC 13.846: [DefNew: 960K->64K(960K), 0.0048177 secs] 390414K->390256K(524224K), 0.0048865 secs] [Times: user=0.01 sys=0.00, real=0.00 secs] 
13.853: [GC 13.853: [DefNew: 960K->63K(960K), 0.0053951 secs] 391153K->390964K(524224K), 0.0054736 secs] [Times: user=0.00 sys=0.00, real=0.01 secs] 
13.860: [GC 13.860: [DefNew: 959K->64K(960K), 0.0047171 secs] 391861K->391630K(524224K), 0.0047850 secs] [Times: user=0.00 sys=0.00, real=0.01 secs] 
13.867: [GC 13.867: [DefNew: 960K->64K(960K), 0.0048706 secs] 392528K->392295K(524224K), 0.0049500 secs] [Times: user=0.00 sys=0.00, real=0.01 secs] 
13.873: [GC 13.873: [DefNew: 960K->64K(960K), 0.0050159 secs] 393193K->392914K(524224K), 0.0050852 secs] [Times: user=0.00 sys=0.00, real=0.01 secs] 
13.880: [GC 13.880: [DefNew: 960K->63K(960K), 0.0047210 secs] 393810K->393506K(524224K), 0.0047912 secs] [Times: user=0.02 sys=0.00, real=0.00 secs] 
13.886: [GC 13.886: [DefNew: 959K->63K(960K), 0.0050405 secs] 394402K->394117K(524224K), 0.0051184 secs] [Times: user=0.00 sys=0.00, real=0.00 secs] 
13.893: [GC 13.893: [DefNew: 959K->64K(960K), 0.0071419 secs] 395014K->394935K(524224K), 0.0072314 secs] [Times: user=0.01 sys=0.00, real=0.01 secs] 
13.903: [GC 13.903: [DefNew: 960K->63K(960K), 0.0066679 secs] 395833K->395714K(524224K), 0.0067521 secs] [Times: user=0.00 sys=0.00, real=0.01 secs] 
13.911: [GC 13.911: [DefNew: 959K->64K(960K), 0.0072905 secs] 396610K->396424K(524224K), 0.0073733 secs] [Times: user=0.02 sys=0.00, real=0.01 secs] 
13.921: [GC 13.921: [DefNew: 960K->64K(960K), 0.0058422 secs] 397321K->397249K(524224K), 0.0059307 secs] [Times: user=0.00 sys=0.00, real=0.01 secs] 
13.928: [GC 13.928: [DefNew: 960K->64K(960K), 0.0066717 secs] 398146K->397987K(524224K), 0.0067944 secs] [Times: user=0.00 sys=0.00, real=0.01 secs] 
13.937: [GC 13.937: [DefNew: 960K->63K(960K), 0.0048519 secs] 398883K->398610K(524224K), 0.0049207 secs] [Times: user=0.00 sys=0.00, real=0.01 secs] 
13.943: [GC 13.943: [DefNew: 959K->64K(960K), 0.0057969 secs] 399506K->399221K(524224K), 0.0058720 secs] [Times: user=0.02 sys=0.00, real=0.01 secs] 
13.951: [GC 13.951: [DefNew: 960K->64K(960K), 0.0057334 secs] 400117K->400027K(524224K), 0.0058205 secs] [Times: user=0.00 sys=0.00, real=0.01 secs] 
13.958: [GC 13.958: [DefNew: 960K->63K(960K), 0.0057416 secs] 400924K->400675K(524224K), 0.0058181 secs] [Times: user=0.02 sys=0.00, real=0.01 secs] 
13.966: [GC 13.966: [DefNew: 959K->63K(960K), 0.0060019 secs] 401571K->401376K(524224K), 0.0060856 secs] [Times: user=0.00 sys=0.00, real=0.01 secs] 
13.974: [GC 13.974: [DefNew: 959K->64K(960K), 0.0052638 secs] 402273K->402087K(524224K), 0.0053306 secs] [Times: user=0.02 sys=0.00, real=0.00 secs] 
13.980: [GC 13.980: [DefNew: 960K->63K(960K), 0.0050222 secs] 402984K->402700K(524224K), 0.0556335 secs] [Times: user=0.00 sys=0.00, real=0.06 secs] 
14.038: [GC 14.038: [DefNew: 959K->64K(960K), 0.0048658 secs] 403596K->403389K(524224K), 0.0049375 secs] [Times: user=0.00 sys=0.00, real=0.01 secs] 
14.045: [GC 14.045: [DefNew: 960K->63K(960K), 0.0051300 secs] 404285K->404069K(524224K), 0.0052118 secs] [Times: user=0.00 sys=0.00, real=0.01 secs] 
14.052: [GC 14.052: [DefNew: 959K->64K(960K), 0.0048090 secs] 404966K->404725K(524224K), 0.0048788 secs] [Times: user=0.01 sys=0.00, real=0.01 secs] 
14.059: [GC 14.059: [DefNew: 960K->63K(960K), 0.0054601 secs] 405621K->405550K(524224K), 0.0055327 secs] [Times: user=0.00 sys=0.00, real=0.01 secs] 
14.066: [GC 14.066: [DefNew: 959K->64K(960K), 0.0056064 secs] 406446K->406205K(524224K), 0.0056766 secs] [Times: user=0.02 sys=0.00, real=0.01 secs] 
14.074: [GC 14.074: [DefNew: 960K->64K(960K), 0.0047243 secs] 407102K->406889K(524224K), 0.0047883 secs] [Times: user=0.00 sys=0.00, real=0.00 secs] 
14.080: [GC 14.080: [DefNew: 960K->63K(960K), 0.0067482 secs] 407785K->407676K(524224K), 0.0068262 secs] [Times: user=0.02 sys=0.00, real=0.01 secs] 
14.089: [GC 14.089: [DefNew: 959K->64K(960K), 0.0061054 secs] 408572K->408307K(524224K), 0.0061804 secs] [Times: user=0.00 sys=0.00, real=0.01 secs] 
14.096: [GC 14.096: [DefNew: 960K->63K(960K), 0.0053023 secs] 409204K->409034K(524224K), 0.0053908 secs] [Times: user=0.01 sys=0.00, real=0.00 secs] 
14.104: [GC 14.104: [DefNew: 959K->64K(960K), 0.0056275 secs] 409931K->409724K(524224K), 0.0056872 secs] [Times: user=0.00 sys=0.00, real=0.01 secs] 
14.111: [GC 14.111: [DefNew: 960K->64K(960K), 0.0050925 secs] 410621K->410409K(524224K), 0.0051622 secs] [Times: user=0.02 sys=0.00, real=0.01 secs] 
14.118: [GC 14.118: [DefNew: 960K->64K(960K), 0.0050992 secs] 411305K->411064K(524224K), 0.0051666 secs] [Times: user=0.00 sys=0.00, real=0.01 secs] 
14.125: [GC 14.125: [DefNew: 960K->63K(960K), 0.0048360 secs] 411961K->411715K(524224K), 0.0049096 secs] [Times: user=0.00 sys=0.00, real=0.00 secs] 
14.131: [GC 14.131: [DefNew: 959K->63K(960K), 0.0049442 secs] 412612K->412375K(524224K), 0.0050140 secs] [Times: user=0.00 sys=0.00, real=0.01 secs] 
14.138: [GC 14.138: [DefNew: 959K->64K(960K), 0.0049038 secs] 413271K->412988K(524224K), 0.0049933 secs] [Times: user=0.00 sys=0.00, real=0.00 secs] 
14.144: [GC 14.144: [DefNew: 960K->63K(960K), 0.0056261 secs] 413884K->413678K(524224K), 0.0057026 secs] [Times: user=0.00 sys=0.00, real=0.01 secs] 
14.152: [GC 14.152: [DefNew: 959K->64K(960K), 0.0052618 secs] 414574K->414340K(524224K), 0.0053398 secs] [Times: user=0.00 sys=0.00, real=0.00 secs] 
14.159: [GC 14.159: [DefNew: 960K->63K(960K), 0.0048639 secs] 415236K->415015K(524224K), 0.0049288 secs] [Times: user=0.01 sys=0.00, real=0.00 secs] 
14.166: [GC 14.166: [DefNew: 959K->63K(960K), 0.0052719 secs] 415911K->415699K(524224K), 0.0053432 secs] [Times: user=0.00 sys=0.00, real=0.01 secs] 
14.173: [GC 14.173: [DefNew: 959K->64K(960K), 0.0058677 secs] 416595K->416317K(524224K), 0.0059576 secs] [Times: user=0.02 sys=0.00, real=0.01 secs] 
14.180: [GC 14.180: [DefNew: 960K->64K(960K), 0.0051685 secs] 417213K->417028K(524224K), 0.0052421 secs] [Times: user=0.00 sys=0.00, real=0.01 secs] 
14.187: [GC 14.187: [DefNew: 960K->64K(960K), 0.0050775 secs] 417924K->417756K(524224K), 0.0051444 secs] [Times: user=0.00 sys=0.00, real=0.01 secs] 
14.194: [GC 14.194: [DefNew: 960K->63K(960K), 0.0051531 secs] 418653K->418397K(524224K), 0.0052205 secs] [Times: user=0.00 sys=0.00, real=0.01 secs] 
14.201: [GC 14.201: [DefNew: 959K->63K(960K), 0.0055905 secs] 419294K->419056K(524224K), 0.0056603 secs] [Times: user=0.00 sys=0.00, real=0.00 secs] 
14.208: [GC 14.208: [DefNew: 959K->64K(960K), 0.0043933 secs] 419952K->419650K(524224K), 0.0044573 secs] [Times: user=0.02 sys=0.00, real=0.00 secs] 
14.214: [GC 14.214: [DefNew: 960K->63K(960K), 0.0046421 secs] 420546K->420307K(524224K), 0.0047056 secs] [Times: user=0.00 sys=0.00, real=0.00 secs] 
14.221: [GC 14.221: [DefNew: 959K->63K(960K), 0.0047171 secs] 421203K->420920K(524224K), 0.0047840 secs] [Times: user=0.01 sys=0.00, real=0.00 secs] 
14.227: [GC 14.227: [DefNew: 959K->63K(960K), 0.0045059 secs] 421816K->421554K(524224K), 0.0045684 secs] [Times: user=0.00 sys=0.00, real=0.00 secs] 
14.234: [GC 14.234: [DefNew: 959K->64K(960K), 0.0048778 secs] 422450K->422208K(524224K), 0.0049471 secs] [Times: user=0.00 sys=0.00, real=0.00 secs] 
14.240: [GC 14.240: [DefNew: 960K->63K(960K), 0.0057137 secs] 423105K->422842K(524224K), 0.0057988 secs] [Times: user=0.00 sys=0.00, real=0.01 secs] 
14.248: [GC 14.248: [DefNew: 959K->64K(960K), 0.0050227 secs] 423739K->423531K(524224K), 0.0050934 secs] [Times: user=0.00 sys=0.00, real=0.01 secs] 
14.255: [GC 14.255: [DefNew: 960K->63K(960K), 0.0051651 secs] 424427K->424157K(524224K), 0.0052320 secs] [Times: user=0.02 sys=0.00, real=0.01 secs] 
14.262: [GC 14.262: [DefNew: 959K->63K(960K), 0.0064643 secs] 425054K->424905K(524224K), 0.0065404 secs] [Times: user=0.00 sys=0.00, real=0.01 secs] 
14.271: [GC 14.271: [DefNew: 959K->63K(960K), 0.0052142 secs] 425802K->425543K(524224K), 0.0052806 secs] [Times: user=0.00 sys=0.00, real=0.00 secs] 
14.277: [GC 14.277: [DefNew: 959K->63K(960K), 0.0049231 secs] 426439K->426148K(524224K), 0.0050020 secs] [Times: user=0.00 sys=0.00, real=0.00 secs] 
14.284: [GC 14.284: [DefNew: 959K->63K(960K), 0.0048211 secs] 427044K->426821K(524224K), 0.0048889 secs] [Times: user=0.01 sys=0.00, real=0.00 secs] 
14.290: [GC 14.290: [DefNew: 959K->64K(960K), 0.0047229 secs] 427717K->427430K(524224K), 0.0047907 secs] [Times: user=0.00 sys=0.00, real=0.00 secs] 
14.297: [GC 14.297: [DefNew: 960K->64K(960K), 0.0044770 secs] 428327K->428030K(524224K), 0.0045439 secs] [Times: user=0.00 sys=0.00, real=0.00 secs] 
14.304: [GC 14.304: [DefNew: 960K->64K(960K), 0.0050857 secs] 428926K->428676K(524224K), 0.0051574 secs] [Times: user=0.00 sys=0.00, real=0.01 secs] 
14.312: [GC 14.312: [DefNew: 960K->63K(960K), 0.0051516 secs] 429572K->429374K(524224K), 0.0052243 secs] [Times: user=0.00 sys=0.00, real=0.01 secs] 
14.320: [GC 14.320: [DefNew: 959K->63K(960K), 0.0050631 secs] 430271K->430021K(524224K), 0.0051290 secs] [Times: user=0.00 sys=0.00, real=0.00 secs] 
14.326: [GC 14.326: [DefNew: 959K->64K(960K), 0.0045915 secs] 430917K->430636K(524224K), 0.0046623 secs] [Times: user=0.00 sys=0.00, real=0.00 secs] 
14.333: [GC 14.333: [DefNew: 960K->64K(960K), 0.0046902 secs] 431533K->431258K(524224K), 0.0047585 secs] [Times: user=0.02 sys=0.00, real=0.00 secs] 
14.339: [GC 14.339: [DefNew: 960K->63K(960K), 0.0048182 secs] 432154K->431865K(524224K), 0.0048899 secs] [Times: user=0.00 sys=0.00, real=0.00 secs] 
14.347: [GC 14.347: [DefNew: 959K->63K(960K), 0.0049409 secs] 432762K->432544K(524224K), 0.0050078 secs] [Times: user=0.02 sys=0.00, real=0.01 secs] 
14.354: [GC 14.354: [DefNew: 959K->64K(960K), 0.0048023 secs] 433440K->433185K(524224K), 0.0048740 secs] [Times: user=0.00 sys=0.00, real=0.01 secs] 
14.360: [GC 14.360: [DefNew: 960K->63K(960K), 0.0045309 secs] 434081K->433799K(524224K), 0.0046031 secs] [Times: user=0.01 sys=0.00, real=0.01 secs] 
14.368: [GC 14.368: [DefNew: 959K->63K(960K), 0.0047527 secs] 434695K->434465K(524224K), 0.0048427 secs] [Times: user=0.00 sys=0.00, real=0.00 secs] 
14.374: [GC 14.374: [DefNew: 959K->64K(960K), 0.0050674 secs] 435361K->435091K(524224K), 0.0051358 secs] [Times: user=0.00 sys=0.00, real=0.01 secs] 
14.382: [GC 14.382: [DefNew: 960K->63K(960K), 0.0048596 secs] 435987K->435734K(524224K), 0.0049284 secs] [Times: user=0.00 sys=0.00, real=0.01 secs] 
14.388: [GC 14.388: [DefNew: 959K->64K(960K), 0.0048201 secs] 436630K->436340K(524224K), 0.0048908 secs] [Times: user=0.00 sys=0.00, real=0.00 secs] 
14.395: [GC 14.395: [DefNew: 960K->63K(960K), 0.0049924 secs] 437237K->436985K(524224K), 0.0050612 secs] [Times: user=0.02 sys=0.00, real=0.01 secs] 
14.403: [GC 14.403: [DefNew: 959K->64K(960K), 0.0051690 secs] 437882K->437652K(524224K), 0.0052585 secs] [Times: user=0.00 sys=0.00, real=0.01 secs] 
14.409: [GC 14.409: [DefNew: 960K->63K(960K), 0.0048735 secs] 438549K->438273K(524224K), 0.0049438 secs] [Times: user=0.01 sys=0.00, real=0.00 secs] 
14.416: [GC 14.416: [DefNew: 959K->64K(960K), 0.0047932 secs] 439170K->438908K(524224K), 0.0048615 secs] [Times: user=0.00 sys=0.00, real=0.01 secs] 
14.422: [GC 14.422: [DefNew: 960K->63K(960K), 0.0048836 secs] 439804K->439511K(524224K), 0.0049548 secs] [Times: user=0.02 sys=0.00, real=0.00 secs] 
14.429: [GC 14.429: [DefNew: 959K->64K(960K), 0.0047446 secs] 440407K->440181K(524224K), 0.0048138 secs] [Times: user=0.00 sys=0.00, real=0.01 secs] 
14.436: [GC 14.436: [DefNew: 960K->64K(960K), 0.0051285 secs] 441077K->440825K(524224K), 0.0051988 secs] [Times: user=0.00 sys=0.00, real=0.01 secs] 
14.443: [GC 14.443: [DefNew: 960K->63K(960K), 0.0056920 secs] 441722K->441485K(524224K), 0.0057628 secs] [Times: user=0.00 sys=0.00, real=0.01 secs] 
14.451: [GC 14.451: [DefNew: 959K->63K(960K), 0.0049539 secs] 442381K->442126K(524224K), 0.0050236 secs] [Times: user=0.00 sys=0.00, real=0.00 secs] 
14.457: [GC 14.457: [DefNew: 959K->64K(960K), 0.0048942 secs] 443023K->442741K(524224K), 0.0049669 secs] [Times: user=0.02 sys=0.00, real=0.00 secs] 
14.464: [GC 14.464: [DefNew: 960K->64K(960K), 0.0050593 secs] 443638K->443392K(524224K), 0.0051300 secs] [Times: user=0.00 sys=0.00, real=0.00 secs] 
14.470: [GC 14.470: [DefNew: 960K->64K(960K), 0.0049986 secs] 444288K->444023K(524224K), 0.0050655 secs] [Times: user=0.01 sys=0.00, real=0.01 secs] 
14.477: [GC 14.477: [DefNew: 960K->63K(960K), 0.0048182 secs] 444920K->444659K(524224K), 0.0048831 secs] [Times: user=0.00 sys=0.00, real=0.00 secs] 
14.484: [GC 14.484: [DefNew: 959K->63K(960K), 0.0046844 secs] 445556K->445286K(524224K), 0.0047503 secs] [Times: user=0.00 sys=0.00, real=0.00 secs] 
14.490: [GC 14.490: [DefNew: 959K->64K(960K), 0.0048331 secs] 446182K->445893K(524224K), 0.0049115 secs] [Times: user=0.00 sys=0.00, real=0.00 secs] 
14.497: [GC 14.497: [DefNew: 960K->64K(960K), 0.0053494 secs] 446789K->446562K(524224K), 0.0054187 secs] [Times: user=0.00 sys=0.00, real=0.00 secs] 
14.504: [GC 14.504: [DefNew: 960K->64K(960K), 0.0062156 secs] 447459K->447165K(524224K), 0.0062858 secs] [Times: user=0.02 sys=0.00, real=0.01 secs] 
14.513: [GC 14.513: [DefNew: 960K->63K(960K), 0.0052729 secs] 448062K->447866K(524224K), 0.0053537 secs] [Times: user=0.00 sys=0.00, real=0.00 secs] 
14.521: [GC 14.521: [DefNew: 959K->64K(960K), 0.0052921 secs] 448762K->448507K(524224K), 0.0053552 secs] [Times: user=0.00 sys=0.00, real=0.00 secs] 
14.528: [GC 14.528: [DefNew: 960K->64K(960K), 0.0047802 secs] 449404K->449155K(524224K), 0.0048480 secs] [Times: user=0.00 sys=0.00, real=0.01 secs] 
14.535: [GC 14.535: [DefNew: 960K->63K(960K), 0.0051290 secs] 450052K->449776K(524224K), 0.0051945 secs] [Times: user=0.01 sys=0.00, real=0.01 secs] 
14.541: [GC 14.541: [DefNew: 959K->63K(960K), 0.0050727 secs] 450673K->450424K(524224K), 0.0051396 secs] [Times: user=0.00 sys=0.00, real=0.01 secs] 
14.548: [GC 14.548: [DefNew: 959K->64K(960K), 0.0047893 secs] 451321K->451064K(524224K), 0.0048581 secs] [Times: user=0.02 sys=0.00, real=0.01 secs] 
14.554: [GC 14.554: [DefNew: 960K->63K(960K), 0.0048923 secs] 451962K->451704K(524224K), 0.0049640 secs] [Times: user=0.00 sys=0.00, real=0.01 secs] 
14.561: [GC 14.561: [DefNew: 959K->64K(960K), 0.0049847 secs] 452600K->452350K(524224K), 0.0050540 secs] [Times: user=0.00 sys=0.00, real=0.01 secs] 
14.568: [GC 14.568: [DefNew: 960K->64K(960K), 0.0052334 secs] 453247K->452987K(524224K), 0.0053037 secs] [Times: user=0.00 sys=0.00, real=0.01 secs] 
14.574: [GC 14.574: [DefNew: 960K->64K(960K), 0.0047075 secs] 453884K->453574K(524224K), 0.0047734 secs] [Times: user=0.00 sys=0.00, real=0.01 secs] 
14.581: [GC 14.581: [DefNew: 960K->64K(960K), 0.0048937 secs] 454470K->454200K(524224K), 0.0049606 secs] [Times: user=0.02 sys=0.00, real=0.01 secs] 
14.587: [GC 14.587: [DefNew: 960K->63K(960K), 0.0050900 secs] 455097K->454805K(524224K), 0.0051555 secs] [Times: user=0.00 sys=0.00, real=0.01 secs] 
14.594: [GC 14.594: [DefNew: 959K->64K(960K), 0.0048778 secs] 455701K->455444K(524224K), 0.0049495 secs] [Times: user=0.01 sys=0.00, real=0.01 secs] 
14.600: [GC 14.600: [DefNew: 960K->63K(960K), 0.0050573 secs] 456340K->456046K(524224K), 0.0051204 secs] [Times: user=0.00 sys=0.00, real=0.01 secs] 
14.607: [GC 14.607: [DefNew: 959K->63K(960K), 0.0045372 secs] 456944K->456674K(524224K), 0.0046012 secs] [Times: user=0.00 sys=0.00, real=0.00 secs] 
14.614: [GC 14.614: [DefNew: 959K->64K(960K), 0.0054538 secs] 457571K->457305K(524224K), 0.0055207 secs] [Times: user=0.02 sys=0.00, real=0.01 secs] 
14.621: [GC 14.621: [DefNew: 960K->63K(960K), 0.0050073 secs] 458202K->457935K(524224K), 0.0050785 secs] [Times: user=0.00 sys=0.00, real=0.01 secs] 
14.628: [GC 14.628: [DefNew: 959K->64K(960K), 0.0063171 secs] 458832K->458581K(524224K), 0.0063859 secs] [Times: user=0.02 sys=0.00, real=0.01 secs] 
14.636: [GC 14.636: [DefNew: 960K->63K(960K), 0.0048610 secs] 459477K->459260K(524224K), 0.0049279 secs] [Times: user=0.00 sys=0.00, real=0.00 secs] 
14.644: [GC 14.644: [DefNew: 959K->64K(960K), 0.0056386 secs] 460157K->459904K(524224K), 0.0057127 secs] [Times: user=0.02 sys=0.00, real=0.01 secs] 
14.653: [GC 14.653: [DefNew: 960K->63K(960K), 0.0051411 secs] 460801K->460601K(524224K), 0.0052209 secs] [Times: user=0.00 sys=0.00, real=0.00 secs] 
14.660: [GC 14.660: [DefNew: 959K->63K(960K), 0.0056660 secs] 461497K->461257K(524224K), 0.0057762 secs] [Times: user=0.02 sys=0.00, real=0.01 secs] 
14.667: [GC 14.668: [DefNew: 959K->64K(960K), 0.0049876 secs] 462154K->461929K(524224K), 0.0050506 secs] [Times: user=0.00 sys=0.00, real=0.01 secs] 
14.675: [GC 14.675: [DefNew: 960K->64K(960K), 0.0052132 secs] 462826K->462544K(524224K), 0.0052859 secs] [Times: user=0.01 sys=0.00, real=0.01 secs] 
14.683: [GC 14.683: [DefNew: 960K->64K(960K), 0.0052469 secs] 463440K->463231K(524224K), 0.0053172 secs] [Times: user=0.00 sys=0.00, real=0.01 secs] 
14.689: [GC 14.689: [DefNew: 960K->63K(960K), 0.0054303 secs] 464127K->463830K(524224K), 0.0054981 secs] [Times: user=0.02 sys=0.00, real=0.01 secs] 
14.697: [GC 14.697: [DefNew: 959K->64K(960K), 0.0050525 secs] 464728K->464483K(524224K), 0.0051223 secs] [Times: user=0.00 sys=0.00, real=0.01 secs] 
14.703: [GC 14.703: [DefNew: 960K->63K(960K), 0.0049693 secs] 465379K->465117K(524224K), 0.0050362 secs] [Times: user=0.01 sys=0.00, real=0.01 secs] 
14.710: [GC 14.710: [DefNew: 959K->63K(960K), 0.0058532 secs] 466013K->465766K(524224K), 0.0059321 secs] [Times: user=0.00 sys=0.00, real=0.01 secs] 
14.717: [GC 14.717: [DefNew: 959K->64K(960K), 0.0049837 secs] 466663K->466373K(524224K), 0.0050482 secs] [Times: user=0.00 sys=0.00, real=0.00 secs] 
14.726: [GC 14.726: [DefNew: 960K->63K(960K), 0.0049038 secs] 467269K->467015K(524224K), 0.0049746 secs] [Times: user=0.00 sys=0.00, real=0.01 secs] 
14.732: [GC 14.732: [DefNew: 959K->63K(960K), 0.0047056 secs] 467911K->467622K(524224K), 0.0047710 secs] [Times: user=0.00 sys=0.00, real=0.00 secs] 
14.738: [GC 14.738: [DefNew: 959K->64K(960K), 0.0055481 secs] 468519K->468233K(524224K), 0.0056218 secs] [Times: user=0.02 sys=0.00, real=0.00 secs] 
14.746: [GC 14.746: [DefNew: 960K->64K(960K), 0.0050419 secs] 469130K->468888K(524224K), 0.0051107 secs] [Times: user=0.00 sys=0.00, real=0.01 secs] 
14.752: [GC 14.753: [DefNew: 960K->63K(960K), 0.0058903 secs] 469784K->469537K(524224K), 0.0059639 secs] [Times: user=0.02 sys=0.00, real=0.01 secs] 
14.760: [GC 14.760: [DefNew: 959K->63K(960K), 0.0051218 secs] 470434K->470161K(524224K), 0.0051940 secs] [Times: user=0.00 sys=0.00, real=0.00 secs] 
14.767: [GC 14.767: [DefNew: 959K->64K(960K), 0.0053335 secs] 471058K->470836K(524224K), 0.0054043 secs] [Times: user=0.02 sys=0.00, real=0.01 secs] 
14.775: [GC 14.775: [DefNew: 960K->63K(960K), 0.0052296 secs] 471732K->471502K(524224K), 0.0053042 secs] [Times: user=0.00 sys=0.00, real=0.01 secs] 
14.782: [GC 14.782: [DefNew: 959K->63K(960K), 0.0053042 secs] 472399K->472143K(524224K), 0.0053768 secs] [Times: user=0.02 sys=0.00, real=0.01 secs] 
14.788: [GC 14.788: [DefNew: 959K->64K(960K), 0.0054028 secs] 473040K->472729K(524224K), 0.0054697 secs] [Times: user=0.00 sys=0.00, real=0.01 secs] 
14.795: [GC 14.795: [DefNew: 960K->64K(960K), 0.0046632 secs] 473625K->473346K(524224K), 0.0047311 secs] [Times: user=0.00 sys=0.00, real=0.00 secs] 
14.801: [GC 14.801: [DefNew: 960K->64K(960K), 0.0049750 secs] 474245K->473934K(524224K), 0.0050467 secs] [Times: user=0.02 sys=0.00, real=0.01 secs] 
14.813: [GC 14.813: [DefNew: 960K->64K(960K), 0.0054476 secs] 474831K->474616K(524224K), 0.0055207 secs] [Times: user=0.02 sys=0.00, real=0.00 secs] 
14.820: [GC 14.821: [DefNew: 960K->63K(960K), 0.0052012 secs] 475513K->475297K(524224K), 0.0052748 secs] [Times: user=0.00 sys=0.00, real=0.00 secs] 
14.828: [GC 14.828: [DefNew: 959K->63K(960K), 0.0051146 secs] 476194K->475930K(524224K), 0.0053460 secs] [Times: user=0.02 sys=0.00, real=0.01 secs] 
14.835: [GC 14.835: [DefNew: 959K->63K(960K), 0.0051714 secs] 476826K->476581K(524224K), 0.0052411 secs] [Times: user=0.00 sys=0.00, real=0.01 secs] 
14.841: [GC 14.841: [DefNew: 959K->64K(960K), 0.0053812 secs] 477479K->477198K(524224K), 0.0054485 secs] [Times: user=0.00 sys=0.00, real=0.01 secs] 
14.850: [GC 14.850: [DefNew: 960K->63K(960K), 0.0052065 secs] 478095K->477939K(524224K), 0.0052806 secs] [Times: user=0.00 sys=0.00, real=0.01 secs] 
14.857: [GC 14.857: [DefNew: 959K->63K(960K), 0.0052758 secs] 478835K->478582K(524224K), 0.0053403 secs] [Times: user=0.00 sys=0.00, real=0.01 secs] 
14.864: [GC 14.864: [DefNew: 959K->64K(960K), 0.0053489 secs] 479478K->479217K(524224K), 0.0054201 secs] [Times: user=0.00 sys=0.00, real=0.01 secs] 
14.871: [GC 14.871: [DefNew: 960K->63K(960K), 0.0050039 secs] 480114K->479855K(524224K), 0.0050718 secs] [Times: user=0.00 sys=0.00, real=0.01 secs] 
14.878: [GC 14.878: [DefNew: 959K->63K(960K), 0.0056593 secs] 480751K->480490K(524224K), 0.0057329 secs] [Times: user=0.02 sys=0.00, real=0.01 secs] 
14.886: [GC 14.886: [DefNew: 959K->64K(960K), 0.0053095 secs] 481387K->481118K(524224K), 0.0053778 secs] [Times: user=0.00 sys=0.00, real=0.00 secs] 
14.893: [GC 14.893: [DefNew: 960K->63K(960K), 0.0057632 secs] 482014K->481803K(524224K), 0.0058369 secs] [Times: user=0.01 sys=0.00, real=0.01 secs] 
14.901: [GC 14.901: [DefNew: 959K->64K(960K), 0.0053874 secs] 482700K->482458K(524224K), 0.0054596 secs] [Times: user=0.00 sys=0.00, real=0.01 secs] 
14.908: [GC 14.908: [DefNew: 960K->63K(960K), 0.0050742 secs] 483355K->483083K(524224K), 0.0051406 secs] [Times: user=0.02 sys=0.00, real=0.00 secs] 
14.916: [GC 14.916: [DefNew: 959K->63K(960K), 0.0054226 secs] 483979K->483788K(524224K), 0.0054933 secs] [Times: user=0.00 sys=0.00, real=0.01 secs] 
14.923: [GC 14.923: [DefNew: 959K->63K(960K), 0.0064100 secs] 484685K->484464K(524224K), 0.0064821 secs] [Times: user=0.02 sys=0.00, real=0.01 secs] 
14.933: [GC 14.933: [DefNew: 959K->64K(960K), 0.0051223 secs] 485360K->485129K(524224K), 0.0051901 secs] [Times: user=0.00 sys=0.00, real=0.01 secs] 
14.940: [GC 14.941: [DefNew: 960K->63K(960K), 0.0052893 secs] 486025K->485760K(524224K), 0.0053533 secs] [Times: user=0.02 sys=0.00, real=0.01 secs] 
14.948: [GC 14.948: [DefNew: 959K->64K(960K), 0.0052628 secs] 486656K->486418K(524224K), 0.0054418 secs] [Times: user=0.00 sys=0.00, real=0.00 secs] 
14.956: [GC 14.956: [DefNew: 960K->63K(960K), 0.0052190 secs] 487314K->487112K(524224K), 0.0052873 secs] [Times: user=0.02 sys=0.00, real=0.01 secs] 
14.962: [GC 14.962: [DefNew: 959K->64K(960K), 0.0053388 secs] 488009K->487749K(524224K), 0.0054052 secs] [Times: user=0.00 sys=0.00, real=0.01 secs] 
14.969: [GC 14.969: [DefNew: 960K->63K(960K), 0.0052647 secs] 488645K->488399K(524224K), 0.0053345 secs] [Times: user=0.02 sys=0.00, real=0.01 secs] 
14.975: [GC 14.975: [DefNew: 959K->63K(960K), 0.0051180 secs] 489296K->489021K(524224K), 0.0051848 secs] [Times: user=0.00 sys=0.00, real=0.01 secs] 
14.982: [GC 14.982: [DefNew: 959K->64K(960K), 0.0051555 secs] 489917K->489702K(524224K), 0.0052248 secs] [Times: user=0.00 sys=0.00, real=0.01 secs] 
14.988: [GC 14.988: [DefNew: 960K->64K(960K), 0.0052065 secs] 490599K->490319K(524224K), 0.0052772 secs] [Times: user=0.02 sys=0.00, real=0.00 secs] 
14.995: [GC 14.995: [DefNew: 960K->63K(960K), 0.0052484 secs] 491216K->490974K(524224K), 0.0053292 secs] [Times: user=0.00 sys=0.00, real=0.01 secs] 
15.002: [GC 15.002: [DefNew: 959K->64K(960K), 0.0049943 secs] 491870K->491619K(524224K), 0.0050703 secs] [Times: user=0.02 sys=0.00, real=0.01 secs] 
15.008: [GC 15.009: [DefNew: 960K->63K(960K), 0.0055231 secs] 492516K->492320K(524224K), 0.0055929 secs] [Times: user=0.00 sys=0.00, real=0.01 secs] 
15.016: [GC 15.016: [DefNew: 959K->63K(960K), 0.0052734 secs] 493217K->492966K(524224K), 0.0053398 secs] [Times: user=0.01 sys=0.00, real=0.01 secs] 
15.022: [GC 15.022: [DefNew: 959K->63K(960K), 0.0051536 secs] 493863K->493571K(524224K), 0.0052190 secs] [Times: user=0.00 sys=0.00, real=0.01 secs] 
15.029: [GC 15.029: [DefNew: 959K->63K(960K), 0.0052936 secs] 494468K->494216K(524224K), 0.0053600 secs] [Times: user=0.00 sys=0.00, real=0.01 secs] 
15.036: [GC 15.036: [DefNew: 959K->63K(960K), 0.0052522 secs] 495113K->494856K(524224K), 0.0053239 secs] [Times: user=0.02 sys=0.00, real=0.01 secs] 
15.043: [GC 15.043: [DefNew: 959K->63K(960K), 0.0052301 secs] 495752K->495493K(524224K), 0.0053032 secs] [Times: user=0.00 sys=0.00, real=0.00 secs] 
15.050: [GC 15.050: [DefNew: 959K->64K(960K), 0.0055900 secs] 496390K->496051K(524224K), 0.0056593 secs] [Times: user=0.01 sys=0.00, real=0.00 secs] 
15.058: [GC 15.058: [DefNew: 960K->63K(960K), 0.0053605 secs] 496948K->496740K(524224K), 0.0054274 secs] [Times: user=0.00 sys=0.00, real=0.01 secs] 
15.065: [GC 15.065: [DefNew: 959K->63K(960K), 0.0072612 secs] 497636K->497516K(524224K), 0.0073415 secs] [Times: user=0.02 sys=0.00, real=0.01 secs] 
15.074: [GC 15.074: [DefNew: 959K->64K(960K), 0.0065967 secs] 498413K->498244K(524224K), 0.0066770 secs] [Times: user=0.00 sys=0.00, real=0.01 secs] 
15.082: [GC 15.082: [DefNew: 960K->64K(960K), 0.0065375 secs] 499140K->498935K(524224K), 0.0066106 secs] [Times: user=0.02 sys=0.00, real=0.01 secs] 
15.091: [GC 15.091: [DefNew: 960K->63K(960K), 0.0067757 secs] 499831K->499666K(524224K), 0.0068748 secs] [Times: user=0.00 sys=0.00, real=0.01 secs] 
15.099: [GC 15.099: [DefNew: 959K->64K(960K), 0.0054817 secs] 500563K->500381K(524224K), 0.0055505 secs] [Times: user=0.00 sys=0.00, real=0.00 secs] 
15.107: [GC 15.107: [DefNew: 960K->63K(960K), 0.0054635 secs] 501277K->501114K(524224K), 0.0055347 secs] [Times: user=0.00 sys=0.00, real=0.01 secs] 
15.114: [GC 15.114: [DefNew: 959K->63K(960K), 0.0055154 secs] 502010K->501829K(524224K), 0.0055914 secs] [Times: user=0.00 sys=0.00, real=0.01 secs] 
15.122: [GC 15.122: [DefNew: 959K->64K(960K), 0.0053966 secs] 502725K->502509K(524224K), 0.0054620 secs] [Times: user=0.00 sys=0.00, real=0.00 secs] 
15.129: [GC 15.130: [DefNew: 960K->64K(960K), 0.0060245 secs] 503406K->503142K(524224K), 0.0061001 secs] [Times: user=0.00 sys=0.00, real=0.01 secs] 
15.137: [GC 15.137: [DefNew: 960K->63K(960K), 0.0061492 secs] 504040K->503808K(524224K), 0.0062242 secs] [Times: user=0.00 sys=0.00, real=0.01 secs] 
15.144: [GC 15.144: [DefNew: 959K->64K(960K), 0.0060582 secs] 504705K->504535K(524224K), 0.0061371 secs] [Times: user=0.02 sys=0.00, real=0.01 secs] 
15.152: [GC 15.152: [DefNew: 960K->64K(960K), 0.0055063 secs] 505431K->505168K(524224K), 0.0055746 secs] [Times: user=0.00 sys=0.00, real=0.00 secs] 
15.159: [GC 15.159: [DefNew: 960K->64K(960K), 0.0052310 secs] 506065K->505792K(524224K), 0.0053345 secs] [Times: user=0.02 sys=0.00, real=0.00 secs] 
15.166: [GC 15.166: [DefNew: 960K->63K(960K), 0.0052479 secs] 506688K->506486K(524224K), 0.0053138 secs] [Times: user=0.00 sys=0.00, real=0.01 secs] 
15.173: [GC 15.173: [DefNew: 959K->64K(960K), 0.0058893 secs] 507382K->507127K(524224K), 0.0059610 secs] [Times: user=0.02 sys=0.00, real=0.01 secs] 
15.181: [GC 15.182: [DefNew: 960K->64K(960K), 0.0055996 secs] 508023K->507918K(524224K), 0.0056718 secs] [Times: user=0.00 sys=0.00, real=0.01 secs] 
15.189: [GC 15.189: [DefNew: 960K->64K(960K), 0.0059923 secs] 508815K->508583K(524224K), 0.0060606 secs] [Times: user=0.02 sys=0.00, real=0.01 secs] 
15.196: [GC 15.196: [DefNew: 960K->63K(960K), 0.0058205 secs] 509480K->509214K(524224K), 0.0058951 secs] [Times: user=0.00 sys=0.00, real=0.01 secs] 
15.204: [GC 15.204: [DefNew: 959K->63K(960K), 0.0051483 secs] 510111K->509887K(524224K), 0.0052248 secs] [Times: user=0.02 sys=0.00, real=0.00 secs] 
15.210: [GC 15.210: [DefNew: 959K->63K(960K), 0.0055380 secs] 510783K->510552K(524224K), 0.0056097 secs] [Times: user=0.00 sys=0.00, real=0.01 secs] 
15.218: [GC 15.218: [DefNew: 959K->64K(960K), 0.0054610 secs] 511448K->511225K(524224K), 0.0055299 secs] [Times: user=0.01 sys=0.00, real=0.00 secs] 
15.226: [GC 15.226: [DefNew: 960K->64K(960K), 0.0054731 secs] 512121K->511876K(524224K), 0.0055453 secs] [Times: user=0.00 sys=0.00, real=0.01 secs] 
15.233: [GC 15.233: [DefNew: 960K->64K(960K), 0.0051540 secs] 512773K->512505K(524224K), 0.0052229 secs] [Times: user=0.00 sys=0.00, real=0.01 secs] 
15.241: [GC 15.241: [DefNew: 960K->63K(960K), 0.0072054 secs] 513402K->513191K(524224K), 0.0072819 secs] [Times: user=0.00 sys=0.00, real=0.01 secs] 
15.249: [GC 15.249: [DefNew: 959K->64K(960K), 0.0053061 secs] 514088K->513840K(524224K), 0.0053740 secs] [Times: user=0.02 sys=0.00, real=0.01 secs] 
15.256: [GC 15.256: [DefNew: 960K->63K(960K), 0.0058080 secs] 514737K->514536K(524224K), 0.0058797 secs] [Times: user=0.00 sys=0.00, real=0.01 secs] 
15.263: [GC 15.263: [DefNew: 959K->63K(960K), 0.0055934 secs] 515433K->515190K(524224K), 0.0056689 secs] [Times: user=0.00 sys=0.00, real=0.01 secs] 
15.271: [GC 15.271: [DefNew: 959K->63K(960K), 0.0051579 secs] 516086K->515817K(524224K), 0.0052233 secs] [Times: user=0.00 sys=0.00, real=0.00 secs] 
15.278: [GC 15.278: [DefNew: 959K->64K(960K), 0.0053350 secs] 516713K->516482K(524224K), 0.0054033 secs] [Times: user=0.00 sys=0.00, real=0.01 secs] 
15.284: [GC 15.284: [DefNew: 960K->64K(960K), 0.0052435 secs] 517379K->517094K(524224K), 0.0053090 secs] [Times: user=0.01 sys=0.00, real=0.00 secs] 
15.291: [GC 15.291: [DefNew: 960K->63K(960K), 0.0054379 secs] 517990K->517761K(524224K), 0.0055082 secs] [Times: user=0.00 sys=0.00, real=0.01 secs] 
15.298: [GC 15.298: [DefNew: 959K->64K(960K), 0.0055356 secs] 518658K->518432K(524224K), 0.0056093 secs] [Times: user=0.02 sys=0.00, real=0.01 secs] 
15.306: [GC 15.306: [DefNew: 960K->63K(960K), 0.0075783 secs] 519329K->519114K(524224K), 0.0076649 secs] [Times: user=0.00 sys=0.00, real=0.01 secs] 
15.316: [GC 15.316: [DefNew: 959K->64K(960K), 0.0057608 secs] 520010K->519809K(524224K), 0.0058311 secs] [Times: user=0.02 sys=0.00, real=0.01 secs] 
15.328: [GC 15.328: [DefNew: 960K->64K(960K), 0.0052517 secs] 520706K->520259K(524224K), 0.0053234 secs] [Times: user=0.02 sys=0.00, real=0.01 secs] 
15.335: [GC 15.335: [DefNew: 960K->64K(960K), 0.0040083 secs] 521155K->520774K(524224K), 0.0040776 secs] [Times: user=0.00 sys=0.00, real=0.00 secs] 
15.340: [GC 15.340: [DefNew: 960K->63K(960K), 0.0038938 secs] 521670K->521342K(524224K), 0.0039694 secs] [Times: user=0.00 sys=0.00, real=0.00 secs] 
15.348: [GC 15.348: [DefNew: 959K->63K(960K), 0.0041113 secs] 522239K->521897K(524224K), 0.0041912 secs] [Times: user=0.00 sys=0.02, real=0.01 secs] 
15.353: [GC 15.353: [DefNew: 959K->63K(960K), 0.0038669 secs] 522795K->522463K(524224K), 0.0039583 secs] [Times: user=0.00 sys=0.00, real=0.00 secs] 
15.359: [GC 15.359: [DefNew: 959K->64K(960K), 0.0046228 secs] 523360K->522997K(524224K), 0.0046935 secs] [Times: user=0.02 sys=0.00, real=0.00 secs] 
15.365: [GC 15.365: [DefNew: 960K->960K(960K), 0.0000077 secs]15.366: [Tenured: 522934K->12178K(523264K), 0.1800822 secs] 523894K->12178K(524224K), [Perm : 373K->373K(12288K)], 0.1802068 secs] [Times: user=0.16 sys=0.00, real=0.18 secs] 
15.548: [GC 15.548: [DefNew: 896K->64K(960K), 0.0014724 secs] 13074K->12808K(524224K), 0.0015268 secs] [Times: user=0.00 sys=0.00, real=0.00 secs] 
15.552: [GC 15.552: [DefNew: 960K->63K(960K), 0.0022106 secs] 13706K->13336K(524224K), 0.0022808 secs] [Times: user=0.00 sys=0.00, real=0.00 secs] 
15.555: [GC 15.555: [DefNew: 959K->64K(960K), 0.0021644 secs] 14234K->13848K(524224K), 0.0022270 secs] [Times: user=0.00 sys=0.00, real=0.00 secs] 
15.559: [GC 15.559: [DefNew: 960K->63K(960K), 0.0022525 secs] 14745K->14349K(524224K), 0.0023362 secs] [Times: user=0.00 sys=0.00, real=0.00 secs] 
15.564: [GC 15.564: [DefNew: 959K->63K(960K), 0.0023362 secs] 15246K->14929K(524224K), 0.0024002 secs] [Times: user=0.02 sys=0.00, real=0.00 secs] 
15.569: [GC 15.569: [DefNew: 959K->64K(960K), 0.0022270 secs] 15827K->15464K(524224K), 0.0022919 secs] [Times: user=0.00 sys=0.00, real=0.00 secs] 
15.573: [GC 15.573: [DefNew: 960K->63K(960K), 0.0018117 secs] 16362K->15952K(524224K), 0.0018935 secs] [Times: user=0.00 sys=0.00, real=0.00 secs] 
15.576: [GC 15.576: [DefNew: 959K->64K(960K), 0.0018853 secs] 16849K->16448K(524224K), 0.0019512 secs] [Times: user=0.00 sys=0.00, real=0.00 secs] 
15.580: [GC 15.580: [DefNew: 960K->64K(960K), 0.0019748 secs] 17344K->16990K(524224K), 0.0020345 secs] [Times: user=0.02 sys=0.00, real=0.00 secs] 
15.583: [GC 15.583: [DefNew: 960K->63K(960K), 0.0029579 secs] 17887K->17502K(524224K), 0.0030233 secs] [Times: user=0.00 sys=0.00, real=0.00 secs] 
15.588: [GC 15.588: [DefNew: 959K->63K(960K), 0.0022881 secs] 18400K->18061K(524224K), 0.0023665 secs] [Times: user=0.00 sys=0.00, real=0.00 secs] 
15.592: [GC 15.592: [DefNew: 959K->63K(960K), 0.0024805 secs] 18957K->18620K(524224K), 0.0025465 secs] [Times: user=0.00 sys=0.00, real=0.00 secs] 
15.598: [GC 15.598: [DefNew: 959K->63K(960K), 0.0022409 secs] 19516K->19163K(524224K), 0.0023145 secs] [Times: user=0.00 sys=0.00, real=0.00 secs] 
15.602: [GC 15.602: [DefNew: 959K->64K(960K), 0.0019628 secs] 20059K->19663K(524224K), 0.0020258 secs] [Times: user=0.00 sys=0.00, real=0.00 secs] 
15.605: [GC 15.605: [DefNew: 960K->63K(960K), 0.0018247 secs] 20560K->20165K(524224K), 0.0018800 secs] [Times: user=0.00 sys=0.00, real=0.00 secs] 
15.609: [GC 15.609: [DefNew: 959K->64K(960K), 0.0020176 secs] 21062K->20740K(524224K), 0.0020792 secs] [Times: user=0.00 sys=0.00, real=0.00 secs] 
15.612: [GC 15.612: [DefNew: 960K->64K(960K), 0.0028102 secs] 21637K->21243K(524224K), 0.0028819 secs] [Times: user=0.01 sys=0.00, real=0.00 secs] 
15.617: [GC 15.617: [DefNew: 960K->63K(960K), 0.0021586 secs] 22141K->21805K(524224K), 0.0022246 secs] [Times: user=0.00 sys=0.00, real=0.00 secs] 
15.621: [GC 15.621: [DefNew: 959K->63K(960K), 0.0021846 secs] 22703K->22337K(524224K), 0.0022467 secs] [Times: user=0.00 sys=0.00, real=0.00 secs] 
15.624: [GC 15.624: [DefNew: 959K->63K(960K), 0.0018516 secs] 23234K->22844K(524224K), 0.0019127 secs] [Times: user=0.00 sys=0.00, real=0.00 secs] 
15.628: [GC 15.628: [DefNew: 959K->63K(960K), 0.0036614 secs] 23741K->23374K(524224K), 0.0037384 secs] [Times: user=0.00 sys=0.00, real=0.00 secs] 
15.633: [GC 15.633: [DefNew: 959K->63K(960K), 0.0022515 secs] 24272K->23901K(524224K), 0.0023165 secs] [Times: user=0.00 sys=0.00, real=0.00 secs] 
15.637: [GC 15.637: [DefNew: 959K->64K(960K), 0.0022404 secs] 24798K->24467K(524224K), 0.0023054 secs] [Times: user=0.00 sys=0.00, real=0.00 secs] 
15.641: [GC 15.641: [DefNew: 960K->63K(960K), 0.0025320 secs] 25364K->24991K(524224K), 0.0026158 secs] [Times: user=0.00 sys=0.00, real=0.00 secs] 
15.647: [GC 15.647: [DefNew: 959K->64K(960K), 0.0022553 secs] 25889K->25523K(524224K), 0.0023275 secs] [Times: user=0.00 sys=0.00, real=0.00 secs] 
15.651: [GC 15.651: [DefNew: 960K->63K(960K), 0.0020869 secs] 26421K->26048K(524224K), 0.0021485 secs] [Times: user=0.00 sys=0.00, real=0.00 secs] 
15.654: [GC 15.654: [DefNew: 959K->63K(960K), 0.0022082 secs] 26946K->26573K(524224K), 0.0022698 secs] [Times: user=0.00 sys=0.00, real=0.00 secs] 
15.658: [GC 15.658: [DefNew: 959K->63K(960K), 0.0021033 secs] 27471K->27104K(524224K), 0.0021610 secs] [Times: user=0.01 sys=0.00, real=0.00 secs] 
15.662: [GC 15.662: [DefNew: 959K->63K(960K), 0.0025041 secs] 28001K->27634K(524224K), 0.0025676 secs] [Times: user=0.00 sys=0.00, real=0.00 secs] 
15.666: [GC 15.666: [DefNew: 959K->63K(960K), 0.0021341 secs] 28531K->28138K(524224K), 0.0021942 secs] [Times: user=0.00 sys=0.00, real=0.00 secs] 
15.670: [GC 15.670: [DefNew: 959K->64K(960K), 0.0020970 secs] 29036K->28704K(524224K), 0.0021533 secs] [Times: user=0.00 sys=0.00, real=0.00 secs] 
15.673: [GC 15.673: [DefNew: 960K->64K(960K), 0.0027134 secs] 29601K->29212K(524224K), 0.0027770 secs] [Times: user=0.02 sys=0.00, real=0.00 secs] 
15.681: [GC 15.681: [DefNew: 960K->64K(960K), 0.0027110 secs] 30109K->29864K(524224K), 0.0027813 secs] [Times: user=0.00 sys=0.00, real=0.00 secs] 
15.685: [GC 15.685: [DefNew: 960K->63K(960K), 0.0020980 secs] 30761K->30341K(524224K), 0.0021548 secs] [Times: user=0.00 sys=0.00, real=0.00 secs] 
15.689: [GC 15.689: [DefNew: 959K->63K(960K), 0.0023934 secs] 31238K->30893K(524224K), 0.0024724 secs] [Times: user=0.02 sys=0.00, real=0.00 secs] 
15.694: [GC 15.694: [DefNew: 959K->64K(960K), 0.0027991 secs] 31791K->31443K(524224K), 0.0028718 secs] [Times: user=0.00 sys=0.00, real=0.00 secs] 
15.698: [GC 15.698: [DefNew: 960K->63K(960K), 0.0021485 secs] 32339K->31947K(524224K), 0.0022101 secs] [Times: user=0.00 sys=0.00, real=0.00 secs] 
15.702: [GC 15.702: [DefNew: 959K->64K(960K), 0.0020860 secs] 32843K->32459K(524224K), 0.0021461 secs] [Times: user=0.00 sys=0.00, real=0.00 secs] 
15.705: [GC 15.705: [DefNew: 960K->64K(960K), 0.0029646 secs] 33356K->32960K(524224K), 0.0030339 secs] [Times: user=0.01 sys=0.00, real=0.00 secs] 
15.710: [GC 15.710: [DefNew: 960K->64K(960K), 0.0021865 secs] 33858K->33505K(524224K), 0.0022501 secs] [Times: user=0.00 sys=0.00, real=0.00 secs] 
15.714: [GC 15.714: [DefNew: 960K->64K(960K), 0.0023925 secs] 34402K->34070K(524224K), 0.0024536 secs] [Times: user=0.00 sys=0.00, real=0.00 secs] 
15.717: [GC 15.717: [DefNew: 960K->63K(960K), 0.0020460 secs] 34968K->34578K(524224K), 0.0021023 secs] [Times: user=0.00 sys=0.00, real=0.00 secs] 
15.721: [GC 15.721: [DefNew: 959K->63K(960K), 0.0022395 secs] 35476K->35135K(524224K), 0.0023006 secs] [Times: user=0.02 sys=0.00, real=0.00 secs] 
15.725: [GC 15.725: [DefNew: 959K->63K(960K), 0.0022399 secs] 36032K->35645K(524224K), 0.0022987 secs] [Times: user=0.00 sys=0.00, real=0.00 secs] 
15.729: [GC 15.729: [DefNew: 959K->64K(960K), 0.0022808 secs] 36542K->36159K(524224K), 0.0023463 secs] [Times: user=0.00 sys=0.00, real=0.00 secs] 
15.732: [GC 15.732: [DefNew: 960K->64K(960K), 0.0020802 secs] 37055K->36672K(524224K), 0.0021601 secs] [Times: user=0.00 sys=0.00, real=0.00 secs] 
15.736: [GC 15.736: [DefNew: 960K->64K(960K), 0.0028833 secs] 37570K->37196K(524224K), 0.0029507 secs] [Times: user=0.01 sys=0.00, real=0.00 secs] 
15.741: [GC 15.741: [DefNew: 960K->63K(960K), 0.0041079 secs] 38093K->37730K(524224K), 0.0041758 secs] [Times: user=0.00 sys=0.00, real=0.00 secs] 
15.747: [GC 15.747: [DefNew: 959K->64K(960K), 0.0026211 secs] 38628K->38323K(524224K), 0.0027072 secs] [Times: user=0.00 sys=0.00, real=0.00 secs] 
15.751: [GC 15.751: [DefNew: 960K->64K(960K), 0.0021283 secs] 39220K->38880K(524224K), 0.0021851 secs] [Times: user=0.02 sys=0.00, real=0.00 secs] 
15.755: [GC 15.755: [DefNew: 960K->64K(960K), 0.0027635 secs] 39777K->39423K(524224K), 0.0028333 secs] [Times: user=0.00 sys=0.00, real=0.00 secs] 
15.759: [GC 15.759: [DefNew: 960K->64K(960K), 0.0028491 secs] 40321K->39929K(524224K), 0.0029228 secs] [Times: user=0.00 sys=0.00, real=0.00 secs] 
15.764: [GC 15.764: [DefNew: 960K->64K(960K), 0.0022188 secs] 40826K->40458K(524224K), 0.0022818 secs] [Times: user=0.00 sys=0.00, real=0.00 secs] 
15.767: [GC 15.767: [DefNew: 960K->64K(960K), 0.0025195 secs] 41355K->40972K(524224K), 0.0025826 secs] [Times: user=0.02 sys=0.00, real=0.00 secs] 
15.772: [GC 15.772: [DefNew: 960K->63K(960K), 0.0022419 secs] 41870K->41502K(524224K), 0.0023035 secs] [Times: user=0.00 sys=0.00, real=0.00 secs] 
15.775: [GC 15.775: [DefNew: 959K->64K(960K), 0.0020460 secs] 42398K->42004K(524224K), 0.0020980 secs] [Times: user=0.00 sys=0.00, real=0.00 secs] 
15.780: [GC 15.780: [DefNew: 960K->63K(960K), 0.0022351 secs] 42901K->42555K(524224K), 0.0022962 secs] [Times: user=0.00 sys=0.00, real=0.00 secs] 
15.783: [GC 15.783: [DefNew: 959K->63K(960K), 0.0029964 secs] 43452K->43068K(524224K), 0.0030657 secs] [Times: user=0.01 sys=0.00, real=0.00 secs] 
15.788: [GC 15.788: [DefNew: 959K->63K(960K), 0.0024011 secs] 43966K->43627K(524224K), 0.0024656 secs] [Times: user=0.00 sys=0.00, real=0.00 secs] 
15.793: [GC 15.793: [DefNew: 959K->64K(960K), 0.0034959 secs] 44524K->44180K(524224K), 0.0035695 secs] [Times: user=0.00 sys=0.00, real=0.00 secs] 
15.798: [GC 15.798: [DefNew: 960K->63K(960K), 0.0021442 secs] 45077K->44710K(524224K), 0.0022024 secs] [Times: user=0.02 sys=0.00, real=0.00 secs] 
15.803: [GC 15.803: [DefNew: 959K->64K(960K), 0.0026076 secs] 45608K->45246K(524224K), 0.0026716 secs] [Times: user=0.00 sys=0.00, real=0.00 secs] 
15.806: [GC 15.806: [DefNew: 960K->64K(960K), 0.0024223 secs] 46145K->45777K(524224K), 0.0024974 secs] [Times: user=0.00 sys=0.00, real=0.00 secs] 
15.811: [GC 15.811: [DefNew: 960K->63K(960K), 0.0027086 secs] 46673K->46355K(524224K), 0.0027794 secs] [Times: user=0.00 sys=0.00, real=0.00 secs] 
15.816: [GC 15.816: [DefNew: 959K->64K(960K), 0.0024998 secs] 47252K->46882K(524224K), 0.0025854 secs] [Times: user=0.00 sys=0.00, real=0.00 secs] 
15.820: [GC 15.820: [DefNew: 960K->63K(960K), 0.0022890 secs] 47779K->47415K(524224K), 0.0023540 secs] [Times: user=0.00 sys=0.00, real=0.00 secs] 
15.824: [GC 15.824: [DefNew: 959K->64K(960K), 0.0023588 secs] 48312K->47966K(524224K), 0.0024267 secs] [Times: user=0.00 sys=0.00, real=0.00 secs] 
15.827: [GC 15.827: [DefNew: 960K->63K(960K), 0.0025214 secs] 48863K->48494K(524224K), 0.0025835 secs] [Times: user=0.00 sys=0.00, real=0.00 secs] 
15.832: [GC 15.832: [DefNew: 959K->63K(960K), 0.0023891 secs] 49391K->49061K(524224K), 0.0024522 secs] [Times: user=0.00 sys=0.00, real=0.00 secs] 
15.838: [GC 15.838: [DefNew: 959K->64K(960K), 0.0023448 secs] 49957K->49603K(524224K), 0.0024137 secs] [Times: user=0.00 sys=0.00, real=0.00 secs] 
15.843: [GC 15.843: [DefNew: 960K->63K(960K), 0.0028198 secs] 50501K->50123K(524224K), 0.0028982 secs] [Times: user=0.00 sys=0.00, real=0.00 secs] 
15.848: [GC 15.848: [DefNew: 959K->63K(960K), 0.0030099 secs] 51019K->50795K(524224K), 0.0030806 secs] [Times: user=0.00 sys=0.00, real=0.00 secs] 
15.853: [GC 15.853: [DefNew: 959K->63K(960K), 0.0023078 secs] 51692K->51321K(524224K), 0.0023675 secs] [Times: user=0.00 sys=0.00, real=0.00 secs] 
15.857: [GC 15.857: [DefNew: 959K->63K(960K), 0.0022924 secs] 52217K->51875K(524224K), 0.0023530 secs] [Times: user=0.00 sys=0.00, real=0.00 secs] 
15.860: [GC 15.860: [DefNew: 959K->64K(960K), 0.0027404 secs] 52772K->52400K(524224K), 0.0028102 secs] [Times: user=0.02 sys=0.00, real=0.00 secs] 
15.865: [GC 15.865: [DefNew: 960K->63K(960K), 0.0023227 secs] 53297K->52967K(524224K), 0.0023848 secs] [Times: user=0.00 sys=0.00, real=0.00 secs] 
15.869: [GC 15.869: [DefNew: 959K->64K(960K), 0.0022751 secs] 53864K->53478K(524224K), 0.0023338 secs] [Times: user=0.00 sys=0.00, real=0.00 secs] 
15.872: [GC 15.872: [DefNew: 960K->63K(960K), 0.0021913 secs] 54376K->53970K(524224K), 0.0022544 secs] [Times: user=0.00 sys=0.00, real=0.00 secs] 
15.876: [GC 15.876: [DefNew: 959K->64K(960K), 0.0040584 secs] 54868K->54523K(524224K), 0.0041272 secs] [Times: user=0.02 sys=0.00, real=0.00 secs] 
15.881: [GC 15.881: [DefNew: 960K->64K(960K), 0.0022775 secs] 55420K->55052K(524224K), 0.0023405 secs] [Times: user=0.00 sys=0.00, real=0.00 secs] 
15.885: [GC 15.885: [DefNew: 960K->64K(960K), 0.0022173 secs] 55950K->55579K(524224K), 0.0022765 secs] [Times: user=0.00 sys=0.00, real=0.00 secs] 
15.889: [GC 15.889: [DefNew: 960K->64K(960K), 0.0022000 secs] 56476K->56100K(524224K), 0.0022640 secs] [Times: user=0.00 sys=0.00, real=0.00 secs] 
15.893: [GC 15.893: [DefNew: 960K->64K(960K), 0.0027269 secs] 56997K->56636K(524224K), 0.0028063 secs] [Times: user=0.00 sys=0.00, real=0.00 secs] 
15.897: [GC 15.897: [DefNew: 960K->64K(960K), 0.0030166 secs] 57534K->57273K(524224K), 0.0030844 secs] [Times: user=0.00 sys=0.00, real=0.00 secs] 
15.901: [GC 15.901: [DefNew: 960K->64K(960K), 0.0024151 secs] 58170K->57779K(524224K), 0.0024753 secs] [Times: user=0.00 sys=0.00, real=0.00 secs] 
15.906: [GC 15.906: [DefNew: 960K->63K(960K), 0.0023636 secs] 58676K->58331K(524224K), 0.0024271 secs] [Times: user=0.00 sys=0.00, real=0.00 secs] 
15.909: [GC 15.909: [DefNew: 959K->63K(960K), 0.0023299 secs] 59227K->58853K(524224K), 0.0023959 secs] [Times: user=0.00 sys=0.00, real=0.00 secs] 
15.914: [GC 15.914: [DefNew: 959K->64K(960K), 0.0031249 secs] 59750K->59417K(524224K), 0.0031932 secs] [Times: user=0.00 sys=0.00, real=0.00 secs] 
15.919: [GC 15.919: [DefNew: 960K->64K(960K), 0.0023622 secs] 60314K->59961K(524224K), 0.0025941 secs] [Times: user=0.00 sys=0.00, real=0.00 secs] 
15.923: [GC 15.923: [DefNew: 960K->63K(960K), 0.0026013 secs] 60859K->60489K(524224K), 0.0026721 secs] [Times: user=0.02 sys=0.00, real=0.00 secs] 
15.929: [GC 15.929: [DefNew: 959K->64K(960K), 0.0025330 secs] 61385K->61063K(524224K), 0.0025984 secs] [Times: user=0.00 sys=0.00, real=0.00 secs] 
15.933: [GC 15.933: [DefNew: 960K->64K(960K), 0.0022732 secs] 61960K->61575K(524224K), 0.0023338 secs] [Times: user=0.00 sys=0.00, real=0.00 secs] 
15.937: [GC 15.937: [DefNew: 960K->63K(960K), 0.0022279 secs] 62472K->62105K(524224K), 0.0022905 secs] [Times: user=0.00 sys=0.00, real=0.00 secs] 
15.942: [GC 15.942: [DefNew: 959K->64K(960K), 0.0026446 secs] 63003K->62616K(524224K), 0.0027154 secs] [Times: user=0.00 sys=0.00, real=0.00 secs] 
15.946: [GC 15.946: [DefNew: 960K->64K(960K), 0.0024728 secs] 63514K->63176K(524224K), 0.0025378 secs] [Times: user=0.00 sys=0.00, real=0.00 secs] 
15.951: [GC 15.951: [DefNew: 960K->63K(960K), 0.0021832 secs] 64073K->63704K(524224K), 0.0022433 secs] [Times: user=0.00 sys=0.00, real=0.00 secs] 
15.954: [GC 15.954: [DefNew: 959K->63K(960K), 0.0022197 secs] 64601K->64208K(524224K), 0.0022804 secs] [Times: user=0.01 sys=0.00, real=0.00 secs] 
15.958: [GC 15.958: [DefNew: 959K->63K(960K), 0.0028708 secs] 65105K->64743K(524224K), 0.0029410 secs] [Times: user=0.00 sys=0.00, real=0.00 secs] 
15.963: [GC 15.963: [DefNew: 959K->64K(960K), 0.0023535 secs] 65640K->65282K(524224K), 0.0024156 secs] [Times: user=0.00 sys=0.00, real=0.00 secs] 
15.967: [GC 15.967: [DefNew: 960K->63K(960K), 0.0024748 secs] 66180K->65785K(524224K), 0.0025426 secs] [Times: user=0.00 sys=0.00, real=0.00 secs] 
15.972: [GC 15.973: [DefNew: 959K->64K(960K), 0.0025330 secs] 66682K->66337K(524224K), 0.0026114 secs] [Times: user=0.00 sys=0.00, real=0.00 secs] 
15.978: [GC 15.978: [DefNew: 960K->63K(960K), 0.0097071 secs] 67233K->66905K(524224K), 0.0097995 secs] [Times: user=0.02 sys=0.00, real=0.01 secs] 
15.997: [GC 16.026: [DefNew: 959K->64K(960K), 0.0032432 secs] 67802K->67737K(524224K), 0.0033486 secs] [Times: user=0.00 sys=0.00, real=0.03 secs] 
16.030: [GC 16.030: [DefNew: 960K->64K(960K), 0.0028318 secs] 68634K->68269K(524224K), 0.0028939 secs] [Times: user=0.00 sys=0.00, real=0.00 secs] 
16.035: [GC 16.035: [DefNew: 960K->63K(960K), 0.0024993 secs] 69165K->68842K(524224K), 0.0025691 secs] [Times: user=0.00 sys=0.00, real=0.00 secs] 
16.040: [GC 16.040: [DefNew: 959K->63K(960K), 0.0027211 secs] 69739K->69450K(524224K), 0.0027880 secs] [Times: user=0.00 sys=0.00, real=0.00 secs] 
16.044: [GC 16.044: [DefNew: 959K->64K(960K), 0.0027620 secs] 70346K->69983K(524224K), 0.0028323 secs] [Times: user=0.00 sys=0.00, real=0.00 secs] 
16.049: [GC 16.049: [DefNew: 960K->63K(960K), 0.0025397 secs] 70880K->70526K(524224K), 0.0026037 secs] [Times: user=0.01 sys=0.00, real=0.00 secs] 
16.053: [GC 16.053: [DefNew: 959K->64K(960K), 0.0025927 secs] 71423K->71061K(524224K), 0.0026923 secs] [Times: user=0.00 sys=0.00, real=0.00 secs] 
16.058: [GC 16.058: [DefNew: 960K->64K(960K), 0.0047561 secs] 71958K->71837K(524224K), 0.0048345 secs] [Times: user=0.00 sys=0.00, real=0.01 secs] 
16.064: [GC 16.064: [DefNew: 960K->64K(960K), 0.0035040 secs] 72735K->72378K(524224K), 0.0035921 secs] [Times: user=0.02 sys=0.00, real=0.00 secs] 
16.071: [GC 16.071: [DefNew: 960K->63K(960K), 0.0038057 secs] 73276K->73128K(524224K), 0.0038837 secs] [Times: user=0.00 sys=0.00, real=0.00 secs] 
16.076: [GC 16.076: [DefNew: 959K->64K(960K), 0.0051709 secs] 74024K->73803K(524224K), 0.0052691 secs] [Times: user=0.02 sys=0.00, real=0.00 secs] 
16.082: [GC 16.083: [DefNew: 960K->63K(960K), 0.0039857 secs] 74700K->74387K(524224K), 0.0040627 secs] [Times: user=0.00 sys=0.00, real=0.00 secs] 
16.088: [GC 16.088: [DefNew: 959K->64K(960K), 0.0024348 secs] 75285K->74887K(524224K), 0.0025012 secs] [Times: user=0.00 sys=0.00, real=0.00 secs] 
16.092: [GC 16.093: [DefNew: 960K->63K(960K), 0.0037841 secs] 75783K->75539K(524224K), 0.0038688 secs] [Times: user=0.02 sys=0.00, real=0.00 secs] 
16.099: [GC 16.099: [DefNew: 959K->64K(960K), 0.0045275 secs] 76436K->76311K(524224K), 0.0046209 secs] [Times: user=0.00 sys=0.00, real=0.00 secs] 
16.105: [GC 16.105: [DefNew: 960K->63K(960K), 0.0037004 secs] 77208K->76873K(524224K), 0.0037783 secs] [Times: user=0.00 sys=0.00, real=0.00 secs] 
16.112: [GC 16.112: [DefNew: 959K->63K(960K), 0.0037018 secs] 77771K->77433K(524224K), 0.0038086 secs] [Times: user=0.00 sys=0.00, real=0.00 secs] 
16.118: [GC 16.118: [DefNew: 959K->63K(960K), 0.0026658 secs] 78330K->77970K(524224K), 0.0027332 secs] [Times: user=0.00 sys=0.00, real=0.00 secs] 
16.122: [GC 16.122: [DefNew: 959K->64K(960K), 0.0030681 secs] 78867K->78579K(524224K), 0.0031393 secs] [Times: user=0.00 sys=0.00, real=0.00 secs] 
16.127: [GC 16.127: [DefNew: 960K->63K(960K), 0.0052022 secs] 79476K->79334K(524224K), 0.0053374 secs] [Times: user=0.02 sys=0.00, real=0.01 secs] 
16.136: [GC 16.136: [DefNew: 959K->63K(960K), 0.0033289 secs] 80230K->80041K(524224K), 0.0034261 secs] [Times: user=0.00 sys=0.00, real=0.00 secs] 
16.141: [GC 16.141: [DefNew: 959K->64K(960K), 0.0046753 secs] 80939K->80782K(524224K), 0.0047705 secs] [Times: user=0.02 sys=0.00, real=0.01 secs] 
16.149: [GC 16.149: [DefNew: 960K->63K(960K), 0.0049659 secs] 81678K->81604K(524224K), 0.0051117 secs] [Times: user=0.00 sys=0.00, real=0.01 secs] 
16.156: [GC 16.156: [DefNew: 959K->63K(960K), 0.0051540 secs] 82501K->82383K(524224K), 0.0052291 secs] [Times: user=0.02 sys=0.00, real=0.01 secs] 
16.163: [GC 16.163: [DefNew: 959K->63K(960K), 0.0043057 secs] 83281K->82982K(524224K), 0.0043914 secs] [Times: user=0.00 sys=0.00, real=0.00 secs] 
16.169: [GC 16.170: [DefNew: 959K->64K(960K), 0.0030286 secs] 83879K->83597K(524224K), 0.0031061 secs] [Times: user=0.00 sys=0.00, real=0.00 secs] 
16.174: [GC 16.174: [DefNew: 960K->64K(960K), 0.0036710 secs] 84493K->84190K(524224K), 0.0037557 secs] [Times: user=0.00 sys=0.00, real=0.00 secs] 
16.180: [GC 16.180: [DefNew: 960K->64K(960K), 0.0045092 secs] 85086K->84969K(524224K), 0.0045949 secs] [Times: user=0.00 sys=0.00, real=0.01 secs] 
16.187: [GC 16.187: [DefNew: 960K->64K(960K), 0.0039246 secs] 85866K->85639K(524224K), 0.0040170 secs] [Times: user=0.02 sys=0.00, real=0.00 secs] 
16.193: [GC 16.193: [DefNew: 960K->64K(960K), 0.0051497 secs] 86536K->86414K(524224K), 0.0052753 secs] [Times: user=0.00 sys=0.00, real=0.01 secs] 
16.200: [GC 16.201: [DefNew: 960K->63K(960K), 0.0036325 secs] 87310K->87112K(524224K), 0.0038312 secs] [Times: user=0.00 sys=0.00, real=0.00 secs] 
16.206: [GC 16.206: [DefNew: 959K->63K(960K), 0.0045939 secs] 88008K->87785K(524224K), 0.0046911 secs] [Times: user=0.00 sys=0.00, real=0.00 secs] 
16.213: [GC 16.213: [DefNew: 959K->64K(960K), 0.0050294 secs] 88681K->88548K(524224K), 0.0051844 secs] [Times: user=0.00 sys=0.00, real=0.01 secs] 
16.220: [GC 16.220: [DefNew: 960K->63K(960K), 0.0040319 secs] 89444K->89260K(524224K), 0.0041185 secs] [Times: user=0.01 sys=0.00, real=0.00 secs] 
16.225: [GC 16.225: [DefNew: 959K->63K(960K), 0.0043110 secs] 90156K->89959K(524224K), 0.0043971 secs] [Times: user=0.00 sys=0.00, real=0.00 secs] 
16.232: [GC 16.232: [DefNew: 959K->64K(960K), 0.0041859 secs] 90855K->90708K(524224K), 0.0042701 secs] [Times: user=0.00 sys=0.00, real=0.00 secs] 
16.238: [GC 16.238: [DefNew: 960K->64K(960K), 0.0046599 secs] 91604K->91405K(524224K), 0.0048042 secs] [Times: user=0.00 sys=0.00, real=0.00 secs] 
16.244: [GC 16.244: [DefNew: 960K->63K(960K), 0.0046940 secs] 92302K->92168K(524224K), 0.0047715 secs] [Times: user=0.00 sys=0.00, real=0.00 secs] 
16.251: [GC 16.251: [DefNew: 959K->63K(960K), 0.0037119 secs] 93065K->92767K(524224K), 0.0037990 secs] [Times: user=0.02 sys=0.00, real=0.00 secs] 
16.256: [GC 16.256: [DefNew: 959K->63K(960K), 0.0041503 secs] 93663K->93424K(524224K), 0.0042306 secs] [Times: user=0.00 sys=0.00, real=0.00 secs] 
16.262: [GC 16.262: [DefNew: 959K->64K(960K), 0.0055082 secs] 94321K->94195K(524224K), 0.0055886 secs] [Times: user=0.00 sys=0.00, real=0.01 secs] 
16.269: [GC 16.269: [DefNew: 960K->63K(960K), 0.0032038 secs] 95092K->94827K(524224K), 0.0032687 secs] [Times: user=0.00 sys=0.00, real=0.00 secs] 
16.274: [GC 16.274: [DefNew: 959K->64K(960K), 0.0031662 secs] 95723K->95389K(524224K), 0.0032408 secs] [Times: user=0.00 sys=0.00, real=0.00 secs] 
16.278: [GC 16.278: [DefNew: 960K->63K(960K), 0.0029102 secs] 96287K->95896K(524224K), 0.0029839 secs] [Times: user=0.00 sys=0.00, real=0.00 secs] 
16.283: [GC 16.283: [DefNew: 959K->64K(960K), 0.0029069 secs] 96792K->96436K(524224K), 0.0029742 secs] [Times: user=0.02 sys=0.00, real=0.00 secs] 
16.288: [GC 16.288: [DefNew: 960K->64K(960K), 0.0029540 secs] 97334K->97010K(524224K), 0.0030214 secs] [Times: user=0.00 sys=0.00, real=0.00 secs] 
16.292: [GC 16.292: [DefNew: 960K->64K(960K), 0.0026307 secs] 97907K->97543K(524224K), 0.0027014 secs] [Times: user=0.00 sys=0.00, real=0.00 secs] 
16.297: [GC 16.297: [DefNew: 960K->63K(960K), 0.0035286 secs] 98440K->98201K(524224K), 0.0036075 secs] [Times: user=0.02 sys=0.00, real=0.00 secs] 
16.302: [GC 16.302: [DefNew: 959K->63K(960K), 0.0029362 secs] 99097K->98847K(524224K), 0.0029993 secs] [Times: user=0.00 sys=0.00, real=0.00 secs] 
16.307: [GC 16.307: [DefNew: 959K->63K(960K), 0.0037547 secs] 99743K->99541K(524224K), 0.0038630 secs] [Times: user=0.00 sys=0.00, real=0.00 secs] 
16.313: [GC 16.313: [DefNew: 959K->64K(960K), 0.0051064 secs] 100437K->100333K(524224K), 0.0051911 secs] [Times: user=0.02 sys=0.00, real=0.00 secs] 
16.319: [GC 16.319: [DefNew: 960K->63K(960K), 0.0032375 secs] 101229K->100913K(524224K), 0.0033106 secs] [Times: user=0.00 sys=0.00, real=0.00 secs] 
16.324: [GC 16.324: [DefNew: 959K->63K(960K), 0.0028607 secs] 101810K->101495K(524224K), 0.0029348 secs] [Times: user=0.00 sys=0.00, real=0.00 secs] 
16.328: [GC 16.328: [DefNew: 959K->63K(960K), 0.0044250 secs] 102392K->102121K(524224K), 0.0045261 secs] [Times: user=0.02 sys=0.00, real=0.00 secs] 
16.335: [GC 16.335: [DefNew: 959K->63K(960K), 0.0038057 secs] 103018K->102768K(524224K), 0.0038707 secs] [Times: user=0.00 sys=0.00, real=0.00 secs] 
16.340: [GC 16.340: [DefNew: 959K->64K(960K), 0.0038389 secs] 103664K->103368K(524224K), 0.0039169 secs] [Times: user=0.00 sys=0.00, real=0.00 secs] 
16.347: [GC 16.347: [DefNew: 960K->64K(960K), 0.0057421 secs] 104265K->104067K(524224K), 0.0058431 secs] [Times: user=0.00 sys=0.00, real=0.01 secs] 
16.354: [GC 16.354: [DefNew: 960K->64K(960K), 0.0033655 secs] 104965K->104671K(524224K), 0.0034338 secs] [Times: user=0.00 sys=0.00, real=0.00 secs] 
16.358: [GC 16.358: [DefNew: 960K->64K(960K), 0.0028078 secs] 105568K->105192K(524224K), 0.0028766 secs] [Times: user=0.00 sys=0.00, real=0.00 secs] 
16.363: [GC 16.363: [DefNew: 960K->64K(960K), 0.0049168 secs] 106088K->105912K(524224K), 0.0050030 secs] [Times: user=0.00 sys=0.00, real=0.00 secs] 
16.369: [GC 16.369: [DefNew: 960K->63K(960K), 0.0032851 secs] 106808K->106525K(524224K), 0.0033664 secs] [Times: user=0.00 sys=0.00, real=0.00 secs] 
16.374: [GC 16.374: [DefNew: 959K->64K(960K), 0.0036556 secs] 107422K->107147K(524224K), 0.0037894 secs] [Times: user=0.02 sys=0.00, real=0.00 secs] 
16.380: [GC 16.380: [DefNew: 960K->63K(960K), 0.0035002 secs] 108044K->107918K(524224K), 0.0035767 secs] [Times: user=0.00 sys=0.00, real=0.00 secs] 
16.385: [GC 16.385: [DefNew: 959K->64K(960K), 0.0032899 secs] 108815K->108481K(524224K), 0.0033558 secs] [Times: user=0.00 sys=0.00, real=0.00 secs] 
16.390: [GC 16.390: [DefNew: 960K->63K(960K), 0.0030517 secs] 109378K->109032K(524224K), 0.0031456 secs] [Times: user=0.02 sys=0.00, real=0.00 secs] 
16.396: [GC 16.396: [DefNew: 959K->64K(960K), 0.0033202 secs] 109929K->109853K(524224K), 0.0033943 secs] [Times: user=0.00 sys=0.00, real=0.00 secs] 
16.401: [GC 16.401: [DefNew: 960K->63K(960K), 0.0031908 secs] 110750K->110424K(524224K), 0.0032524 secs] [Times: user=0.00 sys=0.00, real=0.00 secs] 
16.405: [GC 16.405: [DefNew: 959K->63K(960K), 0.0028270 secs] 111320K->110949K(524224K), 0.0028905 secs] [Times: user=0.02 sys=0.00, real=0.00 secs] 
16.410: [GC 16.410: [DefNew: 959K->64K(960K), 0.0032023 secs] 111845K->111509K(524224K), 0.0032827 secs] [Times: user=0.00 sys=0.00, real=0.00 secs] 
16.415: [GC 16.415: [DefNew: 960K->63K(960K), 0.0027741 secs] 112405K->112042K(524224K), 0.0028371 secs] [Times: user=0.00 sys=0.00, real=0.00 secs] 
16.419: [GC 16.419: [DefNew: 959K->64K(960K), 0.0025989 secs] 112939K->112578K(524224K), 0.0026648 secs] [Times: user=0.00 sys=0.00, real=0.00 secs] 
16.424: [GC 16.424: [DefNew: 960K->64K(960K), 0.0043967 secs] 113474K->113126K(524224K), 0.0044756 secs] [Times: user=0.00 sys=0.00, real=0.00 secs] 
16.430: [GC 16.430: [DefNew: 960K->63K(960K), 0.0030551 secs] 114024K->113797K(524224K), 0.0031196 secs] [Times: user=0.00 sys=0.00, real=0.00 secs] 
16.435: [GC 16.435: [DefNew: 959K->64K(960K), 0.0030113 secs] 114695K->114354K(524224K), 0.0030724 secs] [Times: user=0.00 sys=0.00, real=0.00 secs] 
16.439: [GC 16.439: [DefNew: 960K->64K(960K), 0.0035815 secs] 115252K->114890K(524224K), 0.0036739 secs] [Times: user=0.01 sys=0.00, real=0.00 secs] 
16.445: [GC 16.445: [DefNew: 960K->63K(960K), 0.0030315 secs] 115787K->115527K(524224K), 0.0030945 secs] [Times: user=0.00 sys=0.00, real=0.00 secs] 
16.450: [GC 16.450: [DefNew: 959K->63K(960K), 0.0031071 secs] 116425K->116073K(524224K), 0.0031797 secs] [Times: user=0.00 sys=0.00, real=0.00 secs] 
16.454: [GC 16.454: [DefNew: 959K->64K(960K), 0.0029540 secs] 116969K->116681K(524224K), 0.0030185 secs] [Times: user=0.02 sys=0.00, real=0.00 secs] 
16.459: [GC 16.459: [DefNew: 960K->63K(960K), 0.0029882 secs] 117578K->117213K(524224K), 0.0030560 secs] [Times: user=0.00 sys=0.00, real=0.00 secs] 
16.463: [GC 16.463: [DefNew: 959K->64K(960K), 0.0028424 secs] 118110K->117751K(524224K), 0.0029204 secs] [Times: user=0.00 sys=0.00, real=0.00 secs] 
16.468: [GC 16.468: [DefNew: 960K->64K(960K), 0.0028833 secs] 118648K->118387K(524224K), 0.0029555 secs] [Times: user=0.01 sys=0.00, real=0.00 secs] 
16.472: [GC 16.472: [DefNew: 960K->63K(960K), 0.0031537 secs] 119285K->118927K(524224K), 0.0032274 secs] [Times: user=0.00 sys=0.00, real=0.00 secs] 
16.477: [GC 16.477: [DefNew: 959K->64K(960K), 0.0028592 secs] 119825K->119471K(524224K), 0.0029329 secs] [Times: user=0.00 sys=0.00, real=0.00 secs] 
16.482: [GC 16.482: [DefNew: 960K->64K(960K), 0.0030445 secs] 120368K->120010K(524224K), 0.0031152 secs] [Times: user=0.00 sys=0.00, real=0.00 secs] 
16.487: [GC 16.487: [DefNew: 960K->64K(960K), 0.0030050 secs] 120907K->120578K(524224K), 0.0030902 secs] [Times: user=0.00 sys=0.00, real=0.00 secs] 
16.491: [GC 16.491: [DefNew: 960K->63K(960K), 0.0040107 secs] 121476K->121126K(524224K), 0.0040906 secs] [Times: user=0.00 sys=0.00, real=0.00 secs] 
16.496: [GC 16.496: [DefNew: 959K->63K(960K), 0.0030599 secs] 122023K->121751K(524224K), 0.0031470 secs] [Times: user=0.00 sys=0.00, real=0.00 secs] 
16.501: [GC 16.501: [DefNew: 959K->63K(960K), 0.0029406 secs] 122648K->122298K(524224K), 0.0030074 secs] [Times: user=0.02 sys=0.00, real=0.00 secs] 
16.506: [GC 16.506: [DefNew: 959K->64K(960K), 0.0031148 secs] 123194K->122861K(524224K), 0.0031884 secs] [Times: user=0.00 sys=0.00, real=0.00 secs] 
16.511: [GC 16.512: [DefNew: 960K->64K(960K), 0.0033948 secs] 123758K->123446K(524224K), 0.0034819 secs] [Times: user=0.00 sys=0.00, real=0.00 secs] 
16.517: [GC 16.517: [DefNew: 960K->64K(960K), 0.0033120 secs] 124344K->124020K(524224K), 0.0033799 secs] [Times: user=0.02 sys=0.00, real=0.00 secs] 
16.521: [GC 16.521: [DefNew: 960K->63K(960K), 0.0030050 secs] 124917K->124568K(524224K), 0.0030729 secs] [Times: user=0.00 sys=0.00, real=0.00 secs] 
16.526: [GC 16.526: [DefNew: 959K->63K(960K), 0.0028025 secs] 125464K->125105K(524224K), 0.0028679 secs] [Times: user=0.00 sys=0.00, real=0.00 secs] 
16.530: [GC 16.530: [DefNew: 959K->64K(960K), 0.0030132 secs] 126002K->125638K(524224K), 0.0030791 secs] [Times: user=0.02 sys=0.00, real=0.00 secs] 
16.535: [GC 16.535: [DefNew: 960K->64K(960K), 0.0028785 secs] 126535K->126184K(524224K), 0.0029425 secs] [Times: user=0.00 sys=0.00, real=0.00 secs] 
16.540: [GC 16.540: [DefNew: 960K->63K(960K), 0.0031037 secs] 127082K->126740K(524224K), 0.0031985 secs] [Times: user=0.00 sys=0.00, real=0.00 secs] 
16.544: [GC 16.544: [DefNew: 959K->64K(960K), 0.0026326 secs] 127637K->127299K(524224K), 0.0027106 secs] [Times: user=0.00 sys=0.00, real=0.00 secs] 
16.549: [GC 16.549: [DefNew: 960K->63K(960K), 0.0027861 secs] 128196K->127866K(524224K), 0.0028578 secs] [Times: user=0.00 sys=0.00, real=0.00 secs] 
16.553: [GC 16.553: [DefNew: 959K->63K(960K), 0.0030142 secs] 128763K->128407K(524224K), 0.0030796 secs] [Times: user=0.00 sys=0.00, real=0.00 secs] 
16.558: [GC 16.558: [DefNew: 959K->64K(960K), 0.0043327 secs] 129304K->128987K(524224K), 0.0044303 secs] [Times: user=0.00 sys=0.00, real=0.00 secs] 
16.564: [GC 16.564: [DefNew: 960K->63K(960K), 0.0033924 secs] 129884K->129652K(524224K), 0.0034631 secs] [Times: user=0.00 sys=0.00, real=0.00 secs] 
16.570: [GC 16.570: [DefNew: 959K->64K(960K), 0.0030498 secs] 130548K->130275K(524224K), 0.0031138 secs] [Times: user=0.00 sys=0.00, real=0.00 secs] 
16.575: [GC 16.575: [DefNew: 960K->63K(960K), 0.0028078 secs] 131172K->130820K(524224K), 0.0028751 secs] [Times: user=0.00 sys=0.00, real=0.00 secs] 
16.579: [GC 16.579: [DefNew: 959K->63K(960K), 0.0026802 secs] 131717K->131353K(524224K), 0.0027380 secs] [Times: user=0.02 sys=0.00, real=0.00 secs] 
16.584: [GC 16.584: [DefNew: 959K->64K(960K), 0.0026778 secs] 132250K->131898K(524224K), 0.0027433 secs] [Times: user=0.00 sys=0.00, real=0.00 secs] 
16.588: [GC 16.588: [DefNew: 960K->63K(960K), 0.0027168 secs] 132794K->132466K(524224K), 0.0027813 secs] [Times: user=0.00 sys=0.00, real=0.00 secs] 
16.593: [GC 16.593: [DefNew: 959K->64K(960K), 0.0028626 secs] 133364K->133024K(524224K), 0.0029367 secs] [Times: user=0.02 sys=0.00, real=0.00 secs] 
16.598: [GC 16.598: [DefNew: 960K->63K(960K), 0.0030127 secs] 133922K->133642K(524224K), 0.0031138 secs] [Times: user=0.00 sys=0.00, real=0.00 secs] 
16.602: [GC 16.602: [DefNew: 959K->63K(960K), 0.0029738 secs] 134539K->134225K(524224K), 0.0030344 secs] [Times: user=0.00 sys=0.00, real=0.00 secs] 
16.607: [GC 16.607: [DefNew: 959K->63K(960K), 0.0028650 secs] 135123K->134787K(524224K), 0.0029348 secs] [Times: user=0.00 sys=0.00, real=0.00 secs] 
16.611: [GC 16.611: [DefNew: 959K->63K(960K), 0.0027986 secs] 135684K->135344K(524224K), 0.0028597 secs] [Times: user=0.00 sys=0.00, real=0.00 secs] 
16.616: [GC 16.616: [DefNew: 959K->64K(960K), 0.0031066 secs] 136240K->135905K(524224K), 0.0031754 secs] [Times: user=0.00 sys=0.00, real=0.00 secs] 
16.620: [GC 16.620: [DefNew: 960K->64K(960K), 0.0028284 secs] 136802K->136461K(524224K), 0.0028992 secs] [Times: user=0.00 sys=0.00, real=0.00 secs] 
16.625: [GC 16.625: [DefNew: 960K->63K(960K), 0.0032144 secs] 137358K->137043K(524224K), 0.0033448 secs] [Times: user=0.02 sys=0.00, real=0.00 secs] 
16.630: [GC 16.630: [DefNew: 959K->64K(960K), 0.0029415 secs] 137940K->137601K(524224K), 0.0030151 secs] [Times: user=0.00 sys=0.00, real=0.00 secs] 
16.634: [GC 16.634: [DefNew: 960K->64K(960K), 0.0032120 secs] 138498K->138139K(524224K), 0.0032880 secs] [Times: user=0.00 sys=0.00, real=0.00 secs] 
16.639: [GC 16.639: [DefNew: 960K->64K(960K), 0.0035632 secs] 139036K->138717K(524224K), 0.0036402 secs] [Times: user=0.02 sys=0.00, real=0.00 secs] 
16.645: [GC 16.645: [DefNew: 960K->63K(960K), 0.0037870 secs] 139613K->139391K(524224K), 0.0038683 secs] [Times: user=0.00 sys=0.00, real=0.00 secs] 
16.651: [GC 16.651: [DefNew: 959K->64K(960K), 0.0032889 secs] 140287K->140006K(524224K), 0.0033602 secs] [Times: user=0.00 sys=0.00, real=0.00 secs] 
16.657: [GC 16.657: [DefNew: 960K->63K(960K), 0.0034814 secs] 140903K->140654K(524224K), 0.0035517 secs] [Times: user=0.01 sys=0.00, real=0.00 secs] 
16.662: [GC 16.662: [DefNew: 959K->64K(960K), 0.0030878 secs] 141552K->141238K(524224K), 0.0031576 secs] [Times: user=0.00 sys=0.00, real=0.00 secs] 
16.667: [GC 16.667: [DefNew: 960K->64K(960K), 0.0027938 secs] 142135K->141772K(524224K), 0.0028588 secs] [Times: user=0.00 sys=0.00, real=0.00 secs] 
16.671: [GC 16.671: [DefNew: 960K->64K(960K), 0.0034444 secs] 142669K->142319K(524224K), 0.0035214 secs] [Times: user=0.02 sys=0.00, real=0.00 secs] 
16.677: [GC 16.677: [DefNew: 960K->64K(960K), 0.0034473 secs] 143215K->142998K(524224K), 0.0035161 secs] [Times: user=0.00 sys=0.00, real=0.00 secs] 
16.682: [GC 16.682: [DefNew: 960K->63K(960K), 0.0032452 secs] 143894K->143551K(524224K), 0.0033188 secs] [Times: user=0.00 sys=0.00, real=0.00 secs] 
16.687: [GC 16.687: [DefNew: 959K->64K(960K), 0.0033655 secs] 144449K->144131K(524224K), 0.0034434 secs] [Times: user=0.01 sys=0.00, real=0.00 secs] 
16.692: [GC 16.693: [DefNew: 960K->63K(960K), 0.0032091 secs] 145027K->144763K(524224K), 0.0032875 secs] [Times: user=0.00 sys=0.00, real=0.00 secs] 
16.697: [GC 16.697: [DefNew: 959K->64K(960K), 0.0031590 secs] 145660K->145342K(524224K), 0.0032240 secs] [Times: user=0.00 sys=0.00, real=0.00 secs] 
16.702: [GC 16.702: [DefNew: 960K->63K(960K), 0.0030315 secs] 146238K->145913K(524224K), 0.0031003 secs] [Times: user=0.02 sys=0.00, real=0.00 secs] 
16.706: [GC 16.706: [DefNew: 959K->63K(960K), 0.0035262 secs] 146809K->146541K(524224K), 0.0035858 secs] [Times: user=0.00 sys=0.00, real=0.00 secs] 
16.712: [GC 16.712: [DefNew: 959K->64K(960K), 0.0034723 secs] 147438K->147135K(524224K), 0.0035440 secs] [Times: user=0.00 sys=0.00, real=0.00 secs] 
16.717: [GC 16.717: [DefNew: 960K->63K(960K), 0.0033659 secs] 148031K->147764K(524224K), 0.0034540 secs] [Times: user=0.02 sys=0.00, real=0.00 secs] 
16.723: [GC 16.723: [DefNew: 959K->64K(960K), 0.0035122 secs] 148661K->148364K(524224K), 0.0035820 secs] [Times: user=0.00 sys=0.00, real=0.00 secs] 
16.728: [GC 16.728: [DefNew: 960K->64K(960K), 0.0034357 secs] 149261K->148899K(524224K), 0.0035060 secs] [Times: user=0.00 sys=0.00, real=0.00 secs] 
16.734: [GC 16.734: [DefNew: 960K->64K(960K), 0.0030171 secs] 149796K->149460K(524224K), 0.0030787 secs] [Times: user=0.02 sys=0.00, real=0.00 secs] 
16.742: [GC 16.742: [DefNew: 960K->64K(960K), 0.0034367 secs] 150357K->150038K(524224K), 0.0035329 secs] [Times: user=0.00 sys=0.00, real=0.00 secs] 
16.751: [GC 16.751: [DefNew: 960K->63K(960K), 0.0037610 secs] 150935K->150644K(524224K), 0.0038351 secs] [Times: user=0.02 sys=0.00, real=0.00 secs] 
16.759: [GC 16.759: [DefNew: 959K->63K(960K), 0.0034338 secs] 151540K->151200K(524224K), 0.0035117 secs] [Times: user=0.00 sys=0.00, real=0.00 secs] 
16.765: [GC 16.765: [DefNew: 959K->63K(960K), 0.0033775 secs] 152098K->151748K(524224K), 0.0034506 secs] [Times: user=0.02 sys=0.00, real=0.00 secs] 
16.770: [GC 16.770: [DefNew: 959K->64K(960K), 0.0028766 secs] 152646K->152304K(524224K), 0.0029415 secs] [Times: user=0.00 sys=0.00, real=0.00 secs] 
16.775: [GC 16.775: [DefNew: 960K->63K(960K), 0.0033116 secs] 153201K->152852K(524224K), 0.0033828 secs] [Times: user=0.00 sys=0.00, real=0.00 secs] 
16.780: [GC 16.780: [DefNew: 959K->63K(960K), 0.0030286 secs] 153750K->153376K(524224K), 0.0030926 secs] [Times: user=0.02 sys=0.00, real=0.00 secs] 
16.785: [GC 16.785: [DefNew: 959K->64K(960K), 0.0037783 secs] 154275K->153917K(524224K), 0.0038683 secs] [Times: user=0.00 sys=0.00, real=0.00 secs] 
16.791: [GC 16.791: [DefNew: 960K->63K(960K), 0.0033087 secs] 154814K->154503K(524224K), 0.0033804 secs] [Times: user=0.00 sys=0.00, real=0.00 secs] 
16.797: [GC 16.797: [DefNew: 959K->63K(960K), 0.0033462 secs] 155399K->155078K(524224K), 0.0034165 secs] [Times: user=0.02 sys=0.00, real=0.00 secs] 
16.801: [GC 16.801: [DefNew: 959K->63K(960K), 0.0030484 secs] 155976K->155622K(524224K), 0.0031090 secs] [Times: user=0.00 sys=0.00, real=0.00 secs] 
16.806: [GC 16.806: [DefNew: 959K->63K(960K), 0.0032197 secs] 156518K->156196K(524224K), 0.0032846 secs] [Times: user=0.00 sys=0.00, real=0.00 secs] 
16.811: [GC 16.811: [DefNew: 959K->64K(960K), 0.0032851 secs] 157092K->156748K(524224K), 0.0033602 secs] [Times: user=0.01 sys=0.00, real=0.00 secs] 
16.816: [GC 16.816: [DefNew: 960K->63K(960K), 0.0030026 secs] 157645K->157281K(524224K), 0.0030662 secs] [Times: user=0.00 sys=0.00, real=0.00 secs] 
16.821: [GC 16.821: [DefNew: 959K->63K(960K), 0.0030508 secs] 158178K->157846K(524224K), 0.0031148 secs] [Times: user=0.00 sys=0.00, real=0.00 secs] 
16.825: [GC 16.825: [DefNew: 959K->64K(960K), 0.0031937 secs] 158742K->158405K(524224K), 0.0032586 secs] [Times: user=0.00 sys=0.00, real=0.00 secs] 
16.830: [GC 16.830: [DefNew: 960K->64K(960K), 0.0030440 secs] 159302K->158989K(524224K), 0.0031051 secs] [Times: user=0.00 sys=0.00, real=0.00 secs] 
16.834: [GC 16.834: [DefNew: 960K->63K(960K), 0.0031326 secs] 159887K->159525K(524224K), 0.0031922 secs] [Times: user=0.00 sys=0.00, real=0.00 secs] 
16.839: [GC 16.839: [DefNew: 959K->64K(960K), 0.0031215 secs] 160422K->160087K(524224K), 0.0031893 secs] [Times: user=0.00 sys=0.00, real=0.00 secs] 
16.844: [GC 16.844: [DefNew: 960K->63K(960K), 0.0031662 secs] 160983K->160642K(524224K), 0.0032326 secs] [Times: user=0.02 sys=0.00, real=0.00 secs] 
16.848: [GC 16.848: [DefNew: 959K->64K(960K), 0.0030426 secs] 161539K->161184K(524224K), 0.0031061 secs] [Times: user=0.00 sys=0.00, real=0.00 secs] 
16.853: [GC 16.853: [DefNew: 960K->64K(960K), 0.0029771 secs] 162081K->161753K(524224K), 0.0030435 secs] [Times: user=0.00 sys=0.00, real=0.00 secs] 
16.857: [GC 16.857: [DefNew: 960K->63K(960K), 0.0033116 secs] 162650K->162291K(524224K), 0.0033741 secs] [Times: user=0.00 sys=0.00, real=0.00 secs] 
16.863: [GC 16.863: [DefNew: 959K->64K(960K), 0.0030532 secs] 163189K->162861K(524224K), 0.0031191 secs] [Times: user=0.00 sys=0.00, real=0.00 secs] 
16.867: [GC 16.867: [DefNew: 960K->64K(960K), 0.0030334 secs] 163758K->163394K(524224K), 0.0030979 secs] [Times: user=0.00 sys=0.00, real=0.00 secs] 
16.872: [GC 16.872: [DefNew: 960K->64K(960K), 0.0029714 secs] 164292K->163975K(524224K), 0.0030310 secs] [Times: user=0.00 sys=0.00, real=0.00 secs] 
16.877: [GC 16.877: [DefNew: 960K->63K(960K), 0.0030291 secs] 164872K->164528K(524224K), 0.0030917 secs] [Times: user=0.00 sys=0.00, real=0.00 secs] 
16.881: [GC 16.881: [DefNew: 959K->64K(960K), 0.0029511 secs] 165424K->165048K(524224K), 0.0030103 secs] [Times: user=0.00 sys=0.00, real=0.00 secs] 
16.886: [GC 16.886: [DefNew: 960K->63K(960K), 0.0029030 secs] 165945K->165596K(524224K), 0.0029632 secs] [Times: user=0.00 sys=0.00, real=0.00 secs] 
16.890: [GC 16.890: [DefNew: 959K->64K(960K), 0.0032274 secs] 166493K->166134K(524224K), 0.0032918 secs] [Times: user=0.01 sys=0.00, real=0.00 secs] 
16.895: [GC 16.895: [DefNew: 960K->64K(960K), 0.0031783 secs] 167031K->166721K(524224K), 0.0032466 secs] [Times: user=0.00 sys=0.00, real=0.00 secs] 
16.900: [GC 16.900: [DefNew: 960K->63K(960K), 0.0029478 secs] 167618K->167248K(524224K), 0.0030118 secs] [Times: user=0.00 sys=0.00, real=0.00 secs] 
16.904: [GC 16.904: [DefNew: 959K->63K(960K), 0.0029742 secs] 168145K->167797K(524224K), 0.0030368 secs] [Times: user=0.00 sys=0.00, real=0.00 secs] 
16.910: [GC 16.910: [DefNew: 959K->63K(960K), 0.0030931 secs] 168694K->168385K(524224K), 0.0031576 secs] [Times: user=0.00 sys=0.00, real=0.00 secs] 
16.914: [GC 16.914: [DefNew: 959K->64K(960K), 0.0030893 secs] 169282K->168929K(524224K), 0.0031533 secs] [Times: user=0.00 sys=0.00, real=0.00 secs] 
16.919: [GC 16.919: [DefNew: 960K->63K(960K), 0.0030204 secs] 169826K->169510K(524224K), 0.0030782 secs] [Times: user=0.00 sys=0.00, real=0.00 secs] 
16.923: [GC 16.923: [DefNew: 959K->64K(960K), 0.0033140 secs] 170408K->170071K(524224K), 0.0033852 secs] [Times: user=0.00 sys=0.00, real=0.00 secs] 
16.929: [GC 16.929: [DefNew: 960K->63K(960K), 0.0031480 secs] 170968K->170649K(524224K), 0.0032134 secs] [Times: user=0.00 sys=0.00, real=0.00 secs] 
16.934: [GC 16.934: [DefNew: 959K->64K(960K), 0.0029613 secs] 171546K->171212K(524224K), 0.0030209 secs] [Times: user=0.00 sys=0.00, real=0.00 secs] 
16.938: [GC 16.938: [DefNew: 960K->64K(960K), 0.0034689 secs] 172110K->171762K(524224K), 0.0035324 secs] [Times: user=0.02 sys=0.00, real=0.00 secs] 
16.944: [GC 16.944: [DefNew: 960K->64K(960K), 0.0032514 secs] 172659K->172312K(524224K), 0.0033621 secs] [Times: user=0.00 sys=0.00, real=0.00 secs] 
16.949: [GC 16.949: [DefNew: 960K->64K(960K), 0.0029800 secs] 173209K->172844K(524224K), 0.0030421 secs] [Times: user=0.00 sys=0.00, real=0.00 secs] 
16.955: [GC 16.955: [DefNew: 960K->64K(960K), 0.0031249 secs] 173741K->173406K(524224K), 0.0031917 secs] [Times: user=0.00 sys=0.00, real=0.00 secs] 
16.959: [GC 16.959: [DefNew: 960K->64K(960K), 0.0032192 secs] 174303K->173960K(524224K), 0.0032808 secs] [Times: user=0.00 sys=0.00, real=0.00 secs] 
16.964: [GC 16.964: [DefNew: 960K->64K(960K), 0.0031032 secs] 174857K->174537K(524224K), 0.0031595 secs] [Times: user=0.00 sys=0.00, real=0.00 secs] 
16.969: [GC 16.969: [DefNew: 960K->64K(960K), 0.0030402 secs] 175433K->175104K(524224K), 0.0031013 secs] [Times: user=0.02 sys=0.00, real=0.00 secs] 
16.973: [GC 16.973: [DefNew: 960K->63K(960K), 0.0031946 secs] 176001K->175637K(524224K), 0.0032606 secs] [Times: user=0.00 sys=0.00, real=0.00 secs] 
16.978: [GC 16.978: [DefNew: 959K->63K(960K), 0.0033732 secs] 176535K->176220K(524224K), 0.0034367 secs] [Times: user=0.00 sys=0.00, real=0.00 secs] 
16.982: [GC 16.982: [DefNew: 959K->64K(960K), 0.0031879 secs] 177118K->176765K(524224K), 0.0032471 secs] [Times: user=0.00 sys=0.00, real=0.00 secs] 
16.987: [GC 16.987: [DefNew: 960K->63K(960K), 0.0032596 secs] 177662K->177327K(524224K), 0.0033236 secs] [Times: user=0.00 sys=0.00, real=0.00 secs] 
16.994: [GC 16.994: [DefNew: 959K->64K(960K), 0.0033135 secs] 178223K->177901K(524224K), 0.0033842 secs] [Times: user=0.00 sys=0.00, real=0.00 secs] 
16.999: [GC 16.999: [DefNew: 960K->64K(960K), 0.0037807 secs] 178797K->178460K(524224K), 0.0038491 secs] [Times: user=0.02 sys=0.00, real=0.00 secs] 
17.005: [GC 17.005: [DefNew: 960K->63K(960K), 0.0033683 secs] 179356K->179029K(524224K), 0.0034391 secs] [Times: user=0.00 sys=0.00, real=0.00 secs] 
17.010: [GC 17.010: [DefNew: 959K->63K(960K), 0.0032976 secs] 179927K->179594K(524224K), 0.0033664 secs] [Times: user=0.00 sys=0.00, real=0.00 secs] 
17.016: [GC 17.016: [DefNew: 959K->63K(960K), 0.0036397 secs] 180491K->180183K(524224K), 0.0037100 secs] [Times: user=0.02 sys=0.00, real=0.00 secs] 
17.021: [GC 17.021: [DefNew: 959K->64K(960K), 0.0033765 secs] 181080K->180749K(524224K), 0.0034410 secs] [Times: user=0.00 sys=0.00, real=0.00 secs] 
17.026: [GC 17.026: [DefNew: 960K->63K(960K), 0.0032346 secs] 181646K->181287K(524224K), 0.0032976 secs] [Times: user=0.00 sys=0.00, real=0.00 secs] 
17.031: [GC 17.031: [DefNew: 959K->64K(960K), 0.0031085 secs] 182184K->181812K(524224K), 0.0031735 secs] [Times: user=0.01 sys=0.00, real=0.00 secs] 
17.035: [GC 17.035: [DefNew: 960K->63K(960K), 0.0029083 secs] 182708K->182349K(524224K), 0.0029742 secs] [Times: user=0.00 sys=0.00, real=0.00 secs] 
17.040: [GC 17.040: [DefNew: 959K->64K(960K), 0.0027067 secs] 183246K->182879K(524224K), 0.0027664 secs] [Times: user=0.00 sys=0.00, real=0.00 secs] 
17.044: [GC 17.044: [DefNew: 960K->63K(960K), 0.0031302 secs] 183775K->183415K(524224K), 0.0032004 secs] [Times: user=0.00 sys=0.00, real=0.00 secs] 
17.049: [GC 17.049: [DefNew: 959K->63K(960K), 0.0032995 secs] 184312K->183994K(524224K), 0.0033659 secs] [Times: user=0.00 sys=0.00, real=0.00 secs] 
17.053: [GC 17.053: [DefNew: 959K->63K(960K), 0.0030820 secs] 184891K->184528K(524224K), 0.0031456 secs] [Times: user=0.00 sys=0.00, real=0.00 secs] 
17.058: [GC 17.058: [DefNew: 959K->63K(960K), 0.0033563 secs] 185426K->185115K(524224K), 0.0034314 secs] [Times: user=0.00 sys=0.00, real=0.00 secs] 
17.064: [GC 17.064: [DefNew: 959K->64K(960K), 0.0039183 secs] 186012K->185741K(524224K), 0.0039953 secs] [Times: user=0.00 sys=0.00, real=0.00 secs] 
17.069: [GC 17.069: [DefNew: 960K->64K(960K), 0.0032211 secs] 186638K->186280K(524224K), 0.0032899 secs] [Times: user=0.00 sys=0.00, real=0.00 secs] 
17.074: [GC 17.074: [DefNew: 960K->64K(960K), 0.0032038 secs] 187177K->186851K(524224K), 0.0032750 secs] [Times: user=0.00 sys=0.00, real=0.00 secs] 
17.079: [GC 17.079: [DefNew: 960K->64K(960K), 0.0037875 secs] 187747K->187537K(524224K), 0.0038649 secs] [Times: user=0.00 sys=0.00, real=0.00 secs] 
17.085: [GC 17.085: [DefNew: 960K->64K(960K), 0.0033236 secs] 188433K->188084K(524224K), 0.0033895 secs] [Times: user=0.00 sys=0.00, real=0.00 secs] 
17.089: [GC 17.089: [DefNew: 960K->63K(960K), 0.0042162 secs] 188980K->188612K(524224K), 0.0042855 secs] [Times: user=0.00 sys=0.00, real=0.00 secs] 
17.095: [GC 17.095: [DefNew: 959K->64K(960K), 0.0033789 secs] 189509K->189185K(524224K), 0.0034535 secs] [Times: user=0.00 sys=0.00, real=0.00 secs] 
17.101: [GC 17.101: [DefNew: 960K->63K(960K), 0.0034068 secs] 190082K->189751K(524224K), 0.0034809 secs] [Times: user=0.00 sys=0.00, real=0.00 secs] 
17.105: [GC 17.105: [DefNew: 959K->64K(960K), 0.0038880 secs] 190648K->190329K(524224K), 0.0039568 secs] [Times: user=0.00 sys=0.00, real=0.00 secs] 
17.111: [GC 17.111: [DefNew: 960K->63K(960K), 0.0034213 secs] 191226K->190907K(524224K), 0.0034891 secs] [Times: user=0.00 sys=0.00, real=0.00 secs] 
17.115: [GC 17.115: [DefNew: 959K->64K(960K), 0.0033640 secs] 191804K->191414K(524224K), 0.0034295 secs] [Times: user=0.00 sys=0.00, real=0.00 secs] 
17.120: [GC 17.120: [DefNew: 960K->64K(960K), 0.0034078 secs] 192311K->192003K(524224K), 0.0034723 secs] [Times: user=0.00 sys=0.00, real=0.00 secs] 
17.126: [GC 17.126: [DefNew: 960K->64K(960K), 0.0039698 secs] 192901K->192678K(524224K), 0.0040589 secs] [Times: user=0.02 sys=0.00, real=0.00 secs] 
17.131: [GC 17.131: [DefNew: 960K->64K(960K), 0.0038909 secs] 193575K->193298K(524224K), 0.0039583 secs] [Times: user=0.00 sys=0.00, real=0.00 secs] 
17.137: [GC 17.137: [DefNew: 960K->63K(960K), 0.0040622 secs] 194195K->193876K(524224K), 0.0041917 secs] [Times: user=0.00 sys=0.00, real=0.00 secs] 
17.142: [GC 17.143: [DefNew: 959K->64K(960K), 0.0039135 secs] 194773K->194573K(524224K), 0.0039852 secs] [Times: user=0.00 sys=0.00, real=0.00 secs] 
17.148: [GC 17.148: [DefNew: 960K->63K(960K), 0.0038534 secs] 195469K->195221K(524224K), 0.0039227 secs] [Times: user=0.00 sys=0.00, real=0.00 secs] 
17.153: [GC 17.153: [DefNew: 959K->64K(960K), 0.0036508 secs] 196118K->195788K(524224K), 0.0037331 secs] [Times: user=0.02 sys=0.00, real=0.00 secs] 
17.159: [GC 17.159: [DefNew: 960K->64K(960K), 0.0034776 secs] 196686K->196408K(524224K), 0.0035536 secs] [Times: user=0.00 sys=0.00, real=0.00 secs] 
17.165: [GC 17.165: [DefNew: 960K->64K(960K), 0.0034193 secs] 197305K->196966K(524224K), 0.0034853 secs] [Times: user=0.00 sys=0.00, real=0.00 secs] 
17.169: [GC 17.169: [DefNew: 960K->63K(960K), 0.0033087 secs] 197864K->197500K(524224K), 0.0033765 secs] [Times: user=0.00 sys=0.00, real=0.00 secs] 
17.175: [GC 17.175: [DefNew: 959K->63K(960K), 0.0035608 secs] 198397K->198140K(524224K), 0.0036344 secs] [Times: user=0.00 sys=0.00, real=0.00 secs] 
17.181: [GC 17.181: [DefNew: 959K->63K(960K), 0.0035421 secs] 199036K->198731K(524224K), 0.0036291 secs] [Times: user=0.00 sys=0.00, real=0.00 secs] 
17.186: [GC 17.186: [DefNew: 959K->63K(960K), 0.0037129 secs] 199628K->199332K(524224K), 0.0037985 secs] [Times: user=0.01 sys=0.00, real=0.00 secs] 
17.192: [GC 17.192: [DefNew: 959K->63K(960K), 0.0036763 secs] 200229K->199964K(524224K), 0.0037470 secs] [Times: user=0.00 sys=0.00, real=0.00 secs] 
17.197: [GC 17.197: [DefNew: 959K->63K(960K), 0.0033318 secs] 200862K->200549K(524224K), 0.0033929 secs] [Times: user=0.00 sys=0.00, real=0.00 secs] 
17.202: [GC 17.202: [DefNew: 959K->63K(960K), 0.0037191 secs] 201446K->201116K(524224K), 0.0037908 secs] [Times: user=0.02 sys=0.00, real=0.00 secs] 
17.207: [GC 17.207: [DefNew: 959K->64K(960K), 0.0033602 secs] 202012K->201696K(524224K), 0.0034333 secs] [Times: user=0.00 sys=0.00, real=0.00 secs] 
17.213: [GC 17.213: [DefNew: 960K->64K(960K), 0.0033679 secs] 202593K->202302K(524224K), 0.0034338 secs] [Times: user=0.00 sys=0.00, real=0.00 secs] 
17.217: [GC 17.217: [DefNew: 960K->64K(960K), 0.0037167 secs] 203198K->202850K(524224K), 0.0037826 secs] [Times: user=0.01 sys=0.00, real=0.00 secs] 
17.223: [GC 17.223: [DefNew: 960K->64K(960K), 0.0037706 secs] 203746K->203421K(524224K), 0.0038519 secs] [Times: user=0.00 sys=0.00, real=0.00 secs] 
17.229: [GC 17.229: [DefNew: 960K->63K(960K), 0.0034612 secs] 204318K->204102K(524224K), 0.0035247 secs] [Times: user=0.00 sys=0.00, real=0.00 secs] 
17.234: [GC 17.234: [DefNew: 959K->63K(960K), 0.0037711 secs] 204998K->204710K(524224K), 0.0038500 secs] [Times: user=0.02 sys=0.00, real=0.00 secs] 
17.240: [GC 17.240: [DefNew: 959K->64K(960K), 0.0047089 secs] 205607K->205282K(524224K), 0.0047912 secs] [Times: user=0.00 sys=0.00, real=0.00 secs] 
17.246: [GC 17.246: [DefNew: 960K->64K(960K), 0.0034347 secs] 206179K->205885K(524224K), 0.0035132 secs] [Times: user=0.00 sys=0.00, real=0.00 secs] 
17.252: [GC 17.252: [DefNew: 960K->63K(960K), 0.0034920 secs] 206782K->206489K(524224K), 0.0035546 secs] [Times: user=0.00 sys=0.00, real=0.00 secs] 
17.258: [GC 17.258: [DefNew: 959K->64K(960K), 0.0040786 secs] 207386K->207144K(524224K), 0.0041512 secs] [Times: user=0.00 sys=0.00, real=0.00 secs] 
17.263: [GC 17.263: [DefNew: 960K->63K(960K), 0.0037966 secs] 208041K->207789K(524224K), 0.0038909 secs] [Times: user=0.02 sys=0.00, real=0.00 secs] 
17.269: [GC 17.269: [DefNew: 959K->63K(960K), 0.0032875 secs] 208686K->208372K(524224K), 0.0033477 secs] [Times: user=0.00 sys=0.00, real=0.00 secs] 
17.274: [GC 17.274: [DefNew: 959K->63K(960K), 0.0037750 secs] 209269K->209064K(524224K), 0.0038519 secs] [Times: user=0.00 sys=0.00, real=0.00 secs] 
17.280: [GC 17.280: [DefNew: 959K->63K(960K), 0.0036166 secs] 209961K->209623K(524224K), 0.0036830 secs] [Times: user=0.01 sys=0.00, real=0.00 secs] 
17.285: [GC 17.285: [DefNew: 959K->64K(960K), 0.0033881 secs] 210520K->210191K(524224K), 0.0034468 secs] [Times: user=0.00 sys=0.00, real=0.00 secs] 
17.290: [GC 17.291: [DefNew: 960K->64K(960K), 0.0034463 secs] 211088K->210715K(524224K), 0.0035353 secs] [Times: user=0.00 sys=0.00, real=0.00 secs] 
17.295: [GC 17.295: [DefNew: 960K->64K(960K), 0.0034102 secs] 211612K->211272K(524224K), 0.0034814 secs] [Times: user=0.02 sys=0.00, real=0.00 secs] 
17.301: [GC 17.301: [DefNew: 960K->64K(960K), 0.0031489 secs] 212169K->211879K(524224K), 0.0032144 secs] [Times: user=0.00 sys=0.00, real=0.00 secs] 
17.305: [GC 17.305: [DefNew: 960K->63K(960K), 0.0038471 secs] 212776K->212451K(524224K), 0.0039169 secs] [Times: user=0.00 sys=0.00, real=0.00 secs] 
17.311: [GC 17.311: [DefNew: 959K->64K(960K), 0.0041921 secs] 213347K->213071K(524224K), 0.0042638 secs] [Times: user=0.01 sys=0.00, real=0.00 secs] 
17.317: [GC 17.317: [DefNew: 960K->63K(960K), 0.0033457 secs] 213968K->213659K(524224K), 0.0034073 secs] [Times: user=0.00 sys=0.00, real=0.00 secs] 
17.321: [GC 17.321: [DefNew: 959K->63K(960K), 0.0039304 secs] 214556K->214207K(524224K), 0.0039963 secs] [Times: user=0.00 sys=0.00, real=0.00 secs] 
17.327: [GC 17.327: [DefNew: 959K->64K(960K), 0.0033833 secs] 215103K->214797K(524224K), 0.0034530 secs] [Times: user=0.02 sys=0.00, real=0.00 secs] 
17.332: [GC 17.332: [DefNew: 960K->64K(960K), 0.0035685 secs] 215695K->215422K(524224K), 0.0036421 secs] [Times: user=0.00 sys=0.00, real=0.00 secs] 
17.338: [GC 17.338: [DefNew: 960K->64K(960K), 0.0037225 secs] 216319K->215990K(524224K), 0.0037952 secs] [Times: user=0.00 sys=0.00, real=0.00 secs] 
17.344: [GC 17.344: [DefNew: 960K->63K(960K), 0.0038539 secs] 216886K->216708K(524224K), 0.0039352 secs] [Times: user=0.02 sys=0.00, real=0.00 secs] 
17.350: [GC 17.350: [DefNew: 959K->64K(960K), 0.0040969 secs] 217604K->217371K(524224K), 0.0041743 secs] [Times: user=0.00 sys=0.00, real=0.00 secs] 
17.355: [GC 17.355: [DefNew: 960K->63K(960K), 0.0035300 secs] 218268K->217998K(524224K), 0.0035974 secs] [Times: user=0.00 sys=0.00, real=0.00 secs] 
17.360: [GC 17.360: [DefNew: 959K->64K(960K), 0.0038197 secs] 218895K->218579K(524224K), 0.0038871 secs] [Times: user=0.00 sys=0.00, real=0.00 secs] 
17.366: [GC 17.366: [DefNew: 960K->63K(960K), 0.0036041 secs] 219475K->219173K(524224K), 0.0036720 secs] [Times: user=0.00 sys=0.00, real=0.00 secs] 
17.371: [GC 17.371: [DefNew: 959K->63K(960K), 0.0033818 secs] 220071K->219739K(524224K), 0.0034477 secs] [Times: user=0.00 sys=0.00, real=0.00 secs] 
17.376: [GC 17.376: [DefNew: 959K->63K(960K), 0.0034506 secs] 220636K->220310K(524224K), 0.0035180 secs] [Times: user=0.00 sys=0.00, real=0.00 secs] 
17.381: [GC 17.381: [DefNew: 959K->63K(960K), 0.0030729 secs] 221207K->220844K(524224K), 0.0031345 secs] [Times: user=0.00 sys=0.00, real=0.00 secs] 
17.386: [GC 17.386: [DefNew: 959K->63K(960K), 0.0030286 secs] 221741K->221375K(524224K), 0.0030936 secs] [Times: user=0.00 sys=0.00, real=0.00 secs] 
17.391: [GC 17.391: [DefNew: 959K->63K(960K), 0.0035676 secs] 222272K->221953K(524224K), 0.0036397 secs] [Times: user=0.00 sys=0.00, real=0.00 secs] 
17.397: [GC 17.397: [DefNew: 959K->63K(960K), 0.0034270 secs] 222849K->222540K(524224K), 0.0035084 secs] [Times: user=0.00 sys=0.00, real=0.00 secs] 
17.402: [GC 17.402: [DefNew: 959K->63K(960K), 0.0036436 secs] 223436K->223122K(524224K), 0.0037105 secs] [Times: user=0.00 sys=0.00, real=0.00 secs] 
17.407: [GC 17.408: [DefNew: 959K->63K(960K), 0.0036162 secs] 224020K->223697K(524224K), 0.0036946 secs] [Times: user=0.00 sys=0.00, real=0.00 secs] 
17.413: [GC 17.413: [DefNew: 959K->64K(960K), 0.0033491 secs] 224595K->224291K(524224K), 0.0034097 secs] [Times: user=0.00 sys=0.00, real=0.00 secs] 
17.417: [GC 17.417: [DefNew: 960K->64K(960K), 0.0033905 secs] 225187K->224822K(524224K), 0.0034593 secs] [Times: user=0.00 sys=0.00, real=0.00 secs] 
17.422: [GC 17.422: [DefNew: 960K->64K(960K), 0.0048942 secs] 225720K->225375K(524224K), 0.0049659 secs] [Times: user=0.00 sys=0.00, real=0.00 secs] 
17.430: [GC 17.430: [DefNew: 960K->64K(960K), 0.0040723 secs] 226273K->225972K(524224K), 0.0041440 secs] [Times: user=0.00 sys=0.00, real=0.01 secs] 
17.435: [GC 17.435: [DefNew: 960K->64K(960K), 0.0034675 secs] 226869K->226536K(524224K), 0.0035324 secs] [Times: user=0.01 sys=0.00, real=0.00 secs] 
17.442: [GC 17.442: [DefNew: 960K->64K(960K), 0.0037244 secs] 227433K->227145K(524224K), 0.0037942 secs] [Times: user=0.00 sys=0.00, real=0.00 secs] 
17.447: [GC 17.447: [DefNew: 960K->64K(960K), 0.0036008 secs] 228041K->227680K(524224K), 0.0036715 secs] [Times: user=0.00 sys=0.00, real=0.00 secs] 
17.453: [GC 17.453: [DefNew: 960K->63K(960K), 0.0039227 secs] 228577K->228279K(524224K), 0.0039934 secs] [Times: user=0.02 sys=0.00, real=0.00 secs] 
17.458: [GC 17.459: [DefNew: 959K->63K(960K), 0.0034569 secs] 229175K->228897K(524224K), 0.0035262 secs] [Times: user=0.00 sys=0.00, real=0.00 secs] 
17.464: [GC 17.464: [DefNew: 959K->63K(960K), 0.0035392 secs] 229795K->229480K(524224K), 0.0036061 secs] [Times: user=0.00 sys=0.00, real=0.00 secs] 
17.470: [GC 17.470: [DefNew: 959K->64K(960K), 0.0037158 secs] 230376K->230069K(524224K), 0.0037855 secs] [Times: user=0.00 sys=0.00, real=0.00 secs] 
17.475: [GC 17.475: [DefNew: 960K->64K(960K), 0.0032861 secs] 230967K->230608K(524224K), 0.0033457 secs] [Times: user=0.00 sys=0.00, real=0.00 secs] 
17.480: [GC 17.480: [DefNew: 960K->64K(960K), 0.0035012 secs] 231505K->231198K(524224K), 0.0035637 secs] [Times: user=0.00 sys=0.00, real=0.00 secs] 
17.485: [GC 17.485: [DefNew: 960K->64K(960K), 0.0035911 secs] 232095K->231760K(524224K), 0.0036672 secs] [Times: user=0.00 sys=0.00, real=0.00 secs] 
17.492: [GC 17.492: [DefNew: 960K->63K(960K), 0.0036763 secs] 232659K->232349K(524224K), 0.0037504 secs] [Times: user=0.00 sys=0.00, real=0.00 secs] 
17.498: [GC 17.498: [DefNew: 959K->63K(960K), 0.0038394 secs] 233246K->232953K(524224K), 0.0039087 secs] [Times: user=0.01 sys=0.00, real=0.00 secs] 
17.503: [GC 17.503: [DefNew: 959K->64K(960K), 0.0038938 secs] 233850K->233532K(524224K), 0.0039650 secs] [Times: user=0.00 sys=0.00, real=0.00 secs] 
17.509: [GC 17.509: [DefNew: 960K->63K(960K), 0.0036859 secs] 234429K->234096K(524224K), 0.0037576 secs] [Times: user=0.00 sys=0.00, real=0.00 secs] 
17.514: [GC 17.515: [DefNew: 959K->63K(960K), 0.0034848 secs] 234994K->234696K(524224K), 0.0035560 secs] [Times: user=0.02 sys=0.00, real=0.00 secs] 
17.520: [GC 17.520: [DefNew: 959K->64K(960K), 0.0035618 secs] 235592K->235284K(524224K), 0.0036513 secs] [Times: user=0.00 sys=0.00, real=0.00 secs] 
17.525: [GC 17.525: [DefNew: 960K->64K(960K), 0.0033895 secs] 236182K->235857K(524224K), 0.0034526 secs] [Times: user=0.00 sys=0.00, real=0.00 secs] 
17.530: [GC 17.530: [DefNew: 960K->63K(960K), 0.0033101 secs] 236754K->236382K(524224K), 0.0033741 secs] [Times: user=0.02 sys=0.00, real=0.00 secs] 
17.535: [GC 17.535: [DefNew: 959K->64K(960K), 0.0035021 secs] 237279K->236930K(524224K), 0.0035647 secs] [Times: user=0.00 sys=0.00, real=0.00 secs] 
17.540: [GC 17.540: [DefNew: 960K->64K(960K), 0.0033746 secs] 237827K->237491K(524224K), 0.0034420 secs] [Times: user=0.00 sys=0.00, real=0.00 secs] 
17.546: [GC 17.546: [DefNew: 960K->64K(960K), 0.0035372 secs] 238388K->238092K(524224K), 0.0036032 secs] [Times: user=0.01 sys=0.00, real=0.00 secs] 
17.551: [GC 17.551: [DefNew: 960K->64K(960K), 0.0035223 secs] 238989K->238676K(524224K), 0.0035878 secs] [Times: user=0.00 sys=0.00, real=0.00 secs] 
17.557: [GC 17.557: [DefNew: 960K->63K(960K), 0.0037865 secs] 239572K->239259K(524224K), 0.0038572 secs] [Times: user=0.00 sys=0.00, real=0.00 secs] 
17.563: [GC 17.564: [DefNew: 959K->63K(960K), 0.0040199 secs] 240156K->239875K(524224K), 0.0041050 secs] [Times: user=0.00 sys=0.00, real=0.00 secs] 
17.569: [GC 17.569: [DefNew: 959K->64K(960K), 0.0037076 secs] 240772K->240463K(524224K), 0.0037769 secs] [Times: user=0.00 sys=0.00, real=0.00 secs] 
17.575: [GC 17.575: [DefNew: 960K->63K(960K), 0.0038072 secs] 241359K->241039K(524224K), 0.0038972 secs] [Times: user=0.02 sys=0.00, real=0.00 secs] 
17.580: [GC 17.580: [DefNew: 959K->64K(960K), 0.0034227 secs] 241937K->241627K(524224K), 0.0034872 secs] [Times: user=0.00 sys=0.00, real=0.00 secs] 
17.586: [GC 17.586: [DefNew: 960K->63K(960K), 0.0036210 secs] 242524K->242196K(524224K), 0.0036912 secs] [Times: user=0.00 sys=0.00, real=0.00 secs] 
17.591: [GC 17.591: [DefNew: 959K->63K(960K), 0.0040107 secs] 243092K->242815K(524224K), 0.0040786 secs] [Times: user=0.01 sys=0.00, real=0.00 secs] 
17.598: [GC 17.598: [DefNew: 959K->64K(960K), 0.0041484 secs] 243712K->243463K(524224K), 0.0042273 secs] [Times: user=0.00 sys=0.00, real=0.00 secs] 
17.605: [GC 17.605: [DefNew: 960K->64K(960K), 0.0038471 secs] 244360K->244106K(524224K), 0.0039169 secs] [Times: user=0.00 sys=0.00, real=0.00 secs] 
17.611: [GC 17.611: [DefNew: 960K->63K(960K), 0.0039265 secs] 245004K->244699K(524224K), 0.0039939 secs] [Times: user=0.00 sys=0.00, real=0.00 secs] 
17.616: [GC 17.616: [DefNew: 959K->64K(960K), 0.0037004 secs] 245595K->245268K(524224K), 0.0037668 secs] [Times: user=0.00 sys=0.00, real=0.00 secs] 
17.621: [GC 17.621: [DefNew: 960K->63K(960K), 0.0045160 secs] 246165K->245840K(524224K), 0.0045834 secs] [Times: user=0.02 sys=0.00, real=0.00 secs] 
17.629: [GC 17.629: [DefNew: 959K->64K(960K), 0.0036734 secs] 246737K->246483K(524224K), 0.0037389 secs] [Times: user=0.00 sys=0.00, real=0.00 secs] 
17.634: [GC 17.634: [DefNew: 960K->64K(960K), 0.0037129 secs] 247380K->247040K(524224K), 0.0037836 secs] [Times: user=0.00 sys=0.00, real=0.00 secs] 
17.640: [GC 17.640: [DefNew: 960K->64K(960K), 0.0046849 secs] 247939K->247641K(524224K), 0.0047537 secs] [Times: user=0.02 sys=0.00, real=0.00 secs] 
17.647: [GC 17.647: [DefNew: 960K->63K(960K), 0.0037499 secs] 248538K->248236K(524224K), 0.0038211 secs] [Times: user=0.00 sys=0.00, real=0.00 secs] 
17.652: [GC 17.652: [DefNew: 959K->64K(960K), 0.0040271 secs] 249134K->248873K(524224K), 0.0041002 secs] [Times: user=0.01 sys=0.00, real=0.00 secs] 
17.659: [GC 17.659: [DefNew: 960K->64K(960K), 0.0037692 secs] 249770K->249498K(524224K), 0.0038399 secs] [Times: user=0.00 sys=0.00, real=0.00 secs] 
17.664: [GC 17.664: [DefNew: 960K->64K(960K), 0.0036075 secs] 250395K->250060K(524224K), 0.0036715 secs] [Times: user=0.00 sys=0.00, real=0.00 secs] 
17.670: [GC 17.670: [DefNew: 960K->63K(960K), 0.0037456 secs] 250958K->250664K(524224K), 0.0038115 secs] [Times: user=0.02 sys=0.00, real=0.00 secs] 
17.677: [GC 17.677: [DefNew: 959K->63K(960K), 0.0040603 secs] 251561K->251266K(524224K), 0.0042138 secs] [Times: user=0.00 sys=0.00, real=0.00 secs] 
17.683: [GC 17.683: [DefNew: 959K->64K(960K), 0.0036190 secs] 252164K->251895K(524224K), 0.0036869 secs] [Times: user=0.00 sys=0.00, real=0.00 secs] 
17.688: [GC 17.688: [DefNew: 960K->63K(960K), 0.0038981 secs] 252793K->252460K(524224K), 0.0039631 secs] [Times: user=0.00 sys=0.00, real=0.00 secs] 
17.694: [GC 17.694: [DefNew: 959K->63K(960K), 0.0036864 secs] 253357K->253061K(524224K), 0.0037567 secs] [Times: user=0.00 sys=0.00, real=0.00 secs] 
17.700: [GC 17.700: [DefNew: 959K->64K(960K), 0.0036575 secs] 253958K->253657K(524224K), 0.0037201 secs] [Times: user=0.02 sys=0.00, real=0.00 secs] 
17.705: [GC 17.705: [DefNew: 960K->64K(960K), 0.0037855 secs] 254554K->254251K(524224K), 0.0038519 secs] [Times: user=0.00 sys=0.00, real=0.00 secs] 
17.711: [GC 17.711: [DefNew: 960K->63K(960K), 0.0037143 secs] 255148K->254838K(524224K), 0.0037754 secs] [Times: user=0.00 sys=0.00, real=0.00 secs] 
17.716: [GC 17.716: [DefNew: 959K->64K(960K), 0.0033813 secs] 255735K->255415K(524224K), 0.0034410 secs] [Times: user=0.02 sys=0.00, real=0.00 secs] 
17.721: [GC 17.721: [DefNew: 960K->63K(960K), 0.0037928 secs] 256312K->255971K(524224K), 0.0038568 secs] [Times: user=0.00 sys=0.00, real=0.00 secs] 
17.726: [GC 17.726: [DefNew: 959K->63K(960K), 0.0035084 secs] 256868K->256547K(524224K), 0.0035666 secs] [Times: user=0.00 sys=0.00, real=0.00 secs] 
17.732: [GC 17.732: [DefNew: 959K->63K(960K), 0.0039169 secs] 257444K->257137K(524224K), 0.0039804 secs] [Times: user=0.02 sys=0.00, real=0.00 secs] 
17.738: [GC 17.738: [DefNew: 959K->63K(960K), 0.0038924 secs] 258035K->257733K(524224K), 0.0039607 secs] [Times: user=0.00 sys=0.00, real=0.00 secs] 
17.743: [GC 17.743: [DefNew: 959K->63K(960K), 0.0037576 secs] 258630K->258300K(524224K), 0.0038298 secs] [Times: user=0.00 sys=0.00, real=0.00 secs] 
17.749: [GC 17.749: [DefNew: 959K->63K(960K), 0.0038438 secs] 259197K->258912K(524224K), 0.0039126 secs] [Times: user=0.01 sys=0.00, real=0.00 secs] 
17.754: [GC 17.754: [DefNew: 959K->64K(960K), 0.0038370 secs] 259811K->259468K(524224K), 0.0039097 secs] [Times: user=0.00 sys=0.00, real=0.00 secs] 
17.760: [GC 17.760: [DefNew: 960K->63K(960K), 0.0038770 secs] 260366K->260039K(524224K), 0.0039617 secs] [Times: user=0.00 sys=0.00, real=0.00 secs] 
17.766: [GC 17.766: [DefNew: 959K->64K(960K), 0.0043832 secs] 260936K->260679K(524224K), 0.0044529 secs] [Times: user=0.02 sys=0.00, real=0.01 secs] 
17.772: [GC 17.772: [DefNew: 960K->64K(960K), 0.0040175 secs] 261577K->261294K(524224K), 0.0040906 secs] [Times: user=0.00 sys=0.00, real=0.00 secs] 
17.778: [GC 17.778: [DefNew: 960K->64K(960K), 0.0039515 secs] 262190K->261897K(524224K), 0.0040184 secs] [Times: user=0.01 sys=0.00, real=0.00 secs] 
17.783: [GC 17.783: [DefNew: 960K->63K(960K), 0.0040680 secs] 262794K->262458K(524224K), 0.0041315 secs] [Times: user=0.00 sys=0.00, real=0.00 secs] 
17.789: [GC 17.789: [DefNew: 959K->64K(960K), 0.0034795 secs] 263355K->263056K(524224K), 0.0035459 secs] [Times: user=0.00 sys=0.00, real=0.00 secs] 
17.794: [GC 17.794: [DefNew: 960K->64K(960K), 0.0035911 secs] 263953K->263624K(524224K), 0.0043596 secs] [Times: user=0.02 sys=0.00, real=0.00 secs] 
17.800: [GC 17.800: [DefNew: 960K->64K(960K), 0.0038900 secs] 264520K->264247K(524224K), 0.0039554 secs] [Times: user=0.00 sys=0.00, real=0.00 secs] 
17.805: [GC 17.805: [DefNew: 960K->63K(960K), 0.0038818 secs] 265144K->264835K(524224K), 0.0039477 secs] [Times: user=0.00 sys=0.00, real=0.00 secs] 
17.812: [GC 17.812: [DefNew: 959K->63K(960K), 0.0040545 secs] 265731K->265437K(524224K), 0.0041253 secs] [Times: user=0.02 sys=0.00, real=0.00 secs] 
17.818: [GC 17.818: [DefNew: 959K->64K(960K), 0.0035406 secs] 266333K->266013K(524224K), 0.0036065 secs] [Times: user=0.00 sys=0.00, real=0.00 secs] 
17.823: [GC 17.823: [DefNew: 960K->63K(960K), 0.0038216 secs] 266911K->266588K(524224K), 0.0038856 secs] [Times: user=0.00 sys=0.00, real=0.00 secs] 
17.829: [GC 17.829: [DefNew: 959K->64K(960K), 0.0036739 secs] 267485K->267184K(524224K), 0.0037345 secs] [Times: user=0.00 sys=0.00, real=0.00 secs] 
17.835: [GC 17.835: [DefNew: 960K->63K(960K), 0.0037129 secs] 268080K->267740K(524224K), 0.0037793 secs] [Times: user=0.00 sys=0.00, real=0.00 secs] 
17.840: [GC 17.840: [DefNew: 959K->63K(960K), 0.0043278 secs] 268638K->268353K(524224K), 0.0043942 secs] [Times: user=0.02 sys=0.00, real=0.00 secs] 
17.847: [GC 17.847: [DefNew: 959K->64K(960K), 0.0039958 secs] 269249K->268977K(524224K), 0.0040651 secs] [Times: user=0.00 sys=0.00, real=0.00 secs] 
17.852: [GC 17.852: [DefNew: 960K->64K(960K), 0.0036306 secs] 269874K->269541K(524224K), 0.0036994 secs] [Times: user=0.00 sys=0.00, real=0.00 secs] 
17.858: [GC 17.858: [DefNew: 960K->63K(960K), 0.0039386 secs] 270439K->270136K(524224K), 0.0040083 secs] [Times: user=0.02 sys=0.00, real=0.00 secs] 
17.863: [GC 17.863: [DefNew: 959K->64K(960K), 0.0037340 secs] 271034K->270688K(524224K), 0.0037971 secs] [Times: user=0.00 sys=0.00, real=0.00 secs] 
17.869: [GC 17.869: [DefNew: 960K->64K(960K), 0.0034535 secs] 271585K->271280K(524224K), 0.0035175 secs] [Times: user=0.00 sys=0.00, real=0.00 secs] 
17.874: [GC 17.874: [DefNew: 960K->64K(960K), 0.0037302 secs] 272178K->271858K(524224K), 0.0037966 secs] [Times: user=0.02 sys=0.00, real=0.00 secs] 
17.880: [GC 17.880: [DefNew: 960K->63K(960K), 0.0038207 secs] 272755K->272473K(524224K), 0.0038904 secs] [Times: user=0.00 sys=0.00, real=0.00 secs] 
17.886: [GC 17.886: [DefNew: 959K->63K(960K), 0.0040492 secs] 273369K->273043K(524224K), 0.0041156 secs] [Times: user=0.02 sys=0.00, real=0.00 secs] 
17.893: [GC 17.893: [DefNew: 959K->64K(960K), 0.0038799 secs] 273939K->273652K(524224K), 0.0039487 secs] [Times: user=0.00 sys=0.00, real=0.00 secs] 
17.899: [GC 17.899: [DefNew: 960K->64K(960K), 0.0038303 secs] 274549K->274246K(524224K), 0.0038967 secs] [Times: user=0.00 sys=0.00, real=0.00 secs] 
17.904: [GC 17.904: [DefNew: 960K->63K(960K), 0.0037514 secs] 275143K->274790K(524224K), 0.0038192 secs] [Times: user=0.02 sys=0.00, real=0.00 secs] 
17.910: [GC 17.910: [DefNew: 959K->63K(960K), 0.0037605 secs] 275687K->275386K(524224K), 0.0038264 secs] [Times: user=0.00 sys=0.00, real=0.00 secs] 
17.915: [GC 17.915: [DefNew: 959K->64K(960K), 0.0037543 secs] 276283K->275960K(524224K), 0.0038173 secs] [Times: user=0.00 sys=0.00, real=0.00 secs] 
17.921: [GC 17.921: [DefNew: 960K->64K(960K), 0.0046892 secs] 276858K->276585K(524224K), 0.0047984 secs] [Times: user=0.01 sys=0.00, real=0.00 secs] 
17.928: [GC 17.928: [DefNew: 960K->63K(960K), 0.0040059 secs] 277481K->277209K(524224K), 0.0040733 secs] [Times: user=0.00 sys=0.00, real=0.00 secs] 
17.933: [GC 17.933: [DefNew: 959K->64K(960K), 0.0043995 secs] 278106K->277810K(524224K), 0.0044669 secs] [Times: user=0.02 sys=0.00, real=0.00 secs] 
17.941: [GC 17.941: [DefNew: 960K->64K(960K), 0.0038996 secs] 278707K->278402K(524224K), 0.0039949 secs] [Times: user=0.00 sys=0.00, real=0.00 secs] 
17.945: [GC 17.945: [DefNew: 960K->63K(960K), 0.0038086 secs] 279300K->278970K(524224K), 0.0038722 secs] [Times: user=0.00 sys=0.00, real=0.00 secs] 
17.951: [GC 17.951: [DefNew: 959K->63K(960K), 0.0038260 secs] 279867K->279521K(524224K), 0.0038933 secs] [Times: user=0.01 sys=0.00, real=0.00 secs] 
17.957: [GC 17.957: [DefNew: 959K->64K(960K), 0.0041267 secs] 280417K->280129K(524224K), 0.0042008 secs] [Times: user=0.00 sys=0.00, real=0.01 secs] 
17.963: [GC 17.963: [DefNew: 960K->64K(960K), 0.0037740 secs] 281027K->280722K(524224K), 0.0038356 secs] [Times: user=0.00 sys=0.00, real=0.00 secs] 
17.969: [GC 17.969: [DefNew: 960K->64K(960K), 0.0035916 secs] 281619K->281279K(524224K), 0.0036542 secs] [Times: user=0.00 sys=0.00, real=0.00 secs] 
17.974: [GC 17.974: [DefNew: 960K->64K(960K), 0.0035464 secs] 282176K->281840K(524224K), 0.0036075 secs] [Times: user=0.00 sys=0.00, real=0.00 secs] 
17.980: [GC 17.980: [DefNew: 960K->64K(960K), 0.0038842 secs] 282737K->282446K(524224K), 0.0039467 secs] [Times: user=0.02 sys=0.00, real=0.00 secs] 
17.985: [GC 17.985: [DefNew: 960K->64K(960K), 0.0040199 secs] 283343K->283015K(524224K), 0.0040815 secs] [Times: user=0.00 sys=0.00, real=0.00 secs] 
17.991: [GC 17.991: [DefNew: 960K->63K(960K), 0.0045078 secs] 283912K->283599K(524224K), 0.0045713 secs] [Times: user=0.00 sys=0.00, real=0.00 secs] 
17.997: [GC 17.997: [DefNew: 959K->63K(960K), 0.0045901 secs] 284496K->284201K(524224K), 0.0046469 secs] [Times: user=0.02 sys=0.00, real=0.00 secs] 
18.004: [GC 18.004: [DefNew: 959K->63K(960K), 0.0041599 secs] 285098K->284799K(524224K), 0.0042220 secs] [Times: user=0.00 sys=0.00, real=0.00 secs] 
18.010: [GC 18.010: [DefNew: 959K->64K(960K), 0.0039212 secs] 285696K->285379K(524224K), 0.0039891 secs] [Times: user=0.00 sys=0.00, real=0.00 secs] 
18.015: [GC 18.015: [DefNew: 960K->63K(960K), 0.0038510 secs] 286276K->285943K(524224K), 0.0039198 secs] [Times: user=0.00 sys=0.00, real=0.00 secs] 
18.021: [GC 18.021: [DefNew: 959K->64K(960K), 0.0038611 secs] 286839K->286551K(524224K), 0.0039265 secs] [Times: user=0.00 sys=0.00, real=0.00 secs] 
18.026: [GC 18.026: [DefNew: 960K->64K(960K), 0.0040069 secs] 287449K->287162K(524224K), 0.0040685 secs] [Times: user=0.00 sys=0.00, real=0.00 secs] 
18.033: [GC 18.033: [DefNew: 960K->63K(960K), 0.0040078 secs] 288059K->287758K(524224K), 0.0040690 secs] [Times: user=0.00 sys=0.00, real=0.00 secs] 
18.037: [GC 18.037: [DefNew: 959K->64K(960K), 0.0039448 secs] 288655K->288303K(524224K), 0.0040112 secs] [Times: user=0.00 sys=0.00, real=0.00 secs] 
18.043: [GC 18.043: [DefNew: 960K->64K(960K), 0.0038293 secs] 289199K->288899K(524224K), 0.0038967 secs] [Times: user=0.02 sys=0.00, real=0.00 secs] 
18.049: [GC 18.049: [DefNew: 960K->64K(960K), 0.0036580 secs] 289795K->289487K(524224K), 0.0037365 secs] [Times: user=0.00 sys=0.00, real=0.00 secs] 
18.054: [GC 18.054: [DefNew: 960K->63K(960K), 0.0039809 secs] 290384K->290063K(524224K), 0.0040526 secs] [Times: user=0.00 sys=0.00, real=0.00 secs] 
18.063: [GC 18.063: [DefNew: 959K->64K(960K), 0.0041931 secs] 290961K->290728K(524224K), 0.0042595 secs] [Times: user=0.00 sys=0.00, real=0.00 secs] 
18.069: [GC 18.069: [DefNew: 960K->64K(960K), 0.0039626 secs] 291625K->291310K(524224K), 0.0040290 secs] [Times: user=0.00 sys=0.00, real=0.00 secs] 
18.074: [GC 18.074: [DefNew: 960K->63K(960K), 0.0037697 secs] 292207K->291905K(524224K), 0.0038380 secs] [Times: user=0.02 sys=0.00, real=0.00 secs] 
18.079: [GC 18.079: [DefNew: 959K->64K(960K), 0.0041666 secs] 292802K->292599K(524224K), 0.0042326 secs] [Times: user=0.00 sys=0.00, real=0.00 secs] 
18.085: [GC 18.085: [DefNew: 960K->64K(960K), 0.0038053 secs] 293496K->293168K(524224K), 0.0038693 secs] [Times: user=0.00 sys=0.00, real=0.00 secs] 
18.091: [GC 18.091: [DefNew: 960K->64K(960K), 0.0049645 secs] 294064K->293727K(524224K), 0.0050713 secs] [Times: user=0.02 sys=0.00, real=0.01 secs] 
18.097: [GC 18.097: [DefNew: 960K->64K(960K), 0.0038977 secs] 294624K->294361K(524224K), 0.0039631 secs] [Times: user=0.00 sys=0.00, real=0.00 secs] 
18.103: [GC 18.103: [DefNew: 960K->63K(960K), 0.0042513 secs] 295258K->294973K(524224K), 0.0043182 secs] [Times: user=0.00 sys=0.00, real=0.00 secs] 
18.108: [GC 18.108: [DefNew: 959K->64K(960K), 0.0039689 secs] 295870K->295555K(524224K), 0.0040338 secs] [Times: user=0.02 sys=0.00, real=0.00 secs] 
18.114: [GC 18.114: [DefNew: 960K->63K(960K), 0.0037162 secs] 296453K->296148K(524224K), 0.0037913 secs] [Times: user=0.00 sys=0.00, real=0.00 secs] 
18.119: [GC 18.119: [DefNew: 959K->63K(960K), 0.0039833 secs] 297044K->296723K(524224K), 0.0040487 secs] [Times: user=0.00 sys=0.00, real=0.00 secs] 
18.125: [GC 18.126: [DefNew: 959K->63K(960K), 0.0046137 secs] 297620K->297418K(524224K), 0.0046897 secs] [Times: user=0.00 sys=0.00, real=0.00 secs] 
18.132: [GC 18.132: [DefNew: 959K->64K(960K), 0.0042682 secs] 298316K->298043K(524224K), 0.0043336 secs] [Times: user=0.00 sys=0.00, real=0.00 secs] 
18.137: [GC 18.137: [DefNew: 960K->64K(960K), 0.0061925 secs] 298940K->298593K(524224K), 0.0062863 secs] [Times: user=0.02 sys=0.00, real=0.01 secs] 
18.145: [GC 18.145: [DefNew: 960K->64K(960K), 0.0040473 secs] 299489K->299288K(524224K), 0.0041176 secs] [Times: user=0.00 sys=0.00, real=0.00 secs] 
18.150: [GC 18.150: [DefNew: 960K->64K(960K), 0.0041888 secs] 300186K->299873K(524224K), 0.0042648 secs] [Times: user=0.00 sys=0.00, real=0.00 secs] 
18.156: [GC 18.156: [DefNew: 960K->64K(960K), 0.0042446 secs] 300769K->300594K(524224K), 0.0043124 secs] [Times: user=0.00 sys=0.00, real=0.00 secs] 
18.161: [GC 18.161: [DefNew: 960K->63K(960K), 0.0041873 secs] 301491K->301185K(524224K), 0.0043822 secs] [Times: user=0.00 sys=0.00, real=0.00 secs] 
18.167: [GC 18.167: [DefNew: 959K->64K(960K), 0.0047450 secs] 302081K->301897K(524224K), 0.0048201 secs] [Times: user=0.00 sys=0.00, real=0.01 secs] 
18.174: [GC 18.174: [DefNew: 960K->63K(960K), 0.0053552 secs] 302795K->302502K(524224K), 0.0054303 secs] [Times: user=0.00 sys=0.00, real=0.01 secs] 
18.181: [GC 18.181: [DefNew: 959K->64K(960K), 0.0038823 secs] 303399K->303094K(524224K), 0.0039458 secs] [Times: user=0.00 sys=0.00, real=0.00 secs] 
18.187: [GC 18.187: [DefNew: 960K->63K(960K), 0.0041185 secs] 303991K->303696K(524224K), 0.0042104 secs] [Times: user=0.00 sys=0.00, real=0.00 secs] 
18.192: [GC 18.192: [DefNew: 959K->63K(960K), 0.0040545 secs] 304593K->304271K(524224K), 0.0041214 secs] [Times: user=0.00 sys=0.00, real=0.00 secs] 
18.198: [GC 18.198: [DefNew: 959K->64K(960K), 0.0040834 secs] 305168K->304889K(524224K), 0.0041474 secs] [Times: user=0.01 sys=0.00, real=0.00 secs] 
18.204: [GC 18.204: [DefNew: 960K->64K(960K), 0.0046454 secs] 305787K->305526K(524224K), 0.0047239 secs] [Times: user=0.00 sys=0.00, real=0.01 secs] 
18.210: [GC 18.210: [DefNew: 960K->63K(960K), 0.0041989 secs] 306423K->306134K(524224K), 0.0042730 secs] [Times: user=0.00 sys=0.00, real=0.00 secs] 
18.216: [GC 18.216: [DefNew: 959K->63K(960K), 0.0044741 secs] 307031K->306731K(524224K), 0.0045439 secs] [Times: user=0.02 sys=0.00, real=0.00 secs] 
18.222: [GC 18.222: [DefNew: 959K->64K(960K), 0.0042128 secs] 307627K->307377K(524224K), 0.0042961 secs] [Times: user=0.00 sys=0.00, real=0.00 secs] 
18.228: [GC 18.228: [DefNew: 960K->63K(960K), 0.0041883 secs] 308274K->308001K(524224K), 0.0042542 secs] [Times: user=0.00 sys=0.00, real=0.00 secs] 
18.233: [GC 18.233: [DefNew: 959K->63K(960K), 0.0041512 secs] 308898K->308579K(524224K), 0.0042201 secs] [Times: user=0.01 sys=0.00, real=0.00 secs] 
18.239: [GC 18.239: [DefNew: 959K->64K(960K), 0.0054659 secs] 309476K->309193K(524224K), 0.0055467 secs] [Times: user=0.00 sys=0.00, real=0.01 secs] 
18.246: [GC 18.247: [DefNew: 960K->63K(960K), 0.0044019 secs] 310089K->309848K(524224K), 0.0044818 secs] [Times: user=0.02 sys=0.00, real=0.00 secs] 
18.253: [GC 18.253: [DefNew: 959K->64K(960K), 0.0044029 secs] 310745K->310475K(524224K), 0.0044746 secs] [Times: user=0.00 sys=0.00, real=0.00 secs] 
18.260: [GC 18.260: [DefNew: 960K->63K(960K), 0.0044486 secs] 311371K->311118K(524224K), 0.0045256 secs] [Times: user=0.00 sys=0.00, real=0.00 secs] 
18.266: [GC 18.266: [DefNew: 959K->63K(960K), 0.0039612 secs] 312016K->311689K(524224K), 0.0040319 secs] [Times: user=0.00 sys=0.00, real=0.00 secs] 
18.272: [GC 18.272: [DefNew: 959K->63K(960K), 0.0042196 secs] 312586K->312320K(524224K), 0.0042884 secs] [Times: user=0.00 sys=0.00, real=0.00 secs] 
18.277: [GC 18.277: [DefNew: 959K->64K(960K), 0.0038346 secs] 313216K->312895K(524224K), 0.0038967 secs] [Times: user=0.02 sys=0.00, real=0.00 secs] 
18.283: [GC 18.283: [DefNew: 960K->64K(960K), 0.0039280 secs] 313793K->313495K(524224K), 0.0039992 secs] [Times: user=0.00 sys=0.00, real=0.00 secs] 
18.288: [GC 18.288: [DefNew: 960K->63K(960K), 0.0040112 secs] 314392K->314083K(524224K), 0.0040776 secs] [Times: user=0.00 sys=0.00, real=0.00 secs] 
18.294: [GC 18.294: [DefNew: 959K->64K(960K), 0.0042759 secs] 314980K->314718K(524224K), 0.0043432 secs] [Times: user=0.02 sys=0.00, real=0.00 secs] 
18.300: [GC 18.300: [DefNew: 960K->64K(960K), 0.0042672 secs] 315614K->315318K(524224K), 0.0043394 secs] [Times: user=0.00 sys=0.00, real=0.00 secs] 
18.305: [GC 18.305: [DefNew: 960K->63K(960K), 0.0048528 secs] 316215K->315912K(524224K), 0.0049207 secs] [Times: user=0.00 sys=0.00, real=0.01 secs] 
18.313: [GC 18.313: [DefNew: 959K->64K(960K), 0.0044371 secs] 316809K->316629K(524224K), 0.0045107 secs] [Times: user=0.00 sys=0.00, real=0.01 secs] 
18.318: [GC 18.318: [DefNew: 960K->64K(960K), 0.0041628 secs] 317526K->317211K(524224K), 0.0042350 secs] [Times: user=0.00 sys=0.00, real=0.00 secs] 
18.324: [GC 18.324: [DefNew: 960K->63K(960K), 0.0040540 secs] 318109K->317839K(524224K), 0.0041272 secs] [Times: user=0.02 sys=0.00, real=0.00 secs] 
18.329: [GC 18.329: [DefNew: 959K->63K(960K), 0.0044842 secs] 318736K->318429K(524224K), 0.0045545 secs] [Times: user=0.00 sys=0.00, real=0.00 secs] 
18.336: [GC 18.336: [DefNew: 959K->63K(960K), 0.0046113 secs] 319327K->319056K(524224K), 0.0046955 secs] [Times: user=0.00 sys=0.00, real=0.00 secs] 
18.343: [GC 18.343: [DefNew: 959K->63K(960K), 0.0049236 secs] 319952K->319873K(524224K), 0.0049957 secs] [Times: user=0.00 sys=0.00, real=0.00 secs] 
18.350: [GC 18.350: [DefNew: 959K->63K(960K), 0.0047628 secs] 320769K->320557K(524224K), 0.0048292 secs] [Times: user=0.00 sys=0.00, real=0.00 secs] 
18.356: [GC 18.356: [DefNew: 959K->64K(960K), 0.0040921 secs] 321453K->321141K(524224K), 0.0041551 secs] [Times: user=0.02 sys=0.00, real=0.00 secs] 
18.361: [GC 18.361: [DefNew: 960K->63K(960K), 0.0041912 secs] 322038K->321729K(524224K), 0.0042581 secs] [Times: user=0.00 sys=0.00, real=0.00 secs] 
18.367: [GC 18.367: [DefNew: 959K->63K(960K), 0.0039520 secs] 322626K->322311K(524224K), 0.0040160 secs] [Times: user=0.00 sys=0.00, real=0.00 secs] 
18.373: [GC 18.373: [DefNew: 959K->63K(960K), 0.0048167 secs] 323208K->323025K(524224K), 0.0048952 secs] [Times: user=0.02 sys=0.00, real=0.00 secs] 
18.379: [GC 18.379: [DefNew: 959K->64K(960K), 0.0052277 secs] 323921K->323708K(524224K), 0.0052950 secs] [Times: user=0.00 sys=0.00, real=0.00 secs] 
18.387: [GC 18.387: [DefNew: 960K->64K(960K), 0.0061828 secs] 324605K->324372K(524224K), 0.0062589 secs] [Times: user=0.01 sys=0.00, real=0.01 secs] 
18.395: [GC 18.395: [DefNew: 960K->64K(960K), 0.0048254 secs] 325269K->325053K(524224K), 0.0049019 secs] [Times: user=0.00 sys=0.00, real=0.01 secs] 
18.401: [GC 18.401: [DefNew: 960K->63K(960K), 0.0042436 secs] 325950K->325690K(524224K), 0.0043096 secs] [Times: user=0.02 sys=0.00, real=0.00 secs] 
18.407: [GC 18.407: [DefNew: 959K->64K(960K), 0.0045997 secs] 326587K->326377K(524224K), 0.0046772 secs] [Times: user=0.00 sys=0.00, real=0.01 secs] 
18.413: [GC 18.413: [DefNew: 960K->64K(960K), 0.0042629 secs] 327274K->326993K(524224K), 0.0043278 secs] [Times: user=0.00 sys=0.00, real=0.00 secs] 
18.419: [GC 18.419: [DefNew: 960K->64K(960K), 0.0050193 secs] 327890K->327610K(524224K), 0.0050944 secs] [Times: user=0.01 sys=0.00, real=0.00 secs] 
18.425: [GC 18.426: [DefNew: 960K->63K(960K), 0.0069677 secs] 328506K->328417K(524224K), 0.0070495 secs] [Times: user=0.00 sys=0.00, real=0.01 secs] 
18.434: [GC 18.434: [DefNew: 959K->63K(960K), 0.0058335 secs] 329314K->328994K(524224K), 0.0059163 secs] [Times: user=0.02 sys=0.00, real=0.01 secs] 
18.442: [GC 18.442: [DefNew: 959K->63K(960K), 0.0048066 secs] 329890K->329805K(524224K), 0.0048754 secs] [Times: user=0.00 sys=0.00, real=0.00 secs] 
18.448: [GC 18.448: [DefNew: 959K->63K(960K), 0.0066650 secs] 330702K->330584K(524224K), 0.0067453 secs] [Times: user=0.02 sys=0.00, real=0.01 secs] 
18.457: [GC 18.457: [DefNew: 959K->64K(960K), 0.0047450 secs] 331481K->331253K(524224K), 0.0048182 secs] [Times: user=0.00 sys=0.00, real=0.01 secs] 
18.463: [GC 18.463: [DefNew: 960K->64K(960K), 0.0043841 secs] 332151K->331873K(524224K), 0.0044505 secs] [Times: user=0.00 sys=0.00, real=0.00 secs] 
18.469: [GC 18.469: [DefNew: 960K->63K(960K), 0.0041734 secs] 332770K->332522K(524224K), 0.0042494 secs] [Times: user=0.00 sys=0.00, real=0.00 secs] 
18.474: [GC 18.474: [DefNew: 959K->63K(960K), 0.0042595 secs] 333419K->333118K(524224K), 0.0043288 secs] [Times: user=0.00 sys=0.00, real=0.00 secs] 
18.480: [GC 18.480: [DefNew: 959K->64K(960K), 0.0057608 secs] 334016K->333714K(524224K), 0.0058306 secs] [Times: user=0.02 sys=0.00, real=0.00 secs] 
18.487: [GC 18.487: [DefNew: 960K->64K(960K), 0.0041286 secs] 334610K->334313K(524224K), 0.0041998 secs] [Times: user=0.00 sys=0.00, real=0.00 secs] 
18.493: [GC 18.493: [DefNew: 960K->63K(960K), 0.0047566 secs] 335210K->335071K(524224K), 0.0048316 secs] [Times: user=0.00 sys=0.00, real=0.01 secs] 
18.499: [GC 18.500: [DefNew: 959K->63K(960K), 0.0049876 secs] 335969K->335641K(524224K), 0.0050578 secs] [Times: user=0.00 sys=0.00, real=0.01 secs] 
18.506: [GC 18.506: [DefNew: 959K->63K(960K), 0.0044193 secs] 336537K->336245K(524224K), 0.0044924 secs] [Times: user=0.00 sys=0.00, real=0.00 secs] 
18.513: [GC 18.513: [DefNew: 959K->64K(960K), 0.0044212 secs] 337142K->336912K(524224K), 0.0044881 secs] [Times: user=0.02 sys=0.00, real=0.00 secs] 
18.519: [GC 18.519: [DefNew: 960K->63K(960K), 0.0048624 secs] 337809K->337664K(524224K), 0.0049361 secs] [Times: user=0.00 sys=0.00, real=0.01 secs] 
18.526: [GC 18.526: [DefNew: 959K->63K(960K), 0.0043168 secs] 338561K->338273K(524224K), 0.0043808 secs] [Times: user=0.01 sys=0.00, real=0.00 secs] 
18.531: [GC 18.532: [DefNew: 959K->64K(960K), 0.0045761 secs] 339169K->338828K(524224K), 0.0046536 secs] [Times: user=0.00 sys=0.00, real=0.01 secs] 
18.538: [GC 18.538: [DefNew: 960K->64K(960K), 0.0041715 secs] 339726K->339451K(524224K), 0.0042393 secs] [Times: user=0.00 sys=0.00, real=0.00 secs] 
18.543: [GC 18.544: [DefNew: 960K->63K(960K), 0.0046257 secs] 340347K->340032K(524224K), 0.0046998 secs] [Times: user=0.02 sys=0.00, real=0.00 secs] 
18.550: [GC 18.550: [DefNew: 959K->64K(960K), 0.0044323 secs] 340929K->340693K(524224K), 0.0045054 secs] [Times: user=0.00 sys=0.00, real=0.00 secs] 
18.557: [GC 18.557: [DefNew: 960K->64K(960K), 0.0049847 secs] 341589K->341386K(524224K), 0.0050896 secs] [Times: user=0.02 sys=0.00, real=0.00 secs] 
18.563: [GC 18.563: [DefNew: 960K->63K(960K), 0.0050655 secs] 342283K->342170K(524224K), 0.0051444 secs] [Times: user=0.00 sys=0.00, real=0.00 secs] 
18.570: [GC 18.570: [DefNew: 959K->63K(960K), 0.0047879 secs] 343068K->342829K(524224K), 0.0048605 secs] [Times: user=0.00 sys=0.00, real=0.00 secs] 
18.576: [GC 18.577: [DefNew: 959K->64K(960K), 0.0042600 secs] 343726K->343404K(524224K), 0.0043437 secs] [Times: user=0.01 sys=0.00, real=0.00 secs] 
18.583: [GC 18.583: [DefNew: 960K->63K(960K), 0.0042687 secs] 344301K->344051K(524224K), 0.0043404 secs] [Times: user=0.00 sys=0.00, real=0.00 secs] 
18.589: [GC 18.589: [DefNew: 959K->64K(960K), 0.0050857 secs] 344948K->344656K(524224K), 0.0051680 secs] [Times: user=0.02 sys=0.00, real=0.01 secs] 
18.595: [GC 18.595: [DefNew: 960K->64K(960K), 0.0045126 secs] 345553K->345317K(524224K), 0.0045906 secs] [Times: user=0.00 sys=0.00, real=0.01 secs] 
18.602: [GC 18.602: [DefNew: 960K->63K(960K), 0.0044496 secs] 346214K->345927K(524224K), 0.0045415 secs] [Times: user=0.00 sys=0.00, real=0.01 secs] 
18.608: [GC 18.609: [DefNew: 959K->64K(960K), 0.0044847 secs] 346824K->346567K(524224K), 0.0045862 secs] [Times: user=0.00 sys=0.00, real=0.01 secs] 
18.615: [GC 18.615: [DefNew: 960K->63K(960K), 0.0044722 secs] 347463K->347208K(524224K), 0.0045540 secs] [Times: user=0.00 sys=0.00, real=0.00 secs] 
18.622: [GC 18.622: [DefNew: 959K->64K(960K), 0.0045497 secs] 348104K->347818K(524224K), 0.0046295 secs] [Times: user=0.01 sys=0.00, real=0.01 secs] 
18.628: [GC 18.628: [DefNew: 960K->63K(960K), 0.0044443 secs] 348716K->348498K(524224K), 0.0045246 secs] [Times: user=0.00 sys=0.00, real=0.00 secs] 
18.634: [GC 18.635: [DefNew: 959K->63K(960K), 0.0043784 secs] 349395K->349098K(524224K), 0.0044419 secs] [Times: user=0.00 sys=0.00, real=0.00 secs] 
18.641: [GC 18.641: [DefNew: 959K->64K(960K), 0.0050949 secs] 349994K->349735K(524224K), 0.0051656 secs] [Times: user=0.00 sys=0.00, real=0.01 secs] 
18.648: [GC 18.648: [DefNew: 960K->64K(960K), 0.0044154 secs] 350631K->350348K(524224K), 0.0044794 secs] [Times: user=0.00 sys=0.00, real=0.00 secs] 
18.654: [GC 18.654: [DefNew: 960K->63K(960K), 0.0047316 secs] 351245K->350970K(524224K), 0.0047984 secs] [Times: user=0.02 sys=0.00, real=0.01 secs] 
18.661: [GC 18.661: [DefNew: 959K->63K(960K), 0.0045468 secs] 351868K->351580K(524224K), 0.0046117 secs] [Times: user=0.00 sys=0.00, real=0.00 secs] 
18.667: [GC 18.667: [DefNew: 959K->63K(960K), 0.0042994 secs] 352476K->352149K(524224K), 0.0043726 secs] [Times: user=0.01 sys=0.00, real=0.00 secs] 
18.673: [GC 18.673: [DefNew: 959K->64K(960K), 0.0046565 secs] 353046K->352834K(524224K), 0.0047296 secs] [Times: user=0.00 sys=0.00, real=0.01 secs] 
18.680: [GC 18.680: [DefNew: 960K->64K(960K), 0.0043841 secs] 353730K->353478K(524224K), 0.0044573 secs] [Times: user=0.00 sys=0.00, real=0.01 secs] 
18.686: [GC 18.687: [DefNew: 960K->64K(960K), 0.0047008 secs] 354375K->354120K(524224K), 0.0047715 secs] [Times: user=0.00 sys=0.00, real=0.01 secs] 
18.693: [GC 18.693: [DefNew: 960K->63K(960K), 0.0045006 secs] 355017K->354709K(524224K), 0.0045675 secs] [Times: user=0.00 sys=0.00, real=0.00 secs] 
18.700: [GC 18.700: [DefNew: 959K->64K(960K), 0.0043846 secs] 355606K->355354K(524224K), 0.0044640 secs] [Times: user=0.02 sys=0.00, real=0.00 secs] 
18.706: [GC 18.706: [DefNew: 960K->64K(960K), 0.0043846 secs] 356251K->355943K(524224K), 0.0044510 secs] [Times: user=0.00 sys=0.00, real=0.00 secs] 
18.713: [GC 18.713: [DefNew: 960K->64K(960K), 0.0043331 secs] 356840K->356573K(524224K), 0.0043991 secs] [Times: user=0.00 sys=0.00, real=0.00 secs] 
18.719: [GC 18.719: [DefNew: 960K->63K(960K), 0.0047802 secs] 357470K->357183K(524224K), 0.0048475 secs] [Times: user=0.00 sys=0.00, real=0.01 secs] 
18.726: [GC 18.726: [DefNew: 959K->64K(960K), 0.0046098 secs] 358079K->357833K(524224K), 0.0046743 secs] [Times: user=0.00 sys=0.00, real=0.01 secs] 
18.732: [GC 18.732: [DefNew: 960K->64K(960K), 0.0048956 secs] 358730K->358476K(524224K), 0.0049717 secs] [Times: user=0.01 sys=0.00, real=0.01 secs] 
18.739: [GC 18.739: [DefNew: 960K->63K(960K), 0.0044183 secs] 359373K->359077K(524224K), 0.0045044 secs] [Times: user=0.00 sys=0.00, real=0.00 secs] 
18.745: [GC 18.746: [DefNew: 959K->64K(960K), 0.0048119 secs] 359974K->359739K(524224K), 0.0048831 secs] [Times: user=0.02 sys=0.00, real=0.01 secs] 
18.752: [GC 18.752: [DefNew: 960K->64K(960K), 0.0046401 secs] 360636K->360333K(524224K), 0.0047118 secs] [Times: user=0.00 sys=0.00, real=0.00 secs] 
18.758: [GC 18.758: [DefNew: 960K->63K(960K), 0.0047397 secs] 361229K->360958K(524224K), 0.0048105 secs] [Times: user=0.00 sys=0.00, real=0.01 secs] 
18.765: [GC 18.765: [DefNew: 959K->63K(960K), 0.0048422 secs] 361854K->361611K(524224K), 0.0049120 secs] [Times: user=0.00 sys=0.00, real=0.01 secs] 
18.772: [GC 18.772: [DefNew: 959K->63K(960K), 0.0045843 secs] 362509K->362206K(524224K), 0.0046498 secs] [Times: user=0.00 sys=0.00, real=0.00 secs] 
18.778: [GC 18.778: [DefNew: 959K->63K(960K), 0.0044756 secs] 363102K->362812K(524224K), 0.0045473 secs] [Times: user=0.02 sys=0.00, real=0.00 secs] 
18.785: [GC 18.785: [DefNew: 959K->64K(960K), 0.0042735 secs] 363710K->363411K(524224K), 0.0043404 secs] [Times: user=0.00 sys=0.00, real=0.00 secs] 
18.790: [GC 18.790: [DefNew: 960K->64K(960K), 0.0041007 secs] 364308K->363991K(524224K), 0.0041657 secs] [Times: user=0.00 sys=0.00, real=0.00 secs] 
18.796: [GC 18.796: [DefNew: 960K->64K(960K), 0.0046045 secs] 364887K->364608K(524224K), 0.0046724 secs] [Times: user=0.00 sys=0.00, real=0.00 secs] 
18.802: [GC 18.803: [DefNew: 960K->63K(960K), 0.0042865 secs] 365506K->365194K(524224K), 0.0043601 secs] [Times: user=0.00 sys=0.00, real=0.00 secs] 
18.809: [GC 18.809: [DefNew: 959K->63K(960K), 0.0045338 secs] 366091K->365814K(524224K), 0.0046036 secs] [Times: user=0.01 sys=0.00, real=0.00 secs] 
18.816: [GC 18.816: [DefNew: 959K->64K(960K), 0.0042898 secs] 366710K->366457K(524224K), 0.0043524 secs] [Times: user=0.00 sys=0.00, real=0.01 secs] 
18.822: [GC 18.822: [DefNew: 960K->64K(960K), 0.0043962 secs] 367354K->367081K(524224K), 0.0044621 secs] [Times: user=0.02 sys=0.00, real=0.00 secs] 
18.829: [GC 18.829: [DefNew: 960K->63K(960K), 0.0046536 secs] 367977K->367682K(524224K), 0.0047190 secs] [Times: user=0.00 sys=0.00, real=0.01 secs] 
18.836: [GC 18.836: [DefNew: 959K->63K(960K), 0.0044106 secs] 368579K->368303K(524224K), 0.0044785 secs] [Times: user=0.00 sys=0.00, real=0.00 secs] 
18.843: [GC 18.843: [DefNew: 959K->64K(960K), 0.0044895 secs] 369202K->368911K(524224K), 0.0045708 secs] [Times: user=0.00 sys=0.00, real=0.00 secs] 
18.848: [GC 18.848: [DefNew: 960K->64K(960K), 0.0042316 secs] 369808K->369528K(524224K), 0.0042956 secs] [Times: user=0.00 sys=0.00, real=0.00 secs] 
18.854: [GC 18.854: [DefNew: 960K->64K(960K), 0.0044587 secs] 370426K->370141K(524224K), 0.0045237 secs] [Times: user=0.01 sys=0.00, real=0.00 secs] 
18.861: [GC 18.861: [DefNew: 960K->64K(960K), 0.0042350 secs] 371039K->370724K(524224K), 0.0042994 secs] [Times: user=0.00 sys=0.00, real=0.01 secs] 
18.867: [GC 18.867: [DefNew: 960K->63K(960K), 0.0041431 secs] 371621K->371358K(524224K), 0.0042075 secs] [Times: user=0.00 sys=0.00, real=0.00 secs] 
18.872: [GC 18.873: [DefNew: 959K->63K(960K), 0.0041517 secs] 372255K->371927K(524224K), 0.0042148 secs] [Times: user=0.02 sys=0.00, real=0.00 secs] 
18.878: [GC 18.878: [DefNew: 959K->63K(960K), 0.0041041 secs] 372824K->372552K(524224K), 0.0041652 secs] [Times: user=0.00 sys=0.00, real=0.00 secs] 
18.884: [GC 18.884: [DefNew: 959K->64K(960K), 0.0044443 secs] 373448K->373149K(524224K), 0.0045083 secs] [Times: user=0.00 sys=0.00, real=0.00 secs] 
18.890: [GC 18.890: [DefNew: 960K->64K(960K), 0.0042908 secs] 374046K->373734K(524224K), 0.0043596 secs] [Times: user=0.00 sys=0.00, real=0.00 secs] 
18.896: [GC 18.896: [DefNew: 960K->64K(960K), 0.0043582 secs] 374631K->374341K(524224K), 0.0044265 secs] [Times: user=0.00 sys=0.00, real=0.00 secs] 
18.901: [GC 18.901: [DefNew: 960K->63K(960K), 0.0042807 secs] 375238K->374911K(524224K), 0.0043480 secs] [Times: user=0.01 sys=0.00, real=0.00 secs] 
18.908: [GC 18.908: [DefNew: 959K->63K(960K), 0.0043485 secs] 375810K->375553K(524224K), 0.0044106 secs] [Times: user=0.00 sys=0.00, real=0.00 secs] 
18.913: [GC 18.913: [DefNew: 959K->63K(960K), 0.0041950 secs] 376450K->376125K(524224K), 0.0042557 secs] [Times: user=0.00 sys=0.00, real=0.00 secs] 
18.919: [GC 18.919: [DefNew: 959K->64K(960K), 0.0042417 secs] 377021K->376708K(524224K), 0.0043163 secs] [Times: user=0.02 sys=0.00, real=0.00 secs] 
18.925: [GC 18.925: [DefNew: 960K->64K(960K), 0.0045761 secs] 377605K->377323K(524224K), 0.0046454 secs] [Times: user=0.00 sys=0.00, real=0.00 secs] 
18.931: [GC 18.931: [DefNew: 960K->63K(960K), 0.0043846 secs] 378219K->377952K(524224K), 0.0044496 secs] [Times: user=0.00 sys=0.00, real=0.00 secs] 
18.939: [GC 18.939: [DefNew: 959K->63K(960K), 0.0044544 secs] 378848K->378573K(524224K), 0.0045232 secs] [Times: user=0.00 sys=0.00, real=0.00 secs] 
18.944: [GC 18.945: [DefNew: 959K->63K(960K), 0.0043158 secs] 379469K->379180K(524224K), 0.0043798 secs] [Times: user=0.00 sys=0.00, real=0.00 secs] 
18.950: [GC 18.950: [DefNew: 959K->64K(960K), 0.0043206 secs] 380077K->379749K(524224K), 0.0043885 secs] [Times: user=0.02 sys=0.00, real=0.00 secs] 
18.955: [GC 18.956: [DefNew: 960K->64K(960K), 0.0040690 secs] 380647K->380336K(524224K), 0.0041330 secs] [Times: user=0.00 sys=0.00, real=0.00 secs] 
18.961: [GC 18.961: [DefNew: 960K->64K(960K), 0.0045126 secs] 381232K->380956K(524224K), 0.0045781 secs] [Times: user=0.00 sys=0.00, real=0.00 secs] 
18.968: [GC 18.968: [DefNew: 960K->63K(960K), 0.0046392 secs] 381853K->381554K(524224K), 0.0047369 secs] [Times: user=0.00 sys=0.00, real=0.00 secs] 
18.974: [GC 18.974: [DefNew: 959K->63K(960K), 0.0042619 secs] 382451K->382136K(524224K), 0.0043240 secs] [Times: user=0.00 sys=0.00, real=0.00 secs] 
18.980: [GC 18.980: [DefNew: 959K->64K(960K), 0.0046223 secs] 383034K->382775K(524224K), 0.0046878 secs] [Times: user=0.02 sys=0.00, real=0.00 secs] 
18.986: [GC 18.987: [DefNew: 960K->63K(960K), 0.0046637 secs] 383673K->383375K(524224K), 0.0047354 secs] [Times: user=0.00 sys=0.00, real=0.01 secs] 
18.993: [GC 18.993: [DefNew: 959K->63K(960K), 0.0044837 secs] 384272K->384028K(524224K), 0.0045516 secs] [Times: user=0.00 sys=0.00, real=0.00 secs] 
19.000: [GC 19.000: [DefNew: 959K->64K(960K), 0.0047099 secs] 384925K->384656K(524224K), 0.0047758 secs] [Times: user=0.00 sys=0.00, real=0.01 secs] 
19.006: [GC 19.006: [DefNew: 960K->63K(960K), 0.0045973 secs] 385552K->385270K(524224K), 0.0046603 secs] [Times: user=0.00 sys=0.00, real=0.01 secs] 
19.013: [GC 19.013: [DefNew: 959K->64K(960K), 0.0043577 secs] 386167K->385890K(524224K), 0.0044197 secs] [Times: user=0.02 sys=0.00, real=0.00 secs] 
19.019: [GC 19.019: [DefNew: 960K->63K(960K), 0.0045550 secs] 386786K->386535K(524224K), 0.0046310 secs] [Times: user=0.00 sys=0.00, real=0.01 secs] 
19.026: [GC 19.026: [DefNew: 959K->64K(960K), 0.0046830 secs] 387432K->387157K(524224K), 0.0047523 secs] [Times: user=0.02 sys=0.00, real=0.00 secs] 
19.032: [GC 19.032: [DefNew: 960K->64K(960K), 0.0044130 secs] 388054K->387765K(524224K), 0.0044736 secs] [Times: user=0.00 sys=0.00, real=0.00 secs] 
19.039: [GC 19.039: [DefNew: 960K->64K(960K), 0.0044058 secs] 388661K->388398K(524224K), 0.0044688 secs] [Times: user=0.00 sys=0.00, real=0.00 secs] 
19.046: [GC 19.046: [DefNew: 960K->64K(960K), 0.0049115 secs] 389295K->389007K(524224K), 0.0049789 secs] [Times: user=0.00 sys=0.00, real=0.01 secs] 
19.052: [GC 19.052: [DefNew: 960K->63K(960K), 0.0046575 secs] 389904K->389634K(524224K), 0.0047311 secs] [Times: user=0.00 sys=0.00, real=0.01 secs] 
19.059: [GC 19.059: [DefNew: 959K->63K(960K), 0.0045391 secs] 390530K->390262K(524224K), 0.0046093 secs] [Times: user=0.02 sys=0.00, real=0.00 secs] 
19.065: [GC 19.065: [DefNew: 959K->63K(960K), 0.0042311 secs] 391159K->390821K(524224K), 0.0042951 secs] [Times: user=0.00 sys=0.00, real=0.00 secs] 
19.071: [GC 19.071: [DefNew: 959K->63K(960K), 0.0043144 secs] 391719K->391418K(524224K), 0.0043798 secs] [Times: user=0.00 sys=0.00, real=0.00 secs] 
19.077: [GC 19.077: [DefNew: 959K->64K(960K), 0.0047864 secs] 392315K->392025K(524224K), 0.0048533 secs] [Times: user=0.00 sys=0.00, real=0.00 secs] 
19.083: [GC 19.083: [DefNew: 960K->64K(960K), 0.0046141 secs] 392922K->392620K(524224K), 0.0046714 secs] [Times: user=0.00 sys=0.00, real=0.00 secs] 
19.089: [GC 19.090: [DefNew: 960K->63K(960K), 0.0043793 secs] 393516K->393213K(524224K), 0.0044496 secs] [Times: user=0.02 sys=0.00, real=0.00 secs] 
19.096: [GC 19.096: [DefNew: 959K->63K(960K), 0.0046786 secs] 394110K->393835K(524224K), 0.0047503 secs] [Times: user=0.00 sys=0.00, real=0.00 secs] 
19.104: [GC 19.104: [DefNew: 959K->64K(960K), 0.0047821 secs] 394731K->394506K(524224K), 0.0048552 secs] [Times: user=0.01 sys=0.00, real=0.01 secs] 
19.110: [GC 19.110: [DefNew: 960K->64K(960K), 0.0046565 secs] 395403K->395107K(524224K), 0.0047243 secs] [Times: user=0.00 sys=0.00, real=0.01 secs] 
19.117: [GC 19.117: [DefNew: 960K->63K(960K), 0.0045256 secs] 396004K->395712K(524224K), 0.0045944 secs] [Times: user=0.00 sys=0.00, real=0.00 secs] 
19.124: [GC 19.124: [DefNew: 959K->63K(960K), 0.0047426 secs] 396610K->396336K(524224K), 0.0048119 secs] [Times: user=0.00 sys=0.00, real=0.01 secs] 
19.130: [GC 19.130: [DefNew: 959K->63K(960K), 0.0048812 secs] 397234K->396967K(524224K), 0.0049505 secs] [Times: user=0.00 sys=0.00, real=0.01 secs] 
19.136: [GC 19.137: [DefNew: 959K->63K(960K), 0.0048716 secs] 397864K->397580K(524224K), 0.0049452 secs] [Times: user=0.02 sys=0.00, real=0.00 secs] 
19.143: [GC 19.143: [DefNew: 959K->64K(960K), 0.0045771 secs] 398476K->398209K(524224K), 0.0046680 secs] [Times: user=0.00 sys=0.00, real=0.01 secs] 
19.150: [GC 19.150: [DefNew: 960K->63K(960K), 0.0040978 secs] 399105K->398781K(524224K), 0.0041642 secs] [Times: user=0.01 sys=0.00, real=0.00 secs] 
19.155: [GC 19.155: [DefNew: 959K->64K(960K), 0.0045194 secs] 399677K->399399K(524224K), 0.0045867 secs] [Times: user=0.00 sys=0.00, real=0.00 secs] 
19.162: [GC 19.162: [DefNew: 960K->63K(960K), 0.0046632 secs] 400296K->400052K(524224K), 0.0047287 secs] [Times: user=0.00 sys=0.00, real=0.00 secs] 
19.168: [GC 19.169: [DefNew: 959K->63K(960K), 0.0047662 secs] 400948K->400671K(524224K), 0.0048437 secs] [Times: user=0.02 sys=0.00, real=0.00 secs] 
19.175: [GC 19.175: [DefNew: 959K->63K(960K), 0.0046579 secs] 401568K->401331K(524224K), 0.0047306 secs] [Times: user=0.00 sys=0.00, real=0.00 secs] 
19.182: [GC 19.182: [DefNew: 959K->63K(960K), 0.0043981 secs] 402228K->401954K(524224K), 0.0044659 secs] [Times: user=0.02 sys=0.00, real=0.00 secs] 
19.188: [GC 19.188: [DefNew: 959K->63K(960K), 0.0045699 secs] 402852K->402586K(524224K), 0.0046382 secs] [Times: user=0.00 sys=0.00, real=0.00 secs] 
19.195: [GC 19.195: [DefNew: 959K->64K(960K), 0.0046310 secs] 403483K->403208K(524224K), 0.0046945 secs] [Times: user=0.00 sys=0.00, real=0.00 secs] 
19.201: [GC 19.201: [DefNew: 960K->63K(960K), 0.0045189 secs] 404105K->403808K(524224K), 0.0045867 secs] [Times: user=0.00 sys=0.00, real=0.00 secs] 
19.208: [GC 19.208: [DefNew: 959K->64K(960K), 0.0047316 secs] 404705K->404449K(524224K), 0.0047956 secs] [Times: user=0.00 sys=0.00, real=0.00 secs] 
19.214: [GC 19.214: [DefNew: 960K->63K(960K), 0.0046825 secs] 405346K->405054K(524224K), 0.0047470 secs] [Times: user=0.02 sys=0.00, real=0.00 secs] 
19.221: [GC 19.221: [DefNew: 959K->64K(960K), 0.0048288 secs] 405951K->405696K(524224K), 0.0048952 secs] [Times: user=0.00 sys=0.00, real=0.00 secs] 
19.228: [GC 19.228: [DefNew: 960K->64K(960K), 0.0048836 secs] 406593K->406301K(524224K), 0.0049592 secs] [Times: user=0.02 sys=0.00, real=0.00 secs] 
19.234: [GC 19.234: [DefNew: 960K->63K(960K), 0.0046560 secs] 407197K->406966K(524224K), 0.0047287 secs] [Times: user=0.00 sys=0.00, real=0.00 secs] 
19.241: [GC 19.241: [DefNew: 959K->63K(960K), 0.0057498 secs] 407863K->407650K(524224K), 0.0058532 secs] [Times: user=0.00 sys=0.00, real=0.01 secs] 
19.249: [GC 19.249: [DefNew: 959K->64K(960K), 0.0047008 secs] 408546K->408292K(524224K), 0.0047725 secs] [Times: user=0.00 sys=0.00, real=0.01 secs] 
19.255: [GC 19.255: [DefNew: 960K->64K(960K), 0.0053157 secs] 409189K->408924K(524224K), 0.0053855 secs] [Times: user=0.00 sys=0.00, real=0.01 secs] 
19.262: [GC 19.262: [DefNew: 960K->63K(960K), 0.0046661 secs] 409821K->409563K(524224K), 0.0047320 secs] [Times: user=0.02 sys=0.00, real=0.00 secs] 
19.268: [GC 19.268: [DefNew: 959K->63K(960K), 0.0048153 secs] 410460K->410179K(524224K), 0.0048831 secs] [Times: user=0.00 sys=0.00, real=0.01 secs] 
19.275: [GC 19.275: [DefNew: 959K->64K(960K), 0.0046676 secs] 411076K->410778K(524224K), 0.0047349 secs] [Times: user=0.02 sys=0.00, real=0.00 secs] 
19.281: [GC 19.281: [DefNew: 960K->63K(960K), 0.0046830 secs] 411675K->411383K(524224K), 0.0047984 secs] [Times: user=0.00 sys=0.00, real=0.01 secs] 
19.288: [GC 19.288: [DefNew: 959K->63K(960K), 0.0046113 secs] 412280K->412052K(524224K), 0.0046849 secs] [Times: user=0.00 sys=0.00, real=0.00 secs] 
19.294: [GC 19.294: [DefNew: 959K->63K(960K), 0.0047681 secs] 412949K->412686K(524224K), 0.0048345 secs] [Times: user=0.00 sys=0.00, real=0.00 secs] 
19.301: [GC 19.301: [DefNew: 959K->63K(960K), 0.0049558 secs] 413584K->413309K(524224K), 0.0050304 secs] [Times: user=0.00 sys=0.00, real=0.01 secs] 
19.307: [GC 19.308: [DefNew: 959K->64K(960K), 0.0065091 secs] 414205K->414017K(524224K), 0.0066217 secs] [Times: user=0.02 sys=0.00, real=0.01 secs] 
19.316: [GC 19.316: [DefNew: 960K->63K(960K), 0.0050756 secs] 414914K->414718K(524224K), 0.0051444 secs] [Times: user=0.00 sys=0.00, real=0.00 secs] 
19.322: [GC 19.323: [DefNew: 959K->63K(960K), 0.0047032 secs] 415615K->415314K(524224K), 0.0047696 secs] [Times: user=0.01 sys=0.00, real=0.01 secs] 
19.329: [GC 19.329: [DefNew: 959K->64K(960K), 0.0043432 secs] 416212K->415932K(524224K), 0.0044130 secs] [Times: user=0.00 sys=0.00, real=0.00 secs] 
19.335: [GC 19.335: [DefNew: 960K->63K(960K), 0.0043418 secs] 416829K->416506K(524224K), 0.0044072 secs] [Times: user=0.00 sys=0.00, real=0.00 secs] 
19.340: [GC 19.340: [DefNew: 959K->64K(960K), 0.0048649 secs] 417403K->417181K(524224K), 0.0049596 secs] [Times: user=0.02 sys=0.00, real=0.00 secs] 
19.347: [GC 19.347: [DefNew: 960K->64K(960K), 0.0051468 secs] 418077K->417909K(524224K), 0.0052166 secs] [Times: user=0.00 sys=0.00, real=0.01 secs] 
19.353: [GC 19.353: [DefNew: 960K->63K(960K), 0.0048807 secs] 418806K->418510K(524224K), 0.0049558 secs] [Times: user=0.01 sys=0.00, real=0.00 secs] 
19.360: [GC 19.360: [DefNew: 959K->64K(960K), 0.0047166 secs] 419407K->419158K(524224K), 0.0047946 secs] [Times: user=0.00 sys=0.00, real=0.01 secs] 
19.367: [GC 19.367: [DefNew: 960K->63K(960K), 0.0045246 secs] 420054K->419752K(524224K), 0.0046089 secs] [Times: user=0.00 sys=0.00, real=0.00 secs] 
19.374: [GC 19.374: [DefNew: 959K->64K(960K), 0.0049712 secs] 420648K->420436K(524224K), 0.0050424 secs] [Times: user=0.00 sys=0.00, real=0.01 secs] 
19.381: [GC 19.381: [DefNew: 960K->63K(960K), 0.0048239 secs] 421333K->421084K(524224K), 0.0049048 secs] [Times: user=0.00 sys=0.00, real=0.01 secs] 
19.387: [GC 19.388: [DefNew: 959K->63K(960K), 0.0050015 secs] 421982K->421753K(524224K), 0.0050929 secs] [Times: user=0.02 sys=0.00, real=0.01 secs] 
19.394: [GC 19.394: [DefNew: 959K->63K(960K), 0.0049014 secs] 422649K->422391K(524224K), 0.0049697 secs] [Times: user=0.00 sys=0.00, real=0.01 secs] 
19.401: [GC 19.401: [DefNew: 959K->64K(960K), 0.0046546 secs] 423288K->422988K(524224K), 0.0047364 secs] [Times: user=0.02 sys=0.00, real=0.01 secs] 
19.407: [GC 19.407: [DefNew: 960K->63K(960K), 0.0049659 secs] 423885K->423668K(524224K), 0.0050506 secs] [Times: user=0.00 sys=0.00, real=0.01 secs] 
19.414: [GC 19.414: [DefNew: 959K->63K(960K), 0.0050746 secs] 424566K->424309K(524224K), 0.0051550 secs] [Times: user=0.00 sys=0.00, real=0.01 secs] 
19.420: [GC 19.420: [DefNew: 959K->64K(960K), 0.0049731 secs] 425206K->425000K(524224K), 0.0050631 secs] [Times: user=0.00 sys=0.00, real=0.01 secs] 
19.428: [GC 19.428: [DefNew: 960K->64K(960K), 0.0049837 secs] 425897K->425623K(524224K), 0.0050549 secs] [Times: user=0.00 sys=0.00, real=0.01 secs] 
19.435: [GC 19.435: [DefNew: 960K->64K(960K), 0.0048591 secs] 426520K->426273K(524224K), 0.0049414 secs] [Times: user=0.02 sys=0.00, real=0.00 secs] 
19.441: [GC 19.441: [DefNew: 960K->63K(960K), 0.0048745 secs] 427169K->426933K(524224K), 0.0049447 secs] [Times: user=0.00 sys=0.00, real=0.00 secs] 
19.448: [GC 19.448: [DefNew: 959K->64K(960K), 0.0049697 secs] 427830K->427600K(524224K), 0.0050641 secs] [Times: user=0.02 sys=0.00, real=0.01 secs] 
19.454: [GC 19.454: [DefNew: 960K->63K(960K), 0.0049731 secs] 428496K->428250K(524224K), 0.0050386 secs] [Times: user=0.00 sys=0.00, real=0.00 secs] 
19.461: [GC 19.461: [DefNew: 959K->63K(960K), 0.0048966 secs] 429146K->428895K(524224K), 0.0049774 secs] [Times: user=0.00 sys=0.00, real=0.01 secs] 
19.467: [GC 19.467: [DefNew: 959K->64K(960K), 0.0050227 secs] 429792K->429564K(524224K), 0.0050915 secs] [Times: user=0.00 sys=0.00, real=0.00 secs] 
19.474: [GC 19.474: [DefNew: 960K->63K(960K), 0.0048620 secs] 430461K->430170K(524224K), 0.0049250 secs] [Times: user=0.00 sys=0.00, real=0.01 secs] 
19.480: [GC 19.480: [DefNew: 959K->63K(960K), 0.0046305 secs] 431067K->430772K(524224K), 0.0046935 secs] [Times: user=0.02 sys=0.00, real=0.00 secs] 
19.487: [GC 19.487: [DefNew: 959K->63K(960K), 0.0046315 secs] 431668K->431369K(524224K), 0.0047022 secs] [Times: user=0.00 sys=0.00, real=0.00 secs] 
19.493: [GC 19.494: [DefNew: 959K->64K(960K), 0.0049842 secs] 432266K->431994K(524224K), 0.0050520 secs] [Times: user=0.02 sys=0.00, real=0.01 secs] 
19.500: [GC 19.500: [DefNew: 960K->64K(960K), 0.0048514 secs] 432892K->432615K(524224K), 0.0049231 secs] [Times: user=0.00 sys=0.00, real=0.00 secs] 
19.507: [GC 19.507: [DefNew: 960K->63K(960K), 0.0048649 secs] 433512K->433216K(524224K), 0.0049327 secs] [Times: user=0.00 sys=0.00, real=0.01 secs] 
19.513: [GC 19.513: [DefNew: 959K->63K(960K), 0.0050309 secs] 434112K->433891K(524224K), 0.0051054 secs] [Times: user=0.00 sys=0.00, real=0.00 secs] 
19.520: [GC 19.520: [DefNew: 959K->64K(960K), 0.0047335 secs] 434787K->434507K(524224K), 0.0048042 secs] [Times: user=0.00 sys=0.00, real=0.01 secs] 
19.526: [GC 19.526: [DefNew: 960K->64K(960K), 0.0049885 secs] 435403K->435134K(524224K), 0.0050593 secs] [Times: user=0.02 sys=0.00, real=0.01 secs] 
19.533: [GC 19.533: [DefNew: 960K->63K(960K), 0.0045858 secs] 436031K->435733K(524224K), 0.0046560 secs] [Times: user=0.00 sys=0.00, real=0.00 secs] 
19.539: [GC 19.539: [DefNew: 959K->63K(960K), 0.0046772 secs] 436629K->436314K(524224K), 0.0047455 secs] [Times: user=0.01 sys=0.00, real=0.01 secs] 
19.546: [GC 19.546: [DefNew: 959K->63K(960K), 0.0054288 secs] 437211K->436969K(524224K), 0.0054981 secs] [Times: user=0.00 sys=0.00, real=0.00 secs] 
19.553: [GC 19.554: [DefNew: 959K->64K(960K), 0.0051714 secs] 437866K->437598K(524224K), 0.0052402 secs] [Times: user=0.00 sys=0.00, real=0.00 secs] 
19.560: [GC 19.561: [DefNew: 960K->63K(960K), 0.0049168 secs] 438494K->438232K(524224K), 0.0049943 secs] [Times: user=0.00 sys=0.00, real=0.00 secs] 
19.567: [GC 19.567: [DefNew: 959K->63K(960K), 0.0048562 secs] 439128K->438853K(524224K), 0.0049240 secs] [Times: user=0.00 sys=0.00, real=0.00 secs] 
19.573: [GC 19.573: [DefNew: 959K->64K(960K), 0.0047267 secs] 439750K->439467K(524224K), 0.0047903 secs] [Times: user=0.02 sys=0.00, real=0.00 secs] 
19.580: [GC 19.580: [DefNew: 960K->64K(960K), 0.0047994 secs] 440365K->440102K(524224K), 0.0048668 secs] [Times: user=0.00 sys=0.00, real=0.00 secs] 
19.586: [GC 19.586: [DefNew: 960K->63K(960K), 0.0048605 secs] 440998K->440714K(524224K), 0.0049495 secs] [Times: user=0.01 sys=0.00, real=0.00 secs] 
19.593: [GC 19.593: [DefNew: 959K->63K(960K), 0.0047407 secs] 441611K->441332K(524224K), 0.0048158 secs] [Times: user=0.00 sys=0.00, real=0.00 secs] 
19.600: [GC 19.600: [DefNew: 959K->64K(960K), 0.0048889 secs] 442228K->441984K(524224K), 0.0049611 secs] [Times: user=0.00 sys=0.00, real=0.00 secs] 
19.607: [GC 19.607: [DefNew: 960K->63K(960K), 0.0051415 secs] 442880K->442626K(524224K), 0.0052132 secs] [Times: user=0.00 sys=0.00, real=0.01 secs] 
19.614: [GC 19.614: [DefNew: 959K->63K(960K), 0.0046421 secs] 443523K->443232K(524224K), 0.0047099 secs] [Times: user=0.00 sys=0.00, real=0.00 secs] 
19.620: [GC 19.620: [DefNew: 959K->64K(960K), 0.0050751 secs] 444129K->443887K(524224K), 0.0051449 secs] [Times: user=0.02 sys=0.00, real=0.01 secs] 
19.627: [GC 19.627: [DefNew: 960K->63K(960K), 0.0050063 secs] 444783K->444509K(524224K), 0.0050732 secs] [Times: user=0.00 sys=0.00, real=0.00 secs] 
19.633: [GC 19.633: [DefNew: 959K->64K(960K), 0.0047580 secs] 445405K->445152K(524224K), 0.0048215 secs] [Times: user=0.02 sys=0.00, real=0.01 secs] 
19.641: [GC 19.641: [DefNew: 960K->63K(960K), 0.0048374 secs] 446049K->445771K(524224K), 0.0049115 secs] [Times: user=0.00 sys=0.00, real=0.01 secs] 
19.647: [GC 19.648: [DefNew: 959K->64K(960K), 0.0048644 secs] 446668K->446433K(524224K), 0.0049317 secs] [Times: user=0.00 sys=0.00, real=0.01 secs] 
19.654: [GC 19.654: [DefNew: 960K->63K(960K), 0.0051531 secs] 447329K->447066K(524224K), 0.0052190 secs] [Times: user=0.00 sys=0.00, real=0.01 secs] 
19.660: [GC 19.661: [DefNew: 959K->64K(960K), 0.0047219 secs] 447963K->447684K(524224K), 0.0047835 secs] [Times: user=0.00 sys=0.00, real=0.01 secs] 
19.667: [GC 19.667: [DefNew: 960K->64K(960K), 0.0054524 secs] 448581K->448304K(524224K), 0.0055169 secs] [Times: user=0.02 sys=0.00, real=0.01 secs] 
19.675: [GC 19.675: [DefNew: 960K->63K(960K), 0.0048932 secs] 449200K->448933K(524224K), 0.0049596 secs] [Times: user=0.00 sys=0.00, real=0.01 secs] 
19.681: [GC 19.681: [DefNew: 959K->63K(960K), 0.0049659 secs] 449830K->449571K(524224K), 0.0050352 secs] [Times: user=0.02 sys=0.00, real=0.00 secs] 
19.688: [GC 19.688: [DefNew: 959K->63K(960K), 0.0049491 secs] 450467K->450211K(524224K), 0.0050150 secs] [Times: user=0.00 sys=0.00, real=0.00 secs] 
19.694: [GC 19.694: [DefNew: 959K->64K(960K), 0.0047778 secs] 451108K->450790K(524224K), 0.0048437 secs] [Times: user=0.00 sys=0.00, real=0.00 secs] 
19.702: [GC 19.702: [DefNew: 960K->63K(960K), 0.0047566 secs] 451687K->451410K(524224K), 0.0048393 secs] [Times: user=0.00 sys=0.00, real=0.00 secs] 
19.707: [GC 19.708: [DefNew: 959K->64K(960K), 0.0049274 secs] 452307K->452052K(524224K), 0.0049943 secs] [Times: user=0.00 sys=0.00, real=0.00 secs] 
19.714: [GC 19.714: [DefNew: 960K->63K(960K), 0.0048653 secs] 452949K->452681K(524224K), 0.0049313 secs] [Times: user=0.02 sys=0.00, real=0.00 secs] 
19.721: [GC 19.721: [DefNew: 959K->63K(960K), 0.0050520 secs] 453580K->453318K(524224K), 0.0051199 secs] [Times: user=0.00 sys=0.00, real=0.01 secs] 
19.727: [GC 19.727: [DefNew: 959K->63K(960K), 0.0053148 secs] 454215K->453952K(524224K), 0.0053836 secs] [Times: user=0.02 sys=0.00, real=0.00 secs] 
19.734: [GC 19.734: [DefNew: 959K->64K(960K), 0.0047879 secs] 454849K->454557K(524224K), 0.0048586 secs] [Times: user=0.00 sys=0.00, real=0.00 secs] 
19.740: [GC 19.740: [DefNew: 960K->63K(960K), 0.0053922 secs] 455455K->455204K(524224K), 0.0054635 secs] [Times: user=0.00 sys=0.00, real=0.00 secs] 
19.748: [GC 19.748: [DefNew: 959K->64K(960K), 0.0049187 secs] 456101K->455868K(524224K), 0.0049851 secs] [Times: user=0.00 sys=0.00, real=0.01 secs] 
19.754: [GC 19.754: [DefNew: 960K->64K(960K), 0.0050795 secs] 456765K->456518K(524224K), 0.0051502 secs] [Times: user=0.00 sys=0.00, real=0.00 secs] 
19.761: [GC 19.761: [DefNew: 960K->64K(960K), 0.0050617 secs] 457415K->457172K(524224K), 0.0051281 secs] [Times: user=0.02 sys=0.00, real=0.00 secs] 
19.768: [GC 19.768: [DefNew: 960K->64K(960K), 0.0048562 secs] 458068K->457798K(524224K), 0.0049221 secs] [Times: user=0.00 sys=0.00, real=0.00 secs] 
19.774: [GC 19.774: [DefNew: 960K->63K(960K), 0.0050386 secs] 458695K->458422K(524224K), 0.0051054 secs] [Times: user=0.01 sys=0.00, real=0.00 secs] 
19.781: [GC 19.781: [DefNew: 959K->63K(960K), 0.0047725 secs] 459319K->459038K(524224K), 0.0048365 secs] [Times: user=0.00 sys=0.00, real=0.00 secs] 
19.787: [GC 19.787: [DefNew: 959K->64K(960K), 0.0047229 secs] 459934K->459643K(524224K), 0.0047883 secs] [Times: user=0.00 sys=0.00, real=0.00 secs] 
19.794: [GC 19.794: [DefNew: 960K->63K(960K), 0.0050645 secs] 460541K->460298K(524224K), 0.0051300 secs] [Times: user=0.00 sys=0.00, real=0.00 secs] 
19.800: [GC 19.801: [DefNew: 959K->63K(960K), 0.0048095 secs] 461195K->460907K(524224K), 0.0048745 secs] [Times: user=0.00 sys=0.00, real=0.00 secs] 
19.807: [GC 19.807: [DefNew: 959K->64K(960K), 0.0051776 secs] 461803K->461528K(524224K), 0.0052522 secs] [Times: user=0.02 sys=0.00, real=0.00 secs] 
19.814: [GC 19.814: [DefNew: 960K->63K(960K), 0.0049471 secs] 462425K->462175K(524224K), 0.0050150 secs] [Times: user=0.00 sys=0.00, real=0.00 secs] 
19.820: [GC 19.820: [DefNew: 959K->63K(960K), 0.0047176 secs] 463072K->462806K(524224K), 0.0048846 secs] [Times: user=0.01 sys=0.00, real=0.00 secs] 
19.828: [GC 19.828: [DefNew: 959K->63K(960K), 0.0050313 secs] 463702K->463453K(524224K), 0.0050992 secs] [Times: user=0.00 sys=0.00, real=0.01 secs] 
19.834: [GC 19.834: [DefNew: 959K->64K(960K), 0.0050212 secs] 464349K->464094K(524224K), 0.0050828 secs] [Times: user=0.00 sys=0.00, real=0.01 secs] 
19.842: [GC 19.842: [DefNew: 960K->63K(960K), 0.0052893 secs] 464990K->464744K(524224K), 0.0053590 secs] [Times: user=0.00 sys=0.00, real=0.01 secs] 
19.848: [GC 19.848: [DefNew: 959K->64K(960K), 0.0046238 secs] 465641K->465363K(524224K), 0.0046858 secs] [Times: user=0.00 sys=0.00, real=0.01 secs] 
19.855: [GC 19.855: [DefNew: 960K->64K(960K), 0.0049048 secs] 466260K->466017K(524224K), 0.0049649 secs] [Times: user=0.02 sys=0.00, real=0.00 secs] 
19.861: [GC 19.862: [DefNew: 960K->63K(960K), 0.0051199 secs] 466915K->466624K(524224K), 0.0051848 secs] [Times: user=0.00 sys=0.00, real=0.01 secs] 
19.868: [GC 19.868: [DefNew: 959K->63K(960K), 0.0050544 secs] 467521K->467268K(524224K), 0.0051184 secs] [Times: user=0.02 sys=0.00, real=0.01 secs] 
19.875: [GC 19.875: [DefNew: 959K->63K(960K), 0.0049673 secs] 468165K->467885K(524224K), 0.0050304 secs] [Times: user=0.00 sys=0.00, real=0.01 secs] 
19.881: [GC 19.881: [DefNew: 959K->63K(960K), 0.0049577 secs] 468782K->468525K(524224K), 0.0050208 secs] [Times: user=0.00 sys=0.00, real=0.01 secs] 
19.888: [GC 19.888: [DefNew: 959K->64K(960K), 0.0052075 secs] 469421K->469160K(524224K), 0.0052739 secs] [Times: user=0.00 sys=0.00, real=0.00 secs] 
19.895: [GC 19.896: [DefNew: 960K->64K(960K), 0.0050020 secs] 470057K->469832K(524224K), 0.0050703 secs] [Times: user=0.00 sys=0.00, real=0.00 secs] 
19.902: [GC 19.902: [DefNew: 960K->63K(960K), 0.0054331 secs] 470729K->470477K(524224K), 0.0055015 secs] [Times: user=0.02 sys=0.00, real=0.00 secs] 
19.910: [GC 19.910: [DefNew: 959K->63K(960K), 0.0047917 secs] 471373K->471100K(524224K), 0.0048562 secs] [Times: user=0.00 sys=0.00, real=0.00 secs] 
19.916: [GC 19.916: [DefNew: 959K->63K(960K), 0.0052219 secs] 471996K->471776K(524224K), 0.0052849 secs] [Times: user=0.02 sys=0.00, real=0.01 secs] 
19.923: [GC 19.923: [DefNew: 959K->64K(960K), 0.0054129 secs] 472673K->472408K(524224K), 0.0054808 secs] [Times: user=0.00 sys=0.00, real=0.00 secs] 
19.930: [GC 19.930: [DefNew: 960K->64K(960K), 0.0052965 secs] 473305K->473070K(524224K), 0.0053638 secs] [Times: user=0.02 sys=0.00, real=0.01 secs] 
19.938: [GC 19.938: [DefNew: 960K->63K(960K), 0.0050694 secs] 473966K->473721K(524224K), 0.0051449 secs] [Times: user=0.00 sys=0.00, real=0.00 secs] 
19.945: [GC 19.945: [DefNew: 959K->64K(960K), 0.0048899 secs] 474618K->474365K(524224K), 0.0049582 secs] [Times: user=0.02 sys=0.00, real=0.00 secs] 
19.951: [GC 19.951: [DefNew: 960K->63K(960K), 0.0050843 secs] 475261K->475016K(524224K), 0.0051536 secs] [Times: user=0.00 sys=0.00, real=0.00 secs] 
19.957: [GC 19.957: [DefNew: 959K->64K(960K), 0.0048182 secs] 475914K->475639K(524224K), 0.0048798 secs] [Times: user=0.00 sys=0.00, real=0.00 secs] 
19.964: [GC 19.964: [DefNew: 960K->63K(960K), 0.0051868 secs] 476536K->476268K(524224K), 0.0052522 secs] [Times: user=0.02 sys=0.00, real=0.00 secs] 
19.971: [GC 19.971: [DefNew: 959K->64K(960K), 0.0049856 secs] 477165K->476909K(524224K), 0.0050501 secs] [Times: user=0.00 sys=0.00, real=0.01 secs] 
19.977: [GC 19.977: [DefNew: 960K->63K(960K), 0.0051059 secs] 477805K->477556K(524224K), 0.0051680 secs] [Times: user=0.01 sys=0.00, real=0.00 secs] 
19.984: [GC 19.984: [DefNew: 959K->64K(960K), 0.0053383 secs] 478452K->478186K(524224K), 0.0416640 secs] [Times: user=0.00 sys=0.00, real=0.04 secs] 
20.027: [GC 20.027: [DefNew: 960K->63K(960K), 0.0051882 secs] 479082K->478870K(524224K), 0.0052532 secs] [Times: user=0.00 sys=0.00, real=0.00 secs] 
20.034: [GC 20.035: [DefNew: 959K->63K(960K), 0.0054654 secs] 479766K->479517K(524224K), 0.0055453 secs] [Times: user=0.00 sys=0.00, real=0.00 secs] 
20.042: [GC 20.042: [DefNew: 959K->63K(960K), 0.0051747 secs] 480414K->480136K(524224K), 0.0052421 secs] [Times: user=0.02 sys=0.00, real=0.01 secs] 
20.048: [GC 20.048: [DefNew: 959K->63K(960K), 0.0051242 secs] 481034K->480764K(524224K), 0.0051877 secs] [Times: user=0.00 sys=0.00, real=0.01 secs] 
20.055: [GC 20.055: [DefNew: 959K->63K(960K), 0.0056617 secs] 481661K->481387K(524224K), 0.0057315 secs] [Times: user=0.01 sys=0.00, real=0.01 secs] 
20.062: [GC 20.062: [DefNew: 959K->64K(960K), 0.0052859 secs] 482284K->482049K(524224K), 0.0053552 secs] [Times: user=0.00 sys=0.00, real=0.01 secs] 
20.070: [GC 20.070: [DefNew: 960K->64K(960K), 0.0051386 secs] 482946K->482672K(524224K), 0.0052017 secs] [Times: user=0.02 sys=0.00, real=0.00 secs] 
20.076: [GC 20.076: [DefNew: 960K->64K(960K), 0.0052917 secs] 483568K->483301K(524224K), 0.0053590 secs] [Times: user=0.00 sys=0.00, real=0.00 secs] 
20.083: [GC 20.083: [DefNew: 960K->63K(960K), 0.0051555 secs] 484198K->483911K(524224K), 0.0052180 secs] [Times: user=0.00 sys=0.00, real=0.00 secs] 
20.090: [GC 20.090: [DefNew: 959K->64K(960K), 0.0055602 secs] 484808K->484509K(524224K), 0.0056396 secs] [Times: user=0.02 sys=0.00, real=0.01 secs] 
20.097: [GC 20.097: [DefNew: 960K->64K(960K), 0.0053268 secs] 485406K->485182K(524224K), 0.0053927 secs] [Times: user=0.00 sys=0.00, real=0.01 secs] 
20.105: [GC 20.105: [DefNew: 960K->64K(960K), 0.0052844 secs] 486078K->485781K(524224K), 0.0053489 secs] [Times: user=0.00 sys=0.00, real=0.01 secs] 
20.112: [GC 20.112: [DefNew: 960K->64K(960K), 0.0049346 secs] 486678K->486402K(524224K), 0.0050010 secs] [Times: user=0.00 sys=0.00, real=0.01 secs] 
20.118: [GC 20.118: [DefNew: 960K->63K(960K), 0.0051107 secs] 487299K->486997K(524224K), 0.0051810 secs] [Times: user=0.02 sys=0.00, real=0.01 secs] 
20.125: [GC 20.125: [DefNew: 959K->64K(960K), 0.0051324 secs] 487894K->487628K(524224K), 0.0051974 secs] [Times: user=0.00 sys=0.00, real=0.01 secs] 
20.131: [GC 20.131: [DefNew: 960K->63K(960K), 0.0050294 secs] 488525K->488264K(524224K), 0.0050949 secs] [Times: user=0.00 sys=0.00, real=0.01 secs] 
20.138: [GC 20.138: [DefNew: 959K->64K(960K), 0.0050867 secs] 489161K->488910K(524224K), 0.0051584 secs] [Times: user=0.00 sys=0.00, real=0.01 secs] 
20.145: [GC 20.145: [DefNew: 960K->64K(960K), 0.0050636 secs] 489807K->489586K(524224K), 0.0051358 secs] [Times: user=0.00 sys=0.00, real=0.00 secs] 
20.151: [GC 20.152: [DefNew: 960K->64K(960K), 0.0051872 secs] 490483K->490216K(524224K), 0.0052522 secs] [Times: user=0.02 sys=0.00, real=0.01 secs] 
20.158: [GC 20.158: [DefNew: 960K->64K(960K), 0.0054716 secs] 491113K->490879K(524224K), 0.0055371 secs] [Times: user=0.00 sys=0.00, real=0.00 secs] 
20.166: [GC 20.166: [DefNew: 960K->63K(960K), 0.0058094 secs] 491776K->491547K(524224K), 0.0058903 secs] [Times: user=0.01 sys=0.00, real=0.01 secs] 
20.175: [GC 20.175: [DefNew: 959K->63K(960K), 0.0054952 secs] 492443K->492243K(524224K), 0.0055703 secs] [Times: user=0.00 sys=0.00, real=0.01 secs] 
20.182: [GC 20.182: [DefNew: 959K->63K(960K), 0.0058508 secs] 493140K->493044K(524224K), 0.0059206 secs] [Times: user=0.02 sys=0.00, real=0.01 secs] 
20.190: [GC 20.190: [DefNew: 959K->63K(960K), 0.0054803 secs] 493940K->493726K(524224K), 0.0055544 secs] [Times: user=0.00 sys=0.00, real=0.01 secs] 
20.197: [GC 20.197: [DefNew: 959K->64K(960K), 0.0049274 secs] 494622K->494338K(524224K), 0.0049924 secs] [Times: user=0.02 sys=0.00, real=0.01 secs] 
20.203: [GC 20.204: [DefNew: 960K->63K(960K), 0.0052248 secs] 495235K->494995K(524224K), 0.0052941 secs] [Times: user=0.00 sys=0.00, real=0.01 secs] 
20.210: [GC 20.210: [DefNew: 959K->63K(960K), 0.0052671 secs] 495891K->495647K(524224K), 0.0053306 secs] [Times: user=0.01 sys=0.00, real=0.01 secs] 
20.217: [GC 20.217: [DefNew: 959K->64K(960K), 0.0051358 secs] 496544K->496285K(524224K), 0.0052031 secs] [Times: user=0.00 sys=0.00, real=0.01 secs] 
20.223: [GC 20.223: [DefNew: 960K->64K(960K), 0.0049832 secs] 497182K->496902K(524224K), 0.0050588 secs] [Times: user=0.00 sys=0.00, real=0.01 secs] 
20.230: [GC 20.230: [DefNew: 960K->63K(960K), 0.0051136 secs] 497798K->497578K(524224K), 0.0051781 secs] [Times: user=0.00 sys=0.00, real=0.00 secs] 
20.236: [GC 20.236: [DefNew: 959K->63K(960K), 0.0053922 secs] 498474K->498219K(524224K), 0.0054620 secs] [Times: user=0.00 sys=0.00, real=0.01 secs] 
20.244: [GC 20.244: [DefNew: 959K->63K(960K), 0.0055640 secs] 499116K->498907K(524224K), 0.0056372 secs] [Times: user=0.02 sys=0.00, real=0.01 secs] 
20.251: [GC 20.252: [DefNew: 959K->64K(960K), 0.0052185 secs] 499803K->499521K(524224K), 0.0053066 secs] [Times: user=0.00 sys=0.00, real=0.00 secs] 
20.258: [GC 20.258: [DefNew: 960K->64K(960K), 0.0055015 secs] 500418K->500186K(524224K), 0.0055722 secs] [Times: user=0.01 sys=0.00, real=0.01 secs] 
20.266: [GC 20.266: [DefNew: 960K->64K(960K), 0.0052527 secs] 501082K->500824K(524224K), 0.0053210 secs] [Times: user=0.00 sys=0.00, real=0.01 secs] 
20.272: [GC 20.272: [DefNew: 960K->63K(960K), 0.0051983 secs] 501721K->501479K(524224K), 0.0052657 secs] [Times: user=0.02 sys=0.00, real=0.01 secs] 
20.279: [GC 20.279: [DefNew: 959K->63K(960K), 0.0051290 secs] 502375K->502111K(524224K), 0.0052012 secs] [Times: user=0.00 sys=0.00, real=0.01 secs] 
20.285: [GC 20.285: [DefNew: 959K->64K(960K), 0.0052609 secs] 503008K->502763K(524224K), 0.0053302 secs] [Times: user=0.00 sys=0.00, real=0.01 secs] 
20.292: [GC 20.292: [DefNew: 960K->63K(960K), 0.0053773 secs] 503661K->503438K(524224K), 0.0054442 secs] [Times: user=0.02 sys=0.00, real=0.01 secs] 
20.300: [GC 20.300: [DefNew: 959K->64K(960K), 0.0050977 secs] 504335K->504082K(524224K), 0.0051656 secs] [Times: user=0.00 sys=0.00, real=0.01 secs] 
20.306: [GC 20.306: [DefNew: 960K->63K(960K), 0.0070490 secs] 504978K->504777K(524224K), 0.0071212 secs] [Times: user=0.01 sys=0.00, real=0.01 secs] 
20.315: [GC 20.315: [DefNew: 959K->63K(960K), 0.0057204 secs] 505673K->505449K(524224K), 0.0058017 secs] [Times: user=0.00 sys=0.00, real=0.01 secs] 
20.322: [GC 20.323: [DefNew: 959K->63K(960K), 0.0055991 secs] 506346K->506146K(524224K), 0.0056901 secs] [Times: user=0.02 sys=0.00, real=0.01 secs] 
20.330: [GC 20.330: [DefNew: 959K->64K(960K), 0.0056506 secs] 507043K->506810K(524224K), 0.0057344 secs] [Times: user=0.00 sys=0.00, real=0.01 secs] 
20.338: [GC 20.338: [DefNew: 960K->63K(960K), 0.0052883 secs] 507707K->507473K(524224K), 0.0053696 secs] [Times: user=0.01 sys=0.00, real=0.01 secs] 
20.345: [GC 20.345: [DefNew: 959K->63K(960K), 0.0060240 secs] 508369K->508200K(524224K), 0.0060977 secs] [Times: user=0.00 sys=0.00, real=0.01 secs] 
20.353: [GC 20.353: [DefNew: 959K->63K(960K), 0.0057440 secs] 509096K->508864K(524224K), 0.0058301 secs] [Times: user=0.02 sys=0.00, real=0.01 secs] 
20.360: [GC 20.361: [DefNew: 959K->64K(960K), 0.0058316 secs] 509761K->509563K(524224K), 0.0059023 secs] [Times: user=0.00 sys=0.00, real=0.01 secs] 
20.368: [GC 20.368: [DefNew: 960K->63K(960K), 0.0058056 secs] 510459K->510225K(524224K), 0.0058763 secs] [Times: user=0.02 sys=0.00, real=0.01 secs] 
20.376: [GC 20.376: [DefNew: 959K->63K(960K), 0.0053552 secs] 511121K->510894K(524224K), 0.0054389 secs] [Times: user=0.00 sys=0.00, real=0.00 secs] 
20.383: [GC 20.383: [DefNew: 959K->63K(960K), 0.0054408 secs] 511790K->511531K(524224K), 0.0055250 secs] [Times: user=0.01 sys=0.00, real=0.01 secs] 
20.390: [GC 20.390: [DefNew: 959K->63K(960K), 0.0066087 secs] 512428K->512208K(524224K), 0.0066818 secs] [Times: user=0.00 sys=0.00, real=0.01 secs] 
20.399: [GC 20.399: [DefNew: 959K->63K(960K), 0.0055477 secs] 513105K->512866K(524224K), 0.0056343 secs] [Times: user=0.02 sys=0.00, real=0.00 secs] 
20.407: [GC 20.407: [DefNew: 959K->64K(960K), 0.0051771 secs] 513763K->513523K(524224K), 0.0052450 secs] [Times: user=0.00 sys=0.00, real=0.01 secs] 
20.414: [GC 20.415: [DefNew: 960K->63K(960K), 0.0053903 secs] 514419K->514233K(524224K), 0.0054736 secs] [Times: user=0.01 sys=0.00, real=0.01 secs] 
20.422: [GC 20.422: [DefNew: 959K->63K(960K), 0.0058287 secs] 515129K->514943K(524224K), 0.0059187 secs] [Times: user=0.00 sys=0.00, real=0.01 secs] 
20.430: [GC 20.430: [DefNew: 959K->64K(960K), 0.0061371 secs] 515839K->515727K(524224K), 0.0062093 secs] [Times: user=0.02 sys=0.00, real=0.01 secs] 
20.438: [GC 20.438: [DefNew: 960K->64K(960K), 0.0056251 secs] 516625K->516388K(524224K), 0.0056968 secs] [Times: user=0.00 sys=0.00, real=0.01 secs] 
20.446: [GC 20.446: [DefNew: 960K->64K(960K), 0.0056376 secs] 517285K->517078K(524224K), 0.0057286 secs] [Times: user=0.02 sys=0.00, real=0.01 secs] 
20.453: [GC 20.453: [DefNew: 960K->63K(960K), 0.0051940 secs] 517975K->517712K(524224K), 0.0052671 secs] [Times: user=0.00 sys=0.00, real=0.01 secs] 
20.460: [GC 20.460: [DefNew: 959K->64K(960K), 0.0053124 secs] 518609K->518381K(524224K), 0.0053913 secs] [Times: user=0.01 sys=0.00, real=0.01 secs] 
20.467: [GC 20.467: [DefNew: 960K->63K(960K), 0.0052344 secs] 519278K->519017K(524224K), 0.0053104 secs] [Times: user=0.00 sys=0.00, real=0.00 secs] 
20.475: [GC 20.475: [DefNew: 959K->63K(960K), 0.0051632 secs] 519913K->519660K(524224K), 0.0052445 secs] [Times: user=0.00 sys=0.00, real=0.00 secs] 
20.487: [GC 20.487: [DefNew: 959K->63K(960K), 0.0050963 secs] 520558K->520000K(524224K), 0.0051680 secs] [Times: user=0.00 sys=0.00, real=0.01 secs] 
20.494: [GC 20.494: [DefNew: 959K->64K(960K), 0.0036845 secs] 520896K->520534K(524224K), 0.0037600 secs] [Times: user=0.02 sys=0.00, real=0.00 secs] 
20.500: [GC 20.500: [DefNew: 960K->64K(960K), 0.0037581 secs] 521432K->521113K(524224K), 0.0038298 secs] [Times: user=0.00 sys=0.00, real=0.00 secs] 
20.505: [GC 20.505: [DefNew: 960K->64K(960K), 0.0036869 secs] 522010K->521666K(524224K), 0.0037533 secs] [Times: user=0.00 sys=0.00, real=0.00 secs] 
20.510: [GC 20.510: [DefNew: 960K->64K(960K), 0.0039285 secs] 522564K->522152K(524224K), 0.0040314 secs] [Times: user=0.01 sys=0.00, real=0.00 secs] 
20.516: [GC 20.516: [DefNew: 960K->64K(960K), 0.0038625 secs] 523050K->522744K(524224K), 0.0039337 secs] [Times: user=0.00 sys=0.00, real=0.00 secs] 
20.522: [GC 20.522: [DefNew: 960K->960K(960K), 0.0000082 secs]20.522: [Tenured: 522680K->12061K(523264K), 0.1721353 secs] 523640K->12061K(524224K), [Perm : 373K->373K(12288K)], 0.1722479 secs] [Times: user=0.16 sys=0.00, real=0.17 secs] 
20.695: [GC 20.695: [DefNew: 896K->63K(960K), 0.0013343 secs] 12958K->12632K(524224K), 0.0013834 secs] [Times: user=0.00 sys=0.00, real=0.00 secs] 
20.698: [GC 20.698: [DefNew: 959K->63K(960K), 0.0019349 secs] 13528K->13143K(524224K), 0.0019960 secs] [Times: user=0.02 sys=0.00, real=0.00 secs] 
20.701: [GC 20.701: [DefNew: 959K->63K(960K), 0.0020710 secs] 14040K->13710K(524224K), 0.0021312 secs] [Times: user=0.00 sys=0.00, real=0.00 secs] 
20.705: [GC 20.705: [DefNew: 959K->64K(960K), 0.0019642 secs] 14608K->14235K(524224K), 0.0020234 secs] [Times: user=0.00 sys=0.00, real=0.00 secs] 
20.708: [GC 20.708: [DefNew: 960K->63K(960K), 0.0019127 secs] 15132K->14737K(524224K), 0.0019729 secs] [Times: user=0.00 sys=0.00, real=0.00 secs] 
20.712: [GC 20.712: [DefNew: 959K->64K(960K), 0.0019945 secs] 15634K->15288K(524224K), 0.0020508 secs] [Times: user=0.02 sys=0.00, real=0.00 secs] 
20.715: [GC 20.716: [DefNew: 960K->64K(960K), 0.0017857 secs] 16186K->15803K(524224K), 0.0018391 secs] [Times: user=0.00 sys=0.00, real=0.00 secs] 
20.719: [GC 20.719: [DefNew: 960K->63K(960K), 0.0018843 secs] 16700K->16323K(524224K), 0.0019426 secs] [Times: user=0.00 sys=0.00, real=0.00 secs] 
20.723: [GC 20.723: [DefNew: 959K->64K(960K), 0.0018993 secs] 17219K->16861K(524224K), 0.0019618 secs] [Times: user=0.00 sys=0.00, real=0.00 secs] 
20.726: [GC 20.726: [DefNew: 960K->64K(960K), 0.0018776 secs] 17758K->17378K(524224K), 0.0019315 secs] [Times: user=0.00 sys=0.00, real=0.00 secs] 
20.730: [GC 20.730: [DefNew: 960K->63K(960K), 0.0021764 secs] 18275K->17934K(524224K), 0.0022380 secs] [Times: user=0.00 sys=0.00, real=0.00 secs] 
20.733: [GC 20.734: [DefNew: 959K->64K(960K), 0.0019498 secs] 18831K->18442K(524224K), 0.0020061 secs] [Times: user=0.00 sys=0.00, real=0.00 secs] 
20.737: [GC 20.737: [DefNew: 960K->64K(960K), 0.0020744 secs] 19340K->18990K(524224K), 0.0021394 secs] [Times: user=0.00 sys=0.00, real=0.00 secs] 
20.741: [GC 20.741: [DefNew: 960K->63K(960K), 0.0031961 secs] 19887K->19551K(524224K), 0.0032697 secs] [Times: user=0.00 sys=0.00, real=0.00 secs] 
20.745: [GC 20.745: [DefNew: 959K->63K(960K), 0.0021889 secs] 20448K->20054K(524224K), 0.0022712 secs] [Times: user=0.00 sys=0.00, real=0.00 secs] 
20.749: [GC 20.749: [DefNew: 959K->63K(960K), 0.0023930 secs] 20951K->20655K(524224K), 0.0024560 secs] [Times: user=0.00 sys=0.00, real=0.00 secs] 
20.752: [GC 20.752: [DefNew: 959K->63K(960K), 0.0020032 secs] 21552K->21146K(524224K), 0.0020648 secs] [Times: user=0.00 sys=0.00, real=0.00 secs] 
20.756: [GC 20.756: [DefNew: 959K->63K(960K), 0.0027043 secs] 22043K->21675K(524224K), 0.0027900 secs] [Times: user=0.00 sys=0.00, real=0.00 secs] 
20.761: [GC 20.761: [DefNew: 959K->63K(960K), 0.0028674 secs] 22572K->22184K(524224K), 0.0029386 secs] [Times: user=0.00 sys=0.00, real=0.00 secs] 
20.766: [GC 20.766: [DefNew: 959K->63K(960K), 0.0023545 secs] 23081K->22808K(524224K), 0.0024204 secs] [Times: user=0.00 sys=0.00, real=0.00 secs] 
20.770: [GC 20.770: [DefNew: 959K->63K(960K), 0.0023025 secs] 23705K->23360K(524224K), 0.0023805 secs] [Times: user=0.00 sys=0.00, real=0.00 secs] 
20.774: [GC 20.774: [DefNew: 959K->64K(960K), 0.0023270 secs] 24257K->23989K(524224K), 0.0024050 secs] [Times: user=0.00 sys=0.00, real=0.00 secs] 
20.778: [GC 20.779: [DefNew: 960K->63K(960K), 0.0026408 secs] 24887K->24624K(524224K), 0.0027365 secs] [Times: user=0.00 sys=0.00, real=0.00 secs] 
20.783: [GC 20.783: [DefNew: 959K->63K(960K), 0.0021129 secs] 25522K->25149K(524224K), 0.0021707 secs] [Times: user=0.00 sys=0.00, real=0.00 secs] 
20.787: [GC 20.787: [DefNew: 959K->63K(960K), 0.0021023 secs] 26046K->25742K(524224K), 0.0021740 secs] [Times: user=0.00 sys=0.00, real=0.00 secs] 
20.790: [GC 20.790: [DefNew: 959K->64K(960K), 0.0023136 secs] 26639K->26365K(524224K), 0.0023886 secs] [Times: user=0.02 sys=0.00, real=0.00 secs] 
20.795: [GC 20.795: [DefNew: 960K->64K(960K), 0.0022428 secs] 27263K->26927K(524224K), 0.0023126 secs] [Times: user=0.00 sys=0.00, real=0.00 secs] 
20.798: [GC 20.798: [DefNew: 960K->64K(960K), 0.0021389 secs] 27824K->27519K(524224K), 0.0021966 secs] [Times: user=0.00 sys=0.00, real=0.00 secs] 
20.802: [GC 20.802: [DefNew: 960K->64K(960K), 0.0023848 secs] 28416K->28103K(524224K), 0.0024618 secs] [Times: user=0.00 sys=0.00, real=0.00 secs] 
20.806: [GC 20.806: [DefNew: 960K->64K(960K), 0.0028044 secs] 29000K->28743K(524224K), 0.0028929 secs] [Times: user=0.02 sys=0.00, real=0.00 secs] 
20.811: [GC 20.811: [DefNew: 960K->64K(960K), 0.0029098 secs] 29640K->29323K(524224K), 0.0029786 secs] [Times: user=0.00 sys=0.00, real=0.00 secs] 
20.816: [GC 20.816: [DefNew: 960K->63K(960K), 0.0028554 secs] 30220K->30072K(524224K), 0.0029237 secs] [Times: user=0.00 sys=0.00, real=0.00 secs] 
20.820: [GC 20.820: [DefNew: 959K->64K(960K), 0.0027976 secs] 30969K->30677K(524224K), 0.0028790 secs] [Times: user=0.02 sys=0.00, real=0.00 secs] 
20.825: [GC 20.825: [DefNew: 960K->63K(960K), 0.0024834 secs] 31575K->31256K(524224K), 0.0025744 secs] [Times: user=0.00 sys=0.00, real=0.00 secs] 
20.829: [GC 20.830: [DefNew: 959K->63K(960K), 0.0027635 secs] 32154K->31894K(524224K), 0.0028434 secs] [Times: user=0.00 sys=0.00, real=0.00 secs] 
20.834: [GC 20.834: [DefNew: 959K->64K(960K), 0.0026278 secs] 32791K->32504K(524224K), 0.0027033 secs] [Times: user=0.00 sys=0.00, real=0.00 secs] 
20.838: [GC 20.839: [DefNew: 960K->63K(960K), 0.0026259 secs] 33400K->33126K(524224K), 0.0027269 secs] [Times: user=0.02 sys=0.00, real=0.00 secs] 
20.843: [GC 20.843: [DefNew: 959K->63K(960K), 0.0027024 secs] 34022K->33697K(524224K), 0.0027794 secs] [Times: user=0.00 sys=0.00, real=0.00 secs] 
20.848: [GC 20.848: [DefNew: 959K->64K(960K), 0.0033505 secs] 34594K->34515K(524224K), 0.0034516 secs] [Times: user=0.00 sys=0.00, real=0.00 secs] 
20.853: [GC 20.853: [DefNew: 960K->64K(960K), 0.0029998 secs] 35411K->35154K(524224K), 0.0030917 secs] [Times: user=0.02 sys=0.00, real=0.00 secs] 
20.858: [GC 20.858: [DefNew: 960K->63K(960K), 0.0025532 secs] 36050K->35755K(524224K), 0.0026379 secs] [Times: user=0.00 sys=0.00, real=0.00 secs] 
20.862: [GC 20.863: [DefNew: 959K->63K(960K), 0.0025922 secs] 36651K->36370K(524224K), 0.0027255 secs] [Times: user=0.00 sys=0.00, real=0.00 secs] 
20.867: [GC 20.867: [DefNew: 959K->63K(960K), 0.0022154 secs] 37266K->36927K(524224K), 0.0022910 secs] [Times: user=0.00 sys=0.00, real=0.00 secs] 
20.871: [GC 20.871: [DefNew: 959K->64K(960K), 0.0025787 secs] 37824K->37525K(524224K), 0.0026504 secs] [Times: user=0.00 sys=0.00, real=0.00 secs] 
20.875: [GC 20.875: [DefNew: 960K->64K(960K), 0.0022130 secs] 38421K->38039K(524224K), 0.0022751 secs] [Times: user=0.00 sys=0.00, real=0.00 secs] 
20.878: [GC 20.878: [DefNew: 960K->63K(960K), 0.0032971 secs] 38936K->38657K(524224K), 0.0033712 secs] [Times: user=0.00 sys=0.00, real=0.00 secs] 
20.883: [GC 20.883: [DefNew: 959K->64K(960K), 0.0022871 secs] 39554K->39156K(524224K), 0.0023569 secs] [Times: user=0.01 sys=0.00, real=0.00 secs] 
20.887: [GC 20.887: [DefNew: 960K->63K(960K), 0.0023583 secs] 40054K->39745K(524224K), 0.0024348 secs] [Times: user=0.00 sys=0.00, real=0.00 secs] 
20.891: [GC 20.891: [DefNew: 959K->64K(960K), 0.0036489 secs] 40642K->40397K(524224K), 0.0037432 secs] [Times: user=0.00 sys=0.00, real=0.00 secs] 
20.897: [GC 20.897: [DefNew: 960K->63K(960K), 0.0026288 secs] 41294K->40997K(524224K), 0.0027490 secs] [Times: user=0.00 sys=0.00, real=0.00 secs] 
20.902: [GC 20.902: [DefNew: 959K->63K(960K), 0.0023304 secs] 41894K->41573K(524224K), 0.0023925 secs] [Times: user=0.00 sys=0.00, real=0.00 secs] 
20.906: [GC 20.906: [DefNew: 959K->63K(960K), 0.0024627 secs] 42470K->42202K(524224K), 0.0025306 secs] [Times: user=0.00 sys=0.00, real=0.00 secs] 
20.911: [GC 20.911: [DefNew: 959K->64K(960K), 0.0023983 secs] 43098K->42787K(524224K), 0.0024709 secs] [Times: user=0.00 sys=0.00, real=0.00 secs] 
20.915: [GC 20.916: [DefNew: 960K->63K(960K), 0.0026235 secs] 43684K->43401K(524224K), 0.0027067 secs] [Times: user=0.02 sys=0.00, real=0.00 secs] 
20.920: [GC 20.920: [DefNew: 959K->63K(960K), 0.0024372 secs] 44298K->43953K(524224K), 0.0025503 secs] [Times: user=0.00 sys=0.00, real=0.00 secs] 
20.924: [GC 20.925: [DefNew: 959K->64K(960K), 0.0032832 secs] 44850K->44497K(524224K), 0.0033664 secs] [Times: user=0.00 sys=0.00, real=0.00 secs] 
20.929: [GC 20.929: [DefNew: 960K->64K(960K), 0.0030190 secs] 45393K->45149K(524224K), 0.0030945 secs] [Times: user=0.01 sys=0.00, real=0.00 secs] 
20.934: [GC 20.934: [DefNew: 960K->64K(960K), 0.0025224 secs] 46046K->45752K(524224K), 0.0026004 secs] [Times: user=0.00 sys=0.00, real=0.00 secs] 
20.939: [GC 20.939: [DefNew: 960K->63K(960K), 0.0024031 secs] 46649K->46353K(524224K), 0.0024791 secs] [Times: user=0.00 sys=0.00, real=0.00 secs] 
20.943: [GC 20.943: [DefNew: 959K->63K(960K), 0.0025879 secs] 47251K->46892K(524224K), 0.0026571 secs] [Times: user=0.00 sys=0.00, real=0.00 secs] 
20.948: [GC 20.948: [DefNew: 959K->64K(960K), 0.0024267 secs] 47789K->47526K(524224K), 0.0025032 secs] [Times: user=0.02 sys=0.00, real=0.00 secs] 
20.952: [GC 20.952: [DefNew: 960K->63K(960K), 0.0024878 secs] 48422K->48119K(524224K), 0.0025614 secs] [Times: user=0.00 sys=0.00, real=0.00 secs] 
20.957: [GC 20.957: [DefNew: 959K->63K(960K), 0.0024180 secs] 49016K->48665K(524224K), 0.0024834 secs] [Times: user=0.00 sys=0.00, real=0.00 secs] 
20.961: [GC 20.962: [DefNew: 959K->64K(960K), 0.0025296 secs] 49562K->49307K(524224K), 0.0026052 secs] [Times: user=0.02 sys=0.00, real=0.00 secs] 
20.966: [GC 20.966: [DefNew: 960K->63K(960K), 0.0022953 secs] 50205K->49828K(524224K), 0.0023684 secs] [Times: user=0.00 sys=0.00, real=0.00 secs] 
20.970: [GC 20.970: [DefNew: 959K->63K(960K), 0.0021793 secs] 50725K->50360K(524224K), 0.0022539 secs] [Times: user=0.00 sys=0.00, real=0.00 secs] 
20.974: [GC 20.974: [DefNew: 959K->64K(960K), 0.0023627 secs] 51256K->50980K(524224K), 0.0024387 secs] [Times: user=0.00 sys=0.00, real=0.00 secs] 
20.979: [GC 20.979: [DefNew: 960K->63K(960K), 0.0026576 secs] 51877K->51565K(524224K), 0.0027255 secs] [Times: user=0.02 sys=0.00, real=0.00 secs] 
20.984: [GC 20.984: [DefNew: 959K->64K(960K), 0.0029305 secs] 52461K->52188K(524224K), 0.0030127 secs] [Times: user=0.00 sys=0.00, real=0.00 secs] 
20.988: [GC 20.988: [DefNew: 960K->64K(960K), 0.0027197 secs] 53085K->52745K(524224K), 0.0027938 secs] [Times: user=0.00 sys=0.00, real=0.00 secs] 
20.992: [GC 20.992: [DefNew: 960K->64K(960K), 0.0036465 secs] 53641K->53302K(524224K), 0.0037899 secs] [Times: user=0.02 sys=0.00, real=0.00 secs] 
20.999: [GC 20.999: [DefNew: 960K->64K(960K), 0.0042172 secs] 54199K->53924K(524224K), 0.0042932 secs] [Times: user=0.00 sys=0.00, real=0.00 secs] 
21.005: [GC 21.006: [DefNew: 960K->63K(960K), 0.0028342 secs] 54821K->54516K(524224K), 0.0029069 secs] [Times: user=0.00 sys=0.00, real=0.00 secs] 
21.012: [GC 21.012: [DefNew: 959K->64K(960K), 0.0029998 secs] 55412K->55105K(524224K), 0.0030724 secs] [Times: user=0.00 sys=0.00, real=0.00 secs] 
21.017: [GC 21.017: [DefNew: 960K->63K(960K), 0.0026567 secs] 56003K->55660K(524224K), 0.0027240 secs] [Times: user=0.00 sys=0.00, real=0.00 secs] 
21.021: [GC 21.021: [DefNew: 959K->63K(960K), 0.0026485 secs] 56557K->56307K(524224K), 0.0027563 secs] [Times: user=0.00 sys=0.00, real=0.00 secs] 
21.026: [GC 21.026: [DefNew: 959K->63K(960K), 0.0032168 secs] 57204K->56867K(524224K), 0.0032856 secs] [Times: user=0.02 sys=0.00, real=0.00 secs] 
21.031: [GC 21.032: [DefNew: 959K->64K(960K), 0.0026697 secs] 57764K->57476K(524224K), 0.0027471 secs] [Times: user=0.00 sys=0.00, real=0.00 secs] 
21.036: [GC 21.036: [DefNew: 960K->63K(960K), 0.0025537 secs] 58373K->58004K(524224K), 0.0026172 secs] [Times: user=0.00 sys=0.00, real=0.00 secs] 
21.041: [GC 21.041: [DefNew: 959K->63K(960K), 0.0027149 secs] 58901K->58629K(524224K), 0.0028044 secs] [Times: user=0.02 sys=0.00, real=0.00 secs] 
21.045: [GC 21.045: [DefNew: 959K->63K(960K), 0.0030195 secs] 59525K->59186K(524224K), 0.0031047 secs] [Times: user=0.00 sys=0.00, real=0.00 secs] 
21.050: [GC 21.050: [DefNew: 959K->63K(960K), 0.0025922 secs] 60084K->59780K(524224K), 0.0026624 secs] [Times: user=0.00 sys=0.00, real=0.00 secs] 
21.054: [GC 21.055: [DefNew: 959K->63K(960K), 0.0025556 secs] 60677K->60340K(524224K), 0.0026437 secs] [Times: user=0.02 sys=0.00, real=0.00 secs] 
21.060: [GC 21.060: [DefNew: 959K->64K(960K), 0.0025128 secs] 61236K->60860K(524224K), 0.0026389 secs] [Times: user=0.00 sys=0.00, real=0.00 secs] 
21.065: [GC 21.065: [DefNew: 960K->63K(960K), 0.0025768 secs] 61758K->61451K(524224K), 0.0026480 secs] [Times: user=0.00 sys=0.00, real=0.00 secs] 
21.070: [GC 21.070: [DefNew: 959K->63K(960K), 0.0024300 secs] 62348K->61993K(524224K), 0.0024940 secs] [Times: user=0.00 sys=0.00, real=0.00 secs] 
21.074: [GC 21.074: [DefNew: 959K->63K(960K), 0.0025176 secs] 62889K->62505K(524224K), 0.0025806 secs] [Times: user=0.00 sys=0.00, real=0.00 secs] 
21.079: [GC 21.079: [DefNew: 959K->64K(960K), 0.0026013 secs] 63402K->63072K(524224K), 0.0026711 secs] [Times: user=0.00 sys=0.00, real=0.00 secs] 
21.084: [GC 21.084: [DefNew: 960K->64K(960K), 0.0023675 secs] 63969K->63608K(524224K), 0.0024310 secs] [Times: user=0.00 sys=0.00, real=0.00 secs] 
21.087: [GC 21.087: [DefNew: 960K->63K(960K), 0.0023083 secs] 64505K->64135K(524224K), 0.0023694 secs] [Times: user=0.01 sys=0.00, real=0.00 secs] 
21.090: [GC 21.090: [DefNew: 959K->64K(960K), 0.0027029 secs] 65031K->64638K(524224K), 0.0027746 secs] [Times: user=0.00 sys=0.00, real=0.00 secs] 
21.095: [GC 21.095: [DefNew: 960K->63K(960K), 0.0026639 secs] 65536K->65153K(524224K), 0.0027380 secs] [Times: user=0.00 sys=0.00, real=0.00 secs] 
21.100: [GC 21.100: [DefNew: 959K->64K(960K), 0.0022534 secs] 66051K->65703K(524224K), 0.0023126 secs] [Times: user=0.00 sys=0.00, real=0.00 secs] 
21.103: [GC 21.104: [DefNew: 960K->64K(960K), 0.0025739 secs] 66601K->66200K(524224K), 0.0026567 secs] [Times: user=0.02 sys=0.00, real=0.00 secs] 
21.108: [GC 21.108: [DefNew: 960K->64K(960K), 0.0024753 secs] 67098K->66765K(524224K), 0.0025436 secs] [Times: user=0.00 sys=0.00, real=0.00 secs] 
21.112: [GC 21.112: [DefNew: 960K->64K(960K), 0.0025614 secs] 67662K->67289K(524224K), 0.0026235 secs] [Times: user=0.00 sys=0.00, real=0.00 secs] 
21.117: [GC 21.117: [DefNew: 960K->63K(960K), 0.0023400 secs] 68186K->67860K(524224K), 0.0023997 secs] [Times: user=0.01 sys=0.00, real=0.00 secs] 
21.121: [GC 21.121: [DefNew: 959K->64K(960K), 0.0025267 secs] 68757K->68364K(524224K), 0.0025917 secs] [Times: user=0.00 sys=0.00, real=0.00 secs] 
21.125: [GC 21.125: [DefNew: 960K->63K(960K), 0.0023747 secs] 69261K->68948K(524224K), 0.0024339 secs] [Times: user=0.00 sys=0.00, real=0.00 secs] 
21.129: [GC 21.129: [DefNew: 959K->64K(960K), 0.0027106 secs] 69845K->69511K(524224K), 0.0027731 secs] [Times: user=0.00 sys=0.00, real=0.00 secs] 
21.133: [GC 21.133: [DefNew: 960K->63K(960K), 0.0023829 secs] 70407K->70011K(524224K), 0.0024435 secs] [Times: user=0.02 sys=0.00, real=0.00 secs] 
21.138: [GC 21.138: [DefNew: 959K->64K(960K), 0.0024695 secs] 70909K->70556K(524224K), 0.0025364 secs] [Times: user=0.00 sys=0.00, real=0.00 secs] 
21.141: [GC 21.142: [DefNew: 960K->63K(960K), 0.0028448 secs] 71454K->71086K(524224K), 0.0029131 secs] [Times: user=0.00 sys=0.00, real=0.00 secs] 
21.147: [GC 21.147: [DefNew: 959K->64K(960K), 0.0025556 secs] 71983K->71633K(524224K), 0.0026235 secs] [Times: user=0.00 sys=0.00, real=0.00 secs] 
21.151: [GC 21.151: [DefNew: 960K->64K(960K), 0.0024064 secs] 72529K->72170K(524224K), 0.0024815 secs] [Times: user=0.00 sys=0.00, real=0.00 secs] 
21.155: [GC 21.155: [DefNew: 960K->64K(960K), 0.0022828 secs] 73067K->72665K(524224K), 0.0023400 secs] [Times: user=0.00 sys=0.00, real=0.00 secs] 
21.159: [GC 21.159: [DefNew: 960K->63K(960K), 0.0025907 secs] 73562K->73221K(524224K), 0.0026499 secs] [Times: user=0.00 sys=0.00, real=0.00 secs] 
21.164: [GC 21.164: [DefNew: 959K->63K(960K), 0.0023357 secs] 74118K->73750K(524224K), 0.0023949 secs] [Times: user=0.00 sys=0.00, real=0.00 secs] 
21.168: [GC 21.168: [DefNew: 959K->63K(960K), 0.0024026 secs] 74647K->74287K(524224K), 0.0024632 secs] [Times: user=0.00 sys=0.00, real=0.00 secs] 
21.171: [GC 21.171: [DefNew: 959K->64K(960K), 0.0022265 secs] 75184K->74776K(524224K), 0.0022885 secs] [Times: user=0.00 sys=0.00, real=0.00 secs] 
21.175: [GC 21.175: [DefNew: 960K->63K(960K), 0.0025267 secs] 75673K->75295K(524224K), 0.0025975 secs] [Times: user=0.00 sys=0.00, real=0.00 secs] 
21.180: [GC 21.180: [DefNew: 959K->64K(960K), 0.0024964 secs] 76191K->75863K(524224K), 0.0025609 secs] [Times: user=0.02 sys=0.00, real=0.00 secs] 
21.185: [GC 21.185: [DefNew: 960K->64K(960K), 0.0024406 secs] 76759K->76357K(524224K), 0.0025017 secs] [Times: user=0.00 sys=0.00, real=0.00 secs] 
21.189: [GC 21.189: [DefNew: 960K->64K(960K), 0.0024435 secs] 77254K->76895K(524224K), 0.0025041 secs] [Times: user=0.00 sys=0.00, real=0.00 secs] 
21.193: [GC 21.193: [DefNew: 960K->63K(960K), 0.0024555 secs] 77791K->77395K(524224K), 0.0025152 secs] [Times: user=0.00 sys=0.00, real=0.00 secs] 
21.197: [GC 21.197: [DefNew: 959K->63K(960K), 0.0023963 secs] 78293K->77905K(524224K), 0.0024574 secs] [Times: user=0.00 sys=0.00, real=0.00 secs] 
21.201: [GC 21.201: [DefNew: 959K->63K(960K), 0.0023612 secs] 78802K->78413K(524224K), 0.0024223 secs] [Times: user=0.00 sys=0.00, real=0.00 secs] 
21.204: [GC 21.204: [DefNew: 959K->63K(960K), 0.0024113 secs] 79310K->78935K(524224K), 0.0024762 secs] [Times: user=0.00 sys=0.00, real=0.00 secs] 
21.208: [GC 21.208: [DefNew: 959K->63K(960K), 0.0024671 secs] 79832K->79452K(524224K), 0.0025291 secs] [Times: user=0.00 sys=0.00, real=0.00 secs] 
21.211: [GC 21.212: [DefNew: 959K->63K(960K), 0.0023381 secs] 80350K->79944K(524224K), 0.0024021 secs] [Times: user=0.02 sys=0.00, real=0.00 secs] 
21.216: [GC 21.216: [DefNew: 959K->63K(960K), 0.0023386 secs] 80841K->80491K(524224K), 0.0023978 secs] [Times: user=0.00 sys=0.00, real=0.00 secs] 
21.220: [GC 21.220: [DefNew: 959K->64K(960K), 0.0023410 secs] 81388K->81022K(524224K), 0.0023968 secs] [Times: user=0.00 sys=0.00, real=0.00 secs] 
21.223: [GC 21.223: [DefNew: 960K->63K(960K), 0.0025672 secs] 81919K->81570K(524224K), 0.0026331 secs] [Times: user=0.00 sys=0.00, real=0.00 secs] 
21.228: [GC 21.228: [DefNew: 959K->63K(960K), 0.0033034 secs] 82467K->82104K(524224K), 0.0033722 secs] [Times: user=0.02 sys=0.00, real=0.00 secs] 
21.234: [GC 21.234: [DefNew: 959K->63K(960K), 0.0027558 secs] 83000K->82646K(524224K), 0.0028241 secs] [Times: user=0.00 sys=0.00, real=0.00 secs] 
21.239: [GC 21.240: [DefNew: 959K->63K(960K), 0.0027038 secs] 83542K->83186K(524224K), 0.0027693 secs] [Times: user=0.00 sys=0.00, real=0.00 secs] 
21.249: [GC 21.250: [DefNew: 959K->64K(960K), 0.0027081 secs] 84084K->83736K(524224K), 0.0027789 secs] [Times: user=0.00 sys=0.00, real=0.00 secs] 
21.255: [GC 21.256: [DefNew: 960K->63K(960K), 0.0028443 secs] 84634K->84334K(524224K), 0.0029155 secs] [Times: user=0.00 sys=0.00, real=0.00 secs] 
21.260: [GC 21.260: [DefNew: 959K->63K(960K), 0.0029189 secs] 85231K->84867K(524224K), 0.0029949 secs] [Times: user=0.00 sys=0.00, real=0.00 secs] 
21.265: [GC 21.265: [DefNew: 959K->64K(960K), 0.0039920 secs] 85764K->85524K(524224K), 0.0040815 secs] [Times: user=0.00 sys=0.00, real=0.00 secs] 
21.271: [GC 21.271: [DefNew: 960K->63K(960K), 0.0032432 secs] 86420K->86250K(524224K), 0.0033116 secs] [Times: user=0.00 sys=0.00, real=0.00 secs] 
21.275: [GC 21.276: [DefNew: 959K->63K(960K), 0.0042528 secs] 87147K->86767K(524224K), 0.0043755 secs] [Times: user=0.00 sys=0.00, real=0.00 secs] 
21.282: [GC 21.283: [DefNew: 959K->64K(960K), 0.0031542 secs] 87665K->87535K(524224K), 0.0032274 secs] [Times: user=0.00 sys=0.00, real=0.00 secs] 
21.286: [GC 21.287: [DefNew: 960K->64K(960K), 0.0028434 secs] 88432K->88046K(524224K), 0.0029170 secs] [Times: user=0.00 sys=0.00, real=0.00 secs] 
21.291: [GC 21.291: [DefNew: 960K->64K(960K), 0.0024007 secs] 88943K->88591K(524224K), 0.0024642 secs] [Times: user=0.00 sys=0.00, real=0.00 secs] 
21.295: [GC 21.295: [DefNew: 960K->63K(960K), 0.0025816 secs] 89487K->89093K(524224K), 0.0026480 secs] [Times: user=0.00 sys=0.00, real=0.00 secs] 
21.299: [GC 21.299: [DefNew: 959K->64K(960K), 0.0034516 secs] 89990K->89723K(524224K), 0.0035334 secs] [Times: user=0.00 sys=0.00, real=0.00 secs] 
21.305: [GC 21.305: [DefNew: 960K->64K(960K), 0.0029762 secs] 90620K->90383K(524224K), 0.0030421 secs] [Times: user=0.02 sys=0.00, real=0.00 secs] 
21.310: [GC 21.310: [DefNew: 960K->63K(960K), 0.0035156 secs] 91279K->91040K(524224K), 0.0035969 secs] [Times: user=0.00 sys=0.00, real=0.00 secs] 
21.315: [GC 21.316: [DefNew: 959K->64K(960K), 0.0035878 secs] 91938K->91809K(524224K), 0.0036701 secs] [Times: user=0.00 sys=0.00, real=0.00 secs] 
21.321: [GC 21.321: [DefNew: 960K->64K(960K), 0.0046291 secs] 92706K->92480K(524224K), 0.0047133 secs] [Times: user=0.02 sys=0.00, real=0.00 secs] 
21.327: [GC 21.327: [DefNew: 960K->63K(960K), 0.0031831 secs] 93377K->93080K(524224K), 0.0032514 secs] [Times: user=0.00 sys=0.00, real=0.00 secs] 
21.332: [GC 21.332: [DefNew: 959K->64K(960K), 0.0035016 secs] 93976K->93625K(524224K), 0.0035810 secs] [Times: user=0.00 sys=0.00, real=0.00 secs] 
21.337: [GC 21.337: [DefNew: 960K->63K(960K), 0.0027235 secs] 94521K->94138K(524224K), 0.0028068 secs] [Times: user=0.01 sys=0.00, real=0.00 secs] 
21.342: [GC 21.342: [DefNew: 959K->64K(960K), 0.0045295 secs] 95035K->94906K(524224K), 0.0046156 secs] [Times: user=0.00 sys=0.00, real=0.00 secs] 
21.349: [GC 21.349: [DefNew: 960K->63K(960K), 0.0046950 secs] 95802K->95570K(524224K), 0.0047734 secs] [Times: user=0.02 sys=0.00, real=0.01 secs] 
21.355: [GC 21.355: [DefNew: 959K->63K(960K), 0.0026899 secs] 96467K->96105K(524224K), 0.0027582 secs] [Times: user=0.00 sys=0.00, real=0.00 secs] 
21.359: [GC 21.360: [DefNew: 959K->64K(960K), 0.0025104 secs] 97002K->96613K(524224K), 0.0025729 secs] [Times: user=0.00 sys=0.00, real=0.00 secs] 
21.365: [GC 21.365: [DefNew: 960K->63K(960K), 0.0037523 secs] 97511K->97250K(524224K), 0.0038356 secs] [Times: user=0.00 sys=0.00, real=0.00 secs] 
21.370: [GC 21.371: [DefNew: 959K->64K(960K), 0.0031850 secs] 98148K->97782K(524224K), 0.0033597 secs] [Times: user=0.00 sys=0.00, real=0.00 secs] 
21.375: [GC 21.375: [DefNew: 960K->63K(960K), 0.0025566 secs] 98678K->98317K(524224K), 0.0026148 secs] [Times: user=0.00 sys=0.00, real=0.00 secs] 
21.380: [GC 21.380: [DefNew: 959K->63K(960K), 0.0032889 secs] 99214K->98883K(524224K), 0.0033717 secs] [Times: user=0.00 sys=0.00, real=0.00 secs] 
21.386: [GC 21.386: [DefNew: 959K->64K(960K), 0.0030330 secs] 99781K->99538K(524224K), 0.0030998 secs] [Times: user=0.00 sys=0.00, real=0.00 secs] 
21.390: [GC 21.391: [DefNew: 960K->63K(960K), 0.0030127 secs] 100434K->100095K(524224K), 0.0030902 secs] [Times: user=0.00 sys=0.00, real=0.00 secs] 
21.395: [GC 21.395: [DefNew: 959K->63K(960K), 0.0034338 secs] 100994K->100771K(524224K), 0.0035031 secs] [Times: user=0.00 sys=0.00, real=0.00 secs] 
21.400: [GC 21.401: [DefNew: 959K->63K(960K), 0.0028174 secs] 101668K->101331K(524224K), 0.0028852 secs] [Times: user=0.00 sys=0.00, real=0.00 secs] 
21.405: [GC 21.405: [DefNew: 959K->63K(960K), 0.0026316 secs] 102228K->101874K(524224K), 0.0027000 secs] [Times: user=0.00 sys=0.00, real=0.00 secs] 
21.409: [GC 21.409: [DefNew: 959K->63K(960K), 0.0024223 secs] 102771K->102397K(524224K), 0.0024805 secs] [Times: user=0.00 sys=0.00, real=0.00 secs] 
21.413: [GC 21.413: [DefNew: 959K->64K(960K), 0.0023737 secs] 103294K->102944K(524224K), 0.0024295 secs] [Times: user=0.00 sys=0.00, real=0.00 secs] 
21.417: [GC 21.417: [DefNew: 960K->64K(960K), 0.0026672 secs] 103841K->103488K(524224K), 0.0027312 secs] [Times: user=0.00 sys=0.00, real=0.00 secs] 
21.421: [GC 21.422: [DefNew: 960K->64K(960K), 0.0029574 secs] 104387K->104114K(524224K), 0.0030228 secs] [Times: user=0.00 sys=0.00, real=0.00 secs] 
21.426: [GC 21.426: [DefNew: 960K->64K(960K), 0.0035387 secs] 105011K->104891K(524224K), 0.0036027 secs] [Times: user=0.00 sys=0.00, real=0.00 secs] 
21.432: [GC 21.432: [DefNew: 960K->64K(960K), 0.0031475 secs] 105789K->105479K(524224K), 0.0032115 secs] [Times: user=0.00 sys=0.00, real=0.00 secs] 
21.436: [GC 21.436: [DefNew: 960K->64K(960K), 0.0028174 secs] 106376K->106073K(524224K), 0.0028819 secs] [Times: user=0.00 sys=0.00, real=0.00 secs] 
21.440: [GC 21.441: [DefNew: 960K->63K(960K), 0.0026903 secs] 106970K->106607K(524224K), 0.0027606 secs] [Times: user=0.00 sys=0.00, real=0.00 secs] 
21.445: [GC 21.445: [DefNew: 959K->63K(960K), 0.0029449 secs] 107504K->107293K(524224K), 0.0030137 secs] [Times: user=0.01 sys=0.00, real=0.00 secs] 
21.450: [GC 21.450: [DefNew: 959K->64K(960K), 0.0029338 secs] 108190K->107838K(524224K), 0.0029978 secs] [Times: user=0.00 sys=0.00, real=0.00 secs] 
21.454: [GC 21.454: [DefNew: 960K->64K(960K), 0.0028222 secs] 108736K->108411K(524224K), 0.0028843 secs] [Times: user=0.00 sys=0.00, real=0.00 secs] 
21.459: [GC 21.459: [DefNew: 960K->63K(960K), 0.0027572 secs] 109307K->108963K(524224K), 0.0028193 secs] [Times: user=0.00 sys=0.00, real=0.00 secs] 
21.463: [GC 21.463: [DefNew: 959K->63K(960K), 0.0026028 secs] 109860K->109495K(524224K), 0.0026581 secs] [Times: user=0.00 sys=0.00, real=0.00 secs] 
21.468: [GC 21.468: [DefNew: 959K->63K(960K), 0.0026860 secs] 110391K->110034K(524224K), 0.0027630 secs] [Times: user=0.00 sys=0.00, real=0.00 secs] 
21.473: [GC 21.473: [DefNew: 959K->64K(960K), 0.0027866 secs] 110932K->110602K(524224K), 0.0028501 secs] [Times: user=0.00 sys=0.00, real=0.00 secs] 
21.477: [GC 21.477: [DefNew: 960K->63K(960K), 0.0027168 secs] 111500K->111160K(524224K), 0.0028116 secs] [Times: user=0.02 sys=0.00, real=0.00 secs] 
21.482: [GC 21.482: [DefNew: 959K->64K(960K), 0.0029256 secs] 112056K->111694K(524224K), 0.0029983 secs] [Times: user=0.00 sys=0.00, real=0.00 secs] 
21.486: [GC 21.486: [DefNew: 960K->63K(960K), 0.0032601 secs] 112592K->112250K(524224K), 0.0033332 secs] [Times: user=0.00 sys=0.00, real=0.00 secs] 
21.491: [GC 21.491: [DefNew: 959K->63K(960K), 0.0042518 secs] 113148K->112935K(524224K), 0.0043264 secs] [Times: user=0.02 sys=0.00, real=0.00 secs] 
21.497: [GC 21.497: [DefNew: 959K->63K(960K), 0.0029921 secs] 113832K->113461K(524224K), 0.0030575 secs] [Times: user=0.00 sys=0.00, real=0.00 secs] 
21.501: [GC 21.501: [DefNew: 959K->63K(960K), 0.0027967 secs] 114358K->114036K(524224K), 0.0028616 secs] [Times: user=0.00 sys=0.00, real=0.00 secs] 
21.506: [GC 21.506: [DefNew: 959K->64K(960K), 0.0034083 secs] 114933K->114539K(524224K), 0.0034800 secs] [Times: user=0.00 sys=0.00, real=0.00 secs] 
21.510: [GC 21.510: [DefNew: 960K->63K(960K), 0.0027678 secs] 115436K->115079K(524224K), 0.0028371 secs] [Times: user=0.00 sys=0.00, real=0.00 secs] 
21.515: [GC 21.515: [DefNew: 959K->64K(960K), 0.0027322 secs] 115975K->115658K(524224K), 0.0028203 secs] [Times: user=0.00 sys=0.00, real=0.00 secs] 
21.519: [GC 21.519: [DefNew: 960K->64K(960K), 0.0026268 secs] 116556K->116186K(524224K), 0.0027139 secs] [Times: user=0.00 sys=0.00, real=0.00 secs] 
21.524: [GC 21.524: [DefNew: 960K->63K(960K), 0.0026894 secs] 117083K->116750K(524224K), 0.0027543 secs] [Times: user=0.02 sys=0.00, real=0.00 secs] 
21.529: [GC 21.529: [DefNew: 959K->64K(960K), 0.0028284 secs] 117647K->117298K(524224K), 0.0028934 secs] [Times: user=0.00 sys=0.00, real=0.00 secs] 
21.533: [GC 21.533: [DefNew: 960K->64K(960K), 0.0030118 secs] 118195K->117833K(524224K), 0.0030734 secs] [Times: user=0.00 sys=0.00, real=0.00 secs] 
21.538: [GC 21.538: [DefNew: 960K->63K(960K), 0.0027750 secs] 118731K->118372K(524224K), 0.0028496 secs] [Times: user=0.00 sys=0.02, real=0.00 secs] 
21.542: [GC 21.542: [DefNew: 959K->63K(960K), 0.0029473 secs] 119269K->118880K(524224K), 0.0030200 secs] [Times: user=0.00 sys=0.00, real=0.00 secs] 
21.547: [GC 21.547: [DefNew: 959K->64K(960K), 0.0028900 secs] 119777K->119491K(524224K), 0.0029521 secs] [Times: user=0.00 sys=0.00, real=0.00 secs] 
21.552: [GC 21.552: [DefNew: 960K->63K(960K), 0.0027616 secs] 120389K->120025K(524224K), 0.0028217 secs] [Times: user=0.00 sys=0.00, real=0.00 secs] 
21.558: [GC 21.558: [DefNew: 959K->64K(960K), 0.0029588 secs] 120922K->120617K(524224K), 0.0030291 secs] [Times: user=0.00 sys=0.00, real=0.00 secs] 
21.562: [GC 21.562: [DefNew: 960K->63K(960K), 0.0030984 secs] 121513K->121202K(524224K), 0.0031619 secs] [Times: user=0.00 sys=0.00, real=0.00 secs] 
21.567: [GC 21.567: [DefNew: 959K->63K(960K), 0.0028236 secs] 122098K->121759K(524224K), 0.0029006 secs] [Times: user=0.00 sys=0.00, real=0.00 secs] 
21.571: [GC 21.571: [DefNew: 959K->63K(960K), 0.0031398 secs] 122655K->122349K(524224K), 0.0032225 secs] [Times: user=0.02 sys=0.00, real=0.00 secs] 
21.576: [GC 21.576: [DefNew: 959K->63K(960K), 0.0032485 secs] 123246K->122885K(524224K), 0.0033159 secs] [Times: user=0.00 sys=0.00, real=0.00 secs] 
21.581: [GC 21.581: [DefNew: 959K->64K(960K), 0.0028313 secs] 123782K->123499K(524224K), 0.0029083 secs] [Times: user=0.00 sys=0.00, real=0.00 secs] 
21.585: [GC 21.585: [DefNew: 960K->63K(960K), 0.0030493 secs] 124395K->124064K(524224K), 0.0031138 secs] [Times: user=0.01 sys=0.00, real=0.00 secs] 
21.590: [GC 21.590: [DefNew: 959K->63K(960K), 0.0029266 secs] 124960K->124649K(524224K), 0.0030002 secs] [Times: user=0.00 sys=0.00, real=0.00 secs] 
21.595: [GC 21.595: [DefNew: 959K->64K(960K), 0.0031643 secs] 125548K->125258K(524224K), 0.0033914 secs] [Times: user=0.00 sys=0.00, real=0.00 secs] 
21.601: [GC 21.601: [DefNew: 960K->64K(960K), 0.0028761 secs] 126155K->125852K(524224K), 0.0029627 secs] [Times: user=0.02 sys=0.00, real=0.00 secs] 
21.605: [GC 21.605: [DefNew: 960K->64K(960K), 0.0032047 secs] 126750K->126476K(524224K), 0.0032692 secs] [Times: user=0.00 sys=0.00, real=0.00 secs] 
21.611: [GC 21.611: [DefNew: 960K->63K(960K), 0.0029141 secs] 127372K->127044K(524224K), 0.0029935 secs] [Times: user=0.00 sys=0.00, real=0.00 secs] 
21.616: [GC 21.616: [DefNew: 959K->63K(960K), 0.0028227 secs] 127941K->127623K(524224K), 0.0029001 secs] [Times: user=0.00 sys=0.00, real=0.00 secs] 
21.620: [GC 21.620: [DefNew: 959K->63K(960K), 0.0031095 secs] 128520K->128191K(524224K), 0.0031898 secs] [Times: user=0.00 sys=0.00, real=0.00 secs] 
21.626: [GC 21.626: [DefNew: 959K->63K(960K), 0.0031013 secs] 129088K->128837K(524224K), 0.0031715 secs] [Times: user=0.00 sys=0.00, real=0.00 secs] 
21.630: [GC 21.630: [DefNew: 959K->64K(960K), 0.0030103 secs] 129734K->129437K(524224K), 0.0030801 secs] [Times: user=0.00 sys=0.00, real=0.00 secs] 
21.634: [GC 21.634: [DefNew: 960K->63K(960K), 0.0026952 secs] 130334K->129964K(524224K), 0.0027567 secs] [Times: user=0.00 sys=0.00, real=0.00 secs] 
21.639: [GC 21.640: [DefNew: 959K->63K(960K), 0.0031840 secs] 130860K->130564K(524224K), 0.0032562 secs] [Times: user=0.00 sys=0.00, real=0.00 secs] 
21.645: [GC 21.645: [DefNew: 959K->64K(960K), 0.0030806 secs] 131460K->131137K(524224K), 0.0031508 secs] [Times: user=0.00 sys=0.00, real=0.00 secs] 
21.649: [GC 21.650: [DefNew: 960K->64K(960K), 0.0031975 secs] 132036K->131749K(524224K), 0.0032822 secs] [Times: user=0.02 sys=0.00, real=0.00 secs] 
21.655: [GC 21.655: [DefNew: 960K->64K(960K), 0.0029882 secs] 132646K->132336K(524224K), 0.0030676 secs] [Times: user=0.00 sys=0.00, real=0.00 secs] 
21.660: [GC 21.660: [DefNew: 960K->64K(960K), 0.0031215 secs] 133233K->132973K(524224K), 0.0031980 secs] [Times: user=0.00 sys=0.00, real=0.00 secs] 
21.664: [GC 21.664: [DefNew: 960K->64K(960K), 0.0030132 secs] 133870K->133570K(524224K), 0.0030772 secs] [Times: user=0.01 sys=0.00, real=0.00 secs] 
21.669: [GC 21.669: [DefNew: 960K->63K(960K), 0.0030243 secs] 134467K->134099K(524224K), 0.0030893 secs] [Times: user=0.00 sys=0.00, real=0.00 secs] 
21.674: [GC 21.674: [DefNew: 959K->64K(960K), 0.0028150 secs] 134996K->134661K(524224K), 0.0028775 secs] [Times: user=0.00 sys=0.00, real=0.00 secs] 
21.679: [GC 21.679: [DefNew: 960K->64K(960K), 0.0031369 secs] 135559K->135202K(524224K), 0.0032100 secs] [Times: user=0.02 sys=0.00, real=0.00 secs] 
21.684: [GC 21.684: [DefNew: 960K->63K(960K), 0.0028973 secs] 136098K->135776K(524224K), 0.0029608 secs] [Times: user=0.00 sys=0.00, real=0.00 secs] 
21.688: [GC 21.688: [DefNew: 959K->64K(960K), 0.0029045 secs] 136673K->136296K(524224K), 0.0029747 secs] [Times: user=0.00 sys=0.00, real=0.00 secs] 
21.693: [GC 21.693: [DefNew: 960K->64K(960K), 0.0030272 secs] 137193K->136838K(524224K), 0.0030941 secs] [Times: user=0.00 sys=0.00, real=0.00 secs] 
21.697: [GC 21.697: [DefNew: 960K->63K(960K), 0.0028236 secs] 137734K->137425K(524224K), 0.0028949 secs] [Times: user=0.00 sys=0.00, real=0.00 secs] 
21.702: [GC 21.702: [DefNew: 959K->64K(960K), 0.0028333 secs] 138323K->137998K(524224K), 0.0028924 secs] [Times: user=0.00 sys=0.00, real=0.00 secs] 
21.707: [GC 21.707: [DefNew: 960K->63K(960K), 0.0030209 secs] 138895K->138529K(524224K), 0.0030854 secs] [Times: user=0.00 sys=0.00, real=0.00 secs] 
21.710: [GC 21.711: [DefNew: 959K->63K(960K), 0.0026846 secs] 139427K->139034K(524224K), 0.0029127 secs] [Times: user=0.01 sys=0.00, real=0.00 secs] 
21.715: [GC 21.715: [DefNew: 959K->63K(960K), 0.0027438 secs] 139932K->139603K(524224K), 0.0028082 secs] [Times: user=0.00 sys=0.00, real=0.00 secs] 
21.720: [GC 21.720: [DefNew: 959K->63K(960K), 0.0030065 secs] 140500K->140145K(524224K), 0.0030748 secs] [Times: user=0.00 sys=0.00, real=0.00 secs] 
21.724: [GC 21.724: [DefNew: 959K->63K(960K), 0.0031080 secs] 141042K->140684K(524224K), 0.0031850 secs] [Times: user=0.00 sys=0.00, real=0.00 secs] 
21.729: [GC 21.729: [DefNew: 959K->64K(960K), 0.0030565 secs] 141582K->141274K(524224K), 0.0031273 secs] [Times: user=0.00 sys=0.00, real=0.00 secs] 
21.734: [GC 21.734: [DefNew: 960K->64K(960K), 0.0031422 secs] 142170K->141833K(524224K), 0.0032115 secs] [Times: user=0.00 sys=0.00, real=0.00 secs] 
21.739: [GC 21.739: [DefNew: 960K->64K(960K), 0.0028862 secs] 142730K->142378K(524224K), 0.0029454 secs] [Times: user=0.00 sys=0.00, real=0.00 secs] 
21.744: [GC 21.744: [DefNew: 960K->63K(960K), 0.0031133 secs] 143275K->142931K(524224K), 0.0031855 secs] [Times: user=0.00 sys=0.00, real=0.00 secs] 
21.749: [GC 21.750: [DefNew: 959K->64K(960K), 0.0030907 secs] 143829K->143531K(524224K), 0.0031581 secs] [Times: user=0.00 sys=0.00, real=0.00 secs] 
21.754: [GC 21.754: [DefNew: 960K->63K(960K), 0.0030859 secs] 144427K->144094K(524224K), 0.0031494 secs] [Times: user=0.00 sys=0.00, real=0.00 secs] 
21.762: [GC 21.762: [DefNew: 959K->64K(960K), 0.0031268 secs] 144990K->144731K(524224K), 0.0032023 secs] [Times: user=0.00 sys=0.00, real=0.00 secs] 
21.767: [GC 21.767: [DefNew: 960K->63K(960K), 0.0031499 secs] 145628K->145315K(524224K), 0.0032100 secs] [Times: user=0.00 sys=0.00, real=0.00 secs] 
21.772: [GC 21.772: [DefNew: 959K->63K(960K), 0.0031427 secs] 146212K->145863K(524224K), 0.0032076 secs] [Times: user=0.00 sys=0.00, real=0.00 secs] 
21.776: [GC 21.776: [DefNew: 959K->63K(960K), 0.0029781 secs] 146760K->146445K(524224K), 0.0030402 secs] [Times: user=0.00 sys=0.00, real=0.00 secs] 
21.781: [GC 21.781: [DefNew: 959K->64K(960K), 0.0028559 secs] 147342K->146989K(524224K), 0.0029160 secs] [Times: user=0.00 sys=0.00, real=0.00 secs] 
21.786: [GC 21.786: [DefNew: 960K->64K(960K), 0.0031605 secs] 147886K->147578K(524224K), 0.0032240 secs] [Times: user=0.00 sys=0.00, real=0.00 secs] 
21.790: [GC 21.791: [DefNew: 960K->64K(960K), 0.0030936 secs] 148474K->148117K(524224K), 0.0031600 secs] [Times: user=0.00 sys=0.00, real=0.00 secs] 
21.794: [GC 21.795: [DefNew: 960K->63K(960K), 0.0027428 secs] 149014K->148656K(524224K), 0.0028068 secs] [Times: user=0.00 sys=0.00, real=0.00 secs] 
21.799: [GC 21.799: [DefNew: 959K->63K(960K), 0.0029093 secs] 149553K->149207K(524224K), 0.0029718 secs] [Times: user=0.00 sys=0.00, real=0.00 secs] 
21.804: [GC 21.804: [DefNew: 959K->64K(960K), 0.0030378 secs] 150104K->149779K(524224K), 0.0031018 secs] [Times: user=0.02 sys=0.00, real=0.00 secs] 
21.809: [GC 21.809: [DefNew: 960K->64K(960K), 0.0033010 secs] 150675K->150333K(524224K), 0.0033712 secs] [Times: user=0.00 sys=0.00, real=0.00 secs] 
21.814: [GC 21.814: [DefNew: 960K->63K(960K), 0.0030508 secs] 151232K->150906K(524224K), 0.0031205 secs] [Times: user=0.00 sys=0.00, real=0.00 secs] 
21.818: [GC 21.818: [DefNew: 959K->63K(960K), 0.0034117 secs] 151803K->151458K(524224K), 0.0034728 secs] [Times: user=0.02 sys=0.00, real=0.00 secs] 
21.824: [GC 21.824: [DefNew: 959K->64K(960K), 0.0031427 secs] 152356K->152044K(524224K), 0.0032086 secs] [Times: user=0.00 sys=0.00, real=0.00 secs] 
21.829: [GC 21.829: [DefNew: 960K->63K(960K), 0.0031162 secs] 152941K->152603K(524224K), 0.0031816 secs] [Times: user=0.00 sys=0.00, real=0.00 secs] 
21.833: [GC 21.833: [DefNew: 959K->63K(960K), 0.0028588 secs] 153499K->153160K(524224K), 0.0029237 secs] [Times: user=0.00 sys=0.00, real=0.00 secs] 
21.838: [GC 21.838: [DefNew: 959K->63K(960K), 0.0030397 secs] 154057K->153714K(524224K), 0.0031032 secs] [Times: user=0.00 sys=0.00, real=0.00 secs] 
21.845: [GC 21.845: [DefNew: 959K->63K(960K), 0.0035137 secs] 154611K->154365K(524224K), 0.0035854 secs] [Times: user=0.00 sys=0.00, real=0.00 secs] 
21.850: [GC 21.850: [DefNew: 959K->64K(960K), 0.0033448 secs] 155261K->154885K(524224K), 0.0034444 secs] [Times: user=0.01 sys=0.00, real=0.00 secs] 
21.856: [GC 21.856: [DefNew: 960K->63K(960K), 0.0030637 secs] 155782K->155468K(524224K), 0.0031306 secs] [Times: user=0.00 sys=0.00, real=0.00 secs] 
21.860: [GC 21.860: [DefNew: 959K->63K(960K), 0.0034179 secs] 156365K->156030K(524224K), 0.0034848 secs] [Times: user=0.00 sys=0.00, real=0.00 secs] 
21.866: [GC 21.866: [DefNew: 959K->64K(960K), 0.0033298 secs] 156928K->156581K(524224K), 0.0033963 secs] [Times: user=0.02 sys=0.00, real=0.00 secs] 
21.871: [GC 21.871: [DefNew: 960K->63K(960K), 0.0030897 secs] 157480K->157197K(524224K), 0.0031552 secs] [Times: user=0.00 sys=0.00, real=0.00 secs] 
21.876: [GC 21.876: [DefNew: 959K->64K(960K), 0.0035113 secs] 158094K->157752K(524224K), 0.0035762 secs] [Times: user=0.00 sys=0.00, real=0.00 secs] 
21.881: [GC 21.881: [DefNew: 960K->63K(960K), 0.0029848 secs] 158649K->158343K(524224K), 0.0030459 secs] [Times: user=0.01 sys=0.00, real=0.00 secs] 
21.886: [GC 21.886: [DefNew: 959K->63K(960K), 0.0033159 secs] 159241K->158878K(524224K), 0.0033852 secs] [Times: user=0.00 sys=0.00, real=0.00 secs] 
21.893: [GC 21.893: [DefNew: 959K->64K(960K), 0.0034497 secs] 159775K->159466K(524224K), 0.0035315 secs] [Times: user=0.00 sys=0.00, real=0.00 secs] 
21.898: [GC 21.898: [DefNew: 960K->63K(960K), 0.0031292 secs] 160362K->160045K(524224K), 0.0031966 secs] [Times: user=0.02 sys=0.00, real=0.00 secs] 
21.903: [GC 21.903: [DefNew: 959K->64K(960K), 0.0033188 secs] 160941K->160606K(524224K), 0.0033837 secs] [Times: user=0.00 sys=0.00, real=0.00 secs] 
21.907: [GC 21.907: [DefNew: 960K->64K(960K), 0.0030628 secs] 161505K->161192K(524224K), 0.0031282 secs] [Times: user=0.00 sys=0.00, real=0.00 secs] 
21.912: [GC 21.912: [DefNew: 960K->63K(960K), 0.0028737 secs] 162089K->161701K(524224K), 0.0029358 secs] [Times: user=0.00 sys=0.00, real=0.00 secs] 
21.916: [GC 21.916: [DefNew: 959K->63K(960K), 0.0032889 secs] 162597K->162265K(524224K), 0.0033539 secs] [Times: user=0.00 sys=0.00, real=0.00 secs] 
21.921: [GC 21.921: [DefNew: 959K->63K(960K), 0.0031460 secs] 163162K->162836K(524224K), 0.0032144 secs] [Times: user=0.00 sys=0.00, real=0.00 secs] 
21.925: [GC 21.925: [DefNew: 959K->63K(960K), 0.0034347 secs] 163733K->163370K(524224K), 0.0035040 secs] [Times: user=0.00 sys=0.00, real=0.00 secs] 
21.931: [GC 21.932: [DefNew: 959K->63K(960K), 0.0035382 secs] 164267K->163973K(524224K), 0.0036133 secs] [Times: user=0.00 sys=0.00, real=0.00 secs] 
21.937: [GC 21.937: [DefNew: 959K->64K(960K), 0.0031922 secs] 164871K->164521K(524224K), 0.0032562 secs] [Times: user=0.00 sys=0.00, real=0.00 secs] 
21.941: [GC 21.941: [DefNew: 960K->64K(960K), 0.0036224 secs] 165418K->165119K(524224K), 0.0036874 secs] [Times: user=0.00 sys=0.00, real=0.00 secs] 
21.947: [GC 21.947: [DefNew: 960K->64K(960K), 0.0032389 secs] 166017K->165674K(524224K), 0.0033039 secs] [Times: user=0.00 sys=0.00, real=0.00 secs] 
21.951: [GC 21.952: [DefNew: 960K->63K(960K), 0.0030493 secs] 166570K->166213K(524224K), 0.0031123 secs] [Times: user=0.00 sys=0.00, real=0.00 secs] 
21.957: [GC 21.957: [DefNew: 959K->64K(960K), 0.0032625 secs] 167111K->166841K(524224K), 0.0033274 secs] [Times: user=0.00 sys=0.00, real=0.00 secs] 
21.961: [GC 21.962: [DefNew: 960K->63K(960K), 0.0034242 secs] 167738K->167387K(524224K), 0.0034886 secs] [Times: user=0.02 sys=0.00, real=0.00 secs] 
21.966: [GC 21.966: [DefNew: 959K->63K(960K), 0.0029425 secs] 168285K->167931K(524224K), 0.0030084 secs] [Times: user=0.00 sys=0.00, real=0.00 secs] 
21.971: [GC 21.971: [DefNew: 959K->63K(960K), 0.0030431 secs] 168829K->168507K(524224K), 0.0031061 secs] [Times: user=0.00 sys=0.00, real=0.00 secs] 
21.975: [GC 21.975: [DefNew: 959K->64K(960K), 0.0033746 secs] 169404K->169099K(524224K), 0.0034381 secs] [Times: user=0.01 sys=0.00, real=0.00 secs] 
21.981: [GC 21.981: [DefNew: 960K->64K(960K), 0.0034858 secs] 169996K->169666K(524224K), 0.0472559 secs] [Times: user=0.00 sys=0.00, real=0.05 secs] 
22.030: [GC 22.030: [DefNew: 960K->63K(960K), 0.0032028 secs] 170563K->170258K(524224K), 0.0032683 secs] [Times: user=0.00 sys=0.00, real=0.00 secs] 
22.035: [GC 22.035: [DefNew: 959K->63K(960K), 0.0031836 secs] 171156K->170823K(524224K), 0.0032500 secs] [Times: user=0.00 sys=0.00, real=0.00 secs] 
22.039: [GC 22.039: [DefNew: 959K->64K(960K), 0.0030729 secs] 171720K->171371K(524224K), 0.0031383 secs] [Times: user=0.02 sys=0.00, real=0.00 secs] 
22.043: [GC 22.043: [DefNew: 960K->63K(960K), 0.0039756 secs] 172268K->171934K(524224K), 0.0040425 secs] [Times: user=0.00 sys=0.00, real=0.00 secs] 
22.050: [GC 22.050: [DefNew: 959K->64K(960K), 0.0030840 secs] 172831K->172527K(524224K), 0.0031504 secs] [Times: user=0.00 sys=0.00, real=0.00 secs] 
22.054: [GC 22.054: [DefNew: 960K->64K(960K), 0.0035055 secs] 173424K->173106K(524224K), 0.0035767 secs] [Times: user=0.01 sys=0.00, real=0.00 secs] 
22.061: [GC 22.061: [DefNew: 960K->63K(960K), 0.0032533 secs] 174002K->173675K(524224K), 0.0033207 secs] [Times: user=0.00 sys=0.00, real=0.00 secs] 
22.065: [GC 22.066: [DefNew: 959K->64K(960K), 0.0033866 secs] 174572K->174218K(524224K), 0.0034521 secs] [Times: user=0.00 sys=0.00, real=0.00 secs] 
22.070: [GC 22.070: [DefNew: 960K->63K(960K), 0.0031504 secs] 175115K->174775K(524224K), 0.0032100 secs] [Times: user=0.02 sys=0.00, real=0.00 secs] 
22.075: [GC 22.075: [DefNew: 959K->64K(960K), 0.0038226 secs] 175673K->175335K(524224K), 0.0038904 secs] [Times: user=0.00 sys=0.00, real=0.00 secs] 
22.080: [GC 22.080: [DefNew: 960K->64K(960K), 0.0030714 secs] 176232K->175920K(524224K), 0.0031316 secs] [Times: user=0.00 sys=0.00, real=0.00 secs] 
22.085: [GC 22.085: [DefNew: 960K->64K(960K), 0.0034694 secs] 176818K->176469K(524224K), 0.0035339 secs] [Times: user=0.02 sys=0.00, real=0.00 secs] 
22.091: [GC 22.091: [DefNew: 960K->63K(960K), 0.0033246 secs] 177366K->177041K(524224K), 0.0033963 secs] [Times: user=0.00 sys=0.00, real=0.00 secs] 
22.096: [GC 22.096: [DefNew: 959K->64K(960K), 0.0033246 secs] 177939K->177653K(524224K), 0.0033895 secs] [Times: user=0.00 sys=0.00, real=0.00 secs] 
22.100: [GC 22.101: [DefNew: 960K->63K(960K), 0.0035849 secs] 178551K->178217K(524224K), 0.0036479 secs] [Times: user=0.01 sys=0.00, real=0.00 secs] 
22.106: [GC 22.106: [DefNew: 959K->63K(960K), 0.0030176 secs] 179113K->178777K(524224K), 0.0030787 secs] [Times: user=0.00 sys=0.00, real=0.00 secs] 
22.111: [GC 22.111: [DefNew: 959K->64K(960K), 0.0031831 secs] 179674K->179324K(524224K), 0.0032485 secs] [Times: user=0.00 sys=0.00, real=0.00 secs] 
22.115: [GC 22.115: [DefNew: 960K->63K(960K), 0.0032735 secs] 180221K->179904K(524224K), 0.0033323 secs] [Times: user=0.02 sys=0.00, real=0.00 secs] 
22.121: [GC 22.121: [DefNew: 959K->64K(960K), 0.0031889 secs] 180800K->180447K(524224K), 0.0032533 secs] [Times: user=0.00 sys=0.00, real=0.00 secs] 
22.125: [GC 22.125: [DefNew: 960K->64K(960K), 0.0029940 secs] 181343K->180994K(524224K), 0.0030560 secs] [Times: user=0.00 sys=0.00, real=0.00 secs] 
22.130: [GC 22.130: [DefNew: 960K->63K(960K), 0.0037340 secs] 181890K->181577K(524224K), 0.0037956 secs] [Times: user=0.01 sys=0.00, real=0.00 secs] 
22.136: [GC 22.136: [DefNew: 959K->64K(960K), 0.0032894 secs] 182473K->182124K(524224K), 0.0033563 secs] [Times: user=0.00 sys=0.00, real=0.00 secs] 
22.140: [GC 22.140: [DefNew: 960K->64K(960K), 0.0033688 secs] 183022K->182681K(524224K), 0.0034391 secs] [Times: user=0.00 sys=0.00, real=0.00 secs] 
22.146: [GC 22.146: [DefNew: 960K->64K(960K), 0.0033226 secs] 183577K->183264K(524224K), 0.0033895 secs] [Times: user=0.00 sys=0.00, real=0.00 secs] 
22.152: [GC 22.152: [DefNew: 960K->64K(960K), 0.0032033 secs] 184161K->183884K(524224K), 0.0032654 secs] [Times: user=0.00 sys=0.00, real=0.00 secs] 
22.156: [GC 22.156: [DefNew: 960K->64K(960K), 0.0032019 secs] 184780K->184428K(524224K), 0.0032673 secs] [Times: user=0.00 sys=0.00, real=0.00 secs] 
22.160: [GC 22.160: [DefNew: 960K->64K(960K), 0.0032909 secs] 185325K->184975K(524224K), 0.0033529 secs] [Times: user=0.00 sys=0.00, real=0.00 secs] 
22.166: [GC 22.166: [DefNew: 960K->63K(960K), 0.0031956 secs] 185872K->185530K(524224K), 0.0032774 secs] [Times: user=0.00 sys=0.00, real=0.00 secs] 
22.171: [GC 22.171: [DefNew: 959K->64K(960K), 0.0031802 secs] 186427K->186082K(524224K), 0.0032423 secs] [Times: user=0.00 sys=0.00, real=0.00 secs] 
22.175: [GC 22.175: [DefNew: 960K->63K(960K), 0.0031061 secs] 186980K->186620K(524224K), 0.0031677 secs] [Times: user=0.00 sys=0.00, real=0.00 secs] 
22.180: [GC 22.180: [DefNew: 959K->63K(960K), 0.0031720 secs] 187516K->187170K(524224K), 0.0032360 secs] [Times: user=0.02 sys=0.00, real=0.00 secs] 
22.184: [GC 22.184: [DefNew: 959K->64K(960K), 0.0031475 secs] 188066K->187709K(524224K), 0.0032115 secs] [Times: user=0.00 sys=0.00, real=0.00 secs] 
22.189: [GC 22.189: [DefNew: 960K->63K(960K), 0.0033072 secs] 188605K->188261K(524224K), 0.0033823 secs] [Times: user=0.00 sys=0.00, real=0.00 secs] 
22.195: [GC 22.195: [DefNew: 959K->63K(960K), 0.0033173 secs] 189157K->188843K(524224K), 0.0033842 secs] [Times: user=0.02 sys=0.00, real=0.00 secs] 
22.200: [GC 22.200: [DefNew: 959K->63K(960K), 0.0035762 secs] 189739K->189433K(524224K), 0.0036426 secs] [Times: user=0.00 sys=0.00, real=0.00 secs] 
22.206: [GC 22.206: [DefNew: 959K->63K(960K), 0.0032293 secs] 190329K->189990K(524224K), 0.0032889 secs] [Times: user=0.00 sys=0.00, real=0.00 secs] 
22.210: [GC 22.210: [DefNew: 959K->64K(960K), 0.0033144 secs] 190887K->190571K(524224K), 0.0033861 secs] [Times: user=0.01 sys=0.00, real=0.00 secs] 
22.215: [GC 22.215: [DefNew: 960K->64K(960K), 0.0033433 secs] 191469K->191109K(524224K), 0.0034068 secs] [Times: user=0.00 sys=0.00, real=0.00 secs] 
22.219: [GC 22.219: [DefNew: 960K->64K(960K), 0.0030079 secs] 192006K->191647K(524224K), 0.0030719 secs] [Times: user=0.00 sys=0.00, real=0.00 secs] 
22.224: [GC 22.224: [DefNew: 960K->64K(960K), 0.0031114 secs] 192544K->192181K(524224K), 0.0031759 secs] [Times: user=0.02 sys=0.00, real=0.00 secs] 
22.229: [GC 22.229: [DefNew: 960K->64K(960K), 0.0030714 secs] 193079K->192739K(524224K), 0.0031345 secs] [Times: user=0.00 sys=0.00, real=0.00 secs] 
22.233: [GC 22.234: [DefNew: 960K->63K(960K), 0.0030469 secs] 193635K->193280K(524224K), 0.0031075 secs] [Times: user=0.00 sys=0.00, real=0.00 secs] 
22.238: [GC 22.238: [DefNew: 959K->63K(960K), 0.0035122 secs] 194177K->193838K(524224K), 0.0035815 secs] [Times: user=0.00 sys=0.00, real=0.00 secs] 
22.244: [GC 22.244: [DefNew: 959K->63K(960K), 0.0037138 secs] 194735K->194457K(524224K), 0.0037826 secs] [Times: user=0.00 sys=0.00, real=0.00 secs] 
22.249: [GC 22.249: [DefNew: 959K->64K(960K), 0.0033717 secs] 195354K->195027K(524224K), 0.0034362 secs] [Times: user=0.00 sys=0.00, real=0.00 secs] 
22.253: [GC 22.253: [DefNew: 960K->63K(960K), 0.0033173 secs] 195924K->195585K(524224K), 0.0033905 secs] [Times: user=0.00 sys=0.00, real=0.00 secs] 
22.258: [GC 22.258: [DefNew: 959K->64K(960K), 0.0041065 secs] 196482K->196138K(524224K), 0.0041825 secs] [Times: user=0.00 sys=0.00, real=0.00 secs] 
22.264: [GC 22.264: [DefNew: 960K->63K(960K), 0.0035223 secs] 197035K->196815K(524224K), 0.0035921 secs] [Times: user=0.00 sys=0.00, real=0.00 secs] 
22.269: [GC 22.269: [DefNew: 959K->63K(960K), 0.0036301 secs] 197712K->197411K(524224K), 0.0036960 secs] [Times: user=0.00 sys=0.00, real=0.00 secs] 
22.275: [GC 22.275: [DefNew: 959K->64K(960K), 0.0032692 secs] 198309K->197978K(524224K), 0.0033332 secs] [Times: user=0.00 sys=0.00, real=0.00 secs] 
22.279: [GC 22.279: [DefNew: 960K->64K(960K), 0.0035233 secs] 198875K->198611K(524224K), 0.0035902 secs] [Times: user=0.00 sys=0.00, real=0.00 secs] 
22.285: [GC 22.285: [DefNew: 960K->64K(960K), 0.0035955 secs] 199507K->199200K(524224K), 0.0036643 secs] [Times: user=0.00 sys=0.00, real=0.00 secs] 
22.290: [GC 22.290: [DefNew: 960K->63K(960K), 0.0034088 secs] 200097K->199769K(524224K), 0.0034805 secs] [Times: user=0.00 sys=0.00, real=0.00 secs] 
22.296: [GC 22.296: [DefNew: 959K->63K(960K), 0.0033005 secs] 200665K->200362K(524224K), 0.0033631 secs] [Times: user=0.00 sys=0.00, real=0.00 secs] 
22.301: [GC 22.301: [DefNew: 959K->63K(960K), 0.0031624 secs] 201258K->200914K(524224K), 0.0032206 secs] [Times: user=0.00 sys=0.00, real=0.00 secs] 
22.305: [GC 22.305: [DefNew: 959K->64K(960K), 0.0037100 secs] 201811K->201487K(524224K), 0.0037918 secs] [Times: user=0.00 sys=0.00, real=0.00 secs] 
22.311: [GC 22.311: [DefNew: 960K->64K(960K), 0.0041676 secs] 202384K->202183K(524224K), 0.0042422 secs] [Times: user=0.00 sys=0.00, real=0.00 secs] 
22.316: [GC 22.316: [DefNew: 960K->63K(960K), 0.0034242 secs] 203080K->202765K(524224K), 0.0034882 secs] [Times: user=0.00 sys=0.00, real=0.00 secs] 
22.321: [GC 22.321: [DefNew: 959K->64K(960K), 0.0033260 secs] 203663K->203307K(524224K), 0.0033900 secs] [Times: user=0.00 sys=0.00, real=0.00 secs] 
22.325: [GC 22.326: [DefNew: 960K->64K(960K), 0.0033905 secs] 204203K->203846K(524224K), 0.0034627 secs] [Times: user=0.00 sys=0.00, real=0.00 secs] 
22.330: [GC 22.330: [DefNew: 960K->64K(960K), 0.0032909 secs] 204742K->204429K(524224K), 0.0033558 secs] [Times: user=0.00 sys=0.00, real=0.00 secs] 
22.335: [GC 22.335: [DefNew: 960K->64K(960K), 0.0034631 secs] 205327K->205007K(524224K), 0.0035348 secs] [Times: user=0.02 sys=0.00, real=0.00 secs] 
22.340: [GC 22.340: [DefNew: 960K->63K(960K), 0.0043197 secs] 205904K->205593K(524224K), 0.0043899 secs] [Times: user=0.00 sys=0.00, real=0.00 secs] 
22.346: [GC 22.346: [DefNew: 959K->63K(960K), 0.0033510 secs] 206491K->206174K(524224K), 0.0034237 secs] [Times: user=0.00 sys=0.00, real=0.00 secs] 
22.351: [GC 22.352: [DefNew: 959K->63K(960K), 0.0036070 secs] 207071K->206776K(524224K), 0.0036753 secs] [Times: user=0.02 sys=0.00, real=0.00 secs] 
22.357: [GC 22.357: [DefNew: 959K->63K(960K), 0.0036412 secs] 207673K->207412K(524224K), 0.0037129 secs] [Times: user=0.00 sys=0.00, real=0.00 secs] 
22.363: [GC 22.363: [DefNew: 959K->63K(960K), 0.0034853 secs] 208309K->207979K(524224K), 0.0035536 secs] [Times: user=0.00 sys=0.00, real=0.00 secs] 
22.368: [GC 22.368: [DefNew: 959K->64K(960K), 0.0032480 secs] 208876K->208536K(524224K), 0.0033116 secs] [Times: user=0.00 sys=0.00, real=0.00 secs] 
22.373: [GC 22.373: [DefNew: 960K->63K(960K), 0.0031114 secs] 209432K->209068K(524224K), 0.0031725 secs] [Times: user=0.00 sys=0.00, real=0.00 secs] 
22.377: [GC 22.377: [DefNew: 959K->63K(960K), 0.0028588 secs] 209964K->209588K(524224K), 0.0029146 secs] [Times: user=0.00 sys=0.00, real=0.00 secs] 
22.382: [GC 22.382: [DefNew: 959K->64K(960K), 0.0030763 secs] 210485K->210111K(524224K), 0.0031350 secs] [Times: user=0.01 sys=0.00, real=0.00 secs] 
22.387: [GC 22.387: [DefNew: 960K->63K(960K), 0.0033169 secs] 211008K->210680K(524224K), 0.0033857 secs] [Times: user=0.00 sys=0.00, real=0.00 secs] 
22.391: [GC 22.391: [DefNew: 959K->64K(960K), 0.0039641 secs] 211576K->211240K(524224K), 0.0040334 secs] [Times: user=0.00 sys=0.00, real=0.00 secs] 
22.397: [GC 22.397: [DefNew: 960K->64K(960K), 0.0033063 secs] 212138K->211807K(524224K), 0.0033751 secs] [Times: user=0.02 sys=0.00, real=0.00 secs] 
22.401: [GC 22.401: [DefNew: 960K->63K(960K), 0.0031927 secs] 212704K->212380K(524224K), 0.0032630 secs] [Times: user=0.00 sys=0.00, real=0.00 secs] 
22.406: [GC 22.406: [DefNew: 959K->63K(960K), 0.0032827 secs] 213277K->212922K(524224K), 0.0033491 secs] [Times: user=0.00 sys=0.00, real=0.00 secs] 
22.412: [GC 22.412: [DefNew: 959K->64K(960K), 0.0033241 secs] 213818K->213492K(524224K), 0.0033914 secs] [Times: user=0.01 sys=0.00, real=0.00 secs] 
22.416: [GC 22.416: [DefNew: 960K->64K(960K), 0.0032981 secs] 214388K->214032K(524224K), 0.0033717 secs] [Times: user=0.00 sys=0.00, real=0.00 secs] 
22.421: [GC 22.421: [DefNew: 960K->64K(960K), 0.0031763 secs] 214929K->214655K(524224K), 0.0032423 secs] [Times: user=0.00 sys=0.00, real=0.00 secs] 
22.425: [GC 22.425: [DefNew: 960K->63K(960K), 0.0035459 secs] 215553K->215249K(524224K), 0.0036162 secs] [Times: user=0.00 sys=0.00, real=0.00 secs] 
22.431: [GC 22.431: [DefNew: 959K->63K(960K), 0.0036590 secs] 216147K->215815K(524224K), 0.0037244 secs] [Times: user=0.00 sys=0.00, real=0.00 secs] 
22.436: [GC 22.437: [DefNew: 959K->64K(960K), 0.0038986 secs] 216712K->216388K(524224K), 0.0039852 secs] [Times: user=0.00 sys=0.00, real=0.00 secs] 
22.442: [GC 22.442: [DefNew: 960K->63K(960K), 0.0046656 secs] 217286K->217077K(524224K), 0.0047354 secs] [Times: user=0.02 sys=0.00, real=0.00 secs] 
22.449: [GC 22.449: [DefNew: 959K->64K(960K), 0.0035295 secs] 217974K->217646K(524224K), 0.0035984 secs] [Times: user=0.00 sys=0.00, real=0.00 secs] 
22.454: [GC 22.454: [DefNew: 960K->63K(960K), 0.0032225 secs] 218543K->218189K(524224K), 0.0032841 secs] [Times: user=0.00 sys=0.00, real=0.00 secs] 
22.459: [GC 22.459: [DefNew: 959K->63K(960K), 0.0034174 secs] 219086K->218778K(524224K), 0.0034906 secs] [Times: user=0.02 sys=0.00, real=0.00 secs] 
22.464: [GC 22.464: [DefNew: 959K->63K(960K), 0.0033789 secs] 219675K->219351K(524224K), 0.0034376 secs] [Times: user=0.00 sys=0.00, real=0.00 secs] 
22.470: [GC 22.470: [DefNew: 959K->64K(960K), 0.0034603 secs] 220248K->219907K(524224K), 0.0035300 secs] [Times: user=0.00 sys=0.00, real=0.00 secs] 
22.475: [GC 22.476: [DefNew: 960K->63K(960K), 0.0033655 secs] 220804K->220496K(524224K), 0.0034343 secs] [Times: user=0.02 sys=0.00, real=0.00 secs] 
22.480: [GC 22.480: [DefNew: 959K->63K(960K), 0.0033183 secs] 221393K->221042K(524224K), 0.0033842 secs] [Times: user=0.00 sys=0.00, real=0.00 secs] 
22.485: [GC 22.486: [DefNew: 959K->63K(960K), 0.0034997 secs] 221939K->221616K(524224K), 0.0035911 secs] [Times: user=0.00 sys=0.00, real=0.00 secs] 
22.491: [GC 22.491: [DefNew: 959K->64K(960K), 0.0036590 secs] 222514K->222189K(524224K), 0.0037369 secs] [Times: user=0.02 sys=0.00, real=0.00 secs] 
22.497: [GC 22.497: [DefNew: 960K->64K(960K), 0.0035714 secs] 223086K->222821K(524224K), 0.0036421 secs] [Times: user=0.00 sys=0.00, real=0.00 secs] 
22.502: [GC 22.502: [DefNew: 960K->64K(960K), 0.0034737 secs] 223717K->223408K(524224K), 0.0035430 secs] [Times: user=0.00 sys=0.00, real=0.00 secs] 
22.508: [GC 22.508: [DefNew: 960K->63K(960K), 0.0039708 secs] 224304K->224074K(524224K), 0.0040444 secs] [Times: user=0.02 sys=0.00, real=0.00 secs] 
22.513: [GC 22.513: [DefNew: 959K->64K(960K), 0.0039905 secs] 224970K->224810K(524224K), 0.0040752 secs] [Times: user=0.00 sys=0.00, real=0.00 secs] 
22.519: [GC 22.519: [DefNew: 960K->63K(960K), 0.0037870 secs] 225707K->225405K(524224K), 0.0038481 secs] [Times: user=0.00 sys=0.00, real=0.00 secs] 
22.524: [GC 22.524: [DefNew: 959K->63K(960K), 0.0033125 secs] 226302K->225956K(524224K), 0.0033789 secs] [Times: user=0.00 sys=0.00, real=0.00 secs] 
22.529: [GC 22.529: [DefNew: 959K->63K(960K), 0.0032716 secs] 226853K->226511K(524224K), 0.0033366 secs] [Times: user=0.00 sys=0.00, real=0.00 secs] 
22.534: [GC 22.534: [DefNew: 959K->63K(960K), 0.0031037 secs] 227408K->227061K(524224K), 0.0031686 secs] [Times: user=0.00 sys=0.00, real=0.00 secs] 
22.538: [GC 22.538: [DefNew: 959K->63K(960K), 0.0031196 secs] 227958K->227621K(524224K), 0.0031807 secs] [Times: user=0.02 sys=0.00, real=0.00 secs] 
22.543: [GC 22.543: [DefNew: 959K->63K(960K), 0.0033039 secs] 228518K->228166K(524224K), 0.0033732 secs] [Times: user=0.00 sys=0.00, real=0.00 secs] 
22.547: [GC 22.548: [DefNew: 959K->63K(960K), 0.0033727 secs] 229064K->228769K(524224K), 0.0034400 secs] [Times: user=0.00 sys=0.00, real=0.00 secs] 
22.552: [GC 22.552: [DefNew: 959K->63K(960K), 0.0038308 secs] 229666K->229293K(524224K), 0.0038928 secs] [Times: user=0.02 sys=0.00, real=0.00 secs] 
22.557: [GC 22.557: [DefNew: 959K->63K(960K), 0.0037316 secs] 230191K->229885K(524224K), 0.0038072 secs] [Times: user=0.00 sys=0.00, real=0.00 secs] 
22.563: [GC 22.563: [DefNew: 959K->63K(960K), 0.0033953 secs] 230783K->230482K(524224K), 0.0034607 secs] [Times: user=0.00 sys=0.00, real=0.00 secs] 
22.569: [GC 22.569: [DefNew: 959K->63K(960K), 0.0037533 secs] 231378K->231040K(524224K), 0.0038207 secs] [Times: user=0.01 sys=0.00, real=0.00 secs] 
22.574: [GC 22.574: [DefNew: 959K->63K(960K), 0.0034675 secs] 231938K->231612K(524224K), 0.0035353 secs] [Times: user=0.00 sys=0.00, real=0.00 secs] 
22.580: [GC 22.580: [DefNew: 959K->63K(960K), 0.0033683 secs] 232508K->232175K(524224K), 0.0034357 secs] [Times: user=0.00 sys=0.00, real=0.00 secs] 
22.586: [GC 22.586: [DefNew: 959K->63K(960K), 0.0043173 secs] 233073K->232783K(524224K), 0.0043880 secs] [Times: user=0.02 sys=0.00, real=0.00 secs] 
22.592: [GC 22.592: [DefNew: 959K->63K(960K), 0.0038842 secs] 233679K->233387K(524224K), 0.0039544 secs] [Times: user=0.00 sys=0.00, real=0.00 secs] 
22.598: [GC 22.598: [DefNew: 959K->63K(960K), 0.0034737 secs] 234284K->233962K(524224K), 0.0035372 secs] [Times: user=0.00 sys=0.00, real=0.00 secs] 
22.603: [GC 22.603: [DefNew: 959K->64K(960K), 0.0035767 secs] 234859K->234543K(524224K), 0.0036484 secs] [Times: user=0.00 sys=0.00, real=0.00 secs] 
22.609: [GC 22.609: [DefNew: 960K->64K(960K), 0.0034728 secs] 235440K->235110K(524224K), 0.0035406 secs] [Times: user=0.00 sys=0.00, real=0.00 secs] 
22.614: [GC 22.615: [DefNew: 960K->64K(960K), 0.0035247 secs] 236008K->235663K(524224K), 0.0035935 secs] [Times: user=0.02 sys=0.00, real=0.00 secs] 
22.620: [GC 22.620: [DefNew: 960K->63K(960K), 0.0034126 secs] 236560K->236242K(524224K), 0.0034781 secs] [Times: user=0.00 sys=0.00, real=0.00 secs] 
22.626: [GC 22.626: [DefNew: 959K->63K(960K), 0.0034203 secs] 237139K->236820K(524224K), 0.0034872 secs] [Times: user=0.00 sys=0.00, real=0.00 secs] 
22.631: [GC 22.631: [DefNew: 959K->63K(960K), 0.0037211 secs] 237718K->237451K(524224K), 0.0038096 secs] [Times: user=0.02 sys=0.00, real=0.00 secs] 
22.637: [GC 22.637: [DefNew: 959K->64K(960K), 0.0039328 secs] 238350K->238049K(524224K), 0.0040088 secs] [Times: user=0.00 sys=0.00, real=0.00 secs] 
22.642: [GC 22.642: [DefNew: 960K->64K(960K), 0.0036527 secs] 238946K->238593K(524224K), 0.0037249 secs] [Times: user=0.00 sys=0.00, real=0.00 secs] 
22.648: [GC 22.648: [DefNew: 960K->63K(960K), 0.0036282 secs] 239491K->239190K(524224K), 0.0036980 secs] [Times: user=0.02 sys=0.00, real=0.00 secs] 
22.654: [GC 22.654: [DefNew: 959K->63K(960K), 0.0036436 secs] 240087K->239861K(524224K), 0.0037297 secs] [Times: user=0.00 sys=0.00, real=0.00 secs] 
22.659: [GC 22.659: [DefNew: 959K->63K(960K), 0.0038009 secs] 240758K->240463K(524224K), 0.0038717 secs] [Times: user=0.00 sys=0.00, real=0.00 secs] 
22.665: [GC 22.665: [DefNew: 959K->63K(960K), 0.0037528 secs] 241360K->241109K(524224K), 0.0039780 secs] [Times: user=0.00 sys=0.00, real=0.00 secs] 
22.670: [GC 22.670: [DefNew: 959K->64K(960K), 0.0040088 secs] 242007K->241708K(524224K), 0.0040925 secs] [Times: user=0.00 sys=0.00, real=0.00 secs] 
22.676: [GC 22.676: [DefNew: 960K->63K(960K), 0.0039193 secs] 242606K->242314K(524224K), 0.0039891 secs] [Times: user=0.02 sys=0.00, real=0.00 secs] 
22.681: [GC 22.681: [DefNew: 959K->63K(960K), 0.0036138 secs] 243211K->242891K(524224K), 0.0036777 secs] [Times: user=0.00 sys=0.00, real=0.00 secs] 
22.687: [GC 22.687: [DefNew: 959K->64K(960K), 0.0036354 secs] 243787K->243499K(524224K), 0.0037047 secs] [Times: user=0.00 sys=0.00, real=0.00 secs] 
22.692: [GC 22.692: [DefNew: 960K->63K(960K), 0.0036773 secs] 244397K->244077K(524224K), 0.0037413 secs] [Times: user=0.02 sys=0.00, real=0.00 secs] 
22.698: [GC 22.698: [DefNew: 959K->63K(960K), 0.0035411 secs] 244975K->244643K(524224K), 0.0036157 secs] [Times: user=0.00 sys=0.00, real=0.00 secs] 
22.703: [GC 22.704: [DefNew: 959K->63K(960K), 0.0036133 secs] 245541K->245235K(524224K), 0.0036792 secs] [Times: user=0.00 sys=0.00, real=0.00 secs] 
22.709: [GC 22.709: [DefNew: 959K->64K(960K), 0.0036417 secs] 246131K->245807K(524224K), 0.0037081 secs] [Times: user=0.02 sys=0.00, real=0.00 secs] 
22.714: [GC 22.714: [DefNew: 960K->63K(960K), 0.0033751 secs] 246704K->246366K(524224K), 0.0034376 secs] [Times: user=0.00 sys=0.00, real=0.00 secs] 
22.719: [GC 22.719: [DefNew: 959K->63K(960K), 0.0035021 secs] 247263K->246955K(524224K), 0.0035632 secs] [Times: user=0.00 sys=0.00, real=0.00 secs] 
22.725: [GC 22.725: [DefNew: 959K->63K(960K), 0.0036777 secs] 247854K->247518K(524224K), 0.0037427 secs] [Times: user=0.02 sys=0.00, real=0.00 secs] 
22.730: [GC 22.730: [DefNew: 959K->63K(960K), 0.0035777 secs] 248417K->248109K(524224K), 0.0036436 secs] [Times: user=0.00 sys=0.00, real=0.00 secs] 
22.736: [GC 22.736: [DefNew: 959K->63K(960K), 0.0035724 secs] 249007K->248664K(524224K), 0.0036412 secs] [Times: user=0.00 sys=0.00, real=0.00 secs] 
22.741: [GC 22.742: [DefNew: 959K->64K(960K), 0.0040598 secs] 249561K->249263K(524224K), 0.0041296 secs] [Times: user=0.01 sys=0.00, real=0.00 secs] 
22.747: [GC 22.747: [DefNew: 960K->64K(960K), 0.0034237 secs] 250160K->249849K(524224K), 0.0034920 secs] [Times: user=0.00 sys=0.00, real=0.00 secs] 
22.752: [GC 22.753: [DefNew: 960K->64K(960K), 0.0038125 secs] 250747K->250413K(524224K), 0.0038803 secs] [Times: user=0.00 sys=0.00, real=0.00 secs] 
22.758: [GC 22.758: [DefNew: 960K->63K(960K), 0.0041065 secs] 251310K->250997K(524224K), 0.0041835 secs] [Times: user=0.00 sys=0.00, real=0.00 secs] 
22.764: [GC 22.764: [DefNew: 959K->63K(960K), 0.0037875 secs] 251893K->251607K(524224K), 0.0038534 secs] [Times: user=0.00 sys=0.00, real=0.00 secs] 
22.769: [GC 22.769: [DefNew: 959K->63K(960K), 0.0036614 secs] 252504K->252203K(524224K), 0.0037259 secs] [Times: user=0.00 sys=0.00, real=0.00 secs] 
22.775: [GC 22.775: [DefNew: 959K->64K(960K), 0.0037485 secs] 253100K->252773K(524224K), 0.0038139 secs] [Times: user=0.00 sys=0.00, real=0.00 secs] 
22.780: [GC 22.780: [DefNew: 960K->64K(960K), 0.0037721 secs] 253671K->253397K(524224K), 0.0038332 secs] [Times: user=0.00 sys=0.00, real=0.00 secs] 
22.786: [GC 22.786: [DefNew: 960K->63K(960K), 0.0037403 secs] 254293K->253944K(524224K), 0.0038106 secs] [Times: user=0.01 sys=0.00, real=0.00 secs] 
22.792: [GC 22.792: [DefNew: 959K->63K(960K), 0.0036195 secs] 254841K->254542K(524224K), 0.0036931 secs] [Times: user=0.00 sys=0.00, real=0.00 secs] 
22.797: [GC 22.797: [DefNew: 959K->64K(960K), 0.0037456 secs] 255440K->255129K(524224K), 0.0038168 secs] [Times: user=0.00 sys=0.00, real=0.00 secs] 
22.803: [GC 22.803: [DefNew: 960K->64K(960K), 0.0041734 secs] 256026K->255677K(524224K), 0.0042398 secs] [Times: user=0.02 sys=0.00, real=0.00 secs] 
22.810: [GC 22.810: [DefNew: 960K->63K(960K), 0.0037567 secs] 256574K->256306K(524224K), 0.0038250 secs] [Times: user=0.00 sys=0.00, real=0.00 secs] 
22.816: [GC 22.816: [DefNew: 959K->64K(960K), 0.0037851 secs] 257203K->256875K(524224K), 0.0038529 secs] [Times: user=0.00 sys=0.00, real=0.00 secs] 
22.821: [GC 22.822: [DefNew: 960K->64K(960K), 0.0035377 secs] 257771K->257470K(524224K), 0.0036022 secs] [Times: user=0.00 sys=0.00, real=0.00 secs] 
22.827: [GC 22.827: [DefNew: 960K->63K(960K), 0.0035868 secs] 258366K->258058K(524224K), 0.0036489 secs] [Times: user=0.00 sys=0.00, real=0.00 secs] 
22.833: [GC 22.833: [DefNew: 959K->63K(960K), 0.0039241 secs] 258955K->258638K(524224K), 0.0039910 secs] [Times: user=0.02 sys=0.00, real=0.00 secs] 
22.838: [GC 22.838: [DefNew: 959K->64K(960K), 0.0039337 secs] 259535K->259252K(524224K), 0.0040011 secs] [Times: user=0.00 sys=0.00, real=0.00 secs] 
22.844: [GC 22.844: [DefNew: 960K->64K(960K), 0.0037283 secs] 260149K->259863K(524224K), 0.0037961 secs] [Times: user=0.00 sys=0.00, real=0.00 secs] 
22.849: [GC 22.849: [DefNew: 960K->63K(960K), 0.0036753 secs] 260759K->260461K(524224K), 0.0037403 secs] [Times: user=0.02 sys=0.00, real=0.00 secs] 
22.855: [GC 22.855: [DefNew: 959K->64K(960K), 0.0034699 secs] 261359K->261040K(524224K), 0.0035396 secs] [Times: user=0.00 sys=0.00, real=0.00 secs] 
22.860: [GC 22.860: [DefNew: 960K->63K(960K), 0.0036556 secs] 261937K->261640K(524224K), 0.0037162 secs] [Times: user=0.00 sys=0.00, real=0.00 secs] 
22.866: [GC 22.866: [DefNew: 959K->64K(960K), 0.0045059 secs] 262536K->262206K(524224K), 0.0045757 secs] [Times: user=0.02 sys=0.00, real=0.00 secs] 
22.873: [GC 22.873: [DefNew: 960K->64K(960K), 0.0034718 secs] 263102K->262775K(524224K), 0.0035377 secs] [Times: user=0.00 sys=0.00, real=0.00 secs] 
22.878: [GC 22.878: [DefNew: 960K->63K(960K), 0.0036311 secs] 263673K->263416K(524224K), 0.0036927 secs] [Times: user=0.00 sys=0.00, real=0.00 secs] 
22.884: [GC 22.884: [DefNew: 959K->63K(960K), 0.0038308 secs] 264313K->263982K(524224K), 0.0038986 secs] [Times: user=0.00 sys=0.00, real=0.00 secs] 
22.889: [GC 22.889: [DefNew: 959K->63K(960K), 0.0040204 secs] 264880K->264569K(524224K), 0.0040921 secs] [Times: user=0.00 sys=0.00, real=0.00 secs] 
22.896: [GC 22.896: [DefNew: 959K->64K(960K), 0.0041060 secs] 265466K->265214K(524224K), 0.0041753 secs] [Times: user=0.02 sys=0.00, real=0.00 secs] 
22.902: [GC 22.902: [DefNew: 960K->63K(960K), 0.0037052 secs] 266110K->265801K(524224K), 0.0037692 secs] [Times: user=0.00 sys=0.00, real=0.00 secs] 
22.907: [GC 22.907: [DefNew: 959K->64K(960K), 0.0034699 secs] 266698K->266391K(524224K), 0.0035310 secs] [Times: user=0.00 sys=0.00, real=0.00 secs] 
22.913: [GC 22.913: [DefNew: 960K->64K(960K), 0.0039727 secs] 267288K->266975K(524224K), 0.0040699 secs] [Times: user=0.02 sys=0.00, real=0.00 secs] 
22.918: [GC 22.918: [DefNew: 960K->64K(960K), 0.0036686 secs] 267871K->267568K(524224K), 0.0037307 secs] [Times: user=0.00 sys=0.00, real=0.00 secs] 
22.924: [GC 22.924: [DefNew: 960K->63K(960K), 0.0036109 secs] 268466K->268141K(524224K), 0.0036739 secs] [Times: user=0.00 sys=0.00, real=0.00 secs] 
22.929: [GC 22.929: [DefNew: 959K->64K(960K), 0.0038110 secs] 269038K->268736K(524224K), 0.0038789 secs] [Times: user=0.00 sys=0.00, real=0.00 secs] 
22.935: [GC 22.935: [DefNew: 960K->63K(960K), 0.0034665 secs] 269633K->269297K(524224K), 0.0035271 secs] [Times: user=0.00 sys=0.00, real=0.00 secs] 
22.941: [GC 22.941: [DefNew: 959K->64K(960K), 0.0039063 secs] 270194K->269889K(524224K), 0.0039790 secs] [Times: user=0.00 sys=0.00, real=0.00 secs] 
22.946: [GC 22.946: [DefNew: 960K->64K(960K), 0.0035984 secs] 270786K->270473K(524224K), 0.0036624 secs] [Times: user=0.00 sys=0.00, real=0.00 secs] 
22.952: [GC 22.952: [DefNew: 960K->63K(960K), 0.0037624 secs] 271370K->271085K(524224K), 0.0038236 secs] [Times: user=0.00 sys=0.00, real=0.00 secs] 
22.957: [GC 22.957: [DefNew: 959K->64K(960K), 0.0038539 secs] 271983K->271676K(524224K), 0.0039179 secs] [Times: user=0.01 sys=0.00, real=0.00 secs] 
22.963: [GC 22.963: [DefNew: 960K->64K(960K), 0.0037206 secs] 272573K->272231K(524224K), 0.0037802 secs] [Times: user=0.00 sys=0.00, real=0.00 secs] 
22.968: [GC 22.968: [DefNew: 960K->64K(960K), 0.0035858 secs] 273127K->272831K(524224K), 0.0036460 secs] [Times: user=0.00 sys=0.00, real=0.00 secs] 
22.974: [GC 22.974: [DefNew: 960K->64K(960K), 0.0035878 secs] 273727K->273428K(524224K), 0.0036503 secs] [Times: user=0.02 sys=0.00, real=0.00 secs] 
22.979: [GC 22.979: [DefNew: 960K->63K(960K), 0.0039578 secs] 274324K->274018K(524224K), 0.0040155 secs] [Times: user=0.00 sys=0.00, real=0.00 secs] 
22.985: [GC 22.985: [DefNew: 959K->63K(960K), 0.0037442 secs] 274916K->274609K(524224K), 0.0038134 secs] [Times: user=0.00 sys=0.00, real=0.00 secs] 
22.991: [GC 22.991: [DefNew: 959K->64K(960K), 0.0040747 secs] 275505K->275180K(524224K), 0.0041455 secs] [Times: user=0.01 sys=0.00, real=0.00 secs] 
22.997: [GC 22.997: [DefNew: 960K->63K(960K), 0.0039193 secs] 276077K->275772K(524224K), 0.0039722 secs] [Times: user=0.00 sys=0.00, real=0.00 secs] 
23.003: [GC 23.003: [DefNew: 959K->63K(960K), 0.0038534 secs] 276670K->276388K(524224K), 0.0039188 secs] [Times: user=0.00 sys=0.00, real=0.00 secs] 
23.008: [GC 23.008: [DefNew: 959K->64K(960K), 0.0040410 secs] 277286K->276973K(524224K), 0.0041099 secs] [Times: user=0.00 sys=0.00, real=0.00 secs] 
23.014: [GC 23.014: [DefNew: 960K->64K(960K), 0.0038582 secs] 277870K->277574K(524224K), 0.0039198 secs] [Times: user=0.00 sys=0.00, real=0.00 secs] 
23.019: [GC 23.020: [DefNew: 960K->64K(960K), 0.0039246 secs] 278471K->278169K(524224K), 0.0039920 secs] [Times: user=0.02 sys=0.00, real=0.00 secs] 
23.026: [GC 23.026: [DefNew: 960K->63K(960K), 0.0038139 secs] 279065K->278780K(524224K), 0.0038784 secs] [Times: user=0.00 sys=0.00, real=0.00 secs] 
23.032: [GC 23.032: [DefNew: 959K->63K(960K), 0.0036316 secs] 279678K->279349K(524224K), 0.0037023 secs] [Times: user=0.00 sys=0.00, real=0.00 secs] 
23.037: [GC 23.037: [DefNew: 959K->64K(960K), 0.0043538 secs] 280246K->279932K(524224K), 0.0044188 secs] [Times: user=0.02 sys=0.00, real=0.00 secs] 
23.043: [GC 23.043: [DefNew: 960K->64K(960K), 0.0038154 secs] 280829K->280480K(524224K), 0.0038799 secs] [Times: user=0.00 sys=0.00, real=0.00 secs] 
23.048: [GC 23.048: [DefNew: 960K->63K(960K), 0.0036965 secs] 281377K->281082K(524224K), 0.0037624 secs] [Times: user=0.00 sys=0.00, real=0.00 secs] 
23.054: [GC 23.054: [DefNew: 959K->64K(960K), 0.0040632 secs] 281980K->281656K(524224K), 0.0041310 secs] [Times: user=0.02 sys=0.00, real=0.00 secs] 
23.059: [GC 23.060: [DefNew: 960K->64K(960K), 0.0040901 secs] 282554K->282279K(524224K), 0.0041652 secs] [Times: user=0.00 sys=0.00, real=0.00 secs] 
23.065: [GC 23.065: [DefNew: 960K->64K(960K), 0.0039429 secs] 283176K->282904K(524224K), 0.0040069 secs] [Times: user=0.02 sys=0.00, real=0.00 secs] 
23.071: [GC 23.071: [DefNew: 960K->63K(960K), 0.0041806 secs] 283801K->283514K(524224K), 0.0042595 secs] [Times: user=0.00 sys=0.00, real=0.00 secs] 
23.076: [GC 23.076: [DefNew: 959K->64K(960K), 0.0038337 secs] 284412K->284127K(524224K), 0.0038996 secs] [Times: user=0.00 sys=0.00, real=0.00 secs] 
23.082: [GC 23.082: [DefNew: 960K->64K(960K), 0.0039607 secs] 285025K->284688K(524224K), 0.0040386 secs] [Times: user=0.01 sys=0.00, real=0.00 secs] 
23.087: [GC 23.087: [DefNew: 960K->63K(960K), 0.0036176 secs] 285584K->285285K(524224K), 0.0036826 secs] [Times: user=0.00 sys=0.00, real=0.00 secs] 
23.093: [GC 23.093: [DefNew: 959K->63K(960K), 0.0041238 secs] 286181K->285902K(524224K), 0.0041926 secs] [Times: user=0.00 sys=0.00, real=0.00 secs] 
23.099: [GC 23.099: [DefNew: 959K->64K(960K), 0.0045295 secs] 286800K->286534K(524224K), 0.0045959 secs] [Times: user=0.02 sys=0.00, real=0.00 secs] 
23.105: [GC 23.105: [DefNew: 960K->63K(960K), 0.0040098 secs] 287430K->287150K(524224K), 0.0040752 secs] [Times: user=0.00 sys=0.00, real=0.00 secs] 
23.111: [GC 23.111: [DefNew: 959K->64K(960K), 0.0037307 secs] 288047K->287726K(524224K), 0.0037913 secs] [Times: user=0.00 sys=0.00, real=0.00 secs] 
23.117: [GC 23.117: [DefNew: 960K->63K(960K), 0.0036142 secs] 288622K->288292K(524224K), 0.0036773 secs] [Times: user=0.00 sys=0.00, real=0.00 secs] 
23.122: [GC 23.122: [DefNew: 959K->63K(960K), 0.0036580 secs] 289188K->288864K(524224K), 0.0037230 secs] [Times: user=0.00 sys=0.00, real=0.00 secs] 
23.127: [GC 23.127: [DefNew: 959K->64K(960K), 0.0036320 secs] 289761K->289452K(524224K), 0.0036917 secs] [Times: user=0.00 sys=0.00, real=0.00 secs] 
23.135: [GC 23.135: [DefNew: 960K->64K(960K), 0.0036412 secs] 290350K->290026K(524224K), 0.0037061 secs] [Times: user=0.00 sys=0.00, real=0.00 secs] 
23.140: [GC 23.141: [DefNew: 960K->64K(960K), 0.0039251 secs] 290924K->290587K(524224K), 0.0040059 secs] [Times: user=0.00 sys=0.00, real=0.00 secs] 
23.146: [GC 23.146: [DefNew: 960K->63K(960K), 0.0039073 secs] 291484K->291232K(524224K), 0.0039708 secs] [Times: user=0.02 sys=0.00, real=0.00 secs] 
23.152: [GC 23.152: [DefNew: 959K->64K(960K), 0.0039612 secs] 292128K->291829K(524224K), 0.0040285 secs] [Times: user=0.00 sys=0.00, real=0.00 secs] 
23.157: [GC 23.157: [DefNew: 960K->63K(960K), 0.0037793 secs] 292726K->292451K(524224K), 0.0038414 secs] [Times: user=0.00 sys=0.00, real=0.00 secs] 
23.163: [GC 23.163: [DefNew: 959K->63K(960K), 0.0036527 secs] 293349K->293029K(524224K), 0.0037119 secs] [Times: user=0.01 sys=0.00, real=0.00 secs] 
23.169: [GC 23.169: [DefNew: 959K->64K(960K), 0.0039005 secs] 293926K->293626K(524224K), 0.0039641 secs] [Times: user=0.00 sys=0.00, real=0.00 secs] 
23.174: [GC 23.174: [DefNew: 960K->63K(960K), 0.0043928 secs] 294524K->294217K(524224K), 0.0044611 secs] [Times: user=0.00 sys=0.00, real=0.00 secs] 
23.181: [GC 23.181: [DefNew: 959K->64K(960K), 0.0040122 secs] 295114K->294807K(524224K), 0.0040781 secs] [Times: user=0.00 sys=0.00, real=0.00 secs] 
23.187: [GC 23.187: [DefNew: 960K->64K(960K), 0.0040117 secs] 295704K->295399K(524224K), 0.0040752 secs] [Times: user=0.00 sys=0.00, real=0.00 secs] 
23.193: [GC 23.193: [DefNew: 960K->63K(960K), 0.0038337 secs] 296296K->296009K(524224K), 0.0038972 secs] [Times: user=0.02 sys=0.00, real=0.00 secs] 
23.198: [GC 23.198: [DefNew: 959K->64K(960K), 0.0038823 secs] 296906K->296601K(524224K), 0.0039472 secs] [Times: user=0.00 sys=0.00, real=0.00 secs] 
23.204: [GC 23.204: [DefNew: 960K->63K(960K), 0.0039212 secs] 297498K->297179K(524224K), 0.0039838 secs] [Times: user=0.00 sys=0.00, real=0.00 secs] 
23.210: [GC 23.210: [DefNew: 959K->64K(960K), 0.0039155 secs] 298077K->297757K(524224K), 0.0039761 secs] [Times: user=0.01 sys=0.00, real=0.00 secs] 
23.215: [GC 23.215: [DefNew: 960K->63K(960K), 0.0041306 secs] 298654K->298348K(524224K), 0.0041941 secs] [Times: user=0.00 sys=0.00, real=0.00 secs] 
23.221: [GC 23.221: [DefNew: 959K->63K(960K), 0.0039617 secs] 299244K->298931K(524224K), 0.0040232 secs] [Times: user=0.00 sys=0.00, real=0.00 secs] 
23.226: [GC 23.226: [DefNew: 959K->63K(960K), 0.0041060 secs] 299829K->299518K(524224K), 0.0041729 secs] [Times: user=0.00 sys=0.00, real=0.00 secs] 
23.232: [GC 23.232: [DefNew: 959K->64K(960K), 0.0038125 secs] 300415K->300093K(524224K), 0.0038770 secs] [Times: user=0.00 sys=0.00, real=0.00 secs] 
23.237: [GC 23.237: [DefNew: 960K->63K(960K), 0.0041628 secs] 300991K->300685K(524224K), 0.0042321 secs] [Times: user=0.02 sys=0.00, real=0.00 secs] 
23.243: [GC 23.243: [DefNew: 959K->63K(960K), 0.0043687 secs] 301581K->301305K(524224K), 0.0044400 secs] [Times: user=0.00 sys=0.00, real=0.00 secs] 
23.250: [GC 23.250: [DefNew: 959K->63K(960K), 0.0043678 secs] 302201K->301924K(524224K), 0.0044472 secs] [Times: user=0.00 sys=0.00, real=0.00 secs] 
23.263: [GC 23.263: [DefNew: 959K->63K(960K), 0.0047195 secs] 302820K->302517K(524224K), 0.0048018 secs] [Times: user=0.00 sys=0.00, real=0.00 secs] 
23.270: [GC 23.270: [DefNew: 959K->63K(960K), 0.0043625 secs] 303413K->303173K(524224K), 0.0044347 secs] [Times: user=0.02 sys=0.00, real=0.00 secs] 
23.275: [GC 23.275: [DefNew: 959K->64K(960K), 0.0041233 secs] 304070K->303758K(524224K), 0.0041984 secs] [Times: user=0.00 sys=0.00, real=0.00 secs] 
23.281: [GC 23.281: [DefNew: 960K->63K(960K), 0.0038996 secs] 304655K->304341K(524224K), 0.0039650 secs] [Times: user=0.00 sys=0.00, real=0.00 secs] 
23.286: [GC 23.286: [DefNew: 959K->63K(960K), 0.0040690 secs] 305238K->304946K(524224K), 0.0041334 secs] [Times: user=0.01 sys=0.00, real=0.00 secs] 
23.292: [GC 23.292: [DefNew: 959K->63K(960K), 0.0039405 secs] 305843K->305511K(524224K), 0.0040078 secs] [Times: user=0.00 sys=0.00, real=0.00 secs] 
23.297: [GC 23.297: [DefNew: 959K->64K(960K), 0.0039188 secs] 306409K->306131K(524224K), 0.0039823 secs] [Times: user=0.00 sys=0.00, real=0.00 secs] 
23.303: [GC 23.303: [DefNew: 960K->63K(960K), 0.0041835 secs] 307028K->306710K(524224K), 0.0042518 secs] [Times: user=0.00 sys=0.00, real=0.00 secs] 
23.308: [GC 23.309: [DefNew: 959K->64K(960K), 0.0059942 secs] 307606K->307435K(524224K), 0.0060673 secs] [Times: user=0.00 sys=0.00, real=0.01 secs] 
23.316: [GC 23.316: [DefNew: 960K->63K(960K), 0.0042816 secs] 308332K->308050K(524224K), 0.0043485 secs] [Times: user=0.02 sys=0.00, real=0.00 secs] 
23.322: [GC 23.322: [DefNew: 959K->63K(960K), 0.0039424 secs] 308947K->308628K(524224K), 0.0040088 secs] [Times: user=0.00 sys=0.00, real=0.00 secs] 
23.327: [GC 23.327: [DefNew: 959K->63K(960K), 0.0040435 secs] 309525K->309241K(524224K), 0.0041075 secs] [Times: user=0.00 sys=0.00, real=0.00 secs] 
23.333: [GC 23.333: [DefNew: 959K->64K(960K), 0.0039285 secs] 310139K->309835K(524224K), 0.0039953 secs] [Times: user=0.01 sys=0.00, real=0.00 secs] 
23.339: [GC 23.339: [DefNew: 960K->64K(960K), 0.0042263 secs] 310732K->310421K(524224K), 0.0043096 secs] [Times: user=0.00 sys=0.00, real=0.00 secs] 
23.345: [GC 23.345: [DefNew: 960K->63K(960K), 0.0041638 secs] 311318K->311093K(524224K), 0.0042345 secs] [Times: user=0.00 sys=0.00, real=0.00 secs] 
23.351: [GC 23.351: [DefNew: 959K->63K(960K), 0.0042037 secs] 311990K->311663K(524224K), 0.0042754 secs] [Times: user=0.00 sys=0.00, real=0.00 secs] 
23.356: [GC 23.356: [DefNew: 959K->64K(960K), 0.0039251 secs] 312560K->312294K(524224K), 0.0039915 secs] [Times: user=0.00 sys=0.00, real=0.00 secs] 
23.362: [GC 23.362: [DefNew: 960K->63K(960K), 0.0039641 secs] 313191K->312878K(524224K), 0.0040237 secs] [Times: user=0.00 sys=0.00, real=0.00 secs] 
23.368: [GC 23.368: [DefNew: 959K->64K(960K), 0.0039429 secs] 313774K->313459K(524224K), 0.0040083 secs] [Times: user=0.00 sys=0.00, real=0.00 secs] 
23.373: [GC 23.373: [DefNew: 960K->63K(960K), 0.0039371 secs] 314357K->314024K(524224K), 0.0040050 secs] [Times: user=0.00 sys=0.00, real=0.00 secs] 
23.379: [GC 23.379: [DefNew: 959K->64K(960K), 0.0037340 secs] 314921K->314599K(524224K), 0.0038009 secs] [Times: user=0.02 sys=0.00, real=0.00 secs] 
23.384: [GC 23.384: [DefNew: 960K->63K(960K), 0.0042547 secs] 315496K->315202K(524224K), 0.0043274 secs] [Times: user=0.00 sys=0.00, real=0.00 secs] 
23.391: [GC 23.391: [DefNew: 959K->64K(960K), 0.0044717 secs] 316099K->315933K(524224K), 0.0045434 secs] [Times: user=0.00 sys=0.00, real=0.00 secs] 
23.398: [GC 23.398: [DefNew: 960K->63K(960K), 0.0042682 secs] 316830K->316538K(524224K), 0.0043351 secs] [Times: user=0.00 sys=0.00, real=0.00 secs] 
23.404: [GC 23.404: [DefNew: 959K->63K(960K), 0.0039819 secs] 317436K->317139K(524224K), 0.0040497 secs] [Times: user=0.00 sys=0.00, real=0.00 secs] 
23.409: [GC 23.410: [DefNew: 959K->64K(960K), 0.0042432 secs] 318037K->317750K(524224K), 0.0043168 secs] [Times: user=0.02 sys=0.00, real=0.00 secs] 
23.416: [GC 23.416: [DefNew: 960K->64K(960K), 0.0041801 secs] 318648K->318446K(524224K), 0.0042687 secs] [Times: user=0.00 sys=0.00, real=0.00 secs] 
23.423: [GC 23.423: [DefNew: 960K->63K(960K), 0.0043495 secs] 319343K->319121K(524224K), 0.0044376 secs] [Times: user=0.00 sys=0.00, real=0.00 secs] 
23.429: [GC 23.429: [DefNew: 959K->63K(960K), 0.0044043 secs] 320017K->319759K(524224K), 0.0044708 secs] [Times: user=0.00 sys=0.00, real=0.00 secs] 
23.436: [GC 23.436: [DefNew: 959K->63K(960K), 0.0047022 secs] 320656K->320396K(524224K), 0.0047917 secs] [Times: user=0.00 sys=0.00, real=0.00 secs] 
23.443: [GC 23.443: [DefNew: 959K->64K(960K), 0.0046397 secs] 321293K->321112K(524224K), 0.0047195 secs] [Times: user=0.01 sys=0.00, real=0.00 secs] 
23.449: [GC 23.449: [DefNew: 960K->63K(960K), 0.0044140 secs] 322008K->321742K(524224K), 0.0045439 secs] [Times: user=0.00 sys=0.00, real=0.00 secs] 
23.456: [GC 23.456: [DefNew: 959K->63K(960K), 0.0042109 secs] 322639K->322385K(524224K), 0.0042927 secs] [Times: user=0.02 sys=0.00, real=0.00 secs] 
23.461: [GC 23.461: [DefNew: 959K->63K(960K), 0.0041142 secs] 323282K->322997K(524224K), 0.0041767 secs] [Times: user=0.00 sys=0.00, real=0.00 secs] 
23.467: [GC 23.467: [DefNew: 959K->63K(960K), 0.0040560 secs] 323895K->323567K(524224K), 0.0041233 secs] [Times: user=0.00 sys=0.00, real=0.00 secs] 
23.472: [GC 23.472: [DefNew: 959K->64K(960K), 0.0040228 secs] 324463K->324162K(524224K), 0.0040882 secs] [Times: user=0.01 sys=0.00, real=0.00 secs] 
23.478: [GC 23.478: [DefNew: 960K->64K(960K), 0.0038539 secs] 325059K->324735K(524224K), 0.0039174 secs] [Times: user=0.00 sys=0.00, real=0.00 secs] 
23.483: [GC 23.483: [DefNew: 960K->64K(960K), 0.0041354 secs] 325633K->325352K(524224K), 0.0042008 secs] [Times: user=0.00 sys=0.00, real=0.00 secs] 
23.489: [GC 23.489: [DefNew: 960K->63K(960K), 0.0052310 secs] 326248K->325937K(524224K), 0.0053037 secs] [Times: user=0.02 sys=0.00, real=0.00 secs] 
23.495: [GC 23.495: [DefNew: 959K->63K(960K), 0.0041123 secs] 326834K->326535K(524224K), 0.0041796 secs] [Times: user=0.00 sys=0.00, real=0.00 secs] 
23.501: [GC 23.501: [DefNew: 959K->64K(960K), 0.0039400 secs] 327432K->327114K(524224K), 0.0040011 secs] [Times: user=0.00 sys=0.00, real=0.00 secs] 
23.507: [GC 23.507: [DefNew: 960K->63K(960K), 0.0043351 secs] 328011K->327730K(524224K), 0.0044024 secs] [Times: user=0.00 sys=0.00, real=0.00 secs] 
23.513: [GC 23.513: [DefNew: 959K->64K(960K), 0.0041532 secs] 328627K->328332K(524224K), 0.0042172 secs] [Times: user=0.00 sys=0.00, real=0.00 secs] 
23.519: [GC 23.519: [DefNew: 960K->63K(960K), 0.0040887 secs] 329230K->328907K(524224K), 0.0041561 secs] [Times: user=0.02 sys=0.00, real=0.00 secs] 
23.524: [GC 23.524: [DefNew: 959K->64K(960K), 0.0039746 secs] 329804K->329516K(524224K), 0.0040362 secs] [Times: user=0.00 sys=0.00, real=0.00 secs] 
23.530: [GC 23.530: [DefNew: 960K->63K(960K), 0.0042403 secs] 330413K->330110K(524224K), 0.0043129 secs] [Times: user=0.00 sys=0.00, real=0.00 secs] 
23.536: [GC 23.536: [DefNew: 959K->63K(960K), 0.0040983 secs] 331007K->330724K(524224K), 0.0041638 secs] [Times: user=0.01 sys=0.00, real=0.00 secs] 
23.541: [GC 23.541: [DefNew: 959K->64K(960K), 0.0042172 secs] 331622K->331315K(524224K), 0.0042816 secs] [Times: user=0.00 sys=0.00, real=0.00 secs] 
23.547: [GC 23.547: [DefNew: 960K->63K(960K), 0.0041565 secs] 332213K->331937K(524224K), 0.0042172 secs] [Times: user=0.00 sys=0.00, real=0.00 secs] 
23.552: [GC 23.552: [DefNew: 959K->64K(960K), 0.0044366 secs] 332834K->332542K(524224K), 0.0045117 secs] [Times: user=0.02 sys=0.00, real=0.00 secs] 
23.559: [GC 23.559: [DefNew: 960K->63K(960K), 0.0047879 secs] 333439K->333291K(524224K), 0.0048586 secs] [Times: user=0.00 sys=0.00, real=0.01 secs] 
23.566: [GC 23.566: [DefNew: 959K->64K(960K), 0.0048923 secs] 334188K->333972K(524224K), 0.0049779 secs] [Times: user=0.01 sys=0.00, real=0.01 secs] 
23.572: [GC 23.572: [DefNew: 960K->63K(960K), 0.0045035 secs] 334869K->334586K(524224K), 0.0045704 secs] [Times: user=0.00 sys=0.00, real=0.00 secs] 
23.579: [GC 23.579: [DefNew: 959K->64K(960K), 0.0045150 secs] 335482K->335216K(524224K), 0.0046493 secs] [Times: user=0.00 sys=0.00, real=0.01 secs] 
23.585: [GC 23.585: [DefNew: 960K->63K(960K), 0.0047609 secs] 336112K->335805K(524224K), 0.0048369 secs] [Times: user=0.00 sys=0.00, real=0.01 secs] 
23.592: [GC 23.592: [DefNew: 959K->64K(960K), 0.0044366 secs] 336702K->336414K(524224K), 0.0045073 secs] [Times: user=0.00 sys=0.00, real=0.00 secs] 
23.598: [GC 23.598: [DefNew: 960K->64K(960K), 0.0043991 secs] 337311K->337046K(524224K), 0.0044698 secs] [Times: user=0.02 sys=0.00, real=0.00 secs] 
23.605: [GC 23.605: [DefNew: 960K->63K(960K), 0.0042711 secs] 337943K->337676K(524224K), 0.0043466 secs] [Times: user=0.00 sys=0.00, real=0.00 secs] 
23.612: [GC 23.612: [DefNew: 959K->63K(960K), 0.0046180 secs] 338573K->338332K(524224K), 0.0046984 secs] [Times: user=0.02 sys=0.00, real=0.01 secs] 
23.618: [GC 23.618: [DefNew: 959K->64K(960K), 0.0045323 secs] 339229K->338946K(524224K), 0.0046045 secs] [Times: user=0.00 sys=0.00, real=0.01 secs] 
23.625: [GC 23.625: [DefNew: 960K->64K(960K), 0.0044173 secs] 339842K->339619K(524224K), 0.0044905 secs] [Times: user=0.00 sys=0.00, real=0.00 secs] 
23.631: [GC 23.631: [DefNew: 960K->64K(960K), 0.0054678 secs] 340516K->340248K(524224K), 0.0055578 secs] [Times: user=0.01 sys=0.00, real=0.01 secs] 
23.639: [GC 23.639: [DefNew: 960K->64K(960K), 0.0045386 secs] 341145K->340873K(524224K), 0.0046103 secs] [Times: user=0.00 sys=0.00, real=0.00 secs] 
23.646: [GC 23.646: [DefNew: 960K->64K(960K), 0.0041739 secs] 341769K->341512K(524224K), 0.0042417 secs] [Times: user=0.00 sys=0.00, real=0.00 secs] 
23.652: [GC 23.652: [DefNew: 960K->63K(960K), 0.0040820 secs] 342409K->342112K(524224K), 0.0041604 secs] [Times: user=0.00 sys=0.00, real=0.00 secs] 
23.658: [GC 23.658: [DefNew: 959K->64K(960K), 0.0043740 secs] 343008K->342774K(524224K), 0.0044626 secs] [Times: user=0.00 sys=0.00, real=0.00 secs] 
23.664: [GC 23.664: [DefNew: 960K->63K(960K), 0.0043177 secs] 343671K->343376K(524224K), 0.0043817 secs] [Times: user=0.00 sys=0.00, real=0.01 secs] 
23.671: [GC 23.671: [DefNew: 959K->64K(960K), 0.0045723 secs] 344273K->344049K(524224K), 0.0046652 secs] [Times: user=0.00 sys=0.00, real=0.01 secs] 
23.677: [GC 23.677: [DefNew: 960K->64K(960K), 0.0044943 secs] 344946K->344661K(524224K), 0.0045646 secs] [Times: user=0.02 sys=0.00, real=0.01 secs] 
23.684: [GC 23.684: [DefNew: 960K->63K(960K), 0.0045622 secs] 345558K->345322K(524224K), 0.0046950 secs] [Times: user=0.00 sys=0.00, real=0.01 secs] 
23.690: [GC 23.690: [DefNew: 959K->63K(960K), 0.0042576 secs] 346219K->345936K(524224K), 0.0043240 secs] [Times: user=0.02 sys=0.00, real=0.00 secs] 
23.697: [GC 23.697: [DefNew: 959K->63K(960K), 0.0043365 secs] 346834K->346547K(524224K), 0.0044178 secs] [Times: user=0.00 sys=0.00, real=0.00 secs] 
23.704: [GC 23.704: [DefNew: 959K->63K(960K), 0.0048302 secs] 347443K->347229K(524224K), 0.0049130 secs] [Times: user=0.00 sys=0.00, real=0.01 secs] 
23.710: [GC 23.710: [DefNew: 959K->64K(960K), 0.0046507 secs] 348126K->347840K(524224K), 0.0047287 secs] [Times: user=0.00 sys=0.00, real=0.01 secs] 
23.717: [GC 23.717: [DefNew: 960K->63K(960K), 0.0045925 secs] 348737K->348529K(524224K), 0.0046786 secs] [Times: user=0.00 sys=0.00, real=0.01 secs] 
23.723: [GC 23.723: [DefNew: 959K->63K(960K), 0.0047373 secs] 349427K->349127K(524224K), 0.0048244 secs] [Times: user=0.02 sys=0.00, real=0.01 secs] 
23.730: [GC 23.730: [DefNew: 959K->64K(960K), 0.0043909 secs] 350024K->349798K(524224K), 0.0044722 secs] [Times: user=0.00 sys=0.00, real=0.00 secs] 
23.736: [GC 23.737: [DefNew: 960K->64K(960K), 0.0052638 secs] 350695K->350456K(524224K), 0.0053504 secs] [Times: user=0.01 sys=0.00, real=0.01 secs] 
23.744: [GC 23.744: [DefNew: 960K->63K(960K), 0.0048384 secs] 351352K->351125K(524224K), 0.0049053 secs] [Times: user=0.00 sys=0.00, real=0.01 secs] 
23.750: [GC 23.750: [DefNew: 959K->64K(960K), 0.0043509 secs] 352022K->351727K(524224K), 0.0044149 secs] [Times: user=0.00 sys=0.00, real=0.00 secs] 
23.757: [GC 23.757: [DefNew: 960K->64K(960K), 0.0047142 secs] 352625K->352320K(524224K), 0.0048774 secs] [Times: user=0.00 sys=0.00, real=0.01 secs] 
23.763: [GC 23.763: [DefNew: 960K->63K(960K), 0.0041700 secs] 353218K->352942K(524224K), 0.0042321 secs] [Times: user=0.00 sys=0.00, real=0.00 secs] 
23.769: [GC 23.769: [DefNew: 959K->63K(960K), 0.0042687 secs] 353839K->353534K(524224K), 0.0043379 secs] [Times: user=0.02 sys=0.00, real=0.00 secs] 
23.776: [GC 23.776: [DefNew: 959K->63K(960K), 0.0043755 secs] 354430K->354197K(524224K), 0.0044419 secs] [Times: user=0.00 sys=0.00, real=0.00 secs] 
23.782: [GC 23.782: [DefNew: 959K->63K(960K), 0.0044010 secs] 355093K->354784K(524224K), 0.0044698 secs] [Times: user=0.00 sys=0.00, real=0.00 secs] 
23.789: [GC 23.789: [DefNew: 959K->63K(960K), 0.0046517 secs] 355682K->355391K(524224K), 0.0047219 secs] [Times: user=0.00 sys=0.00, real=0.01 secs] 
23.795: [GC 23.795: [DefNew: 959K->63K(960K), 0.0044505 secs] 356287K->356000K(524224K), 0.0045179 secs] [Times: user=0.00 sys=0.00, real=0.00 secs] 
23.802: [GC 23.802: [DefNew: 959K->64K(960K), 0.0041459 secs] 356898K->356591K(524224K), 0.0042114 secs] [Times: user=0.02 sys=0.00, real=0.00 secs] 
23.807: [GC 23.807: [DefNew: 960K->63K(960K), 0.0043865 secs] 357488K->357190K(524224K), 0.0044606 secs] [Times: user=0.00 sys=0.00, real=0.00 secs] 
23.814: [GC 23.814: [DefNew: 959K->64K(960K), 0.0041753 secs] 358087K->357761K(524224K), 0.0042393 secs] [Times: user=0.00 sys=0.00, real=0.00 secs] 
23.820: [GC 23.820: [DefNew: 960K->63K(960K), 0.0044674 secs] 358658K->358371K(524224K), 0.0045304 secs] [Times: user=0.00 sys=0.00, real=0.00 secs] 
23.826: [GC 23.826: [DefNew: 959K->63K(960K), 0.0045083 secs] 359267K->358982K(524224K), 0.0045670 secs] [Times: user=0.00 sys=0.00, real=0.00 secs] 
23.833: [GC 23.833: [DefNew: 959K->63K(960K), 0.0042407 secs] 359879K->359586K(524224K), 0.0043067 secs] [Times: user=0.02 sys=0.00, real=0.00 secs] 
23.839: [GC 23.839: [DefNew: 959K->63K(960K), 0.0043129 secs] 360482K->360179K(524224K), 0.0043856 secs] [Times: user=0.00 sys=0.00, real=0.00 secs] 
23.845: [GC 23.845: [DefNew: 959K->64K(960K), 0.0043644 secs] 361076K->360797K(524224K), 0.0044327 secs] [Times: user=0.00 sys=0.00, real=0.00 secs] 
23.852: [GC 23.852: [DefNew: 960K->63K(960K), 0.0042634 secs] 361694K->361420K(524224K), 0.0043327 secs] [Times: user=0.00 sys=0.00, real=0.00 secs] 
23.858: [GC 23.858: [DefNew: 959K->63K(960K), 0.0043235 secs] 362319K->362005K(524224K), 0.0043899 secs] [Times: user=0.00 sys=0.00, real=0.00 secs] 
23.864: [GC 23.864: [DefNew: 959K->63K(960K), 0.0043505 secs] 362902K->362595K(524224K), 0.0044154 secs] [Times: user=0.02 sys=0.00, real=0.00 secs] 
23.869: [GC 23.869: [DefNew: 959K->63K(960K), 0.0041864 secs] 363493K->363179K(524224K), 0.0042508 secs] [Times: user=0.00 sys=0.00, real=0.00 secs] 
23.875: [GC 23.875: [DefNew: 959K->64K(960K), 0.0042677 secs] 364076K->363778K(524224K), 0.0043302 secs] [Times: user=0.00 sys=0.00, real=0.00 secs] 
23.881: [GC 23.881: [DefNew: 960K->63K(960K), 0.0047580 secs] 364676K->364406K(524224K), 0.0048254 secs] [Times: user=0.00 sys=0.00, real=0.01 secs] 
23.887: [GC 23.887: [DefNew: 959K->64K(960K), 0.0044640 secs] 365304K->365008K(524224K), 0.0045328 secs] [Times: user=0.00 sys=0.00, real=0.00 secs] 
23.894: [GC 23.894: [DefNew: 960K->63K(960K), 0.0043736 secs] 365904K->365633K(524224K), 0.0044438 secs] [Times: user=0.02 sys=0.00, real=0.00 secs] 
23.900: [GC 23.900: [DefNew: 959K->63K(960K), 0.0043750 secs] 366530K->366243K(524224K), 0.0044453 secs] [Times: user=0.00 sys=0.00, real=0.00 secs] 
23.907: [GC 23.907: [DefNew: 959K->63K(960K), 0.0044308 secs] 367139K->366827K(524224K), 0.0044963 secs] [Times: user=0.00 sys=0.00, real=0.00 secs] 
23.913: [GC 23.913: [DefNew: 959K->64K(960K), 0.0040507 secs] 367726K->367414K(524224K), 0.0041152 secs] [Times: user=0.00 sys=0.00, real=0.00 secs] 
23.919: [GC 23.919: [DefNew: 960K->63K(960K), 0.0040694 secs] 368310K->368005K(524224K), 0.0041339 secs] [Times: user=0.00 sys=0.00, real=0.00 secs] 
23.924: [GC 23.924: [DefNew: 959K->63K(960K), 0.0047691 secs] 368903K->368605K(524224K), 0.0048475 secs] [Times: user=0.02 sys=0.00, real=0.01 secs] 
23.931: [GC 23.931: [DefNew: 959K->63K(960K), 0.0041204 secs] 369502K->369209K(524224K), 0.0041864 secs] [Times: user=0.00 sys=0.00, real=0.00 secs] 
23.936: [GC 23.936: [DefNew: 959K->63K(960K), 0.0042552 secs] 370106K->369821K(524224K), 0.0043168 secs] [Times: user=0.00 sys=0.00, real=0.00 secs] 
23.942: [GC 23.942: [DefNew: 959K->64K(960K), 0.0046175 secs] 370717K->370433K(524224K), 0.0046815 secs] [Times: user=0.02 sys=0.00, real=0.00 secs] 
23.948: [GC 23.949: [DefNew: 960K->64K(960K), 0.0044760 secs] 371331K->371063K(524224K), 0.0045425 secs] [Times: user=0.00 sys=0.00, real=0.00 secs] 
23.955: [GC 23.955: [DefNew: 960K->63K(960K), 0.0041897 secs] 371960K->371641K(524224K), 0.0042566 secs] [Times: user=0.01 sys=0.00, real=0.00 secs] 
23.961: [GC 23.961: [DefNew: 959K->64K(960K), 0.0043711 secs] 372538K->372263K(524224K), 0.0044371 secs] [Times: user=0.00 sys=0.00, real=0.00 secs] 
23.966: [GC 23.966: [DefNew: 960K->64K(960K), 0.0042480 secs] 373160K->372876K(524224K), 0.0043091 secs] [Times: user=0.00 sys=0.00, real=0.00 secs] 
23.972: [GC 23.972: [DefNew: 960K->63K(960K), 0.0043206 secs] 373772K->373465K(524224K), 0.0043808 secs] [Times: user=0.02 sys=0.00, real=0.00 secs] 
23.977: [GC 23.977: [DefNew: 959K->64K(960K), 0.0041166 secs] 374363K->374082K(524224K), 0.0041864 secs] [Times: user=0.00 sys=0.00, real=0.00 secs] 
23.983: [GC 23.983: [DefNew: 960K->63K(960K), 0.0048167 secs] 374979K->374691K(524224K), 0.0052907 secs] [Times: user=0.00 sys=0.00, real=0.01 secs] 
23.989: [GC 23.990: [DefNew: 959K->64K(960K), 0.0043413 secs] 375588K->375287K(524224K), 0.0044145 secs] [Times: user=0.01 sys=0.00, real=0.00 secs] 
23.996: [GC 23.996: [DefNew: 960K->63K(960K), 0.0047359 secs] 376184K->375940K(524224K), 0.0048153 secs] [Times: user=0.00 sys=0.00, real=0.01 secs] 
24.003: [GC 24.003: [DefNew: 959K->64K(960K), 0.0045622 secs] 376837K->376549K(524224K), 0.0046339 secs] [Times: user=0.02 sys=0.00, real=0.01 secs] 
24.011: [GC 24.011: [DefNew: 960K->64K(960K), 0.0047859 secs] 377446K->377214K(524224K), 0.0048562 secs] [Times: user=0.00 sys=0.00, real=0.00 secs] 
24.017: [GC 24.017: [DefNew: 960K->63K(960K), 0.0043620 secs] 378111K->377808K(524224K), 0.0044231 secs] [Times: user=0.00 sys=0.00, real=0.00 secs] 
24.023: [GC 24.024: [DefNew: 959K->64K(960K), 0.0043375 secs] 378705K->378419K(524224K), 0.0043981 secs] [Times: user=0.00 sys=0.00, real=0.00 secs] 
24.030: [GC 24.030: [DefNew: 960K->63K(960K), 0.0043538 secs] 379316K->379035K(524224K), 0.0044159 secs] [Times: user=0.00 sys=0.00, real=0.00 secs] 
24.037: [GC 24.037: [DefNew: 959K->64K(960K), 0.0050155 secs] 379933K->379653K(524224K), 0.0050843 secs] [Times: user=0.00 sys=0.00, real=0.00 secs] 
24.043: [GC 24.043: [DefNew: 960K->63K(960K), 0.0043846 secs] 380550K->380255K(524224K), 0.0044534 secs] [Times: user=0.00 sys=0.00, real=0.00 secs] 
24.050: [GC 24.050: [DefNew: 959K->63K(960K), 0.0045323 secs] 381152K->380880K(524224K), 0.0046007 secs] [Times: user=0.02 sys=0.00, real=0.00 secs] 
24.056: [GC 24.056: [DefNew: 959K->63K(960K), 0.0046536 secs] 381777K->381526K(524224K), 0.0047210 secs] [Times: user=0.00 sys=0.00, real=0.00 secs] 
24.063: [GC 24.063: [DefNew: 959K->64K(960K), 0.0043788 secs] 382423K->382124K(524224K), 0.0044424 secs] [Times: user=0.00 sys=0.00, real=0.00 secs] 
24.069: [GC 24.069: [DefNew: 960K->63K(960K), 0.0044597 secs] 383022K->382741K(524224K), 0.0045237 secs] [Times: user=0.00 sys=0.00, real=0.00 secs] 
24.076: [GC 24.076: [DefNew: 959K->64K(960K), 0.0043774 secs] 383639K->383334K(524224K), 0.0044385 secs] [Times: user=0.00 sys=0.00, real=0.00 secs] 
24.083: [GC 24.083: [DefNew: 960K->64K(960K), 0.0049423 secs] 384230K->383978K(524224K), 0.0050044 secs] [Times: user=0.02 sys=0.00, real=0.00 secs] 
24.089: [GC 24.089: [DefNew: 960K->64K(960K), 0.0043452 secs] 384875K->384547K(524224K), 0.0044106 secs] [Times: user=0.00 sys=0.00, real=0.00 secs] 
24.100: [GC 24.100: [DefNew: 960K->64K(960K), 0.0046844 secs] 385444K->385199K(524224K), 0.0047508 secs] [Times: user=0.00 sys=0.00, real=0.00 secs] 
24.107: [GC 24.107: [DefNew: 960K->64K(960K), 0.0044039 secs] 386096K->385812K(524224K), 0.0044717 secs] [Times: user=0.00 sys=0.00, real=0.00 secs] 
24.113: [GC 24.113: [DefNew: 960K->64K(960K), 0.0046493 secs] 386710K->386400K(524224K), 0.0047147 secs] [Times: user=0.02 sys=0.00, real=0.00 secs] 
24.119: [GC 24.119: [DefNew: 960K->63K(960K), 0.0046141 secs] 387297K->387027K(524224K), 0.0046810 secs] [Times: user=0.00 sys=0.00, real=0.00 secs] 
24.126: [GC 24.126: [DefNew: 959K->64K(960K), 0.0045165 secs] 387925K->387626K(524224K), 0.0046122 secs] [Times: user=0.02 sys=0.00, real=0.00 secs] 
24.133: [GC 24.133: [DefNew: 960K->64K(960K), 0.0050549 secs] 388523K->388247K(524224K), 0.0051223 secs] [Times: user=0.00 sys=0.00, real=0.00 secs] 
24.139: [GC 24.139: [DefNew: 960K->63K(960K), 0.0043052 secs] 389144K->388841K(524224K), 0.0043986 secs] [Times: user=0.00 sys=0.00, real=0.00 secs] 
24.145: [GC 24.145: [DefNew: 959K->63K(960K), 0.0047080 secs] 389737K->389483K(524224K), 0.0047768 secs] [Times: user=0.02 sys=0.00, real=0.01 secs] 
24.152: [GC 24.152: [DefNew: 959K->63K(960K), 0.0045526 secs] 390380K->390106K(524224K), 0.0046199 secs] [Times: user=0.00 sys=0.00, real=0.01 secs] 
24.158: [GC 24.158: [DefNew: 959K->64K(960K), 0.0043201 secs] 391003K->390711K(524224K), 0.0043803 secs] [Times: user=0.01 sys=0.00, real=0.00 secs] 
24.164: [GC 24.164: [DefNew: 960K->63K(960K), 0.0043683 secs] 391607K->391317K(524224K), 0.0044289 secs] [Times: user=0.00 sys=0.00, real=0.00 secs] 
24.170: [GC 24.170: [DefNew: 959K->63K(960K), 0.0044380 secs] 392215K->391921K(524224K), 0.0045030 secs] [Times: user=0.00 sys=0.00, real=0.00 secs] 
24.176: [GC 24.177: [DefNew: 959K->64K(960K), 0.0045603 secs] 392819K->392522K(524224K), 0.0046425 secs] [Times: user=0.02 sys=0.00, real=0.00 secs] 
24.183: [GC 24.183: [DefNew: 960K->63K(960K), 0.0043124 secs] 393418K->393199K(524224K), 0.0043827 secs] [Times: user=0.00 sys=0.00, real=0.00 secs] 
24.190: [GC 24.190: [DefNew: 959K->63K(960K), 0.0048071 secs] 394096K->393814K(524224K), 0.0048764 secs] [Times: user=0.01 sys=0.00, real=0.01 secs] 
24.196: [GC 24.196: [DefNew: 959K->63K(960K), 0.0043702 secs] 394711K->394435K(524224K), 0.0044313 secs] [Times: user=0.00 sys=0.00, real=0.00 secs] 
24.202: [GC 24.202: [DefNew: 959K->64K(960K), 0.0043721 secs] 395332K->395034K(524224K), 0.0044385 secs] [Times: user=0.00 sys=0.00, real=0.00 secs] 
24.208: [GC 24.208: [DefNew: 960K->63K(960K), 0.0045805 secs] 395930K->395689K(524224K), 0.0046449 secs] [Times: user=0.00 sys=0.00, real=0.00 secs] 
24.215: [GC 24.215: [DefNew: 959K->64K(960K), 0.0043043 secs] 396586K->396316K(524224K), 0.0043673 secs] [Times: user=0.00 sys=0.00, real=0.00 secs] 
24.220: [GC 24.221: [DefNew: 960K->64K(960K), 0.0045068 secs] 397212K->396944K(524224K), 0.0045704 secs] [Times: user=0.02 sys=0.00, real=0.00 secs] 
24.227: [GC 24.227: [DefNew: 960K->63K(960K), 0.0046589 secs] 397842K->397559K(524224K), 0.0047248 secs] [Times: user=0.00 sys=0.00, real=0.01 secs] 
24.234: [GC 24.234: [DefNew: 959K->63K(960K), 0.0045343 secs] 398455K->398193K(524224K), 0.0045988 secs] [Times: user=0.00 sys=0.00, real=0.00 secs] 
24.241: [GC 24.241: [DefNew: 959K->64K(960K), 0.0048119 secs] 399089K->398824K(524224K), 0.0048841 secs] [Times: user=0.00 sys=0.00, real=0.00 secs] 
24.248: [GC 24.248: [DefNew: 960K->63K(960K), 0.0046565 secs] 399720K->399445K(524224K), 0.0047243 secs] [Times: user=0.00 sys=0.00, real=0.00 secs] 
24.254: [GC 24.254: [DefNew: 959K->64K(960K), 0.0048519 secs] 400343K->400070K(524224K), 0.0049202 secs] [Times: user=0.02 sys=0.00, real=0.00 secs] 
24.261: [GC 24.261: [DefNew: 960K->64K(960K), 0.0046815 secs] 400967K->400712K(524224K), 0.0047494 secs] [Times: user=0.00 sys=0.00, real=0.00 secs] 
24.268: [GC 24.268: [DefNew: 960K->64K(960K), 0.0045973 secs] 401609K->401328K(524224K), 0.0046661 secs] [Times: user=0.02 sys=0.00, real=0.00 secs] 
24.274: [GC 24.274: [DefNew: 960K->64K(960K), 0.0045858 secs] 402225K->401929K(524224K), 0.0046512 secs] [Times: user=0.00 sys=0.00, real=0.00 secs] 
24.281: [GC 24.281: [DefNew: 960K->63K(960K), 0.0044217 secs] 402826K->402544K(524224K), 0.0044929 secs] [Times: user=0.00 sys=0.00, real=0.00 secs] 
24.287: [GC 24.287: [DefNew: 959K->64K(960K), 0.0045992 secs] 403442K->403145K(524224K), 0.0046719 secs] [Times: user=0.00 sys=0.00, real=0.00 secs] 
24.294: [GC 24.294: [DefNew: 960K->63K(960K), 0.0043986 secs] 404042K->403752K(524224K), 0.0044616 secs] [Times: user=0.00 sys=0.00, real=0.00 secs] 
24.300: [GC 24.300: [DefNew: 959K->64K(960K), 0.0053210 secs] 404649K->404390K(524224K), 0.0053893 secs] [Times: user=0.02 sys=0.00, real=0.00 secs] 
24.307: [GC 24.307: [DefNew: 960K->64K(960K), 0.0049370 secs] 405287K->404998K(524224K), 0.0050054 secs] [Times: user=0.00 sys=0.00, real=0.00 secs] 
24.314: [GC 24.314: [DefNew: 960K->64K(960K), 0.0047734 secs] 405895K->405655K(524224K), 0.0048557 secs] [Times: user=0.02 sys=0.00, real=0.00 secs] 
24.320: [GC 24.320: [DefNew: 960K->64K(960K), 0.0046305 secs] 406551K->406263K(524224K), 0.0046974 secs] [Times: user=0.00 sys=0.00, real=0.00 secs] 
24.327: [GC 24.327: [DefNew: 960K->64K(960K), 0.0044582 secs] 407161K->406881K(524224K), 0.0045155 secs] [Times: user=0.00 sys=0.00, real=0.00 secs] 
24.334: [GC 24.334: [DefNew: 960K->64K(960K), 0.0044659 secs] 407778K->407518K(524224K), 0.0045319 secs] [Times: user=0.00 sys=0.00, real=0.00 secs] 
24.340: [GC 24.340: [DefNew: 960K->63K(960K), 0.0050285 secs] 408414K->408130K(524224K), 0.0050949 secs] [Times: user=0.00 sys=0.00, real=0.00 secs] 
24.346: [GC 24.346: [DefNew: 959K->63K(960K), 0.0046988 secs] 409028K->408791K(524224K), 0.0047652 secs] [Times: user=0.02 sys=0.00, real=0.00 secs] 
24.353: [GC 24.353: [DefNew: 959K->63K(960K), 0.0047215 secs] 409688K->409427K(524224K), 0.0047898 secs] [Times: user=0.00 sys=0.00, real=0.00 secs] 
24.359: [GC 24.360: [DefNew: 959K->63K(960K), 0.0043952 secs] 410325K->410059K(524224K), 0.0044592 secs] [Times: user=0.00 sys=0.00, real=0.00 secs] 
24.366: [GC 24.366: [DefNew: 959K->64K(960K), 0.0044034 secs] 410956K->410656K(524224K), 0.0044746 secs] [Times: user=0.00 sys=0.00, real=0.00 secs] 
24.373: [GC 24.373: [DefNew: 960K->63K(960K), 0.0046599 secs] 411552K->411297K(524224K), 0.0047287 secs] [Times: user=0.00 sys=0.00, real=0.00 secs] 
24.379: [GC 24.379: [DefNew: 959K->64K(960K), 0.0045935 secs] 412193K->411892K(524224K), 0.0046522 secs] [Times: user=0.02 sys=0.00, real=0.00 secs] 
24.386: [GC 24.386: [DefNew: 960K->64K(960K), 0.0049986 secs] 412789K->412503K(524224K), 0.0050703 secs] [Times: user=0.00 sys=0.00, real=0.00 secs] 
24.393: [GC 24.393: [DefNew: 960K->64K(960K), 0.0050766 secs] 413399K->413267K(524224K), 0.0051478 secs] [Times: user=0.01 sys=0.00, real=0.00 secs] 
24.399: [GC 24.399: [DefNew: 960K->63K(960K), 0.0055029 secs] 414164K->413914K(524224K), 0.0055876 secs] [Times: user=0.00 sys=0.00, real=0.01 secs] 
24.407: [GC 24.407: [DefNew: 959K->64K(960K), 0.0050366 secs] 414811K->414598K(524224K), 0.0050973 secs] [Times: user=0.02 sys=0.00, real=0.01 secs] 
24.413: [GC 24.413: [DefNew: 960K->63K(960K), 0.0050424 secs] 415494K->415211K(524224K), 0.0051233 secs] [Times: user=0.00 sys=0.00, real=0.00 secs] 
24.421: [GC 24.421: [DefNew: 959K->64K(960K), 0.0043938 secs] 416108K->415882K(524224K), 0.0044732 secs] [Times: user=0.00 sys=0.00, real=0.00 secs] 
24.428: [GC 24.428: [DefNew: 960K->63K(960K), 0.0049264 secs] 416778K->416515K(524224K), 0.0050092 secs] [Times: user=0.00 sys=0.00, real=0.01 secs] 
24.434: [GC 24.434: [DefNew: 959K->64K(960K), 0.0050107 secs] 417411K->417144K(524224K), 0.0051006 secs] [Times: user=0.00 sys=0.00, real=0.01 secs] 
24.440: [GC 24.441: [DefNew: 960K->64K(960K), 0.0050078 secs] 418040K->417774K(524224K), 0.0050886 secs] [Times: user=0.01 sys=0.00, real=0.01 secs] 
24.447: [GC 24.447: [DefNew: 960K->63K(960K), 0.0048658 secs] 418670K->418428K(524224K), 0.0049481 secs] [Times: user=0.00 sys=0.00, real=0.01 secs] 
24.454: [GC 24.454: [DefNew: 959K->63K(960K), 0.0051444 secs] 419325K->419101K(524224K), 0.0052272 secs] [Times: user=0.02 sys=0.00, real=0.01 secs] 
24.460: [GC 24.460: [DefNew: 959K->63K(960K), 0.0049005 secs] 419998K->419739K(524224K), 0.0049856 secs] [Times: user=0.00 sys=0.00, real=0.01 secs] 
24.467: [GC 24.467: [DefNew: 959K->64K(960K), 0.0047032 secs] 420637K->420403K(524224K), 0.0047859 secs] [Times: user=0.00 sys=0.00, real=0.01 secs] 
24.473: [GC 24.473: [DefNew: 960K->63K(960K), 0.0050010 secs] 421300K->421057K(524224K), 0.0050679 secs] [Times: user=0.00 sys=0.00, real=0.01 secs] 
24.480: [GC 24.480: [DefNew: 959K->63K(960K), 0.0049332 secs] 421954K->421695K(524224K), 0.0050159 secs] [Times: user=0.00 sys=0.00, real=0.01 secs] 
24.487: [GC 24.487: [DefNew: 959K->63K(960K), 0.0060750 secs] 422591K->422359K(524224K), 0.0061607 secs] [Times: user=0.00 sys=0.00, real=0.01 secs] 
24.494: [GC 24.494: [DefNew: 959K->64K(960K), 0.0046036 secs] 423255K->423009K(524224K), 0.0046695 secs] [Times: user=0.00 sys=0.00, real=0.01 secs] 
24.501: [GC 24.501: [DefNew: 960K->63K(960K), 0.0048215 secs] 423905K->423666K(524224K), 0.0049029 secs] [Times: user=0.02 sys=0.00, real=0.00 secs] 
24.507: [GC 24.507: [DefNew: 959K->63K(960K), 0.0060649 secs] 424563K->424336K(524224K), 0.0061371 secs] [Times: user=0.00 sys=0.00, real=0.01 secs] 
24.515: [GC 24.515: [DefNew: 959K->63K(960K), 0.0049390 secs] 425232K->424983K(524224K), 0.0050097 secs] [Times: user=0.00 sys=0.00, real=0.00 secs] 
24.522: [GC 24.522: [DefNew: 959K->63K(960K), 0.0048220 secs] 425880K->425636K(524224K), 0.0048879 secs] [Times: user=0.00 sys=0.00, real=0.00 secs] 
24.528: [GC 24.528: [DefNew: 959K->64K(960K), 0.0049115 secs] 426532K->426294K(524224K), 0.0049803 secs] [Times: user=0.00 sys=0.00, real=0.00 secs] 
24.535: [GC 24.535: [DefNew: 960K->64K(960K), 0.0052373 secs] 427191K->426968K(524224K), 0.0053191 secs] [Times: user=0.02 sys=0.00, real=0.00 secs] 
24.542: [GC 24.542: [DefNew: 960K->64K(960K), 0.0053196 secs] 427865K->427621K(524224K), 0.0054124 secs] [Times: user=0.00 sys=0.00, real=0.01 secs] 
24.550: [GC 24.550: [DefNew: 960K->64K(960K), 0.0052407 secs] 428518K->428305K(524224K), 0.0053460 secs] [Times: user=0.02 sys=0.00, real=0.01 secs] 
24.557: [GC 24.557: [DefNew: 960K->63K(960K), 0.0050121 secs] 429202K->429042K(524224K), 0.0050795 secs] [Times: user=0.00 sys=0.00, real=0.00 secs] 
24.564: [GC 24.564: [DefNew: 959K->64K(960K), 0.0053966 secs] 429939K->429725K(524224K), 0.0054793 secs] [Times: user=0.02 sys=0.00, real=0.00 secs] 
24.571: [GC 24.571: [DefNew: 960K->63K(960K), 0.0048567 secs] 430622K->430368K(524224K), 0.0049240 secs] [Times: user=0.00 sys=0.00, real=0.00 secs] 
24.578: [GC 24.578: [DefNew: 959K->63K(960K), 0.0049572 secs] 431266K->431022K(524224K), 0.0050285 secs] [Times: user=0.02 sys=0.00, real=0.01 secs] 
24.584: [GC 24.585: [DefNew: 959K->64K(960K), 0.0048461 secs] 431920K->431667K(524224K), 0.0049163 secs] [Times: user=0.00 sys=0.00, real=0.01 secs] 
24.591: [GC 24.591: [DefNew: 960K->63K(960K), 0.0058460 secs] 432563K->432468K(524224K), 0.0059143 secs] [Times: user=0.00 sys=0.00, real=0.01 secs] 
24.599: [GC 24.599: [DefNew: 959K->63K(960K), 0.0049938 secs] 433364K->433119K(524224K), 0.0050583 secs] [Times: user=0.00 sys=0.00, real=0.01 secs] 
24.605: [GC 24.605: [DefNew: 959K->64K(960K), 0.0051863 secs] 434016K->433753K(524224K), 0.0052575 secs] [Times: user=0.00 sys=0.00, real=0.01 secs] 
24.613: [GC 24.613: [DefNew: 960K->63K(960K), 0.0052103 secs] 434651K->434392K(524224K), 0.0052941 secs] [Times: user=0.02 sys=0.00, real=0.00 secs] 
24.620: [GC 24.620: [DefNew: 959K->63K(960K), 0.0048581 secs] 435289K->435039K(524224K), 0.0049293 secs] [Times: user=0.00 sys=0.00, real=0.00 secs] 
24.627: [GC 24.627: [DefNew: 959K->64K(960K), 0.0048884 secs] 435936K->435666K(524224K), 0.0049616 secs] [Times: user=0.01 sys=0.00, real=0.00 secs] 
24.634: [GC 24.634: [DefNew: 960K->63K(960K), 0.0047311 secs] 436564K->436319K(524224K), 0.0048013 secs] [Times: user=0.00 sys=0.00, real=0.01 secs] 
24.640: [GC 24.640: [DefNew: 959K->63K(960K), 0.0046656 secs] 437216K->436915K(524224K), 0.0047316 secs] [Times: user=0.00 sys=0.00, real=0.00 secs] 
24.647: [GC 24.647: [DefNew: 959K->63K(960K), 0.0048009 secs] 437813K->437576K(524224K), 0.0048836 secs] [Times: user=0.00 sys=0.00, real=0.00 secs] 
24.653: [GC 24.653: [DefNew: 959K->64K(960K), 0.0049717 secs] 438474K->438188K(524224K), 0.0050439 secs] [Times: user=0.00 sys=0.00, real=0.00 secs] 
24.660: [GC 24.660: [DefNew: 960K->64K(960K), 0.0054967 secs] 439085K->438852K(524224K), 0.0055722 secs] [Times: user=0.02 sys=0.00, real=0.00 secs] 
24.667: [GC 24.667: [DefNew: 960K->63K(960K), 0.0044712 secs] 439748K->439463K(524224K), 0.0045420 secs] [Times: user=0.00 sys=0.00, real=0.00 secs] 
24.674: [GC 24.674: [DefNew: 959K->64K(960K), 0.0046507 secs] 440361K->440105K(524224K), 0.0047354 secs] [Times: user=0.01 sys=0.00, real=0.01 secs] 
24.681: [GC 24.681: [DefNew: 960K->64K(960K), 0.0052464 secs] 441001K->440775K(524224K), 0.0053258 secs] [Times: user=0.00 sys=0.00, real=0.01 secs] 
24.688: [GC 24.688: [DefNew: 960K->64K(960K), 0.0051247 secs] 441671K->441431K(524224K), 0.0051930 secs] [Times: user=0.02 sys=0.00, real=0.01 secs] 
24.695: [GC 24.695: [DefNew: 960K->63K(960K), 0.0053879 secs] 442327K->442102K(524224K), 0.0054606 secs] [Times: user=0.00 sys=0.00, real=0.00 secs] 
24.702: [GC 24.702: [DefNew: 959K->63K(960K), 0.0049086 secs] 442999K->442742K(524224K), 0.0049904 secs] [Times: user=0.00 sys=0.00, real=0.00 secs] 
24.709: [GC 24.709: [DefNew: 959K->64K(960K), 0.0050424 secs] 443639K->443437K(524224K), 0.0051184 secs] [Times: user=0.00 sys=0.00, real=0.00 secs] 
24.716: [GC 24.716: [DefNew: 960K->63K(960K), 0.0058729 secs] 444334K->444090K(524224K), 0.0059437 secs] [Times: user=0.00 sys=0.00, real=0.01 secs] 
24.724: [GC 24.724: [DefNew: 959K->63K(960K), 0.0052209 secs] 444987K->444714K(524224K), 0.0052888 secs] [Times: user=0.00 sys=0.00, real=0.01 secs] 
24.732: [GC 24.732: [DefNew: 959K->64K(960K), 0.0049173 secs] 445611K->445387K(524224K), 0.0049986 secs] [Times: user=0.00 sys=0.00, real=0.00 secs] 
24.738: [GC 24.738: [DefNew: 960K->64K(960K), 0.0055279 secs] 446283K->446046K(524224K), 0.0055972 secs] [Times: user=0.02 sys=0.00, real=0.01 secs] 
24.746: [GC 24.746: [DefNew: 960K->63K(960K), 0.0052488 secs] 446943K->446727K(524224K), 0.0053297 secs] [Times: user=0.00 sys=0.00, real=0.01 secs] 
24.753: [GC 24.753: [DefNew: 959K->64K(960K), 0.0051959 secs] 447624K->447364K(524224K), 0.0052873 secs] [Times: user=0.02 sys=0.00, real=0.01 secs] 
24.760: [GC 24.760: [DefNew: 960K->64K(960K), 0.0049346 secs] 448261K->447992K(524224K), 0.0050020 secs] [Times: user=0.00 sys=0.00, real=0.01 secs] 
24.766: [GC 24.766: [DefNew: 960K->63K(960K), 0.0053311 secs] 448888K->448644K(524224K), 0.0054149 secs] [Times: user=0.02 sys=0.00, real=0.01 secs] 
24.774: [GC 24.774: [DefNew: 959K->63K(960K), 0.0048177 secs] 449540K->449280K(524224K), 0.0048783 secs] [Times: user=0.00 sys=0.00, real=0.00 secs] 
24.780: [GC 24.780: [DefNew: 959K->64K(960K), 0.0048716 secs] 450177K->449933K(524224K), 0.0049370 secs] [Times: user=0.01 sys=0.00, real=0.00 secs] 
24.787: [GC 24.787: [DefNew: 960K->63K(960K), 0.0046907 secs] 450830K->450515K(524224K), 0.0047600 secs] [Times: user=0.00 sys=0.00, real=0.00 secs] 
24.794: [GC 24.794: [DefNew: 959K->63K(960K), 0.0046902 secs] 451413K->451145K(524224K), 0.0047619 secs] [Times: user=0.00 sys=0.00, real=0.00 secs] 
24.800: [GC 24.800: [DefNew: 959K->64K(960K), 0.0056376 secs] 452041K->451752K(524224K), 0.0057016 secs] [Times: user=0.02 sys=0.00, real=0.01 secs] 
24.807: [GC 24.808: [DefNew: 960K->63K(960K), 0.0046146 secs] 452649K->452375K(524224K), 0.0046849 secs] [Times: user=0.00 sys=0.00, real=0.00 secs] 
24.814: [GC 24.814: [DefNew: 959K->64K(960K), 0.0044727 secs] 453271K->452975K(524224K), 0.0045376 secs] [Times: user=0.02 sys=0.00, real=0.00 secs] 
24.821: [GC 24.821: [DefNew: 960K->64K(960K), 0.0050251 secs] 453872K->453604K(524224K), 0.0050944 secs] [Times: user=0.00 sys=0.00, real=0.00 secs] 
24.827: [GC 24.827: [DefNew: 960K->63K(960K), 0.0047061 secs] 454500K->454209K(524224K), 0.0047672 secs] [Times: user=0.00 sys=0.00, real=0.00 secs] 
24.834: [GC 24.834: [DefNew: 959K->63K(960K), 0.0046161 secs] 455106K->454812K(524224K), 0.0046897 secs] [Times: user=0.00 sys=0.00, real=0.00 secs] 
24.840: [GC 24.840: [DefNew: 959K->63K(960K), 0.0047032 secs] 455708K->455413K(524224K), 0.0047720 secs] [Times: user=0.00 sys=0.00, real=0.00 secs] 
24.847: [GC 24.847: [DefNew: 959K->64K(960K), 0.0049630 secs] 456311K->456008K(524224K), 0.0050395 secs] [Times: user=0.01 sys=0.00, real=0.00 secs] 
24.854: [GC 24.854: [DefNew: 960K->64K(960K), 0.0045405 secs] 456905K->456613K(524224K), 0.0046108 secs] [Times: user=0.00 sys=0.00, real=0.00 secs] 
24.860: [GC 24.860: [DefNew: 960K->63K(960K), 0.0052994 secs] 457509K->457257K(524224K), 0.0053663 secs] [Times: user=0.02 sys=0.00, real=0.00 secs] 
24.867: [GC 24.867: [DefNew: 959K->64K(960K), 0.0049616 secs] 458153K->457903K(524224K), 0.0050241 secs] [Times: user=0.00 sys=0.00, real=0.00 secs] 
24.873: [GC 24.873: [DefNew: 960K->64K(960K), 0.0050251 secs] 458801K->458526K(524224K), 0.0050872 secs] [Times: user=0.00 sys=0.00, real=0.01 secs] 
24.880: [GC 24.880: [DefNew: 960K->63K(960K), 0.0050453 secs] 459423K->459141K(524224K), 0.0051146 secs] [Times: user=0.00 sys=0.00, real=0.00 secs] 
24.887: [GC 24.887: [DefNew: 959K->64K(960K), 0.0049192 secs] 460038K->459752K(524224K), 0.0049866 secs] [Times: user=0.00 sys=0.00, real=0.00 secs] 
24.893: [GC 24.893: [DefNew: 960K->63K(960K), 0.0054885 secs] 460649K->460401K(524224K), 0.0055578 secs] [Times: user=0.01 sys=0.00, real=0.00 secs] 
24.901: [GC 24.901: [DefNew: 959K->63K(960K), 0.0051497 secs] 461297K->461037K(524224K), 0.0052219 secs] [Times: user=0.00 sys=0.00, real=0.01 secs] 
24.907: [GC 24.907: [DefNew: 959K->63K(960K), 0.0049471 secs] 461934K->461666K(524224K), 0.0050126 secs] [Times: user=0.02 sys=0.00, real=0.01 secs] 
24.914: [GC 24.914: [DefNew: 959K->64K(960K), 0.0052171 secs] 462563K->462276K(524224K), 0.0052811 secs] [Times: user=0.00 sys=0.00, real=0.01 secs] 
24.920: [GC 24.921: [DefNew: 960K->63K(960K), 0.0049058 secs] 463172K->462866K(524224K), 0.0049755 secs] [Times: user=0.00 sys=0.00, real=0.01 secs] 
24.927: [GC 24.927: [DefNew: 959K->63K(960K), 0.0050111 secs] 463763K->463504K(524224K), 0.0050819 secs] [Times: user=0.00 sys=0.00, real=0.01 secs] 
24.933: [GC 24.934: [DefNew: 959K->63K(960K), 0.0050439 secs] 464401K->464125K(524224K), 0.0051083 secs] [Times: user=0.00 sys=0.00, real=0.01 secs] 
24.940: [GC 24.940: [DefNew: 959K->63K(960K), 0.0049471 secs] 465023K->464724K(524224K), 0.0050107 secs] [Times: user=0.02 sys=0.00, real=0.01 secs] 
24.947: [GC 24.947: [DefNew: 959K->63K(960K), 0.0048822 secs] 465621K->465356K(524224K), 0.0049481 secs] [Times: user=0.00 sys=0.00, real=0.01 secs] 
24.953: [GC 24.953: [DefNew: 959K->64K(960K), 0.0052411 secs] 466254K->465989K(524224K), 0.0053080 secs] [Times: user=0.01 sys=0.00, real=0.01 secs] 
24.960: [GC 24.960: [DefNew: 960K->64K(960K), 0.0048822 secs] 466886K->466625K(524224K), 0.0049476 secs] [Times: user=0.00 sys=0.00, real=0.01 secs] 
24.966: [GC 24.966: [DefNew: 960K->63K(960K), 0.0048716 secs] 467521K->467247K(524224K), 0.0049409 secs] [Times: user=0.00 sys=0.00, real=0.01 secs] 
24.973: [GC 24.973: [DefNew: 959K->63K(960K), 0.0049154 secs] 468143K->467872K(524224K), 0.0049847 secs] [Times: user=0.00 sys=0.00, real=0.01 secs] 
24.979: [GC 24.979: [DefNew: 959K->64K(960K), 0.0052176 secs] 468769K->468524K(524224K), 0.0052816 secs] [Times: user=0.00 sys=0.00, real=0.00 secs] 
24.986: [GC 24.986: [DefNew: 960K->63K(960K), 0.0060736 secs] 469421K->469145K(524224K), 0.0061477 secs] [Times: user=0.02 sys=0.00, real=0.01 secs] 
24.995: [GC 24.995: [DefNew: 959K->63K(960K), 0.0054909 secs] 470042K->469826K(524224K), 0.0055626 secs] [Times: user=0.00 sys=0.00, real=0.01 secs] 
25.002: [GC 25.002: [DefNew: 959K->63K(960K), 0.0050713 secs] 470723K->470465K(524224K), 0.0051468 secs] [Times: user=0.01 sys=0.00, real=0.01 secs] 
25.010: [GC 25.010: [DefNew: 959K->63K(960K), 0.0051670 secs] 471362K->471149K(524224K), 0.0052387 secs] [Times: user=0.00 sys=0.00, real=0.00 secs] 
25.017: [GC 25.017: [DefNew: 959K->63K(960K), 0.0052484 secs] 472046K->471777K(524224K), 0.0053191 secs] [Times: user=0.02 sys=0.00, real=0.00 secs] 
25.024: [GC 25.024: [DefNew: 959K->64K(960K), 0.0050034 secs] 472674K->472395K(524224K), 0.0050679 secs] [Times: user=0.00 sys=0.00, real=0.00 secs] 
25.030: [GC 25.030: [DefNew: 960K->63K(960K), 0.0049375 secs] 473291K->473015K(524224K), 0.0050073 secs] [Times: user=0.02 sys=0.00, real=0.01 secs] 
25.037: [GC 25.037: [DefNew: 959K->63K(960K), 0.0054346 secs] 473912K->473642K(524224K), 0.0055010 secs] [Times: user=0.00 sys=0.00, real=0.00 secs] 
25.044: [GC 25.044: [DefNew: 959K->64K(960K), 0.0047450 secs] 474539K->474261K(524224K), 0.0048437 secs] [Times: user=0.00 sys=0.00, real=0.01 secs] 
25.052: [GC 25.052: [DefNew: 960K->63K(960K), 0.0049871 secs] 475158K->474907K(524224K), 0.0050544 secs] [Times: user=0.00 sys=0.00, real=0.01 secs] 
25.059: [GC 25.059: [DefNew: 959K->64K(960K), 0.0050198 secs] 475803K->475539K(524224K), 0.0050920 secs] [Times: user=0.00 sys=0.00, real=0.00 secs] 
25.065: [GC 25.065: [DefNew: 960K->64K(960K), 0.0052108 secs] 476436K->476161K(524224K), 0.0052777 secs] [Times: user=0.01 sys=0.00, real=0.01 secs] 
25.072: [GC 25.072: [DefNew: 960K->64K(960K), 0.0046858 secs] 477059K->476795K(524224K), 0.0047503 secs] [Times: user=0.00 sys=0.00, real=0.01 secs] 
25.078: [GC 25.078: [DefNew: 960K->63K(960K), 0.0045877 secs] 477691K->477429K(524224K), 0.0046493 secs] [Times: user=0.02 sys=0.00, real=0.00 secs] 
25.085: [GC 25.085: [DefNew: 959K->64K(960K), 0.0049577 secs] 478325K->478061K(524224K), 0.0050260 secs] [Times: user=0.00 sys=0.00, real=0.01 secs] 
25.091: [GC 25.092: [DefNew: 960K->64K(960K), 0.0050694 secs] 478957K->478705K(524224K), 0.0051353 secs] [Times: user=0.00 sys=0.00, real=0.00 secs] 
25.098: [GC 25.098: [DefNew: 960K->63K(960K), 0.0052190 secs] 479602K->479324K(524224K), 0.0052883 secs] [Times: user=0.00 sys=0.00, real=0.01 secs] 
25.105: [GC 25.105: [DefNew: 959K->64K(960K), 0.0050164 secs] 480221K->479993K(524224K), 0.0050843 secs] [Times: user=0.00 sys=0.00, real=0.00 secs] 
25.111: [GC 25.111: [DefNew: 960K->63K(960K), 0.0054726 secs] 480890K->480630K(524224K), 0.0055534 secs] [Times: user=0.01 sys=0.00, real=0.01 secs] 
25.119: [GC 25.119: [DefNew: 959K->63K(960K), 0.0049601 secs] 481527K->481279K(524224K), 0.0050275 secs] [Times: user=0.00 sys=0.00, real=0.00 secs] 
25.125: [GC 25.125: [DefNew: 959K->64K(960K), 0.0053075 secs] 482175K->481927K(524224K), 0.0053720 secs] [Times: user=0.02 sys=0.00, real=0.00 secs] 
25.132: [GC 25.132: [DefNew: 960K->64K(960K), 0.0052609 secs] 482823K->482553K(524224K), 0.0053268 secs] [Times: user=0.00 sys=0.00, real=0.00 secs] 
25.139: [GC 25.139: [DefNew: 960K->64K(960K), 0.0051834 secs] 483450K->483198K(524224K), 0.0052512 secs] [Times: user=0.02 sys=0.00, real=0.01 secs] 
25.146: [GC 25.146: [DefNew: 960K->64K(960K), 0.0050997 secs] 484095K->483838K(524224K), 0.0051670 secs] [Times: user=0.00 sys=0.00, real=0.00 secs] 
25.154: [GC 25.154: [DefNew: 960K->63K(960K), 0.0051858 secs] 484735K->484485K(524224K), 0.0052517 secs] [Times: user=0.00 sys=0.00, real=0.01 secs] 
25.160: [GC 25.160: [DefNew: 959K->64K(960K), 0.0047672 secs] 485382K->485106K(524224K), 0.0048264 secs] [Times: user=0.01 sys=0.00, real=0.01 secs] 
25.167: [GC 25.167: [DefNew: 960K->63K(960K), 0.0050184 secs] 486003K->485762K(524224K), 0.0050809 secs] [Times: user=0.00 sys=0.00, real=0.01 secs] 
25.173: [GC 25.173: [DefNew: 959K->64K(960K), 0.0051872 secs] 486658K->486416K(524224K), 0.0052522 secs] [Times: user=0.02 sys=0.00, real=0.01 secs] 
25.180: [GC 25.180: [DefNew: 960K->64K(960K), 0.0051127 secs] 487313K->487046K(524224K), 0.0051776 secs] [Times: user=0.00 sys=0.00, real=0.01 secs] 
25.186: [GC 25.186: [DefNew: 960K->63K(960K), 0.0052763 secs] 487943K->487683K(524224K), 0.0053446 secs] [Times: user=0.01 sys=0.00, real=0.01 secs] 
25.193: [GC 25.193: [DefNew: 959K->64K(960K), 0.0051184 secs] 488579K->488322K(524224K), 0.0051844 secs] [Times: user=0.00 sys=0.00, real=0.01 secs] 
25.200: [GC 25.200: [DefNew: 960K->64K(960K), 0.0049996 secs] 489219K->488936K(524224K), 0.0050670 secs] [Times: user=0.00 sys=0.00, real=0.01 secs] 
25.206: [GC 25.206: [DefNew: 960K->63K(960K), 0.0048485 secs] 489834K->489539K(524224K), 0.0049101 secs] [Times: user=0.02 sys=0.00, real=0.01 secs] 
25.213: [GC 25.213: [DefNew: 959K->63K(960K), 0.0048273 secs] 490436K->490188K(524224K), 0.0048899 secs] [Times: user=0.00 sys=0.00, real=0.01 secs] 
25.219: [GC 25.219: [DefNew: 959K->64K(960K), 0.0053023 secs] 491085K->490782K(524224K), 0.0053696 secs] [Times: user=0.02 sys=0.00, real=0.01 secs] 
25.226: [GC 25.226: [DefNew: 960K->64K(960K), 0.0047277 secs] 491679K->491387K(524224K), 0.0047888 secs] [Times: user=0.00 sys=0.00, real=0.01 secs] 
25.232: [GC 25.232: [DefNew: 960K->64K(960K), 0.0052229 secs] 492284K->492042K(524224K), 0.0052869 secs] [Times: user=0.00 sys=0.00, real=0.01 secs] 
25.240: [GC 25.240: [DefNew: 960K->64K(960K), 0.0053023 secs] 492939K->492688K(524224K), 0.0053715 secs] [Times: user=0.00 sys=0.00, real=0.01 secs] 
25.247: [GC 25.248: [DefNew: 960K->64K(960K), 0.0052132 secs] 493584K->493358K(524224K), 0.0052758 secs] [Times: user=0.00 sys=0.00, real=0.01 secs] 
25.254: [GC 25.254: [DefNew: 960K->63K(960K), 0.0055688 secs] 494255K->493978K(524224K), 0.0056429 secs] [Times: user=0.00 sys=0.00, real=0.01 secs] 
25.262: [GC 25.262: [DefNew: 959K->63K(960K), 0.0050025 secs] 494875K->494636K(524224K), 0.0050650 secs] [Times: user=0.00 sys=0.00, real=0.01 secs] 
25.268: [GC 25.268: [DefNew: 959K->64K(960K), 0.0053273 secs] 495533K->495249K(524224K), 0.0053927 secs] [Times: user=0.01 sys=0.00, real=0.01 secs] 
25.275: [GC 25.275: [DefNew: 960K->63K(960K), 0.0050285 secs] 496146K->495903K(524224K), 0.0050977 secs] [Times: user=0.00 sys=0.00, real=0.01 secs] 
25.281: [GC 25.281: [DefNew: 959K->64K(960K), 0.0056963 secs] 496800K->496559K(524224K), 0.0057652 secs] [Times: user=0.02 sys=0.00, real=0.01 secs] 
25.289: [GC 25.289: [DefNew: 960K->64K(960K), 0.0052921 secs] 497456K->497214K(524224K), 0.0053600 secs] [Times: user=0.00 sys=0.00, real=0.01 secs] 
25.296: [GC 25.297: [DefNew: 960K->64K(960K), 0.0054177 secs] 498111K->497867K(524224K), 0.0054880 secs] [Times: user=0.02 sys=0.00, real=0.00 secs] 
25.304: [GC 25.304: [DefNew: 960K->63K(960K), 0.0054259 secs] 498763K->498513K(524224K), 0.0054890 secs] [Times: user=0.00 sys=0.00, real=0.01 secs] 
25.312: [GC 25.312: [DefNew: 959K->63K(960K), 0.0053581 secs] 499409K->499180K(524224K), 0.0054336 secs] [Times: user=0.02 sys=0.00, real=0.01 secs] 
25.320: [GC 25.320: [DefNew: 959K->64K(960K), 0.0053513 secs] 500076K->499842K(524224K), 0.0054221 secs] [Times: user=0.00 sys=0.00, real=0.00 secs] 
25.328: [GC 25.328: [DefNew: 960K->64K(960K), 0.0052070 secs] 500739K->500477K(524224K), 0.0052753 secs] [Times: user=0.02 sys=0.00, real=0.01 secs] 
25.334: [GC 25.334: [DefNew: 960K->64K(960K), 0.0051877 secs] 501373K->501110K(524224K), 0.0052594 secs] [Times: user=0.00 sys=0.00, real=0.01 secs] 
25.341: [GC 25.341: [DefNew: 960K->63K(960K), 0.0053037 secs] 502006K->501735K(524224K), 0.0053788 secs] [Times: user=0.00 sys=0.00, real=0.01 secs] 
25.347: [GC 25.348: [DefNew: 959K->63K(960K), 0.0050424 secs] 502632K->502374K(524224K), 0.0051103 secs] [Times: user=0.00 sys=0.00, real=0.01 secs] 
25.354: [GC 25.354: [DefNew: 959K->63K(960K), 0.0051002 secs] 503270K->503012K(524224K), 0.0051642 secs] [Times: user=0.00 sys=0.00, real=0.01 secs] 
25.361: [GC 25.361: [DefNew: 959K->64K(960K), 0.0053263 secs] 503909K->503660K(524224K), 0.0053937 secs] [Times: user=0.01 sys=0.00, real=0.01 secs] 
25.367: [GC 25.367: [DefNew: 960K->63K(960K), 0.0050482 secs] 504557K->504294K(524224K), 0.0051127 secs] [Times: user=0.00 sys=0.00, real=0.01 secs] 
25.374: [GC 25.374: [DefNew: 959K->64K(960K), 0.0048066 secs] 505191K->504927K(524224K), 0.0048687 secs] [Times: user=0.02 sys=0.00, real=0.01 secs] 
25.380: [GC 25.380: [DefNew: 960K->64K(960K), 0.0048514 secs] 505824K->505553K(524224K), 0.0049207 secs] [Times: user=0.00 sys=0.00, real=0.01 secs] 
25.387: [GC 25.387: [DefNew: 960K->63K(960K), 0.0055679 secs] 506450K->506189K(524224K), 0.0056540 secs] [Times: user=0.00 sys=0.00, real=0.01 secs] 
25.394: [GC 25.395: [DefNew: 959K->63K(960K), 0.0053783 secs] 507086K->506892K(524224K), 0.0054485 secs] [Times: user=0.00 sys=0.00, real=0.00 secs] 
25.402: [GC 25.402: [DefNew: 959K->64K(960K), 0.0051651 secs] 507789K->507540K(524224K), 0.0052306 secs] [Times: user=0.00 sys=0.00, real=0.00 secs] 
25.409: [GC 25.409: [DefNew: 960K->64K(960K), 0.0054447 secs] 508436K->508204K(524224K), 0.0055222 secs] [Times: user=0.01 sys=0.00, real=0.00 secs] 
25.416: [GC 25.416: [DefNew: 960K->64K(960K), 0.0052921 secs] 509101K->508871K(524224K), 0.0053605 secs] [Times: user=0.00 sys=0.00, real=0.01 secs] 
25.423: [GC 25.423: [DefNew: 960K->63K(960K), 0.0061487 secs] 509767K->509654K(524224K), 0.0062180 secs] [Times: user=0.02 sys=0.00, real=0.01 secs] 
25.431: [GC 25.431: [DefNew: 959K->64K(960K), 0.0055852 secs] 510550K->510358K(524224K), 0.0056631 secs] [Times: user=0.00 sys=0.00, real=0.00 secs] 
25.438: [GC 25.438: [DefNew: 960K->64K(960K), 0.0067083 secs] 511255K->511015K(524224K), 0.0068060 secs] [Times: user=0.02 sys=0.00, real=0.01 secs] 
25.447: [GC 25.447: [DefNew: 960K->63K(960K), 0.0058061 secs] 511912K->511772K(524224K), 0.0058773 secs] [Times: user=0.00 sys=0.00, real=0.01 secs] 
25.454: [GC 25.454: [DefNew: 959K->63K(960K), 0.0056550 secs] 512669K->512434K(524224K), 0.0057363 secs] [Times: user=0.02 sys=0.00, real=0.01 secs] 
25.462: [GC 25.462: [DefNew: 959K->64K(960K), 0.0053590 secs] 513330K->513102K(524224K), 0.0054254 secs] [Times: user=0.00 sys=0.00, real=0.01 secs] 
25.469: [GC 25.469: [DefNew: 960K->63K(960K), 0.0052512 secs] 513999K->513773K(524224K), 0.0053364 secs] [Times: user=0.02 sys=0.00, real=0.01 secs] 
25.477: [GC 25.477: [DefNew: 959K->64K(960K), 0.0053715 secs] 514670K->514445K(524224K), 0.0054379 secs] [Times: user=0.00 sys=0.00, real=0.00 secs] 
25.484: [GC 25.485: [DefNew: 960K->64K(960K), 0.0053624 secs] 515341K->515090K(524224K), 0.0054538 secs] [Times: user=0.02 sys=0.00, real=0.01 secs] 
25.492: [GC 25.492: [DefNew: 960K->63K(960K), 0.0059196 secs] 515987K->515864K(524224K), 0.0060009 secs] [Times: user=0.00 sys=0.00, real=0.01 secs] 
25.500: [GC 25.500: [DefNew: 959K->63K(960K), 0.0058816 secs] 516760K->516528K(524224K), 0.0059692 secs] [Times: user=0.02 sys=0.00, real=0.01 secs] 
25.507: [GC 25.507: [DefNew: 959K->64K(960K), 0.0052931 secs] 517425K->517181K(524224K), 0.0053605 secs] [Times: user=0.00 sys=0.00, real=0.00 secs] 
25.515: [GC 25.515: [DefNew: 960K->64K(960K), 0.0055462 secs] 518077K->517868K(524224K), 0.0056165 secs] [Times: user=0.02 sys=0.00, real=0.01 secs] 
25.522: [GC 25.522: [DefNew: 960K->64K(960K), 0.0053061 secs] 518765K->518507K(524224K), 0.0053942 secs] [Times: user=0.00 sys=0.00, real=0.01 secs] 
25.530: [GC 25.530: [DefNew: 960K->64K(960K), 0.0057921 secs] 519404K->519175K(524224K), 0.0058749 secs] [Times: user=0.01 sys=0.00, real=0.01 secs] 
25.537: [GC 25.537: [DefNew: 960K->64K(960K), 0.0053489 secs] 520072K->519843K(524224K), 0.0054153 secs] [Times: user=0.00 sys=0.00, real=0.00 secs] 
25.549: [GC 25.549: [DefNew: 960K->64K(960K), 0.0052517 secs] 520740K->520337K(524224K), 0.0053254 secs] [Times: user=0.02 sys=0.00, real=0.01 secs] 
25.557: [GC 25.557: [DefNew: 960K->63K(960K), 0.0044015 secs] 521235K->520968K(524224K), 0.0044746 secs] [Times: user=0.00 sys=0.00, real=0.00 secs] 
25.563: [GC 25.563: [DefNew: 959K->64K(960K), 0.0040516 secs] 521864K->521536K(524224K), 0.0041315 secs] [Times: user=0.01 sys=0.00, real=0.00 secs] 
25.569: [GC 25.569: [DefNew: 960K->63K(960K), 0.0037206 secs] 522434K->522119K(524224K), 0.0038000 secs] [Times: user=0.00 sys=0.00, real=0.00 secs] 
25.574: [GC 25.574: [DefNew: 959K->64K(960K), 0.0039179 secs] 523016K->522654K(524224K), 0.0039987 secs] [Times: user=0.00 sys=0.00, real=0.00 secs] 
25.580: [GC 25.580: [DefNew: 960K->960K(960K), 0.0000082 secs]25.580: [Tenured: 522591K->11838K(523264K), 0.1664553 secs] 523551K->11838K(524224K), [Perm : 373K->373K(12288K)], 0.1665607 secs] [Times: user=0.17 sys=0.00, real=0.17 secs] 
25.748: [GC 25.748: [DefNew: 896K->63K(960K), 0.0013343 secs] 12736K->12407K(524224K), 0.0013868 secs] [Times: user=0.00 sys=0.00, real=0.00 secs] 
25.751: [GC 25.751: [DefNew: 959K->64K(960K), 0.0021846 secs] 13304K->12915K(524224K), 0.0022457 secs] [Times: user=0.02 sys=0.00, real=0.00 secs] 
25.754: [GC 25.754: [DefNew: 960K->64K(960K), 0.0019815 secs] 13812K->13457K(524224K), 0.0020417 secs] [Times: user=0.00 sys=0.00, real=0.00 secs] 
25.759: [GC 25.759: [DefNew: 960K->64K(960K), 0.0021918 secs] 14354K->13965K(524224K), 0.0022592 secs] [Times: user=0.00 sys=0.00, real=0.00 secs] 
25.763: [GC 25.763: [DefNew: 960K->64K(960K), 0.0019127 secs] 14862K->14519K(524224K), 0.0019734 secs] [Times: user=0.00 sys=0.00, real=0.00 secs] 
25.766: [GC 25.766: [DefNew: 960K->63K(960K), 0.0020128 secs] 15416K->15038K(524224K), 0.0020744 secs] [Times: user=0.00 sys=0.00, real=0.00 secs] 
25.770: [GC 25.770: [DefNew: 959K->64K(960K), 0.0021052 secs] 15935K->15596K(524224K), 0.0021610 secs] [Times: user=0.00 sys=0.00, real=0.00 secs] 
25.774: [GC 25.774: [DefNew: 960K->64K(960K), 0.0019767 secs] 16493K->16112K(524224K), 0.0020340 secs] [Times: user=0.00 sys=0.00, real=0.00 secs] 
25.777: [GC 25.777: [DefNew: 960K->64K(960K), 0.0019585 secs] 17009K->16611K(524224K), 0.0020157 secs] [Times: user=0.00 sys=0.00, real=0.00 secs] 
25.781: [GC 25.781: [DefNew: 960K->64K(960K), 0.0018357 secs] 17508K->17139K(524224K), 0.0018887 secs] [Times: user=0.00 sys=0.00, real=0.00 secs] 
25.784: [GC 25.784: [DefNew: 960K->64K(960K), 0.0018468 secs] 18036K->17629K(524224K), 0.0019012 secs] [Times: user=0.02 sys=0.00, real=0.00 secs] 
25.788: [GC 25.788: [DefNew: 960K->64K(960K), 0.0020061 secs] 18526K->18155K(524224K), 0.0020653 secs] [Times: user=0.00 sys=0.00, real=0.00 secs] 
25.791: [GC 25.791: [DefNew: 960K->63K(960K), 0.0020277 secs] 19051K->18690K(524224K), 0.0020812 secs] [Times: user=0.00 sys=0.00, real=0.00 secs] 
25.795: [GC 25.795: [DefNew: 959K->63K(960K), 0.0018050 secs] 19587K->19195K(524224K), 0.0018555 secs] [Times: user=0.00 sys=0.00, real=0.00 secs] 
25.799: [GC 25.799: [DefNew: 959K->63K(960K), 0.0019536 secs] 20092K->19727K(524224K), 0.0020133 secs] [Times: user=0.02 sys=0.00, real=0.00 secs] 
25.802: [GC 25.802: [DefNew: 959K->63K(960K), 0.0022053 secs] 20624K->20243K(524224K), 0.0022688 secs] [Times: user=0.00 sys=0.00, real=0.00 secs] 
25.806: [GC 25.806: [DefNew: 959K->63K(960K), 0.0022024 secs] 21139K->20780K(524224K), 0.0022683 secs] [Times: user=0.00 sys=0.00, real=0.00 secs] 
25.809: [GC 25.809: [DefNew: 959K->64K(960K), 0.0021293 secs] 21677K->21288K(524224K), 0.0021938 secs] [Times: user=0.00 sys=0.00, real=0.00 secs] 
25.813: [GC 25.813: [DefNew: 960K->63K(960K), 0.0018540 secs] 22185K->21790K(524224K), 0.0019055 secs] [Times: user=0.00 sys=0.00, real=0.00 secs] 
25.817: [GC 25.817: [DefNew: 959K->63K(960K), 0.0021538 secs] 22687K->22313K(524224K), 0.0022111 secs] [Times: user=0.00 sys=0.00, real=0.00 secs] 
25.821: [GC 25.821: [DefNew: 959K->64K(960K), 0.0018550 secs] 23211K->22805K(524224K), 0.0019108 secs] [Times: user=0.00 sys=0.00, real=0.00 secs] 
25.825: [GC 25.825: [DefNew: 960K->63K(960K), 0.0018035 secs] 23701K->23336K(524224K), 0.0018569 secs] [Times: user=0.00 sys=0.00, real=0.00 secs] 
25.828: [GC 25.828: [DefNew: 959K->63K(960K), 0.0023059 secs] 24232K->23861K(524224K), 0.0023679 secs] [Times: user=0.02 sys=0.00, real=0.00 secs] 
25.832: [GC 25.832: [DefNew: 959K->64K(960K), 0.0019281 secs] 24758K->24388K(524224K), 0.0019868 secs] [Times: user=0.00 sys=0.00, real=0.00 secs] 
25.836: [GC 25.836: [DefNew: 960K->63K(960K), 0.0020908 secs] 25285K->24930K(524224K), 0.0021495 secs] [Times: user=0.00 sys=0.00, real=0.00 secs] 
25.839: [GC 25.839: [DefNew: 959K->64K(960K), 0.0022169 secs] 25827K->25417K(524224K), 0.0022813 secs] [Times: user=0.00 sys=0.00, real=0.00 secs] 
25.843: [GC 25.843: [DefNew: 960K->64K(960K), 0.0021817 secs] 26314K->25949K(524224K), 0.0022428 secs] [Times: user=0.00 sys=0.00, real=0.00 secs] 
25.846: [GC 25.846: [DefNew: 960K->64K(960K), 0.0022399 secs] 26846K->26473K(524224K), 0.0023030 secs] [Times: user=0.00 sys=0.00, real=0.00 secs] 
25.850: [GC 25.850: [DefNew: 960K->63K(960K), 0.0022294 secs] 27369K->26997K(524224K), 0.0022876 secs] [Times: user=0.00 sys=0.00, real=0.00 secs] 
25.853: [GC 25.853: [DefNew: 959K->63K(960K), 0.0022236 secs] 27895K->27558K(524224K), 0.0022847 secs] [Times: user=0.00 sys=0.00, real=0.00 secs] 
25.857: [GC 25.857: [DefNew: 959K->63K(960K), 0.0019392 secs] 28455K->28073K(524224K), 0.0019955 secs] [Times: user=0.00 sys=0.00, real=0.00 secs] 
25.861: [GC 25.861: [DefNew: 959K->64K(960K), 0.0020051 secs] 28971K->28627K(524224K), 0.0020590 secs] [Times: user=0.02 sys=0.00, real=0.00 secs] 
25.864: [GC 25.864: [DefNew: 960K->64K(960K), 0.0021158 secs] 29524K->29149K(524224K), 0.0021798 secs] [Times: user=0.00 sys=0.00, real=0.00 secs] 
25.869: [GC 25.869: [DefNew: 960K->63K(960K), 0.0021100 secs] 30047K->29691K(524224K), 0.0021692 secs] [Times: user=0.00 sys=0.00, real=0.00 secs] 
25.872: [GC 25.872: [DefNew: 959K->64K(960K), 0.0021283 secs] 30589K->30234K(524224K), 0.0021899 secs] [Times: user=0.00 sys=0.00, real=0.00 secs] 
25.876: [GC 25.876: [DefNew: 960K->64K(960K), 0.0021293 secs] 31131K->30743K(524224K), 0.0021885 secs] [Times: user=0.02 sys=0.00, real=0.00 secs] 
25.880: [GC 25.880: [DefNew: 960K->64K(960K), 0.0021225 secs] 31640K->31285K(524224K), 0.0021808 secs] [Times: user=0.00 sys=0.00, real=0.00 secs] 
25.883: [GC 25.883: [DefNew: 960K->64K(960K), 0.0021148 secs] 32182K->31797K(524224K), 0.0021740 secs] [Times: user=0.00 sys=0.00, real=0.00 secs] 
25.887: [GC 25.887: [DefNew: 960K->64K(960K), 0.0020263 secs] 32694K->32316K(524224K), 0.0020816 secs] [Times: user=0.00 sys=0.00, real=0.00 secs] 
25.890: [GC 25.890: [DefNew: 960K->63K(960K), 0.0021702 secs] 33213K->32820K(524224K), 0.0022356 secs] [Times: user=0.00 sys=0.00, real=0.00 secs] 
25.894: [GC 25.894: [DefNew: 959K->64K(960K), 0.0020301 secs] 33718K->33325K(524224K), 0.0020874 secs] [Times: user=0.00 sys=0.00, real=0.00 secs] 
25.897: [GC 25.898: [DefNew: 960K->64K(960K), 0.0021043 secs] 34223K->33887K(524224K), 0.0021606 secs] [Times: user=0.00 sys=0.00, real=0.00 secs] 
25.901: [GC 25.901: [DefNew: 960K->64K(960K), 0.0021283 secs] 34784K->34406K(524224K), 0.0021846 secs] [Times: user=0.00 sys=0.00, real=0.00 secs] 
25.905: [GC 25.905: [DefNew: 960K->64K(960K), 0.0020282 secs] 35303K->34960K(524224K), 0.0020826 secs] [Times: user=0.00 sys=0.00, real=0.00 secs] 
25.908: [GC 25.908: [DefNew: 960K->64K(960K), 0.0022351 secs] 35857K->35494K(524224K), 0.0022996 secs] [Times: user=0.00 sys=0.00, real=0.00 secs] 
25.913: [GC 25.913: [DefNew: 960K->63K(960K), 0.0021182 secs] 36391K->36032K(524224K), 0.0021750 secs] [Times: user=0.00 sys=0.00, real=0.00 secs] 
25.916: [GC 25.917: [DefNew: 959K->63K(960K), 0.0021057 secs] 36929K->36567K(524224K), 0.0021615 secs] [Times: user=0.00 sys=0.00, real=0.00 secs] 
25.920: [GC 25.920: [DefNew: 959K->64K(960K), 0.0021779 secs] 37463K->37092K(524224K), 0.0022347 secs] [Times: user=0.00 sys=0.00, real=0.00 secs] 
25.924: [GC 25.924: [DefNew: 960K->63K(960K), 0.0023718 secs] 37989K->37627K(524224K), 0.0024343 secs] [Times: user=0.01 sys=0.00, real=0.00 secs] 
25.927: [GC 25.927: [DefNew: 959K->63K(960K), 0.0023068 secs] 38523K->38152K(524224K), 0.0023679 secs] [Times: user=0.00 sys=0.00, real=0.00 secs] 
25.931: [GC 25.931: [DefNew: 959K->63K(960K), 0.0021018 secs] 39048K->38700K(524224K), 0.0021615 secs] [Times: user=0.00 sys=0.00, real=0.00 secs] 
25.934: [GC 25.934: [DefNew: 959K->64K(960K), 0.0020316 secs] 39597K->39217K(524224K), 0.0020869 secs] [Times: user=0.00 sys=0.00, real=0.00 secs] 
25.938: [GC 25.938: [DefNew: 960K->64K(960K), 0.0021115 secs] 40115K->39723K(524224K), 0.0021716 secs] [Times: user=0.00 sys=0.00, real=0.00 secs] 
25.942: [GC 25.942: [DefNew: 960K->64K(960K), 0.0024324 secs] 40621K->40245K(524224K), 0.0025012 secs] [Times: user=0.00 sys=0.00, real=0.00 secs] 
25.946: [GC 25.946: [DefNew: 960K->64K(960K), 0.0022087 secs] 41142K->40786K(524224K), 0.0022746 secs] [Times: user=0.00 sys=0.00, real=0.00 secs] 
25.950: [GC 25.950: [DefNew: 960K->64K(960K), 0.0021899 secs] 41683K->41346K(524224K), 0.0022525 secs] [Times: user=0.00 sys=0.00, real=0.00 secs] 
25.953: [GC 25.953: [DefNew: 960K->63K(960K), 0.0022092 secs] 42243K->41875K(524224K), 0.0022736 secs] [Times: user=0.02 sys=0.00, real=0.00 secs] 
25.957: [GC 25.957: [DefNew: 959K->64K(960K), 0.0022015 secs] 42772K->42401K(524224K), 0.0022606 secs] [Times: user=0.00 sys=0.00, real=0.00 secs] 
25.960: [GC 25.961: [DefNew: 960K->63K(960K), 0.0022082 secs] 43298K->42962K(524224K), 0.0022630 secs] [Times: user=0.00 sys=0.00, real=0.00 secs] 
25.964: [GC 25.964: [DefNew: 959K->63K(960K), 0.0022462 secs] 43859K->43480K(524224K), 0.0023059 secs] [Times: user=0.00 sys=0.00, real=0.00 secs] 
25.968: [GC 25.968: [DefNew: 959K->63K(960K), 0.0020431 secs] 44377K->43984K(524224K), 0.0021028 secs] [Times: user=0.00 sys=0.00, real=0.00 secs] 
25.972: [GC 25.972: [DefNew: 959K->63K(960K), 0.0022125 secs] 44881K->44507K(524224K), 0.0022756 secs] [Times: user=0.00 sys=0.00, real=0.00 secs] 
25.975: [GC 25.975: [DefNew: 959K->63K(960K), 0.0022982 secs] 45405K->45011K(524224K), 0.0023627 secs] [Times: user=0.00 sys=0.00, real=0.00 secs] 
25.978: [GC 25.979: [DefNew: 959K->63K(960K), 0.0021452 secs] 45908K->45554K(524224K), 0.0022063 secs] [Times: user=0.00 sys=0.00, real=0.00 secs] 
25.982: [GC 25.982: [DefNew: 959K->63K(960K), 0.0023458 secs] 46451K->46066K(524224K), 0.0397489 secs] [Times: user=0.00 sys=0.00, real=0.04 secs] 
26.024: [GC 26.024: [DefNew: 959K->63K(960K), 0.0046522 secs] 46962K->46718K(524224K), 0.0047446 secs] [Times: user=0.00 sys=0.00, real=0.00 secs] 
26.030: [GC 26.030: [DefNew: 959K->64K(960K), 0.0061217 secs] 47615K->47603K(524224K), 0.0062233 secs] [Times: user=0.01 sys=0.00, real=0.01 secs] 
26.039: [GC 26.039: [DefNew: 960K->64K(960K), 0.0061217 secs] 48499K->48474K(524224K), 0.0062170 secs] [Times: user=0.00 sys=0.00, real=0.01 secs] 
26.047: [GC 26.048: [DefNew: 960K->64K(960K), 0.0059701 secs] 49370K->49348K(524224K), 0.0060515 secs] [Times: user=0.02 sys=0.00, real=0.01 secs] 
26.055: [GC 26.055: [DefNew: 960K->64K(960K), 0.0042922 secs] 50244K->50073K(524224K), 0.0043740 secs] [Times: user=0.00 sys=0.00, real=0.00 secs] 
26.062: [GC 26.062: [DefNew: 960K->63K(960K), 0.0038236 secs] 50969K->50792K(524224K), 0.0039126 secs] [Times: user=0.02 sys=0.00, real=0.00 secs] 
26.067: [GC 26.067: [DefNew: 959K->63K(960K), 0.0037288 secs] 51688K->51504K(524224K), 0.0038130 secs] [Times: user=0.00 sys=0.00, real=0.00 secs] 
26.073: [GC 26.073: [DefNew: 959K->63K(960K), 0.0036065 secs] 52400K->52204K(524224K), 0.0036965 secs] [Times: user=0.00 sys=0.00, real=0.00 secs] 
26.078: [GC 26.078: [DefNew: 959K->63K(960K), 0.0039063 secs] 53101K->52888K(524224K), 0.0039872 secs] [Times: user=0.02 sys=0.00, real=0.00 secs] 
26.085: [GC 26.085: [DefNew: 959K->63K(960K), 0.0024064 secs] 53784K->53460K(524224K), 0.0024772 secs] [Times: user=0.00 sys=0.00, real=0.00 secs] 
26.089: [GC 26.089: [DefNew: 959K->64K(960K), 0.0023294 secs] 54357K->53978K(524224K), 0.0024011 secs] [Times: user=0.00 sys=0.00, real=0.00 secs] 
26.093: [GC 26.093: [DefNew: 960K->63K(960K), 0.0022683 secs] 54874K->54502K(524224K), 0.0023294 secs] [Times: user=0.00 sys=0.00, real=0.00 secs] 
26.098: [GC 26.098: [DefNew: 959K->63K(960K), 0.0024218 secs] 55399K->55040K(524224K), 0.0024897 secs] [Times: user=0.00 sys=0.00, real=0.00 secs] 
26.102: [GC 26.102: [DefNew: 959K->63K(960K), 0.0023092 secs] 55937K->55577K(524224K), 0.0023752 secs] [Times: user=0.00 sys=0.00, real=0.00 secs] 
26.107: [GC 26.107: [DefNew: 959K->64K(960K), 0.0023227 secs] 56474K->56095K(524224K), 0.0023848 secs] [Times: user=0.00 sys=0.00, real=0.00 secs] 
26.112: [GC 26.112: [DefNew: 960K->63K(960K), 0.0025989 secs] 56992K->56672K(524224K), 0.0026639 secs] [Times: user=0.00 sys=0.00, real=0.00 secs] 
26.116: [GC 26.116: [DefNew: 959K->64K(960K), 0.0025070 secs] 57569K->57245K(524224K), 0.0025729 secs] [Times: user=0.00 sys=0.00, real=0.00 secs] 
26.121: [GC 26.121: [DefNew: 960K->64K(960K), 0.0023266 secs] 58141K->57775K(524224K), 0.0023920 secs] [Times: user=0.00 sys=0.00, real=0.00 secs] 
26.125: [GC 26.125: [DefNew: 960K->63K(960K), 0.0023655 secs] 58672K->58335K(524224K), 0.0024310 secs] [Times: user=0.00 sys=0.00, real=0.00 secs] 
26.130: [GC 26.130: [DefNew: 959K->64K(960K), 0.0026725 secs] 59232K->58917K(524224K), 0.0028150 secs] [Times: user=0.00 sys=0.00, real=0.00 secs] 
26.134: [GC 26.134: [DefNew: 960K->64K(960K), 0.0023824 secs] 59814K->59426K(524224K), 0.0024425 secs] [Times: user=0.00 sys=0.00, real=0.00 secs] 
26.139: [GC 26.139: [DefNew: 960K->64K(960K), 0.0025340 secs] 60324K->59990K(524224K), 0.0025994 secs] [Times: user=0.00 sys=0.00, real=0.00 secs] 
26.144: [GC 26.144: [DefNew: 960K->64K(960K), 0.0024599 secs] 60887K->60525K(524224K), 0.0025277 secs] [Times: user=0.00 sys=0.00, real=0.00 secs] 
26.148: [GC 26.148: [DefNew: 960K->63K(960K), 0.0023728 secs] 61422K->61075K(524224K), 0.0024401 secs] [Times: user=0.00 sys=0.00, real=0.00 secs] 
26.153: [GC 26.153: [DefNew: 959K->63K(960K), 0.0025999 secs] 61973K->61660K(524224K), 0.0026706 secs] [Times: user=0.00 sys=0.00, real=0.00 secs] 
26.157: [GC 26.157: [DefNew: 959K->64K(960K), 0.0024709 secs] 62558K->62213K(524224K), 0.0025811 secs] [Times: user=0.01 sys=0.00, real=0.00 secs] 
26.162: [GC 26.162: [DefNew: 960K->64K(960K), 0.0023376 secs] 63111K->62757K(524224K), 0.0023968 secs] [Times: user=0.00 sys=0.00, real=0.00 secs] 
26.166: [GC 26.167: [DefNew: 960K->64K(960K), 0.0025036 secs] 63653K->63325K(524224K), 0.0025696 secs] [Times: user=0.00 sys=0.00, real=0.00 secs] 
26.171: [GC 26.171: [DefNew: 960K->63K(960K), 0.0024512 secs] 64223K->63883K(524224K), 0.0025234 secs] [Times: user=0.00 sys=0.00, real=0.00 secs] 
26.177: [GC 26.177: [DefNew: 959K->64K(960K), 0.0024300 secs] 64780K->64424K(524224K), 0.0025036 secs] [Times: user=0.00 sys=0.00, real=0.00 secs] 
26.181: [GC 26.181: [DefNew: 960K->64K(960K), 0.0023612 secs] 65321K->64978K(524224K), 0.0024286 secs] [Times: user=0.00 sys=0.00, real=0.00 secs] 
26.186: [GC 26.186: [DefNew: 960K->63K(960K), 0.0027505 secs] 65875K->65539K(524224K), 0.0028227 secs] [Times: user=0.00 sys=0.00, real=0.00 secs] 
26.190: [GC 26.190: [DefNew: 959K->64K(960K), 0.0024045 secs] 66437K->66063K(524224K), 0.0025248 secs] [Times: user=0.00 sys=0.00, real=0.00 secs] 
26.195: [GC 26.195: [DefNew: 960K->64K(960K), 0.0025012 secs] 66960K->66608K(524224K), 0.0025888 secs] [Times: user=0.00 sys=0.00, real=0.00 secs] 
26.200: [GC 26.200: [DefNew: 960K->63K(960K), 0.0024979 secs] 67505K->67186K(524224K), 0.0025662 secs] [Times: user=0.00 sys=0.00, real=0.00 secs] 
26.204: [GC 26.204: [DefNew: 959K->63K(960K), 0.0023781 secs] 68083K->67749K(524224K), 0.0024435 secs] [Times: user=0.02 sys=0.00, real=0.00 secs] 
26.209: [GC 26.209: [DefNew: 959K->63K(960K), 0.0022448 secs] 68646K->68281K(524224K), 0.0023035 secs] [Times: user=0.00 sys=0.00, real=0.00 secs] 
26.213: [GC 26.213: [DefNew: 959K->63K(960K), 0.0023184 secs] 69178K->68822K(524224K), 0.0023776 secs] [Times: user=0.00 sys=0.00, real=0.00 secs] 
26.218: [GC 26.218: [DefNew: 959K->64K(960K), 0.0025537 secs] 69719K->69420K(524224K), 0.0026220 secs] [Times: user=0.00 sys=0.00, real=0.00 secs] 
26.223: [GC 26.223: [DefNew: 960K->63K(960K), 0.0025960 secs] 70316K->69985K(524224K), 0.0026591 secs] [Times: user=0.00 sys=0.00, real=0.00 secs] 
26.227: [GC 26.227: [DefNew: 959K->63K(960K), 0.0023795 secs] 70882K->70529K(524224K), 0.0024464 secs] [Times: user=0.00 sys=0.00, real=0.00 secs] 
26.232: [GC 26.232: [DefNew: 959K->64K(960K), 0.0025739 secs] 71426K->71117K(524224K), 0.0026389 secs] [Times: user=0.00 sys=0.00, real=0.00 secs] 
26.236: [GC 26.236: [DefNew: 960K->63K(960K), 0.0026312 secs] 72014K->71629K(524224K), 0.0026961 secs] [Times: user=0.02 sys=0.00, real=0.00 secs] 
26.243: [GC 26.243: [DefNew: 959K->64K(960K), 0.0025551 secs] 72526K->72177K(524224K), 0.0026297 secs] [Times: user=0.00 sys=0.00, real=0.00 secs] 
26.247: [GC 26.247: [DefNew: 960K->63K(960K), 0.0025999 secs] 73074K->72681K(524224K), 0.0026692 secs] [Times: user=0.00 sys=0.00, real=0.00 secs] 
26.252: [GC 26.252: [DefNew: 959K->63K(960K), 0.0024810 secs] 73580K->73241K(524224K), 0.0025498 secs] [Times: user=0.01 sys=0.00, real=0.00 secs] 
26.257: [GC 26.257: [DefNew: 959K->64K(960K), 0.0023853 secs] 74138K->73745K(524224K), 0.0025994 secs] [Times: user=0.00 sys=0.00, real=0.00 secs] 
26.268: [GC 26.268: [DefNew: 960K->64K(960K), 0.0024656 secs] 74642K->74334K(524224K), 0.0025330 secs] [Times: user=0.00 sys=0.00, real=0.00 secs] 
26.275: [GC 26.275: [DefNew: 960K->64K(960K), 0.0030099 secs] 75231K->74948K(524224K), 0.0030806 secs] [Times: user=0.00 sys=0.00, real=0.00 secs] 
26.279: [GC 26.279: [DefNew: 960K->64K(960K), 0.0024103 secs] 75846K->75441K(524224K), 0.0024733 secs] [Times: user=0.00 sys=0.00, real=0.00 secs] 
26.284: [GC 26.284: [DefNew: 960K->64K(960K), 0.0026817 secs] 76338K->75982K(524224K), 0.0027462 secs] [Times: user=0.00 sys=0.00, real=0.00 secs] 
26.288: [GC 26.288: [DefNew: 960K->63K(960K), 0.0025845 secs] 76879K->76502K(524224K), 0.0026504 secs] [Times: user=0.00 sys=0.00, real=0.00 secs] 
26.293: [GC 26.293: [DefNew: 959K->63K(960K), 0.0024983 secs] 77399K->77006K(524224K), 0.0025604 secs] [Times: user=0.00 sys=0.00, real=0.00 secs] 
26.297: [GC 26.298: [DefNew: 959K->64K(960K), 0.0024565 secs] 77903K->77542K(524224K), 0.0025282 secs] [Times: user=0.02 sys=0.00, real=0.00 secs] 
26.302: [GC 26.302: [DefNew: 960K->64K(960K), 0.0024613 secs] 78439K->78057K(524224K), 0.0025277 secs] [Times: user=0.00 sys=0.00, real=0.00 secs] 
26.312: [GC 26.312: [DefNew: 960K->64K(960K), 0.0024445 secs] 78954K->78580K(524224K), 0.0025128 secs] [Times: user=0.01 sys=0.00, real=0.00 secs] 
26.319: [GC 26.319: [DefNew: 960K->64K(960K), 0.0025657 secs] 79477K->79118K(524224K), 0.0026393 secs] [Times: user=0.00 sys=0.00, real=0.00 secs] 
26.324: [GC 26.324: [DefNew: 960K->63K(960K), 0.0027125 secs] 80015K->79709K(524224K), 0.0027847 secs] [Times: user=0.00 sys=0.00, real=0.00 secs] 
26.328: [GC 26.328: [DefNew: 959K->63K(960K), 0.0030426 secs] 80606K->80354K(524224K), 0.0031143 secs] [Times: user=0.02 sys=0.00, real=0.00 secs] 
26.333: [GC 26.333: [DefNew: 959K->64K(960K), 0.0028992 secs] 81251K->81004K(524224K), 0.0029507 secs] [Times: user=0.00 sys=0.00, real=0.00 secs] 
26.337: [GC 26.337: [DefNew: 960K->63K(960K), 0.0032307 secs] 81901K->81750K(524224K), 0.0032894 secs] [Times: user=0.00 sys=0.00, real=0.00 secs] 
26.342: [GC 26.342: [DefNew: 959K->63K(960K), 0.0035074 secs] 82648K->82506K(524224K), 0.0035767 secs] [Times: user=0.02 sys=0.00, real=0.00 secs] 
26.348: [GC 26.348: [DefNew: 959K->64K(960K), 0.0032307 secs] 83403K->83142K(524224K), 0.0032952 secs] [Times: user=0.00 sys=0.00, real=0.00 secs] 
26.353: [GC 26.353: [DefNew: 960K->63K(960K), 0.0030012 secs] 84039K->83912K(524224K), 0.0030714 secs] [Times: user=0.00 sys=0.00, real=0.00 secs] 
26.358: [GC 26.358: [DefNew: 959K->64K(960K), 0.0030570 secs] 84808K->84580K(524224K), 0.0031220 secs] [Times: user=0.00 sys=0.00, real=0.00 secs] 
26.362: [GC 26.363: [DefNew: 960K->63K(960K), 0.0027158 secs] 85477K->85123K(524224K), 0.0027837 secs] [Times: user=0.00 sys=0.00, real=0.00 secs] 
26.367: [GC 26.367: [DefNew: 959K->64K(960K), 0.0027558 secs] 86020K->85826K(524224K), 0.0028193 secs] [Times: user=0.00 sys=0.00, real=0.00 secs] 
26.371: [GC 26.372: [DefNew: 960K->63K(960K), 0.0032076 secs] 86723K->86538K(524224K), 0.0032740 secs] [Times: user=0.00 sys=0.00, real=0.00 secs] 
26.376: [GC 26.376: [DefNew: 959K->64K(960K), 0.0026172 secs] 87435K->87043K(524224K), 0.0026841 secs] [Times: user=0.01 sys=0.00, real=0.00 secs] 
26.381: [GC 26.381: [DefNew: 960K->64K(960K), 0.0025046 secs] 87940K->87719K(524224K), 0.0025686 secs] [Times: user=0.00 sys=0.00, real=0.00 secs] 
26.385: [GC 26.385: [DefNew: 960K->64K(960K), 0.0025537 secs] 88615K->88228K(524224K), 0.0026148 secs] [Times: user=0.00 sys=0.00, real=0.00 secs] 
26.390: [GC 26.390: [DefNew: 960K->63K(960K), 0.0034309 secs] 89124K->88814K(524224K), 0.0035137 secs] [Times: user=0.02 sys=0.00, real=0.00 secs] 
26.395: [GC 26.396: [DefNew: 959K->63K(960K), 0.0030431 secs] 89711K->89396K(524224K), 0.0031162 secs] [Times: user=0.00 sys=0.00, real=0.00 secs] 
26.400: [GC 26.400: [DefNew: 959K->64K(960K), 0.0024945 secs] 90294K->89923K(524224K), 0.0025590 secs] [Times: user=0.00 sys=0.00, real=0.00 secs] 
26.405: [GC 26.405: [DefNew: 960K->63K(960K), 0.0025710 secs] 90820K->90497K(524224K), 0.0026307 secs] [Times: user=0.00 sys=0.00, real=0.00 secs] 
26.409: [GC 26.409: [DefNew: 959K->64K(960K), 0.0026677 secs] 91394K->91064K(524224K), 0.0027337 secs] [Times: user=0.00 sys=0.00, real=0.00 secs] 
26.414: [GC 26.414: [DefNew: 960K->63K(960K), 0.0027178 secs] 91961K->91643K(524224K), 0.0027952 secs] [Times: user=0.00 sys=0.00, real=0.00 secs] 
26.418: [GC 26.418: [DefNew: 959K->63K(960K), 0.0025816 secs] 92540K->92186K(524224K), 0.0026533 secs] [Times: user=0.00 sys=0.00, real=0.00 secs] 
26.423: [GC 26.423: [DefNew: 959K->64K(960K), 0.0026013 secs] 93082K->92753K(524224K), 0.0026620 secs] [Times: user=0.01 sys=0.00, real=0.00 secs] 
26.427: [GC 26.428: [DefNew: 960K->63K(960K), 0.0026013 secs] 93651K->93319K(524224K), 0.0026624 secs] [Times: user=0.00 sys=0.00, real=0.00 secs] 
26.432: [GC 26.432: [DefNew: 959K->63K(960K), 0.0024651 secs] 94216K->93853K(524224K), 0.0025239 secs] [Times: user=0.00 sys=0.00, real=0.00 secs] 
26.437: [GC 26.437: [DefNew: 959K->64K(960K), 0.0024271 secs] 94751K->94400K(524224K), 0.0024993 secs] [Times: user=0.00 sys=0.00, real=0.00 secs] 
26.441: [GC 26.441: [DefNew: 960K->64K(960K), 0.0026740 secs] 95298K->94965K(524224K), 0.0027466 secs] [Times: user=0.00 sys=0.00, real=0.00 secs] 
26.446: [GC 26.446: [DefNew: 960K->63K(960K), 0.0034035 secs] 95861K->95745K(524224K), 0.0034756 secs] [Times: user=0.00 sys=0.00, real=0.00 secs] 
26.451: [GC 26.452: [DefNew: 959K->63K(960K), 0.0029747 secs] 96641K->96281K(524224K), 0.0030387 secs] [Times: user=0.02 sys=0.00, real=0.00 secs] 
26.456: [GC 26.456: [DefNew: 959K->63K(960K), 0.0027317 secs] 97177K->96806K(524224K), 0.0028039 secs] [Times: user=0.00 sys=0.00, real=0.00 secs] 
26.461: [GC 26.461: [DefNew: 959K->64K(960K), 0.0025652 secs] 97702K->97441K(524224K), 0.0026408 secs] [Times: user=0.00 sys=0.00, real=0.00 secs] 
26.465: [GC 26.465: [DefNew: 960K->63K(960K), 0.0027462 secs] 98338K->98024K(524224K), 0.0028718 secs] [Times: user=0.00 sys=0.00, real=0.00 secs] 
26.470: [GC 26.470: [DefNew: 959K->64K(960K), 0.0029459 secs] 98922K->98689K(524224K), 0.0030272 secs] [Times: user=0.01 sys=0.00, real=0.00 secs] 
26.474: [GC 26.474: [DefNew: 960K->64K(960K), 0.0029560 secs] 99586K->99265K(524224K), 0.0030344 secs] [Times: user=0.00 sys=0.00, real=0.00 secs] 
26.479: [GC 26.479: [DefNew: 960K->64K(960K), 0.0028920 secs] 100161K->99885K(524224K), 0.0029665 secs] [Times: user=0.00 sys=0.00, real=0.00 secs] 
26.484: [GC 26.484: [DefNew: 960K->63K(960K), 0.0029617 secs] 100781K->100492K(524224K), 0.0030262 secs] [Times: user=0.02 sys=0.00, real=0.00 secs] 
26.488: [GC 26.488: [DefNew: 959K->64K(960K), 0.0031350 secs] 101389K->101096K(524224K), 0.0032168 secs] [Times: user=0.00 sys=0.00, real=0.00 secs] 
26.493: [GC 26.493: [DefNew: 960K->64K(960K), 0.0031196 secs] 101993K->101727K(524224K), 0.0031917 secs] [Times: user=0.00 sys=0.00, real=0.00 secs] 
26.497: [GC 26.497: [DefNew: 960K->64K(960K), 0.0034603 secs] 102623K->102413K(524224K), 0.0035387 secs] [Times: user=0.00 sys=0.00, real=0.00 secs] 
26.503: [GC 26.503: [DefNew: 960K->63K(960K), 0.0028795 secs] 103311K->103056K(524224K), 0.0029415 secs] [Times: user=0.00 sys=0.00, real=0.00 secs] 
26.507: [GC 26.507: [DefNew: 959K->63K(960K), 0.0042003 secs] 103953K->103655K(524224K), 0.0042788 secs] [Times: user=0.00 sys=0.00, real=0.00 secs] 
26.513: [GC 26.513: [DefNew: 959K->63K(960K), 0.0030868 secs] 104551K->104253K(524224K), 0.0031547 secs] [Times: user=0.00 sys=0.00, real=0.00 secs] 
26.518: [GC 26.518: [DefNew: 959K->64K(960K), 0.0031379 secs] 105150K->104876K(524224K), 0.0032043 secs] [Times: user=0.00 sys=0.00, real=0.00 secs] 
26.522: [GC 26.522: [DefNew: 960K->63K(960K), 0.0028227 secs] 105772K->105470K(524224K), 0.0029054 secs] [Times: user=0.00 sys=0.00, real=0.00 secs] 
26.527: [GC 26.527: [DefNew: 959K->63K(960K), 0.0028992 secs] 106366K->106106K(524224K), 0.0029651 secs] [Times: user=0.00 sys=0.00, real=0.00 secs] 
26.531: [GC 26.531: [DefNew: 959K->63K(960K), 0.0031629 secs] 107003K->106675K(524224K), 0.0032447 secs] [Times: user=0.01 sys=0.00, real=0.00 secs] 
26.536: [GC 26.536: [DefNew: 959K->64K(960K), 0.0028318 secs] 107572K->107254K(524224K), 0.0028968 secs] [Times: user=0.00 sys=0.00, real=0.00 secs] 
26.540: [GC 26.541: [DefNew: 960K->64K(960K), 0.0026764 secs] 108150K->107802K(524224K), 0.0027414 secs] [Times: user=0.00 sys=0.00, real=0.00 secs] 
26.545: [GC 26.545: [DefNew: 960K->63K(960K), 0.0026393 secs] 108699K->108344K(524224K), 0.0027101 secs] [Times: user=0.00 sys=0.00, real=0.00 secs] 
26.550: [GC 26.550: [DefNew: 959K->64K(960K), 0.0027630 secs] 109241K->108909K(524224K), 0.0028487 secs] [Times: user=0.00 sys=0.00, real=0.00 secs] 
26.554: [GC 26.554: [DefNew: 960K->64K(960K), 0.0029333 secs] 109806K->109453K(524224K), 0.0029988 secs] [Times: user=0.00 sys=0.00, real=0.00 secs] 
26.559: [GC 26.559: [DefNew: 960K->63K(960K), 0.0043413 secs] 110351K->110170K(524224K), 0.0044212 secs] [Times: user=0.00 sys=0.00, real=0.00 secs] 
26.565: [GC 26.565: [DefNew: 959K->63K(960K), 0.0030796 secs] 111067K->110807K(524224K), 0.0031460 secs] [Times: user=0.00 sys=0.00, real=0.00 secs] 
26.570: [GC 26.570: [DefNew: 959K->63K(960K), 0.0027481 secs] 111704K->111371K(524224K), 0.0028102 secs] [Times: user=0.00 sys=0.00, real=0.00 secs] 
26.574: [GC 26.574: [DefNew: 959K->63K(960K), 0.0025859 secs] 112268K->111919K(524224K), 0.0026504 secs] [Times: user=0.00 sys=0.00, real=0.00 secs] 
26.579: [GC 26.579: [DefNew: 959K->64K(960K), 0.0026225 secs] 112816K->112451K(524224K), 0.0026918 secs] [Times: user=0.02 sys=0.00, real=0.00 secs] 
26.584: [GC 26.584: [DefNew: 960K->63K(960K), 0.0025008 secs] 113348K->113014K(524224K), 0.0025638 secs] [Times: user=0.00 sys=0.00, real=0.00 secs] 
26.588: [GC 26.588: [DefNew: 959K->63K(960K), 0.0026008 secs] 113911K->113545K(524224K), 0.0026668 secs] [Times: user=0.00 sys=0.00, real=0.00 secs] 
26.593: [GC 26.593: [DefNew: 959K->64K(960K), 0.0028491 secs] 114443K->114120K(524224K), 0.0029314 secs] [Times: user=0.02 sys=0.00, real=0.00 secs] 
26.598: [GC 26.598: [DefNew: 960K->63K(960K), 0.0030921 secs] 115017K->114779K(524224K), 0.0031595 secs] [Times: user=0.00 sys=0.00, real=0.00 secs] 
26.602: [GC 26.602: [DefNew: 959K->64K(960K), 0.0028164 secs] 115676K->115296K(524224K), 0.0028828 secs] [Times: user=0.00 sys=0.00, real=0.00 secs] 
26.607: [GC 26.607: [DefNew: 960K->63K(960K), 0.0025137 secs] 116193K->115856K(524224K), 0.0025811 secs] [Times: user=0.00 sys=0.00, real=0.00 secs] 
26.611: [GC 26.611: [DefNew: 959K->64K(960K), 0.0027442 secs] 116753K->116409K(524224K), 0.0028063 secs] [Times: user=0.00 sys=0.00, real=0.00 secs] 
26.616: [GC 26.616: [DefNew: 960K->64K(960K), 0.0027351 secs] 117306K->116967K(524224K), 0.0028092 secs] [Times: user=0.00 sys=0.00, real=0.00 secs] 
26.620: [GC 26.620: [DefNew: 960K->64K(960K), 0.0025561 secs] 117863K->117489K(524224K), 0.0026268 secs] [Times: user=0.00 sys=0.00, real=0.00 secs] 
26.625: [GC 26.625: [DefNew: 960K->64K(960K), 0.0026706 secs] 118387K->118037K(524224K), 0.0027346 secs] [Times: user=0.01 sys=0.00, real=0.00 secs] 
26.631: [GC 26.631: [DefNew: 960K->63K(960K), 0.0028183 secs] 118934K->118598K(524224K), 0.0028876 secs] [Times: user=0.00 sys=0.00, real=0.00 secs] 
26.635: [GC 26.635: [DefNew: 959K->64K(960K), 0.0027308 secs] 119495K->119112K(524224K), 0.0028034 secs] [Times: user=0.00 sys=0.00, real=0.00 secs] 
26.640: [GC 26.640: [DefNew: 960K->63K(960K), 0.0029309 secs] 120010K->119697K(524224K), 0.0030002 secs] [Times: user=0.02 sys=0.00, real=0.00 secs] 
26.644: [GC 26.644: [DefNew: 959K->63K(960K), 0.0032014 secs] 120594K->120269K(524224K), 0.0032721 secs] [Times: user=0.00 sys=0.00, real=0.00 secs] 
26.650: [GC 26.650: [DefNew: 959K->64K(960K), 0.0031595 secs] 121166K->120870K(524224K), 0.0032365 secs] [Times: user=0.00 sys=0.00, real=0.00 secs] 
26.654: [GC 26.654: [DefNew: 960K->63K(960K), 0.0029045 secs] 121767K->121454K(524224K), 0.0029704 secs] [Times: user=0.00 sys=0.00, real=0.00 secs] 
26.659: [GC 26.659: [DefNew: 959K->63K(960K), 0.0027298 secs] 122352K->122005K(524224K), 0.0027967 secs] [Times: user=0.00 sys=0.00, real=0.00 secs] 
26.664: [GC 26.664: [DefNew: 959K->64K(960K), 0.0028785 secs] 122902K->122620K(524224K), 0.0029555 secs] [Times: user=0.00 sys=0.00, real=0.00 secs] 
26.668: [GC 26.668: [DefNew: 960K->63K(960K), 0.0028429 secs] 123517K->123196K(524224K), 0.0029189 secs] [Times: user=0.00 sys=0.00, real=0.00 secs] 
26.673: [GC 26.673: [DefNew: 959K->63K(960K), 0.0033226 secs] 124093K->123851K(524224K), 0.0034006 secs] [Times: user=0.01 sys=0.00, real=0.00 secs] 
26.678: [GC 26.678: [DefNew: 959K->64K(960K), 0.0030705 secs] 124748K->124427K(524224K), 0.0031480 secs] [Times: user=0.00 sys=0.00, real=0.00 secs] 
26.683: [GC 26.683: [DefNew: 960K->64K(960K), 0.0031205 secs] 125325K->125058K(524224K), 0.0031946 secs] [Times: user=0.00 sys=0.00, real=0.00 secs] 
26.688: [GC 26.688: [DefNew: 960K->64K(960K), 0.0030464 secs] 125956K->125660K(524224K), 0.0031268 secs] [Times: user=0.02 sys=0.00, real=0.00 secs] 
26.693: [GC 26.693: [DefNew: 960K->64K(960K), 0.0030854 secs] 126558K->126214K(524224K), 0.0031571 secs] [Times: user=0.00 sys=0.00, real=0.00 secs] 
26.699: [GC 26.699: [DefNew: 960K->63K(960K), 0.0029853 secs] 127111K->126822K(524224K), 0.0030878 secs] [Times: user=0.00 sys=0.00, real=0.00 secs] 
26.703: [GC 26.703: [DefNew: 959K->63K(960K), 0.0030204 secs] 127719K->127390K(524224K), 0.0030960 secs] [Times: user=0.02 sys=0.00, real=0.00 secs] 
26.708: [GC 26.708: [DefNew: 959K->63K(960K), 0.0032293 secs] 128286K->128043K(524224K), 0.0033072 secs] [Times: user=0.00 sys=0.00, real=0.00 secs] 
26.713: [GC 26.713: [DefNew: 959K->63K(960K), 0.0030859 secs] 128939K->128636K(524224K), 0.0031494 secs] [Times: user=0.00 sys=0.00, real=0.00 secs] 
26.718: [GC 26.718: [DefNew: 959K->63K(960K), 0.0030026 secs] 129532K->129204K(524224K), 0.0030657 secs] [Times: user=0.01 sys=0.00, real=0.00 secs] 
26.724: [GC 26.724: [DefNew: 959K->63K(960K), 0.0030094 secs] 130100K->129789K(524224K), 0.0030796 secs] [Times: user=0.00 sys=0.00, real=0.00 secs] 
26.728: [GC 26.728: [DefNew: 959K->63K(960K), 0.0031119 secs] 130686K->130346K(524224K), 0.0031778 secs] [Times: user=0.00 sys=0.00, real=0.00 secs] 
26.733: [GC 26.733: [DefNew: 959K->64K(960K), 0.0027029 secs] 131243K->130897K(524224K), 0.0027620 secs] [Times: user=0.02 sys=0.00, real=0.00 secs] 
26.737: [GC 26.738: [DefNew: 960K->64K(960K), 0.0028535 secs] 131794K->131454K(524224K), 0.0029170 secs] [Times: user=0.00 sys=0.00, real=0.00 secs] 
26.743: [GC 26.743: [DefNew: 960K->64K(960K), 0.0030233 secs] 132352K->132072K(524224K), 0.0030883 secs] [Times: user=0.00 sys=0.00, real=0.00 secs] 
26.747: [GC 26.747: [DefNew: 960K->64K(960K), 0.0028809 secs] 132970K->132615K(524224K), 0.0029454 secs] [Times: user=0.00 sys=0.00, real=0.00 secs] 
26.752: [GC 26.752: [DefNew: 960K->64K(960K), 0.0029492 secs] 133512K->133180K(524224K), 0.0030132 secs] [Times: user=0.00 sys=0.00, real=0.00 secs] 
26.757: [GC 26.757: [DefNew: 960K->63K(960K), 0.0030854 secs] 134077K->133754K(524224K), 0.0031494 secs] [Times: user=0.00 sys=0.00, real=0.00 secs] 
26.761: [GC 26.761: [DefNew: 959K->64K(960K), 0.0031826 secs] 134652K->134281K(524224K), 0.0032471 secs] [Times: user=0.00 sys=0.00, real=0.00 secs] 
26.766: [GC 26.766: [DefNew: 960K->64K(960K), 0.0028655 secs] 135178K->134863K(524224K), 0.0029266 secs] [Times: user=0.02 sys=0.00, real=0.00 secs] 
26.770: [GC 26.770: [DefNew: 960K->64K(960K), 0.0027134 secs] 135759K->135389K(524224K), 0.0027755 secs] [Times: user=0.00 sys=0.00, real=0.00 secs] 
26.775: [GC 26.775: [DefNew: 960K->63K(960K), 0.0029574 secs] 136287K->135950K(524224K), 0.0030209 secs] [Times: user=0.00 sys=0.00, real=0.00 secs] 
26.779: [GC 26.779: [DefNew: 959K->63K(960K), 0.0029521 secs] 136847K->136502K(524224K), 0.0030151 secs] [Times: user=0.02 sys=0.00, real=0.00 secs] 
26.784: [GC 26.784: [DefNew: 959K->64K(960K), 0.0028982 secs] 137400K->137048K(524224K), 0.0029656 secs] [Times: user=0.00 sys=0.00, real=0.00 secs] 
26.790: [GC 26.790: [DefNew: 960K->63K(960K), 0.0027688 secs] 137945K->137603K(524224K), 0.0028424 secs] [Times: user=0.00 sys=0.00, real=0.00 secs] 
26.794: [GC 26.794: [DefNew: 959K->63K(960K), 0.0028424 secs] 138500K->138159K(524224K), 0.0029001 secs] [Times: user=0.00 sys=0.00, real=0.00 secs] 
26.799: [GC 26.799: [DefNew: 959K->63K(960K), 0.0030084 secs] 139056K->138718K(524224K), 0.0030719 secs] [Times: user=0.00 sys=0.00, real=0.00 secs] 
26.803: [GC 26.803: [DefNew: 959K->63K(960K), 0.0027697 secs] 139615K->139251K(524224K), 0.0028280 secs] [Times: user=0.00 sys=0.00, real=0.00 secs] 
26.808: [GC 26.808: [DefNew: 959K->63K(960K), 0.0026182 secs] 140148K->139785K(524224K), 0.0026836 secs] [Times: user=0.00 sys=0.00, real=0.00 secs] 
26.813: [GC 26.813: [DefNew: 959K->63K(960K), 0.0028106 secs] 140683K->140352K(524224K), 0.0028751 secs] [Times: user=0.02 sys=0.00, real=0.00 secs] 
26.817: [GC 26.817: [DefNew: 959K->64K(960K), 0.0028616 secs] 141249K->140900K(524224K), 0.0029213 secs] [Times: user=0.00 sys=0.00, real=0.00 secs] 
26.822: [GC 26.822: [DefNew: 960K->63K(960K), 0.0028328 secs] 141797K->141491K(524224K), 0.0028929 secs] [Times: user=0.00 sys=0.00, real=0.00 secs] 
26.826: [GC 26.826: [DefNew: 959K->64K(960K), 0.0029050 secs] 142388K->142035K(524224K), 0.0029641 secs] [Times: user=0.00 sys=0.00, real=0.00 secs] 
26.831: [GC 26.831: [DefNew: 960K->63K(960K), 0.0027370 secs] 142933K->142585K(524224K), 0.0027976 secs] [Times: user=0.00 sys=0.00, real=0.00 secs] 
26.836: [GC 26.836: [DefNew: 959K->64K(960K), 0.0028987 secs] 143482K->143142K(524224K), 0.0029584 secs] [Times: user=0.00 sys=0.00, real=0.00 secs] 
26.840: [GC 26.840: [DefNew: 960K->64K(960K), 0.0029290 secs] 144039K->143658K(524224K), 0.0029911 secs] [Times: user=0.00 sys=0.00, real=0.00 secs] 
26.844: [GC 26.845: [DefNew: 960K->63K(960K), 0.0032976 secs] 144554K->144228K(524224K), 0.0033674 secs] [Times: user=0.00 sys=0.00, real=0.00 secs] 
26.849: [GC 26.849: [DefNew: 959K->63K(960K), 0.0030017 secs] 145125K->144803K(524224K), 0.0030613 secs] [Times: user=0.00 sys=0.00, real=0.00 secs] 
26.854: [GC 26.854: [DefNew: 959K->63K(960K), 0.0029805 secs] 145700K->145366K(524224K), 0.0030690 secs] [Times: user=0.00 sys=0.00, real=0.00 secs] 
26.858: [GC 26.858: [DefNew: 959K->64K(960K), 0.0029415 secs] 146263K->145903K(524224K), 0.0030046 secs] [Times: user=0.01 sys=0.00, real=0.00 secs] 
26.863: [GC 26.863: [DefNew: 960K->63K(960K), 0.0028987 secs] 146799K->146460K(524224K), 0.0029617 secs] [Times: user=0.00 sys=0.00, real=0.00 secs] 
26.867: [GC 26.867: [DefNew: 959K->63K(960K), 0.0027592 secs] 147356K->146999K(524224K), 0.0028169 secs] [Times: user=0.00 sys=0.00, real=0.00 secs] 
26.872: [GC 26.872: [DefNew: 959K->63K(960K), 0.0026499 secs] 147895K->147528K(524224K), 0.0027115 secs] [Times: user=0.00 sys=0.00, real=0.00 secs] 
26.877: [GC 26.877: [DefNew: 959K->64K(960K), 0.0026740 secs] 148425K->148071K(524224K), 0.0027356 secs] [Times: user=0.00 sys=0.00, real=0.00 secs] 
26.881: [GC 26.881: [DefNew: 960K->63K(960K), 0.0030200 secs] 148967K->148584K(524224K), 0.0030830 secs] [Times: user=0.00 sys=0.00, real=0.00 secs] 
26.886: [GC 26.886: [DefNew: 959K->64K(960K), 0.0027096 secs] 149482K->149129K(524224K), 0.0027726 secs] [Times: user=0.00 sys=0.00, real=0.00 secs] 
26.890: [GC 26.890: [DefNew: 960K->64K(960K), 0.0036176 secs] 150026K->149663K(524224K), 0.0036980 secs] [Times: user=0.02 sys=0.00, real=0.00 secs] 
26.896: [GC 26.896: [DefNew: 960K->64K(960K), 0.0032952 secs] 150560K->150274K(524224K), 0.0033640 secs] [Times: user=0.00 sys=0.00, real=0.00 secs] 
26.901: [GC 26.902: [DefNew: 960K->64K(960K), 0.0029892 secs] 151170K->150846K(524224K), 0.0030517 secs] [Times: user=0.00 sys=0.00, real=0.00 secs] 
26.906: [GC 26.906: [DefNew: 960K->63K(960K), 0.0031865 secs] 151743K->151391K(524224K), 0.0032509 secs] [Times: user=0.01 sys=0.00, real=0.00 secs] 
26.911: [GC 26.911: [DefNew: 959K->64K(960K), 0.0030575 secs] 152288K->151976K(524224K), 0.0031335 secs] [Times: user=0.00 sys=0.00, real=0.00 secs] 
26.915: [GC 26.915: [DefNew: 960K->63K(960K), 0.0029834 secs] 152872K->152510K(524224K), 0.0030397 secs] [Times: user=0.00 sys=0.00, real=0.00 secs] 
26.920: [GC 26.920: [DefNew: 959K->64K(960K), 0.0027948 secs] 153407K->153085K(524224K), 0.0028559 secs] [Times: user=0.02 sys=0.00, real=0.00 secs] 
26.924: [GC 26.924: [DefNew: 960K->63K(960K), 0.0030243 secs] 153982K->153608K(524224K), 0.0030893 secs] [Times: user=0.00 sys=0.00, real=0.00 secs] 
26.929: [GC 26.929: [DefNew: 959K->64K(960K), 0.0029131 secs] 154504K->154161K(524224K), 0.0029723 secs] [Times: user=0.00 sys=0.00, real=0.00 secs] 
26.934: [GC 26.934: [DefNew: 960K->64K(960K), 0.0027693 secs] 155058K->154707K(524224K), 0.0028265 secs] [Times: user=0.00 sys=0.00, real=0.00 secs] 
26.938: [GC 26.938: [DefNew: 960K->63K(960K), 0.0034275 secs] 155604K->155259K(524224K), 0.0034954 secs] [Times: user=0.02 sys=0.00, real=0.00 secs] 
26.944: [GC 26.944: [DefNew: 959K->64K(960K), 0.0031210 secs] 156156K->155813K(524224K), 0.0031903 secs] [Times: user=0.00 sys=0.00, real=0.00 secs] 
26.948: [GC 26.948: [DefNew: 960K->64K(960K), 0.0031374 secs] 156710K->156366K(524224K), 0.0032062 secs] [Times: user=0.00 sys=0.00, real=0.00 secs] 
26.953: [GC 26.953: [DefNew: 960K->64K(960K), 0.0029805 secs] 157263K->156925K(524224K), 0.0030440 secs] [Times: user=0.02 sys=0.00, real=0.00 secs] 
26.957: [GC 26.957: [DefNew: 960K->64K(960K), 0.0032288 secs] 157822K->157489K(524224K), 0.0032962 secs] [Times: user=0.00 sys=0.00, real=0.00 secs] 
26.962: [GC 26.962: [DefNew: 960K->64K(960K), 0.0030031 secs] 158386K->158054K(524224K), 0.0030681 secs] [Times: user=0.00 sys=0.00, real=0.00 secs] 
26.967: [GC 26.967: [DefNew: 960K->63K(960K), 0.0028342 secs] 158950K->158622K(524224K), 0.0028934 secs] [Times: user=0.02 sys=0.00, real=0.00 secs] 
26.971: [GC 26.971: [DefNew: 959K->64K(960K), 0.0033226 secs] 159519K->159171K(524224K), 0.0033943 secs] [Times: user=0.00 sys=0.00, real=0.00 secs] 
26.976: [GC 26.976: [DefNew: 960K->64K(960K), 0.0031431 secs] 160068K->159725K(524224K), 0.0032124 secs] [Times: user=0.00 sys=0.00, real=0.00 secs] 
26.981: [GC 26.981: [DefNew: 960K->64K(960K), 0.0032052 secs] 160621K->160285K(524224K), 0.0032735 secs] [Times: user=0.00 sys=0.00, real=0.00 secs] 
26.986: [GC 26.986: [DefNew: 960K->63K(960K), 0.0031326 secs] 161181K->160854K(524224K), 0.0031951 secs] [Times: user=0.00 sys=0.00, real=0.00 secs] 
26.990: [GC 26.991: [DefNew: 959K->63K(960K), 0.0029598 secs] 161750K->161424K(524224K), 0.0030204 secs] [Times: user=0.00 sys=0.00, real=0.00 secs] 
26.995: [GC 26.995: [DefNew: 959K->63K(960K), 0.0030926 secs] 162321K->161989K(524224K), 0.0031523 secs] [Times: user=0.00 sys=0.00, real=0.00 secs] 
27.000: [GC 27.000: [DefNew: 959K->63K(960K), 0.0032129 secs] 162885K->162538K(524224K), 0.0032769 secs] [Times: user=0.02 sys=0.00, real=0.00 secs] 
27.004: [GC 27.004: [DefNew: 959K->64K(960K), 0.0028872 secs] 163435K->163080K(524224K), 0.0029545 secs] [Times: user=0.00 sys=0.00, real=0.00 secs] 
27.009: [GC 27.009: [DefNew: 960K->64K(960K), 0.0029396 secs] 163977K->163621K(524224K), 0.0030060 secs] [Times: user=0.00 sys=0.00, real=0.00 secs] 
27.014: [GC 27.014: [DefNew: 960K->63K(960K), 0.0033433 secs] 164518K->164230K(524224K), 0.0034102 secs] [Times: user=0.02 sys=0.00, real=0.00 secs] 
27.019: [GC 27.019: [DefNew: 959K->64K(960K), 0.0029531 secs] 165127K->164773K(524224K), 0.0030012 secs] [Times: user=0.00 sys=0.00, real=0.00 secs] 
27.024: [GC 27.024: [DefNew: 960K->64K(960K), 0.0027524 secs] 165670K->165318K(524224K), 0.0028217 secs] [Times: user=0.00 sys=0.00, real=0.00 secs] 
27.028: [GC 27.028: [DefNew: 960K->63K(960K), 0.0027235 secs] 166214K->165845K(524224K), 0.0027823 secs] [Times: user=0.00 sys=0.00, real=0.00 secs] 
27.033: [GC 27.033: [DefNew: 959K->64K(960K), 0.0029271 secs] 166742K->166399K(524224K), 0.0029901 secs] [Times: user=0.00 sys=0.00, real=0.00 secs] 
27.037: [GC 27.037: [DefNew: 960K->64K(960K), 0.0028612 secs] 167296K->166935K(524224K), 0.0029247 secs] [Times: user=0.00 sys=0.00, real=0.00 secs] 
27.042: [GC 27.042: [DefNew: 960K->63K(960K), 0.0029651 secs] 167832K->167489K(524224K), 0.0030310 secs] [Times: user=0.00 sys=0.00, real=0.00 secs] 
27.046: [GC 27.047: [DefNew: 959K->63K(960K), 0.0031994 secs] 168385K->168068K(524224K), 0.0032663 secs] [Times: user=0.02 sys=0.00, real=0.00 secs] 
27.051: [GC 27.051: [DefNew: 959K->64K(960K), 0.0031388 secs] 168966K->168607K(524224K), 0.0032033 secs] [Times: user=0.00 sys=0.00, real=0.00 secs] 
27.056: [GC 27.056: [DefNew: 960K->63K(960K), 0.0033520 secs] 169504K->169203K(524224K), 0.0034213 secs] [Times: user=0.00 sys=0.00, real=0.00 secs] 
27.061: [GC 27.061: [DefNew: 959K->63K(960K), 0.0034790 secs] 170099K->169777K(524224K), 0.0035478 secs] [Times: user=0.01 sys=0.00, real=0.00 secs] 
27.067: [GC 27.067: [DefNew: 959K->64K(960K), 0.0033963 secs] 170673K->170340K(524224K), 0.0034655 secs] [Times: user=0.00 sys=0.00, real=0.00 secs] 
27.071: [GC 27.071: [DefNew: 960K->63K(960K), 0.0030556 secs] 171238K->170887K(524224K), 0.0031181 secs] [Times: user=0.00 sys=0.00, real=0.00 secs] 
27.076: [GC 27.076: [DefNew: 959K->63K(960K), 0.0029160 secs] 171783K->171463K(524224K), 0.0029795 secs] [Times: user=0.02 sys=0.00, real=0.00 secs] 
27.081: [GC 27.081: [DefNew: 959K->64K(960K), 0.0031282 secs] 172360K->172032K(524224K), 0.0031874 secs] [Times: user=0.00 sys=0.00, real=0.00 secs] 
27.085: [GC 27.085: [DefNew: 960K->64K(960K), 0.0030739 secs] 172929K->172578K(524224K), 0.0031350 secs] [Times: user=0.00 sys=0.00, real=0.00 secs] 
27.090: [GC 27.090: [DefNew: 960K->63K(960K), 0.0031080 secs] 173476K->173121K(524224K), 0.0031759 secs] [Times: user=0.00 sys=0.00, real=0.00 secs] 
27.094: [GC 27.094: [DefNew: 959K->64K(960K), 0.0031609 secs] 174018K->173706K(524224K), 0.0032355 secs] [Times: user=0.01 sys=0.00, real=0.00 secs] 
27.099: [GC 27.099: [DefNew: 960K->63K(960K), 0.0030546 secs] 174602K->174248K(524224K), 0.0031590 secs] [Times: user=0.00 sys=0.00, real=0.00 secs] 
27.103: [GC 27.103: [DefNew: 959K->63K(960K), 0.0032683 secs] 175145K->174795K(524224K), 0.0033356 secs] [Times: user=0.00 sys=0.00, real=0.00 secs] 
27.108: [GC 27.108: [DefNew: 959K->64K(960K), 0.0032182 secs] 175692K->175339K(524224K), 0.0032808 secs] [Times: user=0.02 sys=0.00, real=0.00 secs] 
27.114: [GC 27.114: [DefNew: 960K->63K(960K), 0.0030358 secs] 176236K->175928K(524224K), 0.0030965 secs] [Times: user=0.00 sys=0.00, real=0.00 secs] 
27.118: [GC 27.118: [DefNew: 959K->63K(960K), 0.0030936 secs] 176825K->176465K(524224K), 0.0031542 secs] [Times: user=0.00 sys=0.00, real=0.00 secs] 
27.123: [GC 27.123: [DefNew: 959K->64K(960K), 0.0030431 secs] 177362K->177024K(524224K), 0.0031032 secs] [Times: user=0.02 sys=0.00, real=0.00 secs] 
27.127: [GC 27.127: [DefNew: 960K->63K(960K), 0.0030277 secs] 177920K->177558K(524224K), 0.0030878 secs] [Times: user=0.00 sys=0.00, real=0.00 secs] 
27.132: [GC 27.132: [DefNew: 959K->64K(960K), 0.0030070 secs] 178455K->178149K(524224K), 0.0030719 secs] [Times: user=0.00 sys=0.00, real=0.00 secs] 
27.136: [GC 27.137: [DefNew: 960K->64K(960K), 0.0032076 secs] 179046K->178690K(524224K), 0.0032731 secs] [Times: user=0.00 sys=0.00, real=0.00 secs] 
27.141: [GC 27.141: [DefNew: 960K->63K(960K), 0.0032144 secs] 179587K->179218K(524224K), 0.0032832 secs] [Times: user=0.02 sys=0.00, real=0.00 secs] 
27.146: [GC 27.146: [DefNew: 959K->64K(960K), 0.0033669 secs] 180115K->179787K(524224K), 0.0034357 secs] [Times: user=0.00 sys=0.00, real=0.00 secs] 
27.151: [GC 27.151: [DefNew: 960K->63K(960K), 0.0031369 secs] 180684K->180337K(524224K), 0.0033587 secs] [Times: user=0.00 sys=0.00, real=0.00 secs] 
27.156: [GC 27.156: [DefNew: 959K->64K(960K), 0.0034795 secs] 181234K->180914K(524224K), 0.0035459 secs] [Times: user=0.02 sys=0.00, real=0.00 secs] 
27.161: [GC 27.161: [DefNew: 960K->63K(960K), 0.0032177 secs] 181810K->181476K(524224K), 0.0032812 secs] [Times: user=0.00 sys=0.00, real=0.00 secs] 
27.166: [GC 27.166: [DefNew: 959K->64K(960K), 0.0031167 secs] 182374K->182052K(524224K), 0.0031754 secs] [Times: user=0.00 sys=0.00, real=0.00 secs] 
27.170: [GC 27.171: [DefNew: 960K->63K(960K), 0.0031927 secs] 182948K->182617K(524224K), 0.0032562 secs] [Times: user=0.02 sys=0.00, real=0.00 secs] 
27.176: [GC 27.176: [DefNew: 959K->64K(960K), 0.0034429 secs] 183513K->183178K(524224K), 0.0035137 secs] [Times: user=0.00 sys=0.00, real=0.00 secs] 
27.182: [GC 27.182: [DefNew: 960K->64K(960K), 0.0032957 secs] 184075K->183783K(524224K), 0.0033616 secs] [Times: user=0.00 sys=0.00, real=0.00 secs] 
27.186: [GC 27.186: [DefNew: 960K->64K(960K), 0.0031913 secs] 184680K->184325K(524224K), 0.0032538 secs] [Times: user=0.02 sys=0.00, real=0.00 secs] 
27.191: [GC 27.191: [DefNew: 960K->64K(960K), 0.0033039 secs] 185222K->184911K(524224K), 0.0033674 secs] [Times: user=0.00 sys=0.00, real=0.00 secs] 
27.195: [GC 27.195: [DefNew: 960K->64K(960K), 0.0031176 secs] 185808K->185444K(524224K), 0.0031797 secs] [Times: user=0.00 sys=0.00, real=0.00 secs] 
27.200: [GC 27.200: [DefNew: 960K->63K(960K), 0.0031749 secs] 186341K->185977K(524224K), 0.0032365 secs] [Times: user=0.00 sys=0.00, real=0.00 secs] 
27.205: [GC 27.205: [DefNew: 959K->64K(960K), 0.0032312 secs] 186873K->186527K(524224K), 0.0032966 secs] [Times: user=0.00 sys=0.00, real=0.00 secs] 
27.210: [GC 27.210: [DefNew: 960K->63K(960K), 0.0032505 secs] 187425K->187088K(524224K), 0.0033101 secs] [Times: user=0.00 sys=0.00, real=0.00 secs] 
27.215: [GC 27.215: [DefNew: 959K->63K(960K), 0.0032293 secs] 187985K->187675K(524224K), 0.0032870 secs] [Times: user=0.00 sys=0.00, real=0.00 secs] 
27.219: [GC 27.219: [DefNew: 959K->64K(960K), 0.0034396 secs] 188572K->188229K(524224K), 0.0035016 secs] [Times: user=0.02 sys=0.00, real=0.00 secs] 
27.225: [GC 27.225: [DefNew: 960K->63K(960K), 0.0031172 secs] 189126K->188797K(524224K), 0.0031778 secs] [Times: user=0.00 sys=0.00, real=0.00 secs] 
27.229: [GC 27.230: [DefNew: 959K->64K(960K), 0.0031619 secs] 189694K->189363K(524224K), 0.0032197 secs] [Times: user=0.00 sys=0.00, real=0.00 secs] 
27.234: [GC 27.234: [DefNew: 960K->64K(960K), 0.0031470 secs] 190259K->189903K(524224K), 0.0032071 secs] [Times: user=0.01 sys=0.00, real=0.00 secs] 
27.239: [GC 27.239: [DefNew: 960K->64K(960K), 0.0031927 secs] 190800K->190470K(524224K), 0.0032572 secs] [Times: user=0.00 sys=0.00, real=0.00 secs] 
27.243: [GC 27.243: [DefNew: 960K->63K(960K), 0.0033789 secs] 191367K->191038K(524224K), 0.0034511 secs] [Times: user=0.00 sys=0.00, real=0.00 secs] 
27.249: [GC 27.249: [DefNew: 959K->63K(960K), 0.0035820 secs] 191935K->191654K(524224K), 0.0036494 secs] [Times: user=0.02 sys=0.00, real=0.00 secs] 
27.254: [GC 27.254: [DefNew: 959K->64K(960K), 0.0032312 secs] 192551K->192193K(524224K), 0.0033019 secs] [Times: user=0.00 sys=0.00, real=0.00 secs] 
27.259: [GC 27.259: [DefNew: 960K->63K(960K), 0.0032846 secs] 193091K->192718K(524224K), 0.0033582 secs] [Times: user=0.00 sys=0.00, real=0.00 secs] 
27.264: [GC 27.264: [DefNew: 959K->64K(960K), 0.0031802 secs] 193615K->193316K(524224K), 0.0032384 secs] [Times: user=0.01 sys=0.00, real=0.00 secs] 
27.268: [GC 27.268: [DefNew: 960K->64K(960K), 0.0035984 secs] 194213K->193873K(524224K), 0.0036638 secs] [Times: user=0.00 sys=0.00, real=0.00 secs] 
27.274: [GC 27.274: [DefNew: 960K->64K(960K), 0.0029993 secs] 194770K->194436K(524224K), 0.0030604 secs] [Times: user=0.00 sys=0.00, real=0.00 secs] 
27.278: [GC 27.278: [DefNew: 960K->64K(960K), 0.0032346 secs] 195332K->194996K(524224K), 0.0032962 secs] [Times: user=0.00 sys=0.00, real=0.00 secs] 
27.283: [GC 27.283: [DefNew: 960K->63K(960K), 0.0034833 secs] 195892K->195622K(524224K), 0.0035488 secs] [Times: user=0.00 sys=0.00, real=0.00 secs] 
27.288: [GC 27.288: [DefNew: 959K->63K(960K), 0.0031614 secs] 196520K->196164K(524224K), 0.0032240 secs] [Times: user=0.00 sys=0.00, real=0.00 secs] 
27.293: [GC 27.293: [DefNew: 959K->63K(960K), 0.0029800 secs] 197060K->196709K(524224K), 0.0030402 secs] [Times: user=0.00 sys=0.00, real=0.00 secs] 
27.298: [GC 27.298: [DefNew: 959K->64K(960K), 0.0031277 secs] 197606K->197272K(524224K), 0.0031913 secs] [Times: user=0.00 sys=0.00, real=0.00 secs] 
27.302: [GC 27.302: [DefNew: 960K->63K(960K), 0.0032115 secs] 198169K->197835K(524224K), 0.0032697 secs] [Times: user=0.00 sys=0.00, real=0.00 secs] 
27.307: [GC 27.307: [DefNew: 959K->63K(960K), 0.0036147 secs] 198733K->198437K(524224K), 0.0036816 secs] [Times: user=0.00 sys=0.00, real=0.00 secs] 
27.312: [GC 27.312: [DefNew: 959K->63K(960K), 0.0035305 secs] 199333K->199017K(524224K), 0.0035984 secs] [Times: user=0.02 sys=0.00, real=0.00 secs] 
27.318: [GC 27.318: [DefNew: 959K->64K(960K), 0.0030291 secs] 199913K->199585K(524224K), 0.0030907 secs] [Times: user=0.00 sys=0.00, real=0.00 secs] 
27.322: [GC 27.323: [DefNew: 960K->64K(960K), 0.0032134 secs] 200483K->200154K(524224K), 0.0032779 secs] [Times: user=0.00 sys=0.00, real=0.00 secs] 
27.327: [GC 27.327: [DefNew: 960K->63K(960K), 0.0033375 secs] 201051K->200706K(524224K), 0.0034040 secs] [Times: user=0.02 sys=0.00, real=0.00 secs] 
27.332: [GC 27.332: [DefNew: 959K->64K(960K), 0.0032158 secs] 201604K->201269K(524224K), 0.0032740 secs] [Times: user=0.00 sys=0.00, real=0.00 secs] 
27.336: [GC 27.336: [DefNew: 960K->64K(960K), 0.0032755 secs] 202166K->201813K(524224K), 0.0033361 secs] [Times: user=0.00 sys=0.00, real=0.00 secs] 
27.341: [GC 27.341: [DefNew: 960K->63K(960K), 0.0033390 secs] 202711K->202384K(524224K), 0.0034112 secs] [Times: user=0.02 sys=0.00, real=0.00 secs] 
27.347: [GC 27.347: [DefNew: 959K->64K(960K), 0.0034848 secs] 203281K->202994K(524224K), 0.0035531 secs] [Times: user=0.00 sys=0.00, real=0.00 secs] 
27.353: [GC 27.353: [DefNew: 960K->64K(960K), 0.0033967 secs] 203890K->203559K(524224K), 0.0034583 secs] [Times: user=0.00 sys=0.00, real=0.00 secs] 
27.357: [GC 27.358: [DefNew: 960K->64K(960K), 0.0033934 secs] 204457K->204154K(524224K), 0.0034554 secs] [Times: user=0.02 sys=0.00, real=0.00 secs] 
27.362: [GC 27.362: [DefNew: 960K->63K(960K), 0.0032519 secs] 205051K->204689K(524224K), 0.0033130 secs] [Times: user=0.00 sys=0.00, real=0.00 secs] 
27.368: [GC 27.368: [DefNew: 959K->63K(960K), 0.0032658 secs] 205586K->205269K(524224K), 0.0033284 secs] [Times: user=0.00 sys=0.00, real=0.00 secs] 
27.372: [GC 27.372: [DefNew: 959K->63K(960K), 0.0032379 secs] 206166K->205788K(524224K), 0.0032991 secs] [Times: user=0.00 sys=0.00, real=0.00 secs] 
27.377: [GC 27.377: [DefNew: 959K->64K(960K), 0.0031431 secs] 206685K->206346K(524224K), 0.0032086 secs] [Times: user=0.00 sys=0.00, real=0.00 secs] 
27.381: [GC 27.381: [DefNew: 960K->63K(960K), 0.0034540 secs] 207243K->206923K(524224K), 0.0035252 secs] [Times: user=0.00 sys=0.00, real=0.00 secs] 
27.387: [GC 27.387: [DefNew: 959K->64K(960K), 0.0034530 secs] 207820K->207470K(524224K), 0.0035223 secs] [Times: user=0.00 sys=0.00, real=0.00 secs] 
27.396: [GC 27.396: [DefNew: 960K->63K(960K), 0.0035122 secs] 208366K->208105K(524224K), 0.0035757 secs] [Times: user=0.00 sys=0.00, real=0.00 secs] 
27.404: [GC 27.404: [DefNew: 959K->64K(960K), 0.0039131 secs] 209002K->208727K(524224K), 0.0039910 secs] [Times: user=0.02 sys=0.00, real=0.00 secs] 
27.410: [GC 27.410: [DefNew: 960K->64K(960K), 0.0035767 secs] 209625K->209348K(524224K), 0.0036426 secs] [Times: user=0.00 sys=0.00, real=0.00 secs] 
27.415: [GC 27.415: [DefNew: 960K->64K(960K), 0.0033770 secs] 210245K->209917K(524224K), 0.0034381 secs] [Times: user=0.00 sys=0.00, real=0.00 secs] 
27.420: [GC 27.420: [DefNew: 960K->63K(960K), 0.0033250 secs] 210815K->210503K(524224K), 0.0033895 secs] [Times: user=0.02 sys=0.00, real=0.00 secs] 
27.424: [GC 27.424: [DefNew: 959K->64K(960K), 0.0044000 secs] 211400K->211065K(524224K), 0.0044862 secs] [Times: user=0.00 sys=0.00, real=0.00 secs] 
27.431: [GC 27.431: [DefNew: 960K->64K(960K), 0.0033703 secs] 211963K->211677K(524224K), 0.0034396 secs] [Times: user=0.00 sys=0.00, real=0.00 secs] 
27.436: [GC 27.436: [DefNew: 960K->63K(960K), 0.0035214 secs] 212574K->212247K(524224K), 0.0035907 secs] [Times: user=0.02 sys=0.00, real=0.00 secs] 
27.441: [GC 27.441: [DefNew: 959K->64K(960K), 0.0032610 secs] 213145K->212798K(524224K), 0.0033231 secs] [Times: user=0.00 sys=0.00, real=0.00 secs] 
27.446: [GC 27.446: [DefNew: 960K->64K(960K), 0.0033111 secs] 213696K->213374K(524224K), 0.0033784 secs] [Times: user=0.00 sys=0.00, real=0.00 secs] 
27.450: [GC 27.450: [DefNew: 960K->64K(960K), 0.0032269 secs] 214271K->213919K(524224K), 0.0032851 secs] [Times: user=0.00 sys=0.00, real=0.00 secs] 
27.455: [GC 27.455: [DefNew: 960K->64K(960K), 0.0033188 secs] 214816K->214489K(524224K), 0.0033784 secs] [Times: user=0.00 sys=0.00, real=0.00 secs] 
27.459: [GC 27.459: [DefNew: 960K->63K(960K), 0.0034270 secs] 215386K->215062K(524224K), 0.0034886 secs] [Times: user=0.00 sys=0.00, real=0.00 secs] 
27.464: [GC 27.464: [DefNew: 959K->63K(960K), 0.0034862 secs] 215959K->215604K(524224K), 0.0035473 secs] [Times: user=0.00 sys=0.00, real=0.00 secs] 
27.470: [GC 27.470: [DefNew: 959K->64K(960K), 0.0034636 secs] 216501K->216192K(524224K), 0.0035291 secs] [Times: user=0.00 sys=0.00, real=0.00 secs] 
27.475: [GC 27.475: [DefNew: 960K->63K(960K), 0.0033554 secs] 217088K->216752K(524224K), 0.0034213 secs] [Times: user=0.00 sys=0.00, real=0.00 secs] 
27.480: [GC 27.480: [DefNew: 959K->64K(960K), 0.0034001 secs] 217649K->217354K(524224K), 0.0034617 secs] [Times: user=0.00 sys=0.00, real=0.00 secs] 
27.484: [GC 27.484: [DefNew: 960K->63K(960K), 0.0033833 secs] 218251K->217900K(524224K), 0.0034482 secs] [Times: user=0.01 sys=0.00, real=0.00 secs] 
27.490: [GC 27.490: [DefNew: 959K->64K(960K), 0.0046743 secs] 218798K->218553K(524224K), 0.0047667 secs] [Times: user=0.00 sys=0.00, real=0.00 secs] 
27.497: [GC 27.497: [DefNew: 960K->64K(960K), 0.0043760 secs] 219450K->219145K(524224K), 0.0044554 secs] [Times: user=0.02 sys=0.00, real=0.00 secs] 
27.503: [GC 27.503: [DefNew: 960K->64K(960K), 0.0036864 secs] 220041K->219748K(524224K), 0.0037576 secs] [Times: user=0.00 sys=0.00, real=0.00 secs] 
27.509: [GC 27.509: [DefNew: 960K->63K(960K), 0.0044568 secs] 220645K->220350K(524224K), 0.0045434 secs] [Times: user=0.00 sys=0.00, real=0.00 secs] 
27.515: [GC 27.515: [DefNew: 959K->63K(960K), 0.0036879 secs] 221247K->221055K(524224K), 0.0037596 secs] [Times: user=0.01 sys=0.00, real=0.00 secs] 
27.521: [GC 27.521: [DefNew: 959K->63K(960K), 0.0035801 secs] 221952K->221660K(524224K), 0.0036484 secs] [Times: user=0.00 sys=0.00, real=0.00 secs] 
27.526: [GC 27.526: [DefNew: 959K->64K(960K), 0.0033390 secs] 222558K->222202K(524224K), 0.0034044 secs] [Times: user=0.00 sys=0.00, real=0.00 secs] 
27.531: [GC 27.531: [DefNew: 960K->63K(960K), 0.0035358 secs] 223099K->222792K(524224K), 0.0036065 secs] [Times: user=0.02 sys=0.00, real=0.00 secs] 
27.537: [GC 27.537: [DefNew: 959K->64K(960K), 0.0035781 secs] 223689K->223369K(524224K), 0.0036474 secs] [Times: user=0.00 sys=0.00, real=0.00 secs] 
27.542: [GC 27.542: [DefNew: 960K->63K(960K), 0.0035988 secs] 224266K->223931K(524224K), 0.0036676 secs] [Times: user=0.00 sys=0.00, real=0.00 secs] 
27.548: [GC 27.548: [DefNew: 959K->64K(960K), 0.0033837 secs] 224828K->224555K(524224K), 0.0034550 secs] [Times: user=0.00 sys=0.00, real=0.00 secs] 
27.552: [GC 27.552: [DefNew: 960K->63K(960K), 0.0033207 secs] 225452K->225090K(524224K), 0.0033823 secs] [Times: user=0.00 sys=0.00, real=0.00 secs] 
27.557: [GC 27.557: [DefNew: 959K->63K(960K), 0.0044433 secs] 225987K->225697K(524224K), 0.0045266 secs] [Times: user=0.00 sys=0.00, real=0.00 secs] 
27.563: [GC 27.563: [DefNew: 959K->63K(960K), 0.0038760 secs] 226594K->226354K(524224K), 0.0039419 secs] [Times: user=0.00 sys=0.00, real=0.00 secs] 
27.569: [GC 27.569: [DefNew: 959K->63K(960K), 0.0038115 secs] 227252K->226998K(524224K), 0.0038948 secs] [Times: user=0.00 sys=0.00, real=0.00 secs] 
27.575: [GC 27.575: [DefNew: 959K->63K(960K), 0.0038697 secs] 227895K->227617K(524224K), 0.0039530 secs] [Times: user=0.02 sys=0.00, real=0.00 secs] 
27.580: [GC 27.580: [DefNew: 959K->64K(960K), 0.0035233 secs] 228513K->228257K(524224K), 0.0036032 secs] [Times: user=0.00 sys=0.00, real=0.00 secs] 
27.586: [GC 27.586: [DefNew: 960K->63K(960K), 0.0039217 secs] 229154K->228888K(524224K), 0.0040146 secs] [Times: user=0.00 sys=0.00, real=0.00 secs] 
27.591: [GC 27.591: [DefNew: 959K->64K(960K), 0.0047373 secs] 229784K->229460K(524224K), 0.0048230 secs] [Times: user=0.02 sys=0.00, real=0.01 secs] 
27.598: [GC 27.598: [DefNew: 960K->64K(960K), 0.0035781 secs] 230357K->230106K(524224K), 0.0036624 secs] [Times: user=0.00 sys=0.00, real=0.00 secs] 
27.603: [GC 27.603: [DefNew: 960K->64K(960K), 0.0038871 secs] 231003K->230724K(524224K), 0.0039694 secs] [Times: user=0.00 sys=0.00, real=0.00 secs] 
27.609: [GC 27.609: [DefNew: 960K->64K(960K), 0.0038139 secs] 231621K->231359K(524224K), 0.0038948 secs] [Times: user=0.02 sys=0.00, real=0.00 secs] 
27.615: [GC 27.615: [DefNew: 960K->63K(960K), 0.0037620 secs] 232256K->231989K(524224K), 0.0038303 secs] [Times: user=0.00 sys=0.00, real=0.00 secs] 
27.620: [GC 27.620: [DefNew: 959K->64K(960K), 0.0034352 secs] 232886K->232579K(524224K), 0.0035007 secs] [Times: user=0.00 sys=0.00, real=0.00 secs] 
27.626: [GC 27.626: [DefNew: 960K->63K(960K), 0.0035185 secs] 233476K->233194K(524224K), 0.0036316 secs] [Times: user=0.00 sys=0.00, real=0.00 secs] 
27.631: [GC 27.631: [DefNew: 959K->64K(960K), 0.0037514 secs] 234091K->233869K(524224K), 0.0038163 secs] [Times: user=0.00 sys=0.00, real=0.00 secs] 
27.637: [GC 27.637: [DefNew: 960K->64K(960K), 0.0041079 secs] 234765K->234482K(524224K), 0.0041984 secs] [Times: user=0.02 sys=0.00, real=0.00 secs] 
27.642: [GC 27.642: [DefNew: 960K->64K(960K), 0.0043832 secs] 235380K->235047K(524224K), 0.0044563 secs] [Times: user=0.00 sys=0.00, real=0.00 secs] 
27.648: [GC 27.648: [DefNew: 960K->63K(960K), 0.0036777 secs] 235944K->235683K(524224K), 0.0037591 secs] [Times: user=0.00 sys=0.00, real=0.00 secs] 
27.654: [GC 27.654: [DefNew: 959K->64K(960K), 0.0040112 secs] 236580K->236299K(524224K), 0.0040892 secs] [Times: user=0.02 sys=0.00, real=0.00 secs] 
27.659: [GC 27.659: [DefNew: 960K->63K(960K), 0.0041623 secs] 237195K->237021K(524224K), 0.0042335 secs] [Times: user=0.00 sys=0.00, real=0.00 secs] 
27.665: [GC 27.665: [DefNew: 959K->64K(960K), 0.0040666 secs] 237919K->237623K(524224K), 0.0041445 secs] [Times: user=0.00 sys=0.00, real=0.00 secs] 
27.670: [GC 27.670: [DefNew: 960K->64K(960K), 0.0036869 secs] 238520K->238215K(524224K), 0.0037557 secs] [Times: user=0.02 sys=0.00, real=0.00 secs] 
27.676: [GC 27.676: [DefNew: 960K->64K(960K), 0.0037860 secs] 239111K->238851K(524224K), 0.0038669 secs] [Times: user=0.00 sys=0.00, real=0.00 secs] 
27.681: [GC 27.681: [DefNew: 960K->64K(960K), 0.0037826 secs] 239749K->239468K(524224K), 0.0038471 secs] [Times: user=0.00 sys=0.00, real=0.00 secs] 
27.687: [GC 27.687: [DefNew: 960K->64K(960K), 0.0038803 secs] 240365K->240095K(524224K), 0.0039515 secs] [Times: user=0.01 sys=0.00, real=0.00 secs] 
27.693: [GC 27.693: [DefNew: 960K->64K(960K), 0.0039973 secs] 240992K->240735K(524224K), 0.0040656 secs] [Times: user=0.00 sys=0.00, real=0.00 secs] 
27.698: [GC 27.698: [DefNew: 960K->64K(960K), 0.0038389 secs] 241631K->241323K(524224K), 0.0039198 secs] [Times: user=0.00 sys=0.00, real=0.00 secs] 
27.704: [GC 27.704: [DefNew: 960K->64K(960K), 0.0037307 secs] 242221K->241972K(524224K), 0.0038082 secs] [Times: user=0.00 sys=0.00, real=0.00 secs] 
27.709: [GC 27.709: [DefNew: 960K->63K(960K), 0.0039078 secs] 242869K->242574K(524224K), 0.0039881 secs] [Times: user=0.00 sys=0.00, real=0.00 secs] 
27.715: [GC 27.715: [DefNew: 959K->64K(960K), 0.0040887 secs] 243472K->243200K(524224K), 0.0041705 secs] [Times: user=0.02 sys=0.00, real=0.00 secs] 
27.721: [GC 27.721: [DefNew: 960K->63K(960K), 0.0040213 secs] 244096K->243800K(524224K), 0.0041017 secs] [Times: user=0.00 sys=0.00, real=0.00 secs] 
27.727: [GC 27.727: [DefNew: 959K->63K(960K), 0.0038765 secs] 244696K->244438K(524224K), 0.0039617 secs] [Times: user=0.00 sys=0.00, real=0.00 secs] 
27.733: [GC 27.733: [DefNew: 959K->63K(960K), 0.0045554 secs] 245336K->245090K(524224K), 0.0046685 secs] [Times: user=0.01 sys=0.00, real=0.01 secs] 
27.739: [GC 27.739: [DefNew: 959K->64K(960K), 0.0037427 secs] 245987K->245693K(524224K), 0.0038091 secs] [Times: user=0.00 sys=0.00, real=0.00 secs] 
27.745: [GC 27.745: [DefNew: 960K->64K(960K), 0.0039395 secs] 246590K->246324K(524224K), 0.0040131 secs] [Times: user=0.00 sys=0.00, real=0.00 secs] 
27.750: [GC 27.750: [DefNew: 960K->63K(960K), 0.0039655 secs] 247221K->246936K(524224K), 0.0040497 secs] [Times: user=0.00 sys=0.00, real=0.00 secs] 
27.756: [GC 27.756: [DefNew: 959K->63K(960K), 0.0039357 secs] 247834K->247579K(524224K), 0.0040054 secs] [Times: user=0.00 sys=0.00, real=0.00 secs] 
27.761: [GC 27.761: [DefNew: 959K->64K(960K), 0.0038260 secs] 248476K->248172K(524224K), 0.0038957 secs] [Times: user=0.00 sys=0.00, real=0.00 secs] 
27.767: [GC 27.767: [DefNew: 960K->63K(960K), 0.0036773 secs] 249070K->248777K(524224K), 0.0037509 secs] [Times: user=0.00 sys=0.00, real=0.00 secs] 
27.773: [GC 27.773: [DefNew: 959K->63K(960K), 0.0039496 secs] 249675K->249417K(524224K), 0.0040309 secs] [Times: user=0.00 sys=0.00, real=0.00 secs] 
27.778: [GC 27.778: [DefNew: 959K->63K(960K), 0.0039915 secs] 250314K->250025K(524224K), 0.0040800 secs] [Times: user=0.02 sys=0.00, real=0.00 secs] 
27.784: [GC 27.784: [DefNew: 959K->63K(960K), 0.0037851 secs] 250923K->250669K(524224K), 0.0038539 secs] [Times: user=0.00 sys=0.00, real=0.00 secs] 
27.789: [GC 27.789: [DefNew: 959K->63K(960K), 0.0039381 secs] 251567K->251299K(524224K), 0.0040136 secs] [Times: user=0.00 sys=0.00, real=0.00 secs] 
27.795: [GC 27.795: [DefNew: 959K->64K(960K), 0.0040189 secs] 252198K->251926K(524224K), 0.0040983 secs] [Times: user=0.02 sys=0.00, real=0.00 secs] 
27.801: [GC 27.801: [DefNew: 960K->64K(960K), 0.0036513 secs] 252823K->252503K(524224K), 0.0037596 secs] [Times: user=0.00 sys=0.00, real=0.00 secs] 
27.806: [GC 27.806: [DefNew: 960K->63K(960K), 0.0037966 secs] 253401K->253115K(524224K), 0.0038765 secs] [Times: user=0.00 sys=0.00, real=0.00 secs] 
27.812: [GC 27.812: [DefNew: 959K->63K(960K), 0.0036811 secs] 254012K->253704K(524224K), 0.0037499 secs] [Times: user=0.00 sys=0.00, real=0.00 secs] 
27.817: [GC 27.817: [DefNew: 959K->64K(960K), 0.0038216 secs] 254603K->254292K(524224K), 0.0038924 secs] [Times: user=0.00 sys=0.00, real=0.00 secs] 
27.823: [GC 27.823: [DefNew: 960K->63K(960K), 0.0040295 secs] 255189K->254925K(524224K), 0.0040978 secs] [Times: user=0.00 sys=0.00, real=0.00 secs] 
27.828: [GC 27.828: [DefNew: 959K->63K(960K), 0.0039429 secs] 255821K->255532K(524224K), 0.0040146 secs] [Times: user=0.00 sys=0.00, real=0.00 secs] 
27.834: [GC 27.834: [DefNew: 959K->63K(960K), 0.0037620 secs] 256430K->256112K(524224K), 0.0038269 secs] [Times: user=0.00 sys=0.00, real=0.00 secs] 
27.840: [GC 27.840: [DefNew: 959K->64K(960K), 0.0039645 secs] 257009K->256735K(524224K), 0.0040276 secs] [Times: user=0.02 sys=0.00, real=0.00 secs] 
27.847: [GC 27.847: [DefNew: 960K->63K(960K), 0.0040059 secs] 257631K->257362K(524224K), 0.0040718 secs] [Times: user=0.00 sys=0.00, real=0.00 secs] 
27.853: [GC 27.853: [DefNew: 959K->63K(960K), 0.0038216 secs] 258260K->257934K(524224K), 0.0038904 secs] [Times: user=0.00 sys=0.00, real=0.00 secs] 
27.858: [GC 27.858: [DefNew: 959K->64K(960K), 0.0036888 secs] 258831K->258511K(524224K), 0.0037557 secs] [Times: user=0.02 sys=0.00, real=0.00 secs] 
27.864: [GC 27.864: [DefNew: 960K->63K(960K), 0.0036830 secs] 259409K->259089K(524224K), 0.0037499 secs] [Times: user=0.00 sys=0.00, real=0.00 secs] 
27.869: [GC 27.869: [DefNew: 959K->64K(960K), 0.0034704 secs] 259986K->259638K(524224K), 0.0035815 secs] [Times: user=0.00 sys=0.00, real=0.00 secs] 
27.875: [GC 27.875: [DefNew: 960K->63K(960K), 0.0037196 secs] 260536K->260200K(524224K), 0.0037865 secs] [Times: user=0.00 sys=0.00, real=0.00 secs] 
27.881: [GC 27.881: [DefNew: 959K->63K(960K), 0.0035421 secs] 261097K->260753K(524224K), 0.0036046 secs] [Times: user=0.00 sys=0.00, real=0.00 secs] 
27.886: [GC 27.886: [DefNew: 959K->63K(960K), 0.0035714 secs] 261651K->261294K(524224K), 0.0036417 secs] [Times: user=0.01 sys=0.00, real=0.00 secs] 
27.892: [GC 27.892: [DefNew: 959K->63K(960K), 0.0040550 secs] 262191K->261879K(524224K), 0.0041248 secs] [Times: user=0.00 sys=0.00, real=0.00 secs] 
27.897: [GC 27.897: [DefNew: 959K->63K(960K), 0.0035834 secs] 262776K->262460K(524224K), 0.0036566 secs] [Times: user=0.00 sys=0.00, real=0.00 secs] 
27.903: [GC 27.903: [DefNew: 959K->63K(960K), 0.0042970 secs] 263357K->263046K(524224K), 0.0043683 secs] [Times: user=0.02 sys=0.00, real=0.00 secs] 
27.908: [GC 27.908: [DefNew: 959K->63K(960K), 0.0036999 secs] 263944K->263615K(524224K), 0.0037677 secs] [Times: user=0.00 sys=0.00, real=0.00 secs] 
27.914: [GC 27.914: [DefNew: 959K->64K(960K), 0.0039939 secs] 264512K->264181K(524224K), 0.0040574 secs] [Times: user=0.00 sys=0.00, real=0.00 secs] 
27.920: [GC 27.920: [DefNew: 960K->64K(960K), 0.0040208 secs] 265077K->264757K(524224K), 0.0040983 secs] [Times: user=0.02 sys=0.00, real=0.00 secs] 
27.925: [GC 27.925: [DefNew: 960K->64K(960K), 0.0038365 secs] 265654K->265316K(524224K), 0.0039078 secs] [Times: user=0.00 sys=0.00, real=0.00 secs] 
27.931: [GC 27.931: [DefNew: 960K->64K(960K), 0.0037928 secs] 266214K->265930K(524224K), 0.0038635 secs] [Times: user=0.00 sys=0.00, real=0.00 secs] 
27.936: [GC 27.936: [DefNew: 960K->64K(960K), 0.0039044 secs] 266827K->266496K(524224K), 0.0039751 secs] [Times: user=0.01 sys=0.00, real=0.00 secs] 
27.942: [GC 27.942: [DefNew: 960K->63K(960K), 0.0040935 secs] 267393K->267096K(524224K), 0.0041618 secs] [Times: user=0.00 sys=0.00, real=0.00 secs] 
27.947: [GC 27.947: [DefNew: 959K->64K(960K), 0.0040569 secs] 267993K->267659K(524224K), 0.0041200 secs] [Times: user=0.00 sys=0.00, real=0.00 secs] 
27.953: [GC 27.953: [DefNew: 960K->64K(960K), 0.0037947 secs] 268556K->268195K(524224K), 0.0038616 secs] [Times: user=0.00 sys=0.00, real=0.00 secs] 
27.959: [GC 27.959: [DefNew: 960K->63K(960K), 0.0037134 secs] 269093K->268767K(524224K), 0.0038308 secs] [Times: user=0.00 sys=0.00, real=0.00 secs] 
27.964: [GC 27.964: [DefNew: 959K->63K(960K), 0.0035844 secs] 269664K->269333K(524224K), 0.0036864 secs] [Times: user=0.02 sys=0.00, real=0.00 secs] 
27.970: [GC 27.970: [DefNew: 959K->63K(960K), 0.0039395 secs] 270231K->269911K(524224K), 0.0040059 secs] [Times: user=0.00 sys=0.00, real=0.00 secs] 
27.975: [GC 27.975: [DefNew: 959K->63K(960K), 0.0037754 secs] 270808K->270468K(524224K), 0.0038375 secs] [Times: user=0.00 sys=0.00, real=0.00 secs] 
27.981: [GC 27.981: [DefNew: 959K->64K(960K), 0.0037894 secs] 271365K->271043K(524224K), 0.0038592 secs] [Times: user=0.01 sys=0.00, real=0.00 secs] 
27.986: [GC 28.037: [DefNew: 960K->63K(960K), 0.0045429 secs] 271939K->271631K(524224K), 0.0046368 secs] [Times: user=0.00 sys=0.00, real=0.06 secs] 
28.044: [GC 28.044: [DefNew: 959K->63K(960K), 0.0040001 secs] 272528K->272228K(524224K), 0.0040718 secs] [Times: user=0.02 sys=0.00, real=0.00 secs] 
28.050: [GC 28.050: [DefNew: 959K->63K(960K), 0.0042104 secs] 273125K->272879K(524224K), 0.0042754 secs] [Times: user=0.00 sys=0.00, real=0.00 secs] 
28.056: [GC 28.056: [DefNew: 959K->63K(960K), 0.0043673 secs] 273776K->273513K(524224K), 0.0044529 secs] [Times: user=0.00 sys=0.00, real=0.00 secs] 
28.063: [GC 28.063: [DefNew: 959K->63K(960K), 0.0046868 secs] 274409K->274222K(524224K), 0.0047600 secs] [Times: user=0.00 sys=0.00, real=0.00 secs] 
28.069: [GC 28.069: [DefNew: 959K->64K(960K), 0.0041854 secs] 275120K->274849K(524224K), 0.0042667 secs] [Times: user=0.00 sys=0.00, real=0.00 secs] 
28.076: [GC 28.076: [DefNew: 960K->63K(960K), 0.0039164 secs] 275745K->275504K(524224K), 0.0039977 secs] [Times: user=0.02 sys=0.00, real=0.00 secs] 
28.081: [GC 28.081: [DefNew: 959K->64K(960K), 0.0040882 secs] 276400K->276110K(524224K), 0.0041570 secs] [Times: user=0.00 sys=0.00, real=0.00 secs] 
28.087: [GC 28.087: [DefNew: 960K->64K(960K), 0.0039111 secs] 277006K->276732K(524224K), 0.0039929 secs] [Times: user=0.00 sys=0.00, real=0.00 secs] 
28.093: [GC 28.093: [DefNew: 960K->64K(960K), 0.0040521 secs] 277630K->277312K(524224K), 0.0041243 secs] [Times: user=0.00 sys=0.00, real=0.00 secs] 
28.099: [GC 28.099: [DefNew: 960K->63K(960K), 0.0039602 secs] 278210K->277928K(524224K), 0.0040295 secs] [Times: user=0.00 sys=0.00, real=0.00 secs] 
28.105: [GC 28.105: [DefNew: 959K->64K(960K), 0.0042215 secs] 278825K->278488K(524224K), 0.0042956 secs] [Times: user=0.01 sys=0.00, real=0.00 secs] 
28.111: [GC 28.111: [DefNew: 960K->64K(960K), 0.0039034 secs] 279385K->279072K(524224K), 0.0039660 secs] [Times: user=0.00 sys=0.00, real=0.00 secs] 
28.117: [GC 28.117: [DefNew: 960K->63K(960K), 0.0038996 secs] 279968K->279645K(524224K), 0.0039573 secs] [Times: user=0.00 sys=0.00, real=0.00 secs] 
28.122: [GC 28.122: [DefNew: 959K->64K(960K), 0.0039463 secs] 280544K->280198K(524224K), 0.0040088 secs] [Times: user=0.02 sys=0.00, real=0.00 secs] 
28.128: [GC 28.128: [DefNew: 960K->63K(960K), 0.0040463 secs] 281095K->280805K(524224K), 0.0041127 secs] [Times: user=0.00 sys=0.00, real=0.00 secs] 
28.134: [GC 28.134: [DefNew: 959K->64K(960K), 0.0038707 secs] 281702K->281368K(524224K), 0.0039376 secs] [Times: user=0.00 sys=0.00, real=0.00 secs] 
28.139: [GC 28.139: [DefNew: 960K->63K(960K), 0.0042051 secs] 282265K->281929K(524224K), 0.0042749 secs] [Times: user=0.01 sys=0.00, real=0.00 secs] 
28.145: [GC 28.145: [DefNew: 959K->63K(960K), 0.0038370 secs] 282825K->282537K(524224K), 0.0039010 secs] [Times: user=0.00 sys=0.00, real=0.00 secs] 
28.150: [GC 28.150: [DefNew: 959K->63K(960K), 0.0039236 secs] 283434K->283079K(524224K), 0.0039872 secs] [Times: user=0.00 sys=0.00, real=0.00 secs] 
28.156: [GC 28.156: [DefNew: 959K->63K(960K), 0.0042109 secs] 283977K->283673K(524224K), 0.0042816 secs] [Times: user=0.00 sys=0.00, real=0.00 secs] 
28.161: [GC 28.161: [DefNew: 959K->64K(960K), 0.0035815 secs] 284570K->284237K(524224K), 0.0036503 secs] [Times: user=0.00 sys=0.00, real=0.00 secs] 
28.167: [GC 28.167: [DefNew: 960K->64K(960K), 0.0038760 secs] 285134K->284831K(524224K), 0.0039376 secs] [Times: user=0.02 sys=0.00, real=0.00 secs] 
28.173: [GC 28.173: [DefNew: 960K->63K(960K), 0.0042191 secs] 285728K->285408K(524224K), 0.0042889 secs] [Times: user=0.00 sys=0.00, real=0.00 secs] 
28.179: [GC 28.179: [DefNew: 959K->64K(960K), 0.0040155 secs] 286305K->286014K(524224K), 0.0040848 secs] [Times: user=0.00 sys=0.00, real=0.00 secs] 
28.185: [GC 28.185: [DefNew: 960K->64K(960K), 0.0039232 secs] 286910K->286573K(524224K), 0.0039857 secs] [Times: user=0.02 sys=0.00, real=0.00 secs] 
28.190: [GC 28.190: [DefNew: 960K->64K(960K), 0.0036879 secs] 287470K->287110K(524224K), 0.0037552 secs] [Times: user=0.00 sys=0.00, real=0.00 secs] 
28.196: [GC 28.196: [DefNew: 960K->63K(960K), 0.0039337 secs] 288007K->287685K(524224K), 0.0039997 secs] [Times: user=0.00 sys=0.00, real=0.00 secs] 
28.201: [GC 28.201: [DefNew: 959K->63K(960K), 0.0041604 secs] 288582K->288258K(524224K), 0.0042229 secs] [Times: user=0.01 sys=0.00, real=0.00 secs] 
28.207: [GC 28.207: [DefNew: 959K->64K(960K), 0.0037413 secs] 289155K->288837K(524224K), 0.0038038 secs] [Times: user=0.00 sys=0.00, real=0.00 secs] 
28.213: [GC 28.213: [DefNew: 960K->63K(960K), 0.0037831 secs] 289733K->289422K(524224K), 0.0038957 secs] [Times: user=0.00 sys=0.00, real=0.00 secs] 
28.218: [GC 28.218: [DefNew: 959K->63K(960K), 0.0041156 secs] 290318K->289986K(524224K), 0.0041796 secs] [Times: user=0.00 sys=0.00, real=0.00 secs] 
28.224: [GC 28.224: [DefNew: 959K->63K(960K), 0.0037283 secs] 290882K->290534K(524224K), 0.0037961 secs] [Times: user=0.00 sys=0.00, real=0.00 secs] 
28.229: [GC 28.229: [DefNew: 959K->63K(960K), 0.0035016 secs] 291431K->291077K(524224K), 0.0036080 secs] [Times: user=0.00 sys=0.00, real=0.00 secs] 
28.236: [GC 28.236: [DefNew: 959K->64K(960K), 0.0036984 secs] 291974K->291679K(524224K), 0.0037706 secs] [Times: user=0.00 sys=0.00, real=0.00 secs] 
28.241: [GC 28.241: [DefNew: 960K->63K(960K), 0.0041262 secs] 292575K->292266K(524224K), 0.0041960 secs] [Times: user=0.00 sys=0.00, real=0.00 secs] 
28.247: [GC 28.247: [DefNew: 959K->64K(960K), 0.0041488 secs] 293164K->292873K(524224K), 0.0042167 secs] [Times: user=0.02 sys=0.00, real=0.00 secs] 
28.253: [GC 28.253: [DefNew: 960K->63K(960K), 0.0041609 secs] 293770K->293474K(524224K), 0.0042292 secs] [Times: user=0.00 sys=0.00, real=0.00 secs] 
28.258: [GC 28.258: [DefNew: 959K->64K(960K), 0.0041873 secs] 294370K->294079K(524224K), 0.0042634 secs] [Times: user=0.00 sys=0.00, real=0.00 secs] 
28.264: [GC 28.264: [DefNew: 960K->63K(960K), 0.0042720 secs] 294977K->294684K(524224K), 0.0043399 secs] [Times: user=0.01 sys=0.00, real=0.00 secs] 
28.270: [GC 28.270: [DefNew: 959K->64K(960K), 0.0040040 secs] 295582K->295280K(524224K), 0.0040723 secs] [Times: user=0.00 sys=0.00, real=0.00 secs] 
28.276: [GC 28.276: [DefNew: 960K->64K(960K), 0.0036879 secs] 296177K->295870K(524224K), 0.0039554 secs] [Times: user=0.02 sys=0.00, real=0.00 secs] 
28.282: [GC 28.282: [DefNew: 960K->64K(960K), 0.0038688 secs] 296766K->296450K(524224K), 0.0039400 secs] [Times: user=0.00 sys=0.00, real=0.00 secs] 
28.287: [GC 28.287: [DefNew: 960K->63K(960K), 0.0038515 secs] 297347K->297005K(524224K), 0.0039159 secs] [Times: user=0.00 sys=0.00, real=0.00 secs] 
28.293: [GC 28.293: [DefNew: 959K->64K(960K), 0.0039982 secs] 297902K->297601K(524224K), 0.0040622 secs] [Times: user=0.02 sys=0.00, real=0.00 secs] 
28.298: [GC 28.298: [DefNew: 960K->63K(960K), 0.0038880 secs] 298499K->298179K(524224K), 0.0039535 secs] [Times: user=0.00 sys=0.00, real=0.00 secs] 
28.304: [GC 28.304: [DefNew: 959K->63K(960K), 0.0039347 secs] 299075K->298748K(524224K), 0.0039997 secs] [Times: user=0.00 sys=0.00, real=0.00 secs] 
28.309: [GC 28.309: [DefNew: 959K->64K(960K), 0.0042018 secs] 299646K->299370K(524224K), 0.0042783 secs] [Times: user=0.01 sys=0.00, real=0.00 secs] 
28.316: [GC 28.316: [DefNew: 960K->64K(960K), 0.0041354 secs] 300267K->299969K(524224K), 0.0042003 secs] [Times: user=0.00 sys=0.00, real=0.00 secs] 
28.322: [GC 28.322: [DefNew: 960K->64K(960K), 0.0041296 secs] 300866K->300552K(524224K), 0.0042138 secs] [Times: user=0.00 sys=0.00, real=0.00 secs] 
28.327: [GC 28.327: [DefNew: 960K->63K(960K), 0.0041570 secs] 301449K->301117K(524224K), 0.0042273 secs] [Times: user=0.00 sys=0.00, real=0.00 secs] 
28.333: [GC 28.333: [DefNew: 959K->64K(960K), 0.0041459 secs] 302013K->301719K(524224K), 0.0042071 secs] [Times: user=0.00 sys=0.00, real=0.00 secs] 
28.338: [GC 28.338: [DefNew: 960K->63K(960K), 0.0040170 secs] 302616K->302282K(524224K), 0.0040771 secs] [Times: user=0.00 sys=0.00, real=0.00 secs] 
28.344: [GC 28.344: [DefNew: 959K->64K(960K), 0.0041262 secs] 303179K->302892K(524224K), 0.0041989 secs] [Times: user=0.00 sys=0.00, real=0.00 secs] 
28.349: [GC 28.349: [DefNew: 960K->64K(960K), 0.0040281 secs] 303790K->303485K(524224K), 0.0040949 secs] [Times: user=0.00 sys=0.00, real=0.00 secs] 
28.355: [GC 28.355: [DefNew: 960K->63K(960K), 0.0045102 secs] 304382K->304080K(524224K), 0.0045776 secs] [Times: user=0.02 sys=0.00, real=0.00 secs] 
28.362: [GC 28.362: [DefNew: 959K->63K(960K), 0.0041031 secs] 304977K->304674K(524224K), 0.0041662 secs] [Times: user=0.00 sys=0.00, real=0.00 secs] 
28.367: [GC 28.367: [DefNew: 959K->64K(960K), 0.0039828 secs] 305571K->305251K(524224K), 0.0040430 secs] [Times: user=0.00 sys=0.00, real=0.00 secs] 
28.373: [GC 28.373: [DefNew: 960K->63K(960K), 0.0043327 secs] 306149K->305829K(524224K), 0.0044043 secs] [Times: user=0.01 sys=0.00, real=0.00 secs] 
28.379: [GC 28.379: [DefNew: 959K->63K(960K), 0.0040487 secs] 306726K->306432K(524224K), 0.0041099 secs] [Times: user=0.00 sys=0.00, real=0.00 secs] 
28.385: [GC 28.385: [DefNew: 959K->63K(960K), 0.0041479 secs] 307329K->307007K(524224K), 0.0042326 secs] [Times: user=0.00 sys=0.00, real=0.00 secs] 
28.390: [GC 28.390: [DefNew: 959K->64K(960K), 0.0041690 secs] 307903K->307596K(524224K), 0.0042393 secs] [Times: user=0.00 sys=0.00, real=0.00 secs] 
28.396: [GC 28.396: [DefNew: 960K->64K(960K), 0.0043466 secs] 308493K->308255K(524224K), 0.0044145 secs] [Times: user=0.00 sys=0.00, real=0.00 secs] 
28.403: [GC 28.403: [DefNew: 960K->64K(960K), 0.0047224 secs] 309151K->308850K(524224K), 0.0047903 secs] [Times: user=0.02 sys=0.00, real=0.00 secs] 
28.409: [GC 28.409: [DefNew: 960K->63K(960K), 0.0038875 secs] 309747K->309430K(524224K), 0.0039544 secs] [Times: user=0.00 sys=0.00, real=0.00 secs] 
28.415: [GC 28.415: [DefNew: 959K->64K(960K), 0.0039525 secs] 310327K->309998K(524224K), 0.0040184 secs] [Times: user=0.00 sys=0.00, real=0.00 secs] 
28.420: [GC 28.420: [DefNew: 960K->64K(960K), 0.0042220 secs] 310895K->310575K(524224K), 0.0042903 secs] [Times: user=0.02 sys=0.00, real=0.00 secs] 
28.426: [GC 28.426: [DefNew: 960K->64K(960K), 0.0041127 secs] 311471K->311187K(524224K), 0.0041792 secs] [Times: user=0.00 sys=0.00, real=0.00 secs] 
28.431: [GC 28.431: [DefNew: 960K->63K(960K), 0.0044260 secs] 312084K->311779K(524224K), 0.0044914 secs] [Times: user=0.00 sys=0.00, real=0.00 secs] 
28.438: [GC 28.438: [DefNew: 959K->64K(960K), 0.0041705 secs] 312676K->312387K(524224K), 0.0042422 secs] [Times: user=0.00 sys=0.00, real=0.00 secs] 
28.443: [GC 28.443: [DefNew: 960K->64K(960K), 0.0041628 secs] 313284K->312971K(524224K), 0.0042311 secs] [Times: user=0.00 sys=0.00, real=0.00 secs] 
28.449: [GC 28.449: [DefNew: 960K->63K(960K), 0.0042008 secs] 313867K->313564K(524224K), 0.0042653 secs] [Times: user=0.02 sys=0.00, real=0.00 secs] 
28.455: [GC 28.455: [DefNew: 959K->64K(960K), 0.0040444 secs] 314460K->314146K(524224K), 0.0041118 secs] [Times: user=0.00 sys=0.00, real=0.00 secs] 
28.460: [GC 28.460: [DefNew: 960K->64K(960K), 0.0037187 secs] 315042K->314715K(524224K), 0.0037802 secs] [Times: user=0.00 sys=0.00, real=0.00 secs] 
28.466: [GC 28.466: [DefNew: 960K->64K(960K), 0.0041060 secs] 315612K->315303K(524224K), 0.0041719 secs] [Times: user=0.02 sys=0.00, real=0.00 secs] 
28.471: [GC 28.471: [DefNew: 960K->63K(960K), 0.0039607 secs] 316200K->315878K(524224K), 0.0040324 secs] [Times: user=0.00 sys=0.00, real=0.00 secs] 
28.477: [GC 28.477: [DefNew: 959K->63K(960K), 0.0040483 secs] 316776K->316483K(524224K), 0.0041094 secs] [Times: user=0.00 sys=0.00, real=0.00 secs] 
28.483: [GC 28.483: [DefNew: 959K->64K(960K), 0.0040334 secs] 317380K->317060K(524224K), 0.0041026 secs] [Times: user=0.00 sys=0.00, real=0.00 secs] 
28.488: [GC 28.488: [DefNew: 960K->63K(960K), 0.0039578 secs] 317957K->317645K(524224K), 0.0040257 secs] [Times: user=0.00 sys=0.00, real=0.00 secs] 
28.494: [GC 28.494: [DefNew: 959K->64K(960K), 0.0042326 secs] 318542K->318339K(524224K), 0.0043019 secs] [Times: user=0.00 sys=0.00, real=0.00 secs] 
28.500: [GC 28.500: [DefNew: 960K->63K(960K), 0.0043466 secs] 319236K->318951K(524224K), 0.0044173 secs] [Times: user=0.00 sys=0.00, real=0.00 secs] 
28.506: [GC 28.506: [DefNew: 959K->63K(960K), 0.0041012 secs] 319848K->319514K(524224K), 0.0041739 secs] [Times: user=0.00 sys=0.00, real=0.00 secs] 
28.511: [GC 28.511: [DefNew: 959K->63K(960K), 0.0045092 secs] 320411K->320169K(524224K), 0.0045848 secs] [Times: user=0.02 sys=0.00, real=0.00 secs] 
28.518: [GC 28.518: [DefNew: 959K->63K(960K), 0.0040945 secs] 321066K->320816K(524224K), 0.0041734 secs] [Times: user=0.00 sys=0.00, real=0.00 secs] 
28.524: [GC 28.524: [DefNew: 959K->64K(960K), 0.0044361 secs] 321713K->321464K(524224K), 0.0045049 secs] [Times: user=0.00 sys=0.00, real=0.00 secs] 
28.530: [GC 28.530: [DefNew: 960K->64K(960K), 0.0042061 secs] 322361K->322101K(524224K), 0.0042773 secs] [Times: user=0.00 sys=0.00, real=0.00 secs] 
28.537: [GC 28.537: [DefNew: 960K->63K(960K), 0.0044000 secs] 322997K->322761K(524224K), 0.0044833 secs] [Times: user=0.00 sys=0.00, real=0.00 secs] 
28.543: [GC 28.543: [DefNew: 959K->63K(960K), 0.0043009 secs] 323658K->323378K(524224K), 0.0043644 secs] [Times: user=0.01 sys=0.00, real=0.00 secs] 
28.550: [GC 28.550: [DefNew: 959K->63K(960K), 0.0041589 secs] 324275K->323983K(524224K), 0.0042268 secs] [Times: user=0.00 sys=0.00, real=0.00 secs] 
28.555: [GC 28.555: [DefNew: 959K->63K(960K), 0.0040093 secs] 324880K->324552K(524224K), 0.0040718 secs] [Times: user=0.00 sys=0.00, real=0.00 secs] 
28.561: [GC 28.561: [DefNew: 959K->63K(960K), 0.0044963 secs] 325449K->325251K(524224K), 0.0045670 secs] [Times: user=0.00 sys=0.00, real=0.00 secs] 
28.568: [GC 28.568: [DefNew: 959K->64K(960K), 0.0042619 secs] 326148K->325829K(524224K), 0.0043259 secs] [Times: user=0.00 sys=0.00, real=0.00 secs] 
28.573: [GC 28.573: [DefNew: 960K->64K(960K), 0.0038500 secs] 326727K->326374K(524224K), 0.0039328 secs] [Times: user=0.02 sys=0.00, real=0.00 secs] 
28.579: [GC 28.579: [DefNew: 960K->63K(960K), 0.0039578 secs] 327271K->326973K(524224K), 0.0040271 secs] [Times: user=0.00 sys=0.00, real=0.00 secs] 
28.584: [GC 28.584: [DefNew: 959K->64K(960K), 0.0042542 secs] 327870K->327575K(524224K), 0.0043192 secs] [Times: user=0.00 sys=0.00, real=0.00 secs] 
28.590: [GC 28.590: [DefNew: 960K->64K(960K), 0.0058364 secs] 328471K->328267K(524224K), 0.0059119 secs] [Times: user=0.01 sys=0.00, real=0.01 secs] 
28.597: [GC 28.597: [DefNew: 960K->64K(960K), 0.0043813 secs] 329164K->328904K(524224K), 0.0044525 secs] [Times: user=0.00 sys=0.00, real=0.01 secs] 
28.604: [GC 28.604: [DefNew: 960K->64K(960K), 0.0042720 secs] 329802K->329515K(524224K), 0.0043572 secs] [Times: user=0.02 sys=0.00, real=0.00 secs] 
28.611: [GC 28.611: [DefNew: 960K->64K(960K), 0.0040001 secs] 330412K->330125K(524224K), 0.0040666 secs] [Times: user=0.00 sys=0.00, real=0.00 secs] 
28.616: [GC 28.616: [DefNew: 960K->64K(960K), 0.0043100 secs] 331023K->330799K(524224K), 0.0043793 secs] [Times: user=0.00 sys=0.00, real=0.00 secs] 
28.623: [GC 28.623: [DefNew: 960K->64K(960K), 0.0042720 secs] 331696K->331403K(524224K), 0.0043394 secs] [Times: user=0.02 sys=0.00, real=0.00 secs] 
28.628: [GC 28.628: [DefNew: 960K->63K(960K), 0.0042985 secs] 332300K->332011K(524224K), 0.0043639 secs] [Times: user=0.00 sys=0.00, real=0.00 secs] 
28.635: [GC 28.635: [DefNew: 959K->63K(960K), 0.0040165 secs] 332908K->332613K(524224K), 0.0040834 secs] [Times: user=0.02 sys=0.00, real=0.00 secs] 
28.640: [GC 28.640: [DefNew: 959K->64K(960K), 0.0042128 secs] 333510K->333203K(524224K), 0.0042855 secs] [Times: user=0.00 sys=0.00, real=0.00 secs] 
28.646: [GC 28.646: [DefNew: 960K->63K(960K), 0.0042359 secs] 334100K->333833K(524224K), 0.0043115 secs] [Times: user=0.00 sys=0.00, real=0.00 secs] 
28.651: [GC 28.651: [DefNew: 959K->64K(960K), 0.0041075 secs] 334730K->334403K(524224K), 0.0041772 secs] [Times: user=0.02 sys=0.00, real=0.00 secs] 
28.657: [GC 28.657: [DefNew: 960K->63K(960K), 0.0041484 secs] 335299K->335034K(524224K), 0.0042215 secs] [Times: user=0.00 sys=0.00, real=0.00 secs] 
28.663: [GC 28.663: [DefNew: 959K->64K(960K), 0.0041334 secs] 335931K->335602K(524224K), 0.0041994 secs] [Times: user=0.00 sys=0.00, real=0.00 secs] 
28.668: [GC 28.668: [DefNew: 960K->63K(960K), 0.0040285 secs] 336500K->336164K(524224K), 0.0040969 secs] [Times: user=0.02 sys=0.00, real=0.00 secs] 
28.674: [GC 28.674: [DefNew: 959K->63K(960K), 0.0040261 secs] 337061K->336789K(524224K), 0.0040887 secs] [Times: user=0.00 sys=0.00, real=0.00 secs] 
28.679: [GC 28.679: [DefNew: 959K->63K(960K), 0.0039241 secs] 337686K->337365K(524224K), 0.0039924 secs] [Times: user=0.00 sys=0.00, real=0.00 secs] 
28.685: [GC 28.685: [DefNew: 959K->63K(960K), 0.0041710 secs] 338261K->337959K(524224K), 0.0042393 secs] [Times: user=0.02 sys=0.00, real=0.00 secs] 
28.690: [GC 28.690: [DefNew: 959K->64K(960K), 0.0059981 secs] 338856K->338630K(524224K), 0.0060712 secs] [Times: user=0.00 sys=0.00, real=0.01 secs] 
28.698: [GC 28.698: [DefNew: 960K->63K(960K), 0.0048061 secs] 339527K->339247K(524224K), 0.0048783 secs] [Times: user=0.02 sys=0.00, real=0.00 secs] 
28.705: [GC 28.705: [DefNew: 959K->63K(960K), 0.0044246 secs] 340144K->339933K(524224K), 0.0044977 secs] [Times: user=0.00 sys=0.00, real=0.00 secs] 
28.711: [GC 28.711: [DefNew: 959K->64K(960K), 0.0044486 secs] 340829K->340536K(524224K), 0.0045203 secs] [Times: user=0.00 sys=0.00, real=0.00 secs] 
28.718: [GC 28.718: [DefNew: 960K->64K(960K), 0.0042407 secs] 341434K->341157K(524224K), 0.0043038 secs] [Times: user=0.00 sys=0.00, real=0.00 secs] 
28.723: [GC 28.723: [DefNew: 960K->63K(960K), 0.0041378 secs] 342054K->341745K(524224K), 0.0042085 secs] [Times: user=0.00 sys=0.00, real=0.00 secs] 
28.729: [GC 28.729: [DefNew: 959K->64K(960K), 0.0041387 secs] 342641K->342333K(524224K), 0.0042071 secs] [Times: user=0.01 sys=0.00, real=0.00 secs] 
28.734: [GC 28.734: [DefNew: 960K->64K(960K), 0.0041306 secs] 343230K->342924K(524224K), 0.0041950 secs] [Times: user=0.00 sys=0.00, real=0.00 secs] 
28.740: [GC 28.740: [DefNew: 960K->63K(960K), 0.0045800 secs] 343822K->343521K(524224K), 0.0046608 secs] [Times: user=0.00 sys=0.00, real=0.00 secs] 
28.747: [GC 28.747: [DefNew: 959K->64K(960K), 0.0042942 secs] 344418K->344194K(524224K), 0.0043697 secs] [Times: user=0.02 sys=0.00, real=0.00 secs] 
28.753: [GC 28.753: [DefNew: 960K->64K(960K), 0.0043288 secs] 345091K->344791K(524224K), 0.0044034 secs] [Times: user=0.00 sys=0.00, real=0.00 secs] 
28.760: [GC 28.760: [DefNew: 960K->63K(960K), 0.0046199 secs] 345689K->345425K(524224K), 0.0046902 secs] [Times: user=0.01 sys=0.00, real=0.00 secs] 
28.766: [GC 28.766: [DefNew: 959K->63K(960K), 0.0041219 secs] 346322K->345984K(524224K), 0.0041931 secs] [Times: user=0.00 sys=0.00, real=0.00 secs] 
28.772: [GC 28.772: [DefNew: 959K->63K(960K), 0.0041325 secs] 346882K->346617K(524224K), 0.0042008 secs] [Times: user=0.00 sys=0.00, real=0.00 secs] 
28.777: [GC 28.777: [DefNew: 959K->64K(960K), 0.0043750 secs] 347514K->347198K(524224K), 0.0044453 secs] [Times: user=0.02 sys=0.00, real=0.00 secs] 
28.784: [GC 28.784: [DefNew: 960K->63K(960K), 0.0040131 secs] 348095K->347773K(524224K), 0.0040738 secs] [Times: user=0.00 sys=0.00, real=0.00 secs] 
28.790: [GC 28.790: [DefNew: 959K->64K(960K), 0.0040391 secs] 348670K->348361K(524224K), 0.0041065 secs] [Times: user=0.00 sys=0.00, real=0.00 secs] 
28.795: [GC 28.795: [DefNew: 960K->63K(960K), 0.0039766 secs] 349258K->348933K(524224K), 0.0040406 secs] [Times: user=0.00 sys=0.00, real=0.00 secs] 
28.801: [GC 28.801: [DefNew: 959K->64K(960K), 0.0042610 secs] 349829K->349543K(524224K), 0.0043216 secs] [Times: user=0.00 sys=0.00, real=0.00 secs] 
28.806: [GC 28.806: [DefNew: 960K->64K(960K), 0.0046122 secs] 350440K->350126K(524224K), 0.0046820 secs] [Times: user=0.02 sys=0.00, real=0.00 secs] 
28.813: [GC 28.813: [DefNew: 960K->64K(960K), 0.0044756 secs] 351022K->350794K(524224K), 0.0045396 secs] [Times: user=0.00 sys=0.00, real=0.00 secs] 
28.819: [GC 28.819: [DefNew: 960K->64K(960K), 0.0041666 secs] 351691K->351380K(524224K), 0.0042335 secs] [Times: user=0.00 sys=0.00, real=0.00 secs] 
28.825: [GC 28.825: [DefNew: 960K->64K(960K), 0.0041248 secs] 352277K->351978K(524224K), 0.0041941 secs] [Times: user=0.02 sys=0.00, real=0.00 secs] 
28.831: [GC 28.831: [DefNew: 960K->64K(960K), 0.0043019 secs] 352875K->352581K(524224K), 0.0043726 secs] [Times: user=0.00 sys=0.00, real=0.00 secs] 
28.837: [GC 28.837: [DefNew: 960K->63K(960K), 0.0041974 secs] 353479K->353159K(524224K), 0.0042730 secs] [Times: user=0.00 sys=0.00, real=0.00 secs] 
28.844: [GC 28.844: [DefNew: 959K->64K(960K), 0.0045684 secs] 354056K->353822K(524224K), 0.0046425 secs] [Times: user=0.00 sys=0.00, real=0.01 secs] 
28.850: [GC 28.850: [DefNew: 960K->63K(960K), 0.0042701 secs] 354719K->354417K(524224K), 0.0043322 secs] [Times: user=0.00 sys=0.00, real=0.00 secs] 
28.856: [GC 28.856: [DefNew: 959K->63K(960K), 0.0042253 secs] 355313K->354962K(524224K), 0.0042946 secs] [Times: user=0.02 sys=0.00, real=0.00 secs] 
28.861: [GC 28.861: [DefNew: 959K->64K(960K), 0.0038409 secs] 355858K->355518K(524224K), 0.0039058 secs] [Times: user=0.00 sys=0.00, real=0.00 secs] 
28.867: [GC 28.867: [DefNew: 960K->64K(960K), 0.0041873 secs] 356415K->356129K(524224K), 0.0042489 secs] [Times: user=0.00 sys=0.00, real=0.00 secs] 
28.873: [GC 28.873: [DefNew: 960K->63K(960K), 0.0043769 secs] 357026K->356753K(524224K), 0.0044481 secs] [Times: user=0.00 sys=0.00, real=0.00 secs] 
28.879: [GC 28.879: [DefNew: 959K->64K(960K), 0.0041979 secs] 357650K->357347K(524224K), 0.0042653 secs] [Times: user=0.00 sys=0.00, real=0.00 secs] 
28.885: [GC 28.885: [DefNew: 960K->63K(960K), 0.0042249 secs] 358243K->357961K(524224K), 0.0042913 secs] [Times: user=0.02 sys=0.00, real=0.00 secs] 
28.890: [GC 28.890: [DefNew: 959K->63K(960K), 0.0043480 secs] 358858K->358585K(524224K), 0.0044289 secs] [Times: user=0.00 sys=0.00, real=0.01 secs] 
28.897: [GC 28.897: [DefNew: 959K->63K(960K), 0.0043495 secs] 359482K->359217K(524224K), 0.0044178 secs] [Times: user=0.00 sys=0.00, real=0.00 secs] 
28.903: [GC 28.903: [DefNew: 959K->63K(960K), 0.0042783 secs] 360113K->359817K(524224K), 0.0043524 secs] [Times: user=0.02 sys=0.00, real=0.00 secs] 
28.910: [GC 28.910: [DefNew: 959K->63K(960K), 0.0043784 secs] 360715K->360463K(524224K), 0.0044477 secs] [Times: user=0.00 sys=0.00, real=0.00 secs] 
28.917: [GC 28.917: [DefNew: 959K->64K(960K), 0.0047441 secs] 361360K->361096K(524224K), 0.0048110 secs] [Times: user=0.02 sys=0.00, real=0.01 secs] 
28.923: [GC 28.923: [DefNew: 960K->63K(960K), 0.0043514 secs] 361994K->361711K(524224K), 0.0044159 secs] [Times: user=0.00 sys=0.00, real=0.00 secs] 
28.929: [GC 28.929: [DefNew: 959K->64K(960K), 0.0043009 secs] 362607K->362309K(524224K), 0.0043654 secs] [Times: user=0.00 sys=0.00, real=0.00 secs] 
28.934: [GC 28.934: [DefNew: 960K->64K(960K), 0.0041469 secs] 363206K->362860K(524224K), 0.0042085 secs] [Times: user=0.01 sys=0.00, real=0.00 secs] 
28.940: [GC 28.940: [DefNew: 960K->63K(960K), 0.0043153 secs] 363757K->363452K(524224K), 0.0043875 secs] [Times: user=0.00 sys=0.00, real=0.00 secs] 
28.946: [GC 28.946: [DefNew: 959K->63K(960K), 0.0040666 secs] 364350K->364087K(524224K), 0.0041286 secs] [Times: user=0.00 sys=0.00, real=0.00 secs] 
28.952: [GC 28.952: [DefNew: 959K->63K(960K), 0.0044188 secs] 364985K->364695K(524224K), 0.0044866 secs] [Times: user=0.00 sys=0.00, real=0.00 secs] 
28.959: [GC 28.959: [DefNew: 959K->64K(960K), 0.0043144 secs] 365592K->365314K(524224K), 0.0043788 secs] [Times: user=0.00 sys=0.00, real=0.00 secs] 
28.964: [GC 28.964: [DefNew: 960K->64K(960K), 0.0042629 secs] 366210K->365889K(524224K), 0.0043264 secs] [Times: user=0.02 sys=0.00, real=0.00 secs] 
28.970: [GC 28.970: [DefNew: 960K->63K(960K), 0.0042417 secs] 366787K->366508K(524224K), 0.0043038 secs] [Times: user=0.00 sys=0.00, real=0.00 secs] 
28.975: [GC 28.975: [DefNew: 959K->63K(960K), 0.0042191 secs] 367406K->367100K(524224K), 0.0042764 secs] [Times: user=0.00 sys=0.00, real=0.00 secs] 
28.981: [GC 28.981: [DefNew: 959K->64K(960K), 0.0046084 secs] 367996K->367729K(524224K), 0.0046733 secs] [Times: user=0.01 sys=0.00, real=0.00 secs] 
28.987: [GC 28.987: [DefNew: 960K->63K(960K), 0.0044019 secs] 368626K->368336K(524224K), 0.0044679 secs] [Times: user=0.00 sys=0.00, real=0.00 secs] 
28.994: [GC 28.994: [DefNew: 959K->63K(960K), 0.0045439 secs] 369233K->368997K(524224K), 0.0046117 secs] [Times: user=0.02 sys=0.00, real=0.00 secs] 
29.001: [GC 29.001: [DefNew: 959K->63K(960K), 0.0047941 secs] 369895K->369649K(524224K), 0.0048610 secs] [Times: user=0.00 sys=0.00, real=0.00 secs] 
29.007: [GC 29.007: [DefNew: 959K->63K(960K), 0.0047171 secs] 370545K->370264K(524224K), 0.0047816 secs] [Times: user=0.00 sys=0.00, real=0.00 secs] 
29.014: [GC 29.014: [DefNew: 959K->63K(960K), 0.0043687 secs] 371161K->370885K(524224K), 0.0044366 secs] [Times: user=0.00 sys=0.00, real=0.00 secs] 
29.020: [GC 29.020: [DefNew: 959K->63K(960K), 0.0042711 secs] 371783K->371493K(524224K), 0.0043331 secs] [Times: user=0.00 sys=0.00, real=0.00 secs] 
29.026: [GC 29.026: [DefNew: 959K->64K(960K), 0.0044780 secs] 372389K->372113K(524224K), 0.0045463 secs] [Times: user=0.02 sys=0.00, real=0.00 secs] 
29.032: [GC 29.032: [DefNew: 960K->64K(960K), 0.0044120 secs] 373010K->372736K(524224K), 0.0044751 secs] [Times: user=0.00 sys=0.00, real=0.00 secs] 
29.039: [GC 29.039: [DefNew: 960K->64K(960K), 0.0045497 secs] 373633K->373377K(524224K), 0.0046113 secs] [Times: user=0.00 sys=0.00, real=0.00 secs] 
29.046: [GC 29.046: [DefNew: 960K->64K(960K), 0.0043134 secs] 374273K->374000K(524224K), 0.0043774 secs] [Times: user=0.00 sys=0.00, real=0.00 secs] 
29.051: [GC 29.051: [DefNew: 960K->63K(960K), 0.0042884 secs] 374897K->374607K(524224K), 0.0043476 secs] [Times: user=0.00 sys=0.00, real=0.00 secs] 
29.057: [GC 29.057: [DefNew: 959K->63K(960K), 0.0047239 secs] 375504K->375246K(524224K), 0.0047951 secs] [Times: user=0.02 sys=0.00, real=0.00 secs] 
29.063: [GC 29.063: [DefNew: 959K->63K(960K), 0.0045502 secs] 376142K->375834K(524224K), 0.0046190 secs] [Times: user=0.00 sys=0.00, real=0.00 secs] 
29.070: [GC 29.070: [DefNew: 959K->63K(960K), 0.0040728 secs] 376731K->376431K(524224K), 0.0041421 secs] [Times: user=0.00 sys=0.00, real=0.00 secs] 
29.075: [GC 29.075: [DefNew: 959K->64K(960K), 0.0042383 secs] 377327K->377020K(524224K), 0.0043043 secs] [Times: user=0.02 sys=0.00, real=0.00 secs] 
29.081: [GC 29.081: [DefNew: 960K->63K(960K), 0.0043014 secs] 377917K->377613K(524224K), 0.0043620 secs] [Times: user=0.00 sys=0.00, real=0.00 secs] 
29.087: [GC 29.087: [DefNew: 959K->63K(960K), 0.0041945 secs] 378509K->378207K(524224K), 0.0042561 secs] [Times: user=0.00 sys=0.00, real=0.00 secs] 
29.092: [GC 29.092: [DefNew: 959K->63K(960K), 0.0044914 secs] 379104K->378830K(524224K), 0.0045550 secs] [Times: user=0.00 sys=0.00, real=0.00 secs] 
29.100: [GC 29.101: [DefNew: 959K->64K(960K), 0.0047306 secs] 379726K->379444K(524224K), 0.0049404 secs] [Times: user=0.00 sys=0.00, real=0.01 secs] 
29.107: [GC 29.107: [DefNew: 960K->64K(960K), 0.0046117 secs] 380341K->380036K(524224K), 0.0046772 secs] [Times: user=0.00 sys=0.00, real=0.01 secs] 
29.114: [GC 29.114: [DefNew: 960K->63K(960K), 0.0046406 secs] 380933K->380685K(524224K), 0.0047138 secs] [Times: user=0.00 sys=0.00, real=0.01 secs] 
29.120: [GC 29.120: [DefNew: 959K->63K(960K), 0.0045809 secs] 381582K->381300K(524224K), 0.0046459 secs] [Times: user=0.02 sys=0.00, real=0.01 secs] 
29.127: [GC 29.127: [DefNew: 959K->63K(960K), 0.0043307 secs] 382197K->381921K(524224K), 0.0043971 secs] [Times: user=0.00 sys=0.00, real=0.00 secs] 
29.133: [GC 29.133: [DefNew: 959K->63K(960K), 0.0043312 secs] 382819K->382551K(524224K), 0.0043947 secs] [Times: user=0.00 sys=0.00, real=0.00 secs] 
29.138: [GC 29.138: [DefNew: 959K->63K(960K), 0.0053946 secs] 383448K->383161K(524224K), 0.0054822 secs] [Times: user=0.00 sys=0.00, real=0.00 secs] 
29.146: [GC 29.146: [DefNew: 959K->64K(960K), 0.0050198 secs] 384058K->383963K(524224K), 0.0050867 secs] [Times: user=0.00 sys=0.00, real=0.00 secs] 
29.152: [GC 29.152: [DefNew: 960K->64K(960K), 0.0051074 secs] 384861K->384595K(524224K), 0.0051752 secs] [Times: user=0.02 sys=0.00, real=0.00 secs] 
29.159: [GC 29.159: [DefNew: 960K->64K(960K), 0.0044727 secs] 385492K->385209K(524224K), 0.0045386 secs] [Times: user=0.00 sys=0.00, real=0.00 secs] 
29.165: [GC 29.165: [DefNew: 960K->63K(960K), 0.0042961 secs] 386106K->385815K(524224K), 0.0043582 secs] [Times: user=0.00 sys=0.00, real=0.00 secs] 
29.171: [GC 29.171: [DefNew: 959K->64K(960K), 0.0046137 secs] 386712K->386501K(524224K), 0.0046806 secs] [Times: user=0.00 sys=0.00, real=0.00 secs] 
29.178: [GC 29.178: [DefNew: 960K->64K(960K), 0.0046469 secs] 387398K->387112K(524224K), 0.0047142 secs] [Times: user=0.00 sys=0.00, real=0.00 secs] 
29.184: [GC 29.184: [DefNew: 960K->63K(960K), 0.0047041 secs] 388009K->387744K(524224K), 0.0047734 secs] [Times: user=0.02 sys=0.00, real=0.00 secs] 
29.191: [GC 29.191: [DefNew: 959K->63K(960K), 0.0053927 secs] 388641K->388359K(524224K), 0.0054687 secs] [Times: user=0.00 sys=0.00, real=0.00 secs] 
29.197: [GC 29.197: [DefNew: 959K->63K(960K), 0.0043981 secs] 389256K->388938K(524224K), 0.0044650 secs] [Times: user=0.01 sys=0.00, real=0.00 secs] 
29.203: [GC 29.203: [DefNew: 959K->63K(960K), 0.0046474 secs] 389836K->389591K(524224K), 0.0047234 secs] [Times: user=0.00 sys=0.00, real=0.01 secs] 
29.209: [GC 29.209: [DefNew: 959K->64K(960K), 0.0044491 secs] 390487K->390198K(524224K), 0.0045165 secs] [Times: user=0.00 sys=0.00, real=0.01 secs] 
29.216: [GC 29.216: [DefNew: 960K->64K(960K), 0.0045208 secs] 391096K->390869K(524224K), 0.0045848 secs] [Times: user=0.00 sys=0.00, real=0.01 secs] 
29.223: [GC 29.223: [DefNew: 960K->64K(960K), 0.0049592 secs] 391765K->391540K(524224K), 0.0050419 secs] [Times: user=0.00 sys=0.00, real=0.01 secs] 
29.229: [GC 29.229: [DefNew: 960K->63K(960K), 0.0046522 secs] 392437K->392174K(524224K), 0.0047359 secs] [Times: user=0.02 sys=0.00, real=0.01 secs] 
29.236: [GC 29.236: [DefNew: 959K->64K(960K), 0.0045651 secs] 393072K->392821K(524224K), 0.0046546 secs] [Times: user=0.00 sys=0.00, real=0.00 secs] 
29.242: [GC 29.242: [DefNew: 960K->64K(960K), 0.0049572 secs] 393718K->393427K(524224K), 0.0050400 secs] [Times: user=0.00 sys=0.00, real=0.01 secs] 
29.249: [GC 29.249: [DefNew: 960K->63K(960K), 0.0045174 secs] 394323K->394119K(524224K), 0.0045809 secs] [Times: user=0.00 sys=0.00, real=0.00 secs] 
29.255: [GC 29.255: [DefNew: 959K->63K(960K), 0.0053080 secs] 395015K->394770K(524224K), 0.0054351 secs] [Times: user=0.00 sys=0.00, real=0.01 secs] 
29.263: [GC 29.263: [DefNew: 959K->63K(960K), 0.0050419 secs] 395667K->395520K(524224K), 0.0051141 secs] [Times: user=0.00 sys=0.00, real=0.00 secs] 
29.270: [GC 29.270: [DefNew: 959K->64K(960K), 0.0049269 secs] 396416K->396179K(524224K), 0.0050097 secs] [Times: user=0.00 sys=0.00, real=0.00 secs] 
29.276: [GC 29.276: [DefNew: 960K->64K(960K), 0.0046902 secs] 397075K->396815K(524224K), 0.0047725 secs] [Times: user=0.01 sys=0.00, real=0.01 secs] 
29.283: [GC 29.283: [DefNew: 960K->64K(960K), 0.0045655 secs] 397712K->397511K(524224K), 0.0046474 secs] [Times: user=0.00 sys=0.00, real=0.00 secs] 
29.289: [GC 29.289: [DefNew: 960K->64K(960K), 0.0048254 secs] 398408K->398152K(524224K), 0.0048990 secs] [Times: user=0.02 sys=0.00, real=0.01 secs] 
29.296: [GC 29.296: [DefNew: 960K->64K(960K), 0.0048307 secs] 399049K->398772K(524224K), 0.0048952 secs] [Times: user=0.00 sys=0.00, real=0.00 secs] 
29.302: [GC 29.302: [DefNew: 960K->63K(960K), 0.0047195 secs] 399670K->399419K(524224K), 0.0048105 secs] [Times: user=0.00 sys=0.00, real=0.01 secs] 
29.309: [GC 29.309: [DefNew: 959K->63K(960K), 0.0058215 secs] 400315K->400090K(524224K), 0.0058965 secs] [Times: user=0.02 sys=0.00, real=0.01 secs] 
29.317: [GC 29.317: [DefNew: 959K->64K(960K), 0.0047936 secs] 400987K->400733K(524224K), 0.0048754 secs] [Times: user=0.00 sys=0.00, real=0.00 secs] 
29.323: [GC 29.323: [DefNew: 960K->63K(960K), 0.0047017 secs] 401629K->401382K(524224K), 0.0047821 secs] [Times: user=0.02 sys=0.00, real=0.00 secs] 
29.330: [GC 29.330: [DefNew: 959K->64K(960K), 0.0048105 secs] 402279K->402049K(524224K), 0.0048937 secs] [Times: user=0.00 sys=0.00, real=0.00 secs] 
29.336: [GC 29.336: [DefNew: 960K->63K(960K), 0.0054023 secs] 402945K->402691K(524224K), 0.0054890 secs] [Times: user=0.02 sys=0.00, real=0.01 secs] 
29.344: [GC 29.344: [DefNew: 959K->64K(960K), 0.0049130 secs] 403587K->403349K(524224K), 0.0049890 secs] [Times: user=0.00 sys=0.00, real=0.01 secs] 
29.350: [GC 29.350: [DefNew: 960K->63K(960K), 0.0046406 secs] 404246K->403948K(524224K), 0.0047224 secs] [Times: user=0.00 sys=0.00, real=0.01 secs] 
29.357: [GC 29.357: [DefNew: 959K->63K(960K), 0.0048822 secs] 404846K->404622K(524224K), 0.0049529 secs] [Times: user=0.00 sys=0.00, real=0.01 secs] 
29.364: [GC 29.364: [DefNew: 959K->63K(960K), 0.0045367 secs] 405520K->405235K(524224K), 0.0046031 secs] [Times: user=0.00 sys=0.00, real=0.00 secs] 
29.370: [GC 29.370: [DefNew: 959K->63K(960K), 0.0050540 secs] 406133K->405892K(524224K), 0.0051372 secs] [Times: user=0.01 sys=0.00, real=0.01 secs] 
29.378: [GC 29.378: [DefNew: 959K->63K(960K), 0.0047585 secs] 406789K->406549K(524224K), 0.0048292 secs] [Times: user=0.00 sys=0.00, real=0.00 secs] 
29.384: [GC 29.384: [DefNew: 959K->64K(960K), 0.0049799 secs] 407445K->407166K(524224K), 0.0050525 secs] [Times: user=0.02 sys=0.00, real=0.01 secs] 
29.391: [GC 29.391: [DefNew: 960K->63K(960K), 0.0045328 secs] 408063K->407825K(524224K), 0.0046016 secs] [Times: user=0.00 sys=0.00, real=0.01 secs] 
29.397: [GC 29.397: [DefNew: 959K->63K(960K), 0.0048350 secs] 408721K->408438K(524224K), 0.0049072 secs] [Times: user=0.00 sys=0.00, real=0.01 secs] 
29.404: [GC 29.404: [DefNew: 959K->63K(960K), 0.0048509 secs] 409336K->409096K(524224K), 0.0049274 secs] [Times: user=0.00 sys=0.00, real=0.01 secs] 
29.411: [GC 29.411: [DefNew: 959K->63K(960K), 0.0046425 secs] 409993K->409727K(524224K), 0.0047176 secs] [Times: user=0.00 sys=0.00, real=0.00 secs] 
29.417: [GC 29.417: [DefNew: 959K->63K(960K), 0.0045088 secs] 410625K->410365K(524224K), 0.0045920 secs] [Times: user=0.00 sys=0.00, real=0.01 secs] 
29.424: [GC 29.424: [DefNew: 959K->63K(960K), 0.0044246 secs] 411263K->410986K(524224K), 0.0044963 secs] [Times: user=0.00 sys=0.00, real=0.00 secs] 
29.430: [GC 29.430: [DefNew: 959K->63K(960K), 0.0050804 secs] 411883K->411627K(524224K), 0.0051565 secs] [Times: user=0.02 sys=0.00, real=0.01 secs] 
29.437: [GC 29.437: [DefNew: 959K->63K(960K), 0.0047734 secs] 412524K->412276K(524224K), 0.0048528 secs] [Times: user=0.00 sys=0.00, real=0.01 secs] 
29.443: [GC 29.443: [DefNew: 959K->63K(960K), 0.0050944 secs] 413173K->412920K(524224K), 0.0051632 secs] [Times: user=0.00 sys=0.00, real=0.01 secs] 
29.450: [GC 29.450: [DefNew: 959K->64K(960K), 0.0047571 secs] 413817K->413536K(524224K), 0.0048244 secs] [Times: user=0.00 sys=0.00, real=0.01 secs] 
29.457: [GC 29.457: [DefNew: 960K->63K(960K), 0.0046661 secs] 414432K->414144K(524224K), 0.0047349 secs] [Times: user=0.00 sys=0.00, real=0.00 secs] 
29.463: [GC 29.463: [DefNew: 959K->64K(960K), 0.0044972 secs] 415041K->414727K(524224K), 0.0045636 secs] [Times: user=0.01 sys=0.00, real=0.00 secs] 
29.470: [GC 29.470: [DefNew: 960K->64K(960K), 0.0046031 secs] 415624K->415346K(524224K), 0.0046724 secs] [Times: user=0.00 sys=0.00, real=0.00 secs] 
29.476: [GC 29.476: [DefNew: 960K->64K(960K), 0.0047883 secs] 416243K->415969K(524224K), 0.0048519 secs] [Times: user=0.00 sys=0.00, real=0.01 secs] 
29.484: [GC 29.484: [DefNew: 960K->63K(960K), 0.0047190 secs] 416866K->416644K(524224K), 0.0048942 secs] [Times: user=0.00 sys=0.00, real=0.00 secs] 
29.490: [GC 29.490: [DefNew: 959K->64K(960K), 0.0049505 secs] 417541K->417269K(524224K), 0.0050313 secs] [Times: user=0.00 sys=0.00, real=0.00 secs] 
29.497: [GC 29.497: [DefNew: 960K->64K(960K), 0.0050679 secs] 418165K->417937K(524224K), 0.0051512 secs] [Times: user=0.00 sys=0.00, real=0.00 secs] 
29.503: [GC 29.503: [DefNew: 960K->63K(960K), 0.0048721 secs] 418834K->418554K(524224K), 0.0049409 secs] [Times: user=0.00 sys=0.00, real=0.00 secs] 
29.510: [GC 29.510: [DefNew: 959K->63K(960K), 0.0051040 secs] 419451K->419173K(524224K), 0.0051872 secs] [Times: user=0.02 sys=0.00, real=0.00 secs] 
29.517: [GC 29.517: [DefNew: 959K->64K(960K), 0.0048576 secs] 420069K->419832K(524224K), 0.0049394 secs] [Times: user=0.00 sys=0.00, real=0.00 secs] 
29.523: [GC 29.523: [DefNew: 960K->64K(960K), 0.0048047 secs] 420729K->420460K(524224K), 0.0048836 secs] [Times: user=0.01 sys=0.00, real=0.00 secs] 
29.530: [GC 29.530: [DefNew: 960K->64K(960K), 0.0046748 secs] 421357K->421093K(524224K), 0.0047542 secs] [Times: user=0.00 sys=0.00, real=0.00 secs] 
29.536: [GC 29.536: [DefNew: 960K->63K(960K), 0.0045646 secs] 421990K->421693K(524224K), 0.0046459 secs] [Times: user=0.00 sys=0.00, real=0.00 secs] 
29.543: [GC 29.543: [DefNew: 959K->63K(960K), 0.0052700 secs] 422590K->422358K(524224K), 0.0053393 secs] [Times: user=0.02 sys=0.00, real=0.00 secs] 
29.549: [GC 29.549: [DefNew: 959K->64K(960K), 0.0045025 secs] 423255K->422946K(524224K), 0.0045968 secs] [Times: user=0.00 sys=0.00, real=0.01 secs] 
29.556: [GC 29.556: [DefNew: 960K->63K(960K), 0.0048475 secs] 423843K->423592K(524224K), 0.0049135 secs] [Times: user=0.02 sys=0.00, real=0.00 secs] 
29.563: [GC 29.563: [DefNew: 959K->64K(960K), 0.0051160 secs] 424488K->424242K(524224K), 0.0051848 secs] [Times: user=0.00 sys=0.00, real=0.00 secs] 
29.569: [GC 29.569: [DefNew: 960K->63K(960K), 0.0049240 secs] 425138K->424841K(524224K), 0.0049880 secs] [Times: user=0.00 sys=0.00, real=0.00 secs] 
29.577: [GC 29.577: [DefNew: 959K->63K(960K), 0.0046546 secs] 425739K->425470K(524224K), 0.0047229 secs] [Times: user=0.00 sys=0.00, real=0.01 secs] 
29.583: [GC 29.583: [DefNew: 959K->64K(960K), 0.0046748 secs] 426367K->426071K(524224K), 0.0047378 secs] [Times: user=0.00 sys=0.00, real=0.00 secs] 
29.590: [GC 29.590: [DefNew: 960K->64K(960K), 0.0051059 secs] 426968K->426699K(524224K), 0.0051762 secs] [Times: user=0.01 sys=0.00, real=0.00 secs] 
29.596: [GC 29.596: [DefNew: 960K->64K(960K), 0.0048398 secs] 427596K->427354K(524224K), 0.0049077 secs] [Times: user=0.00 sys=0.00, real=0.00 secs] 
29.603: [GC 29.603: [DefNew: 960K->64K(960K), 0.0050698 secs] 428250K->427954K(524224K), 0.0051372 secs] [Times: user=0.02 sys=0.00, real=0.00 secs] 
29.610: [GC 29.610: [DefNew: 960K->63K(960K), 0.0048783 secs] 428850K->428576K(524224K), 0.0049438 secs] [Times: user=0.00 sys=0.00, real=0.01 secs] 
29.616: [GC 29.616: [DefNew: 959K->64K(960K), 0.0045954 secs] 429473K->429167K(524224K), 0.0046565 secs] [Times: user=0.00 sys=0.00, real=0.00 secs] 
29.623: [GC 29.623: [DefNew: 960K->63K(960K), 0.0046964 secs] 430064K->429782K(524224K), 0.0047619 secs] [Times: user=0.00 sys=0.00, real=0.01 secs] 
29.629: [GC 29.629: [DefNew: 959K->63K(960K), 0.0046926 secs] 430680K->430380K(524224K), 0.0047566 secs] [Times: user=0.00 sys=0.00, real=0.00 secs] 
29.636: [GC 29.636: [DefNew: 959K->63K(960K), 0.0047662 secs] 431277K->431001K(524224K), 0.0048442 secs] [Times: user=0.01 sys=0.00, real=0.00 secs] 
29.642: [GC 29.642: [DefNew: 959K->63K(960K), 0.0048480 secs] 431898K->431626K(524224K), 0.0049216 secs] [Times: user=0.00 sys=0.00, real=0.00 secs] 
29.649: [GC 29.649: [DefNew: 959K->64K(960K), 0.0054562 secs] 432523K->432301K(524224K), 0.0055241 secs] [Times: user=0.02 sys=0.00, real=0.00 secs] 
29.657: [GC 29.657: [DefNew: 960K->63K(960K), 0.0047782 secs] 433198K->432913K(524224K), 0.0048759 secs] [Times: user=0.00 sys=0.00, real=0.01 secs] 
29.663: [GC 29.663: [DefNew: 959K->64K(960K), 0.0049390 secs] 433810K->433520K(524224K), 0.0050150 secs] [Times: user=0.00 sys=0.00, real=0.01 secs] 
29.671: [GC 29.671: [DefNew: 960K->63K(960K), 0.0048913 secs] 434416K->434198K(524224K), 0.0049611 secs] [Times: user=0.00 sys=0.00, real=0.00 secs] 
29.677: [GC 29.677: [DefNew: 959K->63K(960K), 0.0048942 secs] 435095K->434809K(524224K), 0.0049601 secs] [Times: user=0.00 sys=0.00, real=0.01 secs] 
29.684: [GC 29.684: [DefNew: 959K->64K(960K), 0.0051632 secs] 435706K->435451K(524224K), 0.0052354 secs] [Times: user=0.00 sys=0.00, real=0.00 secs] 
29.691: [GC 29.691: [DefNew: 960K->64K(960K), 0.0047753 secs] 436348K->436093K(524224K), 0.0048485 secs] [Times: user=0.00 sys=0.00, real=0.00 secs] 
29.698: [GC 29.698: [DefNew: 960K->63K(960K), 0.0054481 secs] 436990K->436735K(524224K), 0.0055149 secs] [Times: user=0.02 sys=0.00, real=0.00 secs] 
29.706: [GC 29.706: [DefNew: 959K->64K(960K), 0.0047426 secs] 437632K->437362K(524224K), 0.0048114 secs] [Times: user=0.00 sys=0.00, real=0.00 secs] 
29.712: [GC 29.712: [DefNew: 960K->64K(960K), 0.0049491 secs] 438259K->437978K(524224K), 0.0050164 secs] [Times: user=0.01 sys=0.00, real=0.01 secs] 
29.719: [GC 29.719: [DefNew: 960K->63K(960K), 0.0046858 secs] 438874K->438595K(524224K), 0.0047518 secs] [Times: user=0.00 sys=0.00, real=0.00 secs] 
29.725: [GC 29.725: [DefNew: 959K->63K(960K), 0.0050944 secs] 439493K->439216K(524224K), 0.0051632 secs] [Times: user=0.00 sys=0.00, real=0.01 secs] 
29.732: [GC 29.732: [DefNew: 959K->64K(960K), 0.0047792 secs] 440112K->439868K(524224K), 0.0048485 secs] [Times: user=0.00 sys=0.00, real=0.01 secs] 
29.739: [GC 29.739: [DefNew: 960K->63K(960K), 0.0052060 secs] 440765K->440483K(524224K), 0.0052763 secs] [Times: user=0.00 sys=0.00, real=0.01 secs] 
29.746: [GC 29.746: [DefNew: 959K->63K(960K), 0.0049563 secs] 441379K->441133K(524224K), 0.0050304 secs] [Times: user=0.02 sys=0.00, real=0.01 secs] 
29.754: [GC 29.754: [DefNew: 959K->64K(960K), 0.0052200 secs] 442029K->441802K(524224K), 0.0053109 secs] [Times: user=0.00 sys=0.00, real=0.00 secs] 
29.761: [GC 29.761: [DefNew: 960K->64K(960K), 0.0051901 secs] 442698K->442452K(524224K), 0.0052585 secs] [Times: user=0.01 sys=0.00, real=0.00 secs] 
29.769: [GC 29.769: [DefNew: 960K->63K(960K), 0.0049606 secs] 443348K->443102K(524224K), 0.0050256 secs] [Times: user=0.00 sys=0.00, real=0.01 secs] 
29.775: [GC 29.775: [DefNew: 959K->64K(960K), 0.0052094 secs] 443999K->443728K(524224K), 0.0052796 secs] [Times: user=0.02 sys=0.00, real=0.01 secs] 
29.782: [GC 29.782: [DefNew: 960K->64K(960K), 0.0048259 secs] 444625K->444378K(524224K), 0.0048894 secs] [Times: user=0.00 sys=0.00, real=0.01 secs] 
29.788: [GC 29.788: [DefNew: 960K->64K(960K), 0.0051165 secs] 445275K->444992K(524224K), 0.0051815 secs] [Times: user=0.00 sys=0.00, real=0.01 secs] 
29.795: [GC 29.795: [DefNew: 960K->63K(960K), 0.0053042 secs] 445888K->445657K(524224K), 0.0053720 secs] [Times: user=0.00 sys=0.00, real=0.01 secs] 
29.801: [GC 29.801: [DefNew: 959K->63K(960K), 0.0050530 secs] 446554K->446273K(524224K), 0.0051189 secs] [Times: user=0.00 sys=0.00, real=0.01 secs] 
29.808: [GC 29.808: [DefNew: 959K->64K(960K), 0.0052931 secs] 447169K->446912K(524224K), 0.0053783 secs] [Times: user=0.02 sys=0.00, real=0.01 secs] 
29.816: [GC 29.816: [DefNew: 960K->64K(960K), 0.0051978 secs] 447808K->447597K(524224K), 0.0052705 secs] [Times: user=0.00 sys=0.00, real=0.00 secs] 
29.823: [GC 29.823: [DefNew: 960K->64K(960K), 0.0051444 secs] 448494K->448207K(524224K), 0.0052113 secs] [Times: user=0.01 sys=0.00, real=0.00 secs] 
29.830: [GC 29.830: [DefNew: 960K->63K(960K), 0.0049380 secs] 449103K->448868K(524224K), 0.0050030 secs] [Times: user=0.00 sys=0.00, real=0.00 secs] 
29.836: [GC 29.836: [DefNew: 959K->63K(960K), 0.0048422 secs] 449765K->449474K(524224K), 0.0049091 secs] [Times: user=0.02 sys=0.00, real=0.00 secs] 
29.843: [GC 29.843: [DefNew: 959K->64K(960K), 0.0051358 secs] 450370K->450099K(524224K), 0.0052099 secs] [Times: user=0.00 sys=0.00, real=0.00 secs] 
29.849: [GC 29.849: [DefNew: 960K->63K(960K), 0.0051266 secs] 450996K->450755K(524224K), 0.0051974 secs] [Times: user=0.00 sys=0.00, real=0.00 secs] 
29.857: [GC 29.857: [DefNew: 959K->64K(960K), 0.0055688 secs] 451653K->451388K(524224K), 0.0056381 secs] [Times: user=0.00 sys=0.00, real=0.01 secs] 
29.865: [GC 29.865: [DefNew: 960K->63K(960K), 0.0049491 secs] 452284K->452041K(524224K), 0.0050150 secs] [Times: user=0.00 sys=0.00, real=0.00 secs] 
29.871: [GC 29.871: [DefNew: 959K->64K(960K), 0.0050087 secs] 452937K->452669K(524224K), 0.0050732 secs] [Times: user=0.01 sys=0.00, real=0.01 secs] 
29.878: [GC 29.878: [DefNew: 960K->64K(960K), 0.0047585 secs] 453565K->453291K(524224K), 0.0048307 secs] [Times: user=0.00 sys=0.00, real=0.00 secs] 
29.884: [GC 29.884: [DefNew: 960K->63K(960K), 0.0047821 secs] 454187K->453917K(524224K), 0.0048470 secs] [Times: user=0.02 sys=0.00, real=0.01 secs] 
29.891: [GC 29.891: [DefNew: 959K->64K(960K), 0.0053499 secs] 454814K->454552K(524224K), 0.0054187 secs] [Times: user=0.00 sys=0.00, real=0.01 secs] 
29.898: [GC 29.898: [DefNew: 960K->64K(960K), 0.0050390 secs] 455449K->455238K(524224K), 0.0051069 secs] [Times: user=0.02 sys=0.00, real=0.00 secs] 
29.906: [GC 29.906: [DefNew: 960K->63K(960K), 0.0051425 secs] 456135K->455895K(524224K), 0.0052118 secs] [Times: user=0.00 sys=0.00, real=0.01 secs] 
29.914: [GC 29.914: [DefNew: 959K->63K(960K), 0.0052084 secs] 456791K->456549K(524224K), 0.0052801 secs] [Times: user=0.01 sys=0.00, real=0.01 secs] 
29.920: [GC 29.920: [DefNew: 959K->63K(960K), 0.0057661 secs] 457445K->457170K(524224K), 0.0058402 secs] [Times: user=0.00 sys=0.00, real=0.01 secs] 
29.929: [GC 29.929: [DefNew: 959K->63K(960K), 0.0052854 secs] 458066K->457862K(524224K), 0.0053600 secs] [Times: user=0.02 sys=0.00, real=0.01 secs] 
29.936: [GC 29.936: [DefNew: 959K->64K(960K), 0.0049789 secs] 458759K->458514K(524224K), 0.0050487 secs] [Times: user=0.00 sys=0.00, real=0.01 secs] 
29.943: [GC 29.943: [DefNew: 960K->64K(960K), 0.0049645 secs] 459411K->459156K(524224K), 0.0050294 secs] [Times: user=0.00 sys=0.00, real=0.01 secs] 
29.949: [GC 29.949: [DefNew: 960K->64K(960K), 0.0056381 secs] 460053K->459766K(524224K), 0.0057055 secs] [Times: user=0.02 sys=0.00, real=0.01 secs] 
29.957: [GC 29.957: [DefNew: 960K->63K(960K), 0.0048769 secs] 460662K->460428K(524224K), 0.0049394 secs] [Times: user=0.00 sys=0.00, real=0.00 secs] 
29.964: [GC 29.964: [DefNew: 959K->63K(960K), 0.0052007 secs] 461324K->461028K(524224K), 0.0052647 secs] [Times: user=0.02 sys=0.00, real=0.00 secs] 
29.970: [GC 29.970: [DefNew: 959K->64K(960K), 0.0051324 secs] 461925K->461664K(524224K), 0.0052007 secs] [Times: user=0.00 sys=0.00, real=0.01 secs] 
29.977: [GC 29.977: [DefNew: 960K->64K(960K), 0.0052926 secs] 462560K->462316K(524224K), 0.0053600 secs] [Times: user=0.02 sys=0.00, real=0.00 secs] 
29.983: [GC 29.983: [DefNew: 960K->63K(960K), 0.0049880 secs] 463213K->462931K(524224K), 0.1075300 secs] [Times: user=0.00 sys=0.00, real=0.11 secs] 
30.093: [GC 30.093: [DefNew: 959K->63K(960K), 0.0061261 secs] 463827K->463658K(524224K), 0.0061992 secs] [Times: user=0.00 sys=0.00, real=0.01 secs] 
30.100: [GC 30.100: [DefNew: 959K->63K(960K), 0.0064509 secs] 464555K->464341K(524224K), 0.0065355 secs] [Times: user=0.01 sys=0.00, real=0.01 secs] 
30.109: [GC 30.109: [DefNew: 959K->64K(960K), 0.0059673 secs] 465238K->465060K(524224K), 0.0060524 secs] [Times: user=0.00 sys=0.00, real=0.01 secs] 
30.116: [GC 30.116: [DefNew: 960K->64K(960K), 0.0060202 secs] 465956K->465750K(524224K), 0.0061058 secs] [Times: user=0.02 sys=0.00, real=0.01 secs] 
30.125: [GC 30.125: [DefNew: 960K->64K(960K), 0.0057666 secs] 466646K->466469K(524224K), 0.0058349 secs] [Times: user=0.00 sys=0.00, real=0.00 secs] 
30.133: [GC 30.133: [DefNew: 960K->64K(960K), 0.0060880 secs] 467365K->467140K(524224K), 0.0061655 secs] [Times: user=0.01 sys=0.00, real=0.01 secs] 
30.141: [GC 30.141: [DefNew: 960K->63K(960K), 0.0056627 secs] 468037K->467838K(524224K), 0.0057416 secs] [Times: user=0.00 sys=0.00, real=0.01 secs] 
30.149: [GC 30.149: [DefNew: 959K->63K(960K), 0.0061953 secs] 468734K->468578K(524224K), 0.0062728 secs] [Times: user=0.02 sys=0.00, real=0.01 secs] 
30.157: [GC 30.157: [DefNew: 959K->64K(960K), 0.0060852 secs] 469475K->469274K(524224K), 0.0061684 secs] [Times: user=0.00 sys=0.00, real=0.01 secs] 
30.165: [GC 30.165: [DefNew: 960K->63K(960K), 0.0054187 secs] 470171K->469906K(524224K), 0.0054928 secs] [Times: user=0.02 sys=0.00, real=0.00 secs] 
30.172: [GC 30.172: [DefNew: 959K->63K(960K), 0.0051367 secs] 470803K->470535K(524224K), 0.0052190 secs] [Times: user=0.00 sys=0.00, real=0.00 secs] 
30.179: [GC 30.179: [DefNew: 959K->64K(960K), 0.0048475 secs] 471432K->471189K(524224K), 0.0049125 secs] [Times: user=0.02 sys=0.00, real=0.01 secs] 
30.186: [GC 30.186: [DefNew: 960K->64K(960K), 0.0053706 secs] 472086K->471862K(524224K), 0.0055496 secs] [Times: user=0.00 sys=0.00, real=0.01 secs] 
30.193: [GC 30.193: [DefNew: 960K->63K(960K), 0.0050564 secs] 472758K->472516K(524224K), 0.0051228 secs] [Times: user=0.00 sys=0.00, real=0.01 secs] 
30.200: [GC 30.200: [DefNew: 959K->63K(960K), 0.0051468 secs] 473414K->473175K(524224K), 0.0052099 secs] [Times: user=0.00 sys=0.00, real=0.01 secs] 
30.207: [GC 30.207: [DefNew: 959K->64K(960K), 0.0052907 secs] 474072K->473821K(524224K), 0.0053600 secs] [Times: user=0.00 sys=0.00, real=0.00 secs] 
30.215: [GC 30.215: [DefNew: 960K->64K(960K), 0.0051656 secs] 474718K->474496K(524224K), 0.0052286 secs] [Times: user=0.00 sys=0.00, real=0.01 secs] 
30.222: [GC 30.222: [DefNew: 960K->64K(960K), 0.0054346 secs] 475392K->475129K(524224K), 0.0055058 secs] [Times: user=0.00 sys=0.00, real=0.01 secs] 
30.231: [GC 30.231: [DefNew: 960K->63K(960K), 0.0050005 secs] 476026K->475795K(524224K), 0.0050645 secs] [Times: user=0.00 sys=0.00, real=0.00 secs] 
30.238: [GC 30.238: [DefNew: 959K->64K(960K), 0.0049832 secs] 476692K->476411K(524224K), 0.0050708 secs] [Times: user=0.00 sys=0.00, real=0.00 secs] 
30.244: [GC 30.244: [DefNew: 960K->64K(960K), 0.0050655 secs] 477307K->477044K(524224K), 0.0051319 secs] [Times: user=0.02 sys=0.00, real=0.00 secs] 
30.251: [GC 30.251: [DefNew: 960K->64K(960K), 0.0054235 secs] 477941K->477689K(524224K), 0.0055077 secs] [Times: user=0.00 sys=0.00, real=0.00 secs] 
30.258: [GC 30.258: [DefNew: 960K->63K(960K), 0.0054221 secs] 478585K->478322K(524224K), 0.0055005 secs] [Times: user=0.02 sys=0.00, real=0.01 secs] 
30.266: [GC 30.266: [DefNew: 959K->63K(960K), 0.0051208 secs] 479218K->479023K(524224K), 0.0051983 secs] [Times: user=0.00 sys=0.00, real=0.01 secs] 
30.272: [GC 30.272: [DefNew: 959K->64K(960K), 0.0051074 secs] 479920K->479630K(524224K), 0.0051786 secs] [Times: user=0.02 sys=0.00, real=0.01 secs] 
30.280: [GC 30.280: [DefNew: 960K->64K(960K), 0.0051006 secs] 480527K->480290K(524224K), 0.0051666 secs] [Times: user=0.00 sys=0.00, real=0.00 secs] 
30.286: [GC 30.286: [DefNew: 960K->64K(960K), 0.0050280 secs] 481187K->480902K(524224K), 0.0051006 secs] [Times: user=0.00 sys=0.00, real=0.00 secs] 
30.293: [GC 30.293: [DefNew: 960K->63K(960K), 0.0053432 secs] 481798K->481538K(524224K), 0.0054100 secs] [Times: user=0.00 sys=0.00, real=0.00 secs] 
30.300: [GC 30.300: [DefNew: 959K->63K(960K), 0.0049746 secs] 482435K->482141K(524224K), 0.0050419 secs] [Times: user=0.00 sys=0.00, real=0.00 secs] 
30.306: [GC 30.306: [DefNew: 959K->64K(960K), 0.0050925 secs] 483038K->482751K(524224K), 0.0051584 secs] [Times: user=0.02 sys=0.00, real=0.00 secs] 
30.314: [GC 30.314: [DefNew: 960K->63K(960K), 0.0051386 secs] 483648K->483430K(524224K), 0.0052055 secs] [Times: user=0.00 sys=0.00, real=0.01 secs] 
30.321: [GC 30.321: [DefNew: 959K->64K(960K), 0.0048802 secs] 484327K->484049K(524224K), 0.0049486 secs] [Times: user=0.01 sys=0.00, real=0.01 secs] 
30.328: [GC 30.328: [DefNew: 960K->64K(960K), 0.0053388 secs] 484946K->484698K(524224K), 0.0054043 secs] [Times: user=0.00 sys=0.00, real=0.01 secs] 
30.334: [GC 30.334: [DefNew: 960K->63K(960K), 0.0050030 secs] 485595K->485347K(524224K), 0.0050674 secs] [Times: user=0.00 sys=0.00, real=0.01 secs] 
30.342: [GC 30.342: [DefNew: 959K->63K(960K), 0.0051988 secs] 486244K->486002K(524224K), 0.0052681 secs] [Times: user=0.00 sys=0.00, real=0.00 secs] 
30.350: [GC 30.350: [DefNew: 959K->63K(960K), 0.0051093 secs] 486898K->486639K(524224K), 0.0051752 secs] [Times: user=0.02 sys=0.00, real=0.01 secs] 
30.356: [GC 30.356: [DefNew: 959K->64K(960K), 0.0050953 secs] 487536K->487281K(524224K), 0.0051617 secs] [Times: user=0.00 sys=0.00, real=0.00 secs] 
30.363: [GC 30.363: [DefNew: 960K->64K(960K), 0.0051935 secs] 488178K->487926K(524224K), 0.0052527 secs] [Times: user=0.00 sys=0.00, real=0.00 secs] 
30.369: [GC 30.369: [DefNew: 960K->64K(960K), 0.0052512 secs] 488823K->488546K(524224K), 0.0053186 secs] [Times: user=0.01 sys=0.00, real=0.00 secs] 
30.376: [GC 30.376: [DefNew: 960K->64K(960K), 0.0048475 secs] 489443K->489168K(524224K), 0.0049101 secs] [Times: user=0.00 sys=0.00, real=0.00 secs] 
30.382: [GC 30.382: [DefNew: 960K->64K(960K), 0.0053148 secs] 490066K->489797K(524224K), 0.0053817 secs] [Times: user=0.02 sys=0.00, real=0.00 secs] 
30.389: [GC 30.389: [DefNew: 960K->64K(960K), 0.0054226 secs] 490693K->490466K(524224K), 0.0054933 secs] [Times: user=0.00 sys=0.00, real=0.00 secs] 
30.397: [GC 30.397: [DefNew: 960K->64K(960K), 0.0054856 secs] 491362K->491137K(524224K), 0.0055558 secs] [Times: user=0.02 sys=0.00, real=0.01 secs] 
30.404: [GC 30.404: [DefNew: 960K->63K(960K), 0.0050203 secs] 492033K->491809K(524224K), 0.0050833 secs] [Times: user=0.00 sys=0.00, real=0.01 secs] 
30.411: [GC 30.411: [DefNew: 959K->63K(960K), 0.0049986 secs] 492706K->492457K(524224K), 0.0050621 secs] [Times: user=0.00 sys=0.00, real=0.00 secs] 
30.417: [GC 30.417: [DefNew: 959K->63K(960K), 0.0053287 secs] 493354K->493090K(524224K), 0.0053975 secs] [Times: user=0.02 sys=0.00, real=0.01 secs] 
30.425: [GC 30.425: [DefNew: 959K->64K(960K), 0.0052262 secs] 493986K->493723K(524224K), 0.0052960 secs] [Times: user=0.00 sys=0.00, real=0.00 secs] 
30.431: [GC 30.431: [DefNew: 960K->63K(960K), 0.0054038 secs] 494620K->494398K(524224K), 0.0054692 secs] [Times: user=0.02 sys=0.00, real=0.00 secs] 
30.439: [GC 30.439: [DefNew: 959K->63K(960K), 0.0051054 secs] 495295K->495029K(524224K), 0.0051699 secs] [Times: user=0.00 sys=0.00, real=0.01 secs] 
30.446: [GC 30.446: [DefNew: 959K->63K(960K), 0.0052508 secs] 495925K->495666K(524224K), 0.0053244 secs] [Times: user=0.02 sys=0.00, real=0.01 secs] 
30.453: [GC 30.453: [DefNew: 959K->63K(960K), 0.0050439 secs] 496562K->496308K(524224K), 0.0051098 secs] [Times: user=0.00 sys=0.00, real=0.01 secs] 
30.460: [GC 30.460: [DefNew: 959K->63K(960K), 0.0055650 secs] 497205K->496959K(524224K), 0.0056324 secs] [Times: user=0.02 sys=0.00, real=0.01 secs] 
30.467: [GC 30.467: [DefNew: 959K->63K(960K), 0.0050275 secs] 497856K->497591K(524224K), 0.0050891 secs] [Times: user=0.00 sys=0.00, real=0.00 secs] 
30.474: [GC 30.474: [DefNew: 959K->63K(960K), 0.0051714 secs] 498488K->498206K(524224K), 0.0052397 secs] [Times: user=0.00 sys=0.00, real=0.00 secs] 
30.480: [GC 30.480: [DefNew: 959K->63K(960K), 0.0051011 secs] 499102K->498840K(524224K), 0.0051651 secs] [Times: user=0.00 sys=0.00, real=0.00 secs] 
30.487: [GC 30.487: [DefNew: 959K->64K(960K), 0.0052416 secs] 499736K->499488K(524224K), 0.0053114 secs] [Times: user=0.00 sys=0.00, real=0.00 secs] 
30.493: [GC 30.493: [DefNew: 960K->64K(960K), 0.0054639 secs] 500384K->500153K(524224K), 0.0055356 secs] [Times: user=0.02 sys=0.00, real=0.01 secs] 
30.501: [GC 30.501: [DefNew: 960K->63K(960K), 0.0053687 secs] 501050K->500772K(524224K), 0.0054355 secs] [Times: user=0.00 sys=0.00, real=0.00 secs] 
30.511: [GC 30.511: [DefNew: 959K->64K(960K), 0.0051372 secs] 501668K->501470K(524224K), 0.0052445 secs] [Times: user=0.00 sys=0.00, real=0.01 secs] 
30.518: [GC 30.518: [DefNew: 960K->63K(960K), 0.0055862 secs] 502367K->502115K(524224K), 0.0056550 secs] [Times: user=0.00 sys=0.00, real=0.01 secs] 
30.526: [GC 30.526: [DefNew: 959K->64K(960K), 0.0053229 secs] 503011K->502760K(524224K), 0.0053966 secs] [Times: user=0.01 sys=0.00, real=0.01 secs] 
30.532: [GC 30.532: [DefNew: 960K->63K(960K), 0.0051690 secs] 503657K->503393K(524224K), 0.0052349 secs] [Times: user=0.00 sys=0.00, real=0.01 secs] 
30.539: [GC 30.539: [DefNew: 959K->63K(960K), 0.0051810 secs] 504290K->504057K(524224K), 0.0052512 secs] [Times: user=0.02 sys=0.00, real=0.01 secs] 
30.545: [GC 30.545: [DefNew: 959K->64K(960K), 0.0050212 secs] 504954K->504686K(524224K), 0.0050891 secs] [Times: user=0.00 sys=0.00, real=0.01 secs] 
30.552: [GC 30.552: [DefNew: 960K->64K(960K), 0.0057671 secs] 505583K->505349K(524224K), 0.0058503 secs] [Times: user=0.01 sys=0.00, real=0.01 secs] 
30.560: [GC 30.560: [DefNew: 960K->63K(960K), 0.0053682 secs] 506246K->506011K(524224K), 0.0054399 secs] [Times: user=0.00 sys=0.00, real=0.00 secs] 
30.567: [GC 30.567: [DefNew: 959K->64K(960K), 0.0047672 secs] 506909K->506629K(524224K), 0.0048302 secs] [Times: user=0.00 sys=0.00, real=0.00 secs] 
30.574: [GC 30.574: [DefNew: 960K->64K(960K), 0.0051237 secs] 507526K->507274K(524224K), 0.0051940 secs] [Times: user=0.00 sys=0.00, real=0.01 secs] 
30.580: [GC 30.580: [DefNew: 960K->64K(960K), 0.0050352 secs] 508170K->507886K(524224K), 0.0051011 secs] [Times: user=0.00 sys=0.00, real=0.00 secs] 
30.587: [GC 30.587: [DefNew: 960K->63K(960K), 0.0056511 secs] 508782K->508542K(524224K), 0.0057291 secs] [Times: user=0.02 sys=0.00, real=0.01 secs] 
30.594: [GC 30.594: [DefNew: 959K->63K(960K), 0.0054456 secs] 509439K->509270K(524224K), 0.0055183 secs] [Times: user=0.00 sys=0.00, real=0.01 secs] 
30.602: [GC 30.602: [DefNew: 959K->63K(960K), 0.0051935 secs] 510167K->509899K(524224K), 0.0052604 secs] [Times: user=0.02 sys=0.00, real=0.00 secs] 
30.609: [GC 30.609: [DefNew: 959K->63K(960K), 0.0052546 secs] 510796K->510601K(524224K), 0.0053254 secs] [Times: user=0.00 sys=0.00, real=0.00 secs] 
30.615: [GC 30.615: [DefNew: 959K->63K(960K), 0.0050058 secs] 511497K->511204K(524224K), 0.0050718 secs] [Times: user=0.02 sys=0.00, real=0.00 secs] 
30.622: [GC 30.622: [DefNew: 959K->63K(960K), 0.0052315 secs] 512100K->511873K(524224K), 0.0053061 secs] [Times: user=0.00 sys=0.00, real=0.00 secs] 
30.629: [GC 30.629: [DefNew: 959K->63K(960K), 0.0055809 secs] 512769K->512575K(524224K), 0.0056516 secs] [Times: user=0.00 sys=0.00, real=0.01 secs] 
30.637: [GC 30.637: [DefNew: 959K->63K(960K), 0.0058426 secs] 513472K->513212K(524224K), 0.0059206 secs] [Times: user=0.00 sys=0.00, real=0.01 secs] 
30.644: [GC 30.644: [DefNew: 959K->63K(960K), 0.0055395 secs] 514109K->513928K(524224K), 0.0056141 secs] [Times: user=0.00 sys=0.00, real=0.01 secs] 
30.652: [GC 30.652: [DefNew: 959K->63K(960K), 0.0052007 secs] 514825K->514574K(524224K), 0.0052734 secs] [Times: user=0.00 sys=0.00, real=0.00 secs] 
30.660: [GC 30.660: [DefNew: 959K->63K(960K), 0.0053220 secs] 515470K->515214K(524224K), 0.0053918 secs] [Times: user=0.00 sys=0.00, real=0.01 secs] 
30.666: [GC 30.666: [DefNew: 959K->63K(960K), 0.0054365 secs] 516111K->515850K(524224K), 0.0055096 secs] [Times: user=0.02 sys=0.00, real=0.01 secs] 
30.674: [GC 30.674: [DefNew: 959K->64K(960K), 0.0053374 secs] 516746K->516504K(524224K), 0.0054081 secs] [Times: user=0.00 sys=0.00, real=0.01 secs] 
30.681: [GC 30.681: [DefNew: 960K->63K(960K), 0.0050535 secs] 517401K->517125K(524224K), 0.0051290 secs] [Times: user=0.02 sys=0.00, real=0.00 secs] 
30.688: [GC 30.688: [DefNew: 959K->64K(960K), 0.0060077 secs] 518022K->517824K(524224K), 0.0061068 secs] [Times: user=0.00 sys=0.00, real=0.01 secs] 
30.695: [GC 30.695: [DefNew: 960K->64K(960K), 0.0059783 secs] 518720K->518517K(524224K), 0.0060640 secs] [Times: user=0.02 sys=0.00, real=0.01 secs] 
30.703: [GC 30.703: [DefNew: 960K->63K(960K), 0.0057305 secs] 519413K->519204K(524224K), 0.0058142 secs] [Times: user=0.00 sys=0.00, real=0.01 secs] 
30.710: [GC 30.710: [DefNew: 959K->64K(960K), 0.0052358 secs] 520101K->519851K(524224K), 0.0053172 secs] [Times: user=0.02 sys=0.00, real=0.01 secs] 
30.722: [GC 30.722: [DefNew: 960K->64K(960K), 0.0052051 secs] 520748K->520352K(524224K), 0.0052811 secs] [Times: user=0.00 sys=0.00, real=0.01 secs] 
30.729: [GC 30.729: [DefNew: 960K->63K(960K), 0.0038654 secs] 521251K->520960K(524224K), 0.0039467 secs] [Times: user=0.01 sys=0.00, real=0.00 secs] 
30.734: [GC 30.734: [DefNew: 959K->64K(960K), 0.0038389 secs] 521858K->521505K(524224K), 0.0039217 secs] [Times: user=0.00 sys=0.00, real=0.00 secs] 
30.740: [GC 30.740: [DefNew: 960K->64K(960K), 0.0052979 secs] 522402K->522077K(524224K), 0.0053884 secs] [Times: user=0.02 sys=0.00, real=0.00 secs] 
30.746: [GC 30.746: [DefNew: 960K->63K(960K), 0.0039131 secs] 522974K->522639K(524224K), 0.0039982 secs] [Times: user=0.00 sys=0.00, real=0.00 secs] 
30.752: [GC 30.752: [DefNew: 959K->959K(960K), 0.0000125 secs]30.752: [Tenured: 522577K->11828K(523264K), 0.1639743 secs] 523537K->11828K(524224K), [Perm : 373K->373K(12288K)], 0.1640937 secs] [Times: user=0.16 sys=0.00, real=0.16 secs] 
30.918: [GC 30.918: [DefNew: 896K->63K(960K), 0.0016000 secs] 12724K->12367K(524224K), 0.0016635 secs] [Times: user=0.00 sys=0.00, real=0.00 secs] 
30.921: [GC 30.921: [DefNew: 959K->64K(960K), 0.0019763 secs] 13264K->12872K(524224K), 0.0020412 secs] [Times: user=0.00 sys=0.00, real=0.00 secs] 
30.925: [GC 30.925: [DefNew: 960K->64K(960K), 0.0021476 secs] 13769K->13396K(524224K), 0.0022236 secs] [Times: user=0.00 sys=0.00, real=0.00 secs] 
30.928: [GC 30.928: [DefNew: 960K->64K(960K), 0.0021769 secs] 14292K->13910K(524224K), 0.0022404 secs] [Times: user=0.00 sys=0.00, real=0.00 secs] 
30.933: [GC 30.933: [DefNew: 960K->63K(960K), 0.0020614 secs] 14806K->14437K(524224K), 0.0021225 secs] [Times: user=0.00 sys=0.00, real=0.00 secs] 
30.936: [GC 30.936: [DefNew: 959K->64K(960K), 0.0018978 secs] 15333K->14918K(524224K), 0.0019560 secs] [Times: user=0.00 sys=0.00, real=0.00 secs] 
30.940: [GC 30.940: [DefNew: 960K->64K(960K), 0.0019479 secs] 15815K->15436K(524224K), 0.0020066 secs] [Times: user=0.00 sys=0.00, real=0.00 secs] 
30.944: [GC 30.944: [DefNew: 960K->63K(960K), 0.0021976 secs] 16332K->15956K(524224K), 0.0022592 secs] [Times: user=0.00 sys=0.00, real=0.00 secs] 
30.947: [GC 30.947: [DefNew: 959K->63K(960K), 0.0020994 secs] 16853K->16472K(524224K), 0.0021634 secs] [Times: user=0.01 sys=0.00, real=0.00 secs] 
30.951: [GC 30.951: [DefNew: 959K->63K(960K), 0.0020398 secs] 17368K->17022K(524224K), 0.0021018 secs] [Times: user=0.00 sys=0.00, real=0.00 secs] 
30.954: [GC 30.954: [DefNew: 959K->63K(960K), 0.0021678 secs] 17920K->17554K(524224K), 0.0022332 secs] [Times: user=0.00 sys=0.00, real=0.00 secs] 
30.958: [GC 30.958: [DefNew: 959K->63K(960K), 0.0020691 secs] 18451K->18085K(524224K), 0.0021317 secs] [Times: user=0.00 sys=0.00, real=0.00 secs] 
30.962: [GC 30.962: [DefNew: 959K->64K(960K), 0.0022794 secs] 18983K->18615K(524224K), 0.0023410 secs] [Times: user=0.02 sys=0.00, real=0.00 secs] 
30.965: [GC 30.965: [DefNew: 960K->63K(960K), 0.0018228 secs] 19512K->19104K(524224K), 0.0018829 secs] [Times: user=0.00 sys=0.00, real=0.00 secs] 
30.969: [GC 30.969: [DefNew: 959K->63K(960K), 0.0019368 secs] 20001K->19637K(524224K), 0.0019955 secs] [Times: user=0.00 sys=0.00, real=0.00 secs] 
30.972: [GC 30.972: [DefNew: 959K->64K(960K), 0.0018689 secs] 20534K->20122K(524224K), 0.0019272 secs] [Times: user=0.00 sys=0.00, real=0.00 secs] 
30.976: [GC 30.976: [DefNew: 960K->63K(960K), 0.0019257 secs] 21019K->20655K(524224K), 0.0019844 secs] [Times: user=0.00 sys=0.00, real=0.00 secs] 
30.980: [GC 30.980: [DefNew: 959K->63K(960K), 0.0021139 secs] 21552K->21176K(524224K), 0.0021769 secs] [Times: user=0.00 sys=0.00, real=0.00 secs] 
30.983: [GC 30.983: [DefNew: 959K->63K(960K), 0.0020287 secs] 22074K->21685K(524224K), 0.0020884 secs] [Times: user=0.00 sys=0.00, real=0.00 secs] 
30.987: [GC 30.987: [DefNew: 959K->63K(960K), 0.0020638 secs] 22582K->22217K(524224K), 0.0021298 secs] [Times: user=0.00 sys=0.00, real=0.00 secs] 
30.990: [GC 30.990: [DefNew: 959K->63K(960K), 0.0020927 secs] 23114K->22725K(524224K), 0.0021557 secs] [Times: user=0.00 sys=0.00, real=0.00 secs] 
30.995: [GC 30.995: [DefNew: 959K->63K(960K), 0.0024271 secs] 23622K->23307K(524224K), 0.0024974 secs] [Times: user=0.00 sys=0.00, real=0.00 secs] 
31.000: [GC 31.000: [DefNew: 959K->63K(960K), 0.0021731 secs] 24204K->23815K(524224K), 0.0022375 secs] [Times: user=0.00 sys=0.00, real=0.00 secs] 
31.003: [GC 31.003: [DefNew: 959K->64K(960K), 0.0021168 secs] 24711K->24339K(524224K), 0.0021803 secs] [Times: user=0.00 sys=0.00, real=0.00 secs] 
31.008: [GC 31.008: [DefNew: 960K->64K(960K), 0.0021355 secs] 25236K->24853K(524224K), 0.0022034 secs] [Times: user=0.02 sys=0.00, real=0.00 secs] 
31.011: [GC 31.011: [DefNew: 960K->64K(960K), 0.0024084 secs] 25750K->25370K(524224K), 0.0024719 secs] [Times: user=0.00 sys=0.00, real=0.00 secs] 
31.016: [GC 31.016: [DefNew: 960K->64K(960K), 0.0023054 secs] 26267K->25905K(524224K), 0.0023920 secs] [Times: user=0.00 sys=0.00, real=0.00 secs] 
31.020: [GC 31.020: [DefNew: 960K->64K(960K), 0.0020104 secs] 26803K->26441K(524224K), 0.0020706 secs] [Times: user=0.00 sys=0.00, real=0.00 secs] 
31.024: [GC 31.024: [DefNew: 960K->64K(960K), 0.0020672 secs] 27337K->26987K(524224K), 0.0021254 secs] [Times: user=0.02 sys=0.00, real=0.00 secs] 
31.028: [GC 31.028: [DefNew: 960K->64K(960K), 0.0021841 secs] 27885K->27533K(524224K), 0.0022467 secs] [Times: user=0.00 sys=0.00, real=0.00 secs] 
31.031: [GC 31.031: [DefNew: 960K->64K(960K), 0.0021514 secs] 28431K->28056K(524224K), 0.0022087 secs] [Times: user=0.00 sys=0.00, real=0.00 secs] 
31.035: [GC 31.035: [DefNew: 960K->64K(960K), 0.0020297 secs] 28953K->28574K(524224K), 0.0020932 secs] [Times: user=0.00 sys=0.00, real=0.00 secs] 
31.038: [GC 31.038: [DefNew: 960K->63K(960K), 0.0020090 secs] 29472K->29077K(524224K), 0.0020715 secs] [Times: user=0.00 sys=0.00, real=0.00 secs] 
31.043: [GC 31.043: [DefNew: 959K->63K(960K), 0.0023434 secs] 29975K->29608K(524224K), 0.0024165 secs] [Times: user=0.00 sys=0.00, real=0.00 secs] 
31.047: [GC 31.047: [DefNew: 959K->64K(960K), 0.0021861 secs] 30505K->30150K(524224K), 0.0022481 secs] [Times: user=0.00 sys=0.00, real=0.00 secs] 
31.050: [GC 31.050: [DefNew: 960K->64K(960K), 0.0019676 secs] 31048K->30680K(524224K), 0.0020220 secs] [Times: user=0.00 sys=0.00, real=0.00 secs] 
31.054: [GC 31.054: [DefNew: 960K->63K(960K), 0.0021615 secs] 31577K->31237K(524224K), 0.0022221 secs] [Times: user=0.00 sys=0.00, real=0.00 secs] 
31.057: [GC 31.057: [DefNew: 959K->64K(960K), 0.0024372 secs] 32135K->31759K(524224K), 0.0025070 secs] [Times: user=0.00 sys=0.00, real=0.00 secs] 
31.063: [GC 31.063: [DefNew: 960K->64K(960K), 0.0027428 secs] 32655K->32342K(524224K), 0.0028203 secs] [Times: user=0.00 sys=0.00, real=0.00 secs] 
31.067: [GC 31.067: [DefNew: 960K->64K(960K), 0.0022241 secs] 33240K->32872K(524224K), 0.0022842 secs] [Times: user=0.00 sys=0.00, real=0.00 secs] 
31.071: [GC 31.071: [DefNew: 960K->64K(960K), 0.0022520 secs] 33769K->33430K(524224K), 0.0023116 secs] [Times: user=0.02 sys=0.00, real=0.00 secs] 
31.075: [GC 31.075: [DefNew: 960K->64K(960K), 0.0020816 secs] 34327K->33930K(524224K), 0.0021471 secs] [Times: user=0.00 sys=0.00, real=0.00 secs] 
31.078: [GC 31.078: [DefNew: 960K->64K(960K), 0.0022236 secs] 34826K->34443K(524224K), 0.0022804 secs] [Times: user=0.00 sys=0.00, real=0.00 secs] 
31.082: [GC 31.082: [DefNew: 960K->64K(960K), 0.0021168 secs] 35341K->34999K(524224K), 0.0021721 secs] [Times: user=0.00 sys=0.00, real=0.00 secs] 
31.085: [GC 31.085: [DefNew: 960K->64K(960K), 0.0020504 secs] 35896K->35504K(524224K), 0.0021057 secs] [Times: user=0.00 sys=0.00, real=0.00 secs] 
31.090: [GC 31.090: [DefNew: 960K->64K(960K), 0.0022260 secs] 36401K->36037K(524224K), 0.0022910 secs] [Times: user=0.00 sys=0.00, real=0.00 secs] 
31.094: [GC 31.094: [DefNew: 960K->63K(960K), 0.0024560 secs] 36934K->36542K(524224K), 0.0025325 secs] [Times: user=0.00 sys=0.00, real=0.00 secs] 
31.098: [GC 31.098: [DefNew: 959K->64K(960K), 0.0020253 secs] 37439K->37063K(524224K), 0.0020821 secs] [Times: user=0.00 sys=0.00, real=0.00 secs] 
31.102: [GC 31.102: [DefNew: 960K->63K(960K), 0.0021793 secs] 37961K->37587K(524224K), 0.0022419 secs] [Times: user=0.01 sys=0.00, real=0.00 secs] 
31.106: [GC 31.106: [DefNew: 959K->63K(960K), 0.0022486 secs] 38484K->38121K(524224K), 0.0023088 secs] [Times: user=0.00 sys=0.00, real=0.00 secs] 
31.110: [GC 31.110: [DefNew: 959K->63K(960K), 0.0023386 secs] 39017K->38674K(524224K), 0.0023978 secs] [Times: user=0.00 sys=0.00, real=0.00 secs] 
31.114: [GC 31.114: [DefNew: 959K->63K(960K), 0.0021875 secs] 39570K->39206K(524224K), 0.0022452 secs] [Times: user=0.00 sys=0.00, real=0.00 secs] 
31.117: [GC 31.117: [DefNew: 959K->64K(960K), 0.0020133 secs] 40102K->39708K(524224K), 0.0020672 secs] [Times: user=0.02 sys=0.00, real=0.00 secs] 
31.121: [GC 31.121: [DefNew: 960K->64K(960K), 0.0023501 secs] 40606K->40255K(524224K), 0.0024108 secs] [Times: user=0.00 sys=0.00, real=0.00 secs] 
31.124: [GC 31.124: [DefNew: 960K->64K(960K), 0.0020542 secs] 41152K->40760K(524224K), 0.0021076 secs] [Times: user=0.00 sys=0.00, real=0.00 secs] 
31.128: [GC 31.128: [DefNew: 960K->64K(960K), 0.0020585 secs] 41657K->41280K(524224K), 0.0021158 secs] [Times: user=0.00 sys=0.00, real=0.00 secs] 
31.132: [GC 31.132: [DefNew: 960K->64K(960K), 0.0022077 secs] 42177K->41809K(524224K), 0.0022626 secs] [Times: user=0.00 sys=0.00, real=0.00 secs] 
31.135: [GC 31.135: [DefNew: 960K->63K(960K), 0.0023054 secs] 42707K->42327K(524224K), 0.0023660 secs] [Times: user=0.00 sys=0.00, real=0.00 secs] 
31.139: [GC 31.139: [DefNew: 959K->64K(960K), 0.0023343 secs] 43224K->42864K(524224K), 0.0023968 secs] [Times: user=0.00 sys=0.00, real=0.00 secs] 
31.143: [GC 31.143: [DefNew: 960K->63K(960K), 0.0024079 secs] 43760K->43385K(524224K), 0.0024796 secs] [Times: user=0.00 sys=0.00, real=0.00 secs] 
31.147: [GC 31.147: [DefNew: 959K->63K(960K), 0.0023347 secs] 44282K->43909K(524224K), 0.0024002 secs] [Times: user=0.00 sys=0.00, real=0.00 secs] 
31.150: [GC 31.150: [DefNew: 959K->63K(960K), 0.0027755 secs] 44805K->44420K(524224K), 0.0028424 secs] [Times: user=0.02 sys=0.00, real=0.00 secs] 
31.155: [GC 31.155: [DefNew: 959K->63K(960K), 0.0022520 secs] 45317K->44959K(524224K), 0.0023097 secs] [Times: user=0.00 sys=0.00, real=0.00 secs] 
31.159: [GC 31.159: [DefNew: 959K->64K(960K), 0.0020821 secs] 45857K->45500K(524224K), 0.0021394 secs] [Times: user=0.00 sys=0.00, real=0.00 secs] 
31.162: [GC 31.162: [DefNew: 960K->63K(960K), 0.0022972 secs] 46397K->46027K(524224K), 0.0023535 secs] [Times: user=0.00 sys=0.00, real=0.00 secs] 
31.166: [GC 31.166: [DefNew: 959K->64K(960K), 0.0023145 secs] 46924K->46562K(524224K), 0.0023776 secs] [Times: user=0.00 sys=0.00, real=0.00 secs] 
31.170: [GC 31.170: [DefNew: 960K->63K(960K), 0.0021658 secs] 47460K->47097K(524224K), 0.0022217 secs] [Times: user=0.00 sys=0.00, real=0.00 secs] 
31.174: [GC 31.174: [DefNew: 959K->63K(960K), 0.0024088 secs] 47995K->47644K(524224K), 0.0024728 secs] [Times: user=0.00 sys=0.00, real=0.00 secs] 
31.178: [GC 31.178: [DefNew: 959K->64K(960K), 0.0023829 secs] 48540K->48149K(524224K), 0.0024512 secs] [Times: user=0.00 sys=0.00, real=0.00 secs] 
31.182: [GC 31.182: [DefNew: 960K->63K(960K), 0.0021904 secs] 49045K->48666K(524224K), 0.0022520 secs] [Times: user=0.00 sys=0.00, real=0.00 secs] 
31.186: [GC 31.186: [DefNew: 959K->63K(960K), 0.0022096 secs] 49563K->49206K(524224K), 0.0022703 secs] [Times: user=0.00 sys=0.00, real=0.00 secs] 
31.190: [GC 31.190: [DefNew: 959K->63K(960K), 0.0022366 secs] 50103K->49724K(524224K), 0.0022962 secs] [Times: user=0.00 sys=0.00, real=0.00 secs] 
31.194: [GC 31.194: [DefNew: 959K->64K(960K), 0.0021596 secs] 50621K->50261K(524224K), 0.0022135 secs] [Times: user=0.00 sys=0.00, real=0.00 secs] 
31.198: [GC 31.198: [DefNew: 960K->64K(960K), 0.0022043 secs] 51158K->50758K(524224K), 0.0022582 secs] [Times: user=0.00 sys=0.00, real=0.00 secs] 
31.201: [GC 31.201: [DefNew: 960K->64K(960K), 0.0023819 secs] 51656K->51273K(524224K), 0.0024469 secs] [Times: user=0.00 sys=0.00, real=0.00 secs] 
31.205: [GC 31.205: [DefNew: 960K->64K(960K), 0.0022784 secs] 52170K->51839K(524224K), 0.0023405 secs] [Times: user=0.00 sys=0.00, real=0.00 secs] 
31.208: [GC 31.208: [DefNew: 960K->63K(960K), 0.0022842 secs] 52736K->52360K(524224K), 0.0023333 secs] [Times: user=0.00 sys=0.00, real=0.00 secs] 
31.212: [GC 31.212: [DefNew: 959K->64K(960K), 0.0032981 secs] 53257K->52920K(524224K), 0.0033664 secs] [Times: user=0.01 sys=0.00, real=0.00 secs] 
31.216: [GC 31.216: [DefNew: 960K->64K(960K), 0.0023304 secs] 53817K->53436K(524224K), 0.0023882 secs] [Times: user=0.00 sys=0.00, real=0.00 secs] 
31.220: [GC 31.220: [DefNew: 960K->63K(960K), 0.0021071 secs] 54333K->53955K(524224K), 0.0021639 secs] [Times: user=0.00 sys=0.00, real=0.00 secs] 
31.224: [GC 31.224: [DefNew: 959K->64K(960K), 0.0022375 secs] 54853K->54495K(524224K), 0.0022953 secs] [Times: user=0.00 sys=0.00, real=0.00 secs] 
31.227: [GC 31.227: [DefNew: 960K->64K(960K), 0.0020994 secs] 55392K->55007K(524224K), 0.0021524 secs] [Times: user=0.02 sys=0.00, real=0.00 secs] 
31.231: [GC 31.231: [DefNew: 960K->64K(960K), 0.0023877 secs] 55904K->55544K(524224K), 0.0024469 secs] [Times: user=0.00 sys=0.00, real=0.00 secs] 
31.234: [GC 31.234: [DefNew: 960K->64K(960K), 0.0022914 secs] 56441K->56044K(524224K), 0.0023473 secs] [Times: user=0.00 sys=0.00, real=0.00 secs] 
31.238: [GC 31.238: [DefNew: 960K->64K(960K), 0.0022784 secs] 56941K->56569K(524224K), 0.0023420 secs] [Times: user=0.00 sys=0.00, real=0.00 secs] 
31.242: [GC 31.242: [DefNew: 960K->63K(960K), 0.0025330 secs] 57466K->57073K(524224K), 0.0026008 secs] [Times: user=0.01 sys=0.00, real=0.00 secs] 
31.246: [GC 31.246: [DefNew: 959K->63K(960K), 0.0023689 secs] 57970K->57613K(524224K), 0.0024343 secs] [Times: user=0.00 sys=0.00, real=0.00 secs] 
31.250: [GC 31.250: [DefNew: 959K->63K(960K), 0.0025032 secs] 58510K->58150K(524224K), 0.0025652 secs] [Times: user=0.00 sys=0.00, real=0.00 secs] 
31.254: [GC 31.254: [DefNew: 959K->64K(960K), 0.0022996 secs] 59047K->58686K(524224K), 0.0023602 secs] [Times: user=0.00 sys=0.00, real=0.00 secs] 
31.258: [GC 31.258: [DefNew: 960K->63K(960K), 0.0024627 secs] 59583K->59201K(524224K), 0.0025349 secs] [Times: user=0.02 sys=0.00, real=0.00 secs] 
31.263: [GC 31.263: [DefNew: 959K->64K(960K), 0.0024565 secs] 60099K->59744K(524224K), 0.0025224 secs] [Times: user=0.00 sys=0.00, real=0.00 secs] 
31.267: [GC 31.267: [DefNew: 960K->63K(960K), 0.0024536 secs] 60641K->60289K(524224K), 0.0025123 secs] [Times: user=0.00 sys=0.00, real=0.00 secs] 
31.272: [GC 31.272: [DefNew: 959K->63K(960K), 0.0023102 secs] 61186K->60802K(524224K), 0.0023684 secs] [Times: user=0.00 sys=0.00, real=0.00 secs] 
31.275: [GC 31.275: [DefNew: 959K->64K(960K), 0.0022842 secs] 61700K->61327K(524224K), 0.0023405 secs] [Times: user=0.00 sys=0.00, real=0.00 secs] 
31.279: [GC 31.279: [DefNew: 960K->63K(960K), 0.0023001 secs] 62224K->61884K(524224K), 0.0023574 secs] [Times: user=0.00 sys=0.00, real=0.00 secs] 
31.282: [GC 31.282: [DefNew: 959K->64K(960K), 0.0026023 secs] 62780K->62447K(524224K), 0.0026648 secs] [Times: user=0.00 sys=0.00, real=0.00 secs] 
31.287: [GC 31.287: [DefNew: 960K->64K(960K), 0.0023155 secs] 63344K->62975K(524224K), 0.0023790 secs] [Times: user=0.00 sys=0.00, real=0.00 secs] 
31.291: [GC 31.291: [DefNew: 960K->63K(960K), 0.0025700 secs] 63872K->63527K(524224K), 0.0026350 secs] [Times: user=0.00 sys=0.00, real=0.00 secs] 
31.295: [GC 31.295: [DefNew: 959K->63K(960K), 0.0023266 secs] 64424K->64050K(524224K), 0.0023848 secs] [Times: user=0.00 sys=0.00, real=0.00 secs] 
31.299: [GC 31.299: [DefNew: 959K->64K(960K), 0.0022173 secs] 64948K->64588K(524224K), 0.0022736 secs] [Times: user=0.00 sys=0.00, real=0.00 secs] 
31.302: [GC 31.302: [DefNew: 960K->63K(960K), 0.0021009 secs] 65486K->65072K(524224K), 0.0021581 secs] [Times: user=0.00 sys=0.00, real=0.00 secs] 
31.306: [GC 31.306: [DefNew: 959K->63K(960K), 0.0022847 secs] 65969K->65628K(524224K), 0.0023501 secs] [Times: user=0.02 sys=0.00, real=0.00 secs] 
31.310: [GC 31.310: [DefNew: 959K->64K(960K), 0.0024887 secs] 66524K->66135K(524224K), 0.0025532 secs] [Times: user=0.00 sys=0.00, real=0.00 secs] 
31.314: [GC 31.314: [DefNew: 960K->64K(960K), 0.0023343 secs] 67032K->66684K(524224K), 0.0023963 secs] [Times: user=0.00 sys=0.00, real=0.00 secs] 
31.318: [GC 31.318: [DefNew: 960K->64K(960K), 0.0024310 secs] 67581K->67235K(524224K), 0.0024902 secs] [Times: user=0.00 sys=0.00, real=0.00 secs] 
31.321: [GC 31.321: [DefNew: 960K->63K(960K), 0.0024531 secs] 68133K->67733K(524224K), 0.0025190 secs] [Times: user=0.01 sys=0.00, real=0.00 secs] 
31.326: [GC 31.326: [DefNew: 959K->63K(960K), 0.0024358 secs] 68630K->68309K(524224K), 0.0024931 secs] [Times: user=0.00 sys=0.00, real=0.00 secs] 
31.329: [GC 31.329: [DefNew: 959K->63K(960K), 0.0021375 secs] 69206K->68783K(524224K), 0.0021913 secs] [Times: user=0.00 sys=0.00, real=0.00 secs] 
31.333: [GC 31.333: [DefNew: 959K->63K(960K), 0.0023862 secs] 69681K->69351K(524224K), 0.0024416 secs] [Times: user=0.00 sys=0.00, real=0.00 secs] 
31.337: [GC 31.337: [DefNew: 959K->63K(960K), 0.0029021 secs] 70248K->69890K(524224K), 0.0029694 secs] [Times: user=0.02 sys=0.00, real=0.00 secs] 
31.341: [GC 31.341: [DefNew: 959K->64K(960K), 0.0025955 secs] 70788K->70410K(524224K), 0.0026697 secs] [Times: user=0.00 sys=0.00, real=0.00 secs] 
31.346: [GC 31.346: [DefNew: 960K->63K(960K), 0.0024286 secs] 71307K->70983K(524224K), 0.0024906 secs] [Times: user=0.00 sys=0.00, real=0.00 secs] 
31.350: [GC 31.350: [DefNew: 959K->63K(960K), 0.0025710 secs] 71880K->71521K(524224K), 0.0026571 secs] [Times: user=0.00 sys=0.02, real=0.00 secs] 
31.355: [GC 31.355: [DefNew: 959K->63K(960K), 0.0024700 secs] 72417K->72037K(524224K), 0.0025354 secs] [Times: user=0.00 sys=0.00, real=0.00 secs] 
31.360: [GC 31.360: [DefNew: 959K->63K(960K), 0.0023588 secs] 72933K->72569K(524224K), 0.0024122 secs] [Times: user=0.00 sys=0.00, real=0.00 secs] 
31.363: [GC 31.363: [DefNew: 959K->64K(960K), 0.0025782 secs] 73466K->73098K(524224K), 0.0026374 secs] [Times: user=0.00 sys=0.00, real=0.00 secs] 
31.368: [GC 31.368: [DefNew: 960K->63K(960K), 0.0025412 secs] 73995K->73652K(524224K), 0.0026071 secs] [Times: user=0.01 sys=0.00, real=0.00 secs] 
31.372: [GC 31.372: [DefNew: 959K->64K(960K), 0.0022698 secs] 74548K->74144K(524224K), 0.0023285 secs] [Times: user=0.00 sys=0.00, real=0.00 secs] 
31.376: [GC 31.376: [DefNew: 960K->64K(960K), 0.0024830 secs] 75042K->74705K(524224K), 0.0025469 secs] [Times: user=0.00 sys=0.00, real=0.00 secs] 
31.381: [GC 31.381: [DefNew: 960K->63K(960K), 0.0023838 secs] 75601K->75235K(524224K), 0.0024483 secs] [Times: user=0.00 sys=0.00, real=0.00 secs] 
31.384: [GC 31.384: [DefNew: 959K->63K(960K), 0.0022241 secs] 76133K->75745K(524224K), 0.0022813 secs] [Times: user=0.02 sys=0.00, real=0.00 secs] 
31.388: [GC 31.388: [DefNew: 959K->63K(960K), 0.0028785 secs] 76642K->76282K(524224K), 0.0029410 secs] [Times: user=0.00 sys=0.00, real=0.00 secs] 
31.392: [GC 31.392: [DefNew: 959K->64K(960K), 0.0025758 secs] 77179K->76795K(524224K), 0.0026624 secs] [Times: user=0.00 sys=0.00, real=0.00 secs] 
31.397: [GC 31.397: [DefNew: 960K->64K(960K), 0.0024425 secs] 77692K->77359K(524224K), 0.0025022 secs] [Times: user=0.00 sys=0.00, real=0.00 secs] 
31.401: [GC 31.401: [DefNew: 960K->63K(960K), 0.0026215 secs] 78256K->77894K(524224K), 0.0026865 secs] [Times: user=0.00 sys=0.00, real=0.00 secs] 
31.406: [GC 31.406: [DefNew: 959K->64K(960K), 0.0025802 secs] 78792K->78452K(524224K), 0.0026422 secs] [Times: user=0.00 sys=0.00, real=0.00 secs] 
31.411: [GC 31.411: [DefNew: 960K->63K(960K), 0.0025306 secs] 79349K->79011K(524224K), 0.0025879 secs] [Times: user=0.00 sys=0.00, real=0.00 secs] 
31.415: [GC 31.415: [DefNew: 959K->63K(960K), 0.0027081 secs] 79908K->79524K(524224K), 0.0027726 secs] [Times: user=0.01 sys=0.00, real=0.00 secs] 
31.420: [GC 31.420: [DefNew: 959K->64K(960K), 0.0024276 secs] 80421K->80056K(524224K), 0.0024858 secs] [Times: user=0.00 sys=0.00, real=0.00 secs] 
31.424: [GC 31.424: [DefNew: 960K->63K(960K), 0.0024998 secs] 80953K->80556K(524224K), 0.0025826 secs] [Times: user=0.00 sys=0.00, real=0.00 secs] 
31.429: [GC 31.429: [DefNew: 959K->64K(960K), 0.0027057 secs] 81453K->81102K(524224K), 0.0027803 secs] [Times: user=0.02 sys=0.00, real=0.00 secs] 
31.434: [GC 31.434: [DefNew: 960K->63K(960K), 0.0024979 secs] 81999K->81623K(524224K), 0.0025696 secs] [Times: user=0.00 sys=0.00, real=0.00 secs] 
31.438: [GC 31.438: [DefNew: 959K->63K(960K), 0.0024594 secs] 82520K->82165K(524224K), 0.0025210 secs] [Times: user=0.00 sys=0.00, real=0.00 secs] 
31.443: [GC 31.443: [DefNew: 959K->64K(960K), 0.0027558 secs] 83062K->82737K(524224K), 0.0028501 secs] [Times: user=0.00 sys=0.00, real=0.00 secs] 
31.448: [GC 31.448: [DefNew: 960K->64K(960K), 0.0025903 secs] 83633K->83266K(524224K), 0.0026518 secs] [Times: user=0.00 sys=0.00, real=0.00 secs] 
31.453: [GC 31.453: [DefNew: 960K->64K(960K), 0.0026071 secs] 84164K->83820K(524224K), 0.0026663 secs] [Times: user=0.00 sys=0.00, real=0.00 secs] 
31.457: [GC 31.457: [DefNew: 960K->64K(960K), 0.0023242 secs] 84716K->84351K(524224K), 0.0023824 secs] [Times: user=0.00 sys=0.00, real=0.00 secs] 
31.461: [GC 31.461: [DefNew: 960K->63K(960K), 0.0024560 secs] 85249K->84926K(524224K), 0.0025142 secs] [Times: user=0.01 sys=0.00, real=0.00 secs] 
31.466: [GC 31.466: [DefNew: 959K->64K(960K), 0.0026990 secs] 85823K->85478K(524224K), 0.0027616 secs] [Times: user=0.00 sys=0.00, real=0.00 secs] 
31.470: [GC 31.470: [DefNew: 960K->63K(960K), 0.0024772 secs] 86375K->85996K(524224K), 0.0025368 secs] [Times: user=0.00 sys=0.00, real=0.00 secs] 
31.475: [GC 31.475: [DefNew: 959K->63K(960K), 0.0025614 secs] 86894K->86573K(524224K), 0.0026186 secs] [Times: user=0.00 sys=0.00, real=0.00 secs] 
31.479: [GC 31.479: [DefNew: 959K->63K(960K), 0.0027298 secs] 87470K->87142K(524224K), 0.0027938 secs] [Times: user=0.00 sys=0.00, real=0.00 secs] 
31.484: [GC 31.484: [DefNew: 959K->64K(960K), 0.0026798 secs] 88040K->87709K(524224K), 0.0027476 secs] [Times: user=0.00 sys=0.00, real=0.00 secs] 
31.489: [GC 31.489: [DefNew: 960K->63K(960K), 0.0027900 secs] 88606K->88246K(524224K), 0.0028746 secs] [Times: user=0.00 sys=0.00, real=0.00 secs] 
31.493: [GC 31.493: [DefNew: 959K->64K(960K), 0.0026812 secs] 89143K->88807K(524224K), 0.0027457 secs] [Times: user=0.02 sys=0.00, real=0.00 secs] 
31.498: [GC 31.498: [DefNew: 960K->64K(960K), 0.0028236 secs] 89705K->89349K(524224K), 0.0028886 secs] [Times: user=0.00 sys=0.00, real=0.00 secs] 
31.502: [GC 31.502: [DefNew: 960K->64K(960K), 0.0024661 secs] 90246K->89882K(524224K), 0.0025277 secs] [Times: user=0.00 sys=0.00, real=0.00 secs] 
31.507: [GC 31.507: [DefNew: 960K->64K(960K), 0.0032105 secs] 90779K->90404K(524224K), 0.0032812 secs] [Times: user=0.01 sys=0.00, real=0.00 secs] 
31.511: [GC 31.511: [DefNew: 960K->63K(960K), 0.0027096 secs] 91301K->90963K(524224K), 0.0027760 secs] [Times: user=0.00 sys=0.00, real=0.00 secs] 
31.516: [GC 31.516: [DefNew: 959K->63K(960K), 0.0028029 secs] 91859K->91506K(524224K), 0.0028684 secs] [Times: user=0.00 sys=0.00, real=0.00 secs] 
31.521: [GC 31.521: [DefNew: 959K->63K(960K), 0.0026177 secs] 92403K->92048K(524224K), 0.0026759 secs] [Times: user=0.00 sys=0.00, real=0.00 secs] 
31.525: [GC 31.525: [DefNew: 959K->63K(960K), 0.0033823 secs] 92945K->92569K(524224K), 0.0034554 secs] [Times: user=0.00 sys=0.00, real=0.00 secs] 
31.531: [GC 31.531: [DefNew: 959K->64K(960K), 0.0025407 secs] 93466K->93085K(524224K), 0.0026004 secs] [Times: user=0.00 sys=0.00, real=0.00 secs] 
31.535: [GC 31.535: [DefNew: 960K->63K(960K), 0.0025022 secs] 93982K->93598K(524224K), 0.0025705 secs] [Times: user=0.00 sys=0.00, real=0.00 secs] 
31.540: [GC 31.540: [DefNew: 959K->64K(960K), 0.0025494 secs] 94494K->94135K(524224K), 0.0026148 secs] [Times: user=0.02 sys=0.00, real=0.00 secs] 
31.545: [GC 31.545: [DefNew: 960K->64K(960K), 0.0026446 secs] 95032K->94668K(524224K), 0.0027183 secs] [Times: user=0.00 sys=0.00, real=0.00 secs] 
31.549: [GC 31.549: [DefNew: 960K->64K(960K), 0.0026398 secs] 95566K->95189K(524224K), 0.0026980 secs] [Times: user=0.00 sys=0.00, real=0.00 secs] 
31.554: [GC 31.554: [DefNew: 960K->64K(960K), 0.0026721 secs] 96086K->95711K(524224K), 0.0027361 secs] [Times: user=0.01 sys=0.00, real=0.00 secs] 
31.558: [GC 31.558: [DefNew: 960K->64K(960K), 0.0028795 secs] 96609K->96227K(524224K), 0.0029507 secs] [Times: user=0.00 sys=0.00, real=0.00 secs] 
31.564: [GC 31.564: [DefNew: 960K->64K(960K), 0.0028020 secs] 97124K->96808K(524224K), 0.0028698 secs] [Times: user=0.00 sys=0.00, real=0.00 secs] 
31.568: [GC 31.568: [DefNew: 960K->64K(960K), 0.0024810 secs] 97704K->97308K(524224K), 0.0025469 secs] [Times: user=0.00 sys=0.00, real=0.00 secs] 
31.573: [GC 31.573: [DefNew: 960K->64K(960K), 0.0025364 secs] 98205K->97835K(524224K), 0.0025980 secs] [Times: user=0.00 sys=0.00, real=0.00 secs] 
31.578: [GC 31.578: [DefNew: 960K->64K(960K), 0.0025595 secs] 98733K->98383K(524224K), 0.0026230 secs] [Times: user=0.00 sys=0.00, real=0.00 secs] 
31.582: [GC 31.582: [DefNew: 960K->64K(960K), 0.0025830 secs] 99280K->98924K(524224K), 0.0026749 secs] [Times: user=0.00 sys=0.00, real=0.00 secs] 
31.587: [GC 31.587: [DefNew: 960K->64K(960K), 0.0030527 secs] 99820K->99479K(524224K), 0.0031200 secs] [Times: user=0.00 sys=0.00, real=0.00 secs] 
31.591: [GC 31.591: [DefNew: 960K->64K(960K), 0.0030007 secs] 100376K->99992K(524224K), 0.0030705 secs] [Times: user=0.00 sys=0.00, real=0.00 secs] 
31.596: [GC 31.596: [DefNew: 960K->63K(960K), 0.0027596 secs] 100890K->100580K(524224K), 0.0028236 secs] [Times: user=0.00 sys=0.00, real=0.00 secs] 
31.600: [GC 31.600: [DefNew: 959K->63K(960K), 0.0025469 secs] 101476K->101068K(524224K), 0.0026129 secs] [Times: user=0.00 sys=0.02, real=0.00 secs] 
31.605: [GC 31.605: [DefNew: 959K->64K(960K), 0.0026730 secs] 101965K->101610K(524224K), 0.0027471 secs] [Times: user=0.00 sys=0.00, real=0.00 secs] 
31.610: [GC 31.610: [DefNew: 960K->63K(960K), 0.0026292 secs] 102506K->102166K(524224K), 0.0026918 secs] [Times: user=0.00 sys=0.00, real=0.00 secs] 
31.614: [GC 31.614: [DefNew: 959K->63K(960K), 0.0024690 secs] 103064K->102675K(524224K), 0.0025258 secs] [Times: user=0.00 sys=0.00, real=0.00 secs] 
31.619: [GC 31.619: [DefNew: 959K->63K(960K), 0.0024295 secs] 103571K->103192K(524224K), 0.0024921 secs] [Times: user=0.00 sys=0.00, real=0.00 secs] 
31.623: [GC 31.623: [DefNew: 959K->64K(960K), 0.0024045 secs] 104089K->103706K(524224K), 0.0024627 secs] [Times: user=0.00 sys=0.00, real=0.00 secs] 
31.627: [GC 31.627: [DefNew: 960K->63K(960K), 0.0025503 secs] 104603K->104266K(524224K), 0.0026076 secs] [Times: user=0.00 sys=0.00, real=0.00 secs] 
31.632: [GC 31.632: [DefNew: 959K->63K(960K), 0.0026826 secs] 105162K->104832K(524224K), 0.0027495 secs] [Times: user=0.02 sys=0.00, real=0.00 secs] 
31.636: [GC 31.636: [DefNew: 959K->63K(960K), 0.0024834 secs] 105729K->105337K(524224K), 0.0025388 secs] [Times: user=0.00 sys=0.00, real=0.00 secs] 
31.641: [GC 31.641: [DefNew: 959K->64K(960K), 0.0026008 secs] 106236K->105879K(524224K), 0.0026677 secs] [Times: user=0.00 sys=0.00, real=0.00 secs] 
31.645: [GC 31.645: [DefNew: 960K->64K(960K), 0.0030036 secs] 106775K->106483K(524224K), 0.0030758 secs] [Times: user=0.00 sys=0.00, real=0.00 secs] 
31.652: [GC 31.652: [DefNew: 960K->64K(960K), 0.0028588 secs] 107379K->107018K(524224K), 0.0029271 secs] [Times: user=0.00 sys=0.00, real=0.00 secs] 
31.656: [GC 31.656: [DefNew: 960K->63K(960K), 0.0028607 secs] 107915K->107559K(524224K), 0.0029237 secs] [Times: user=0.00 sys=0.00, real=0.00 secs] 
31.661: [GC 31.661: [DefNew: 959K->63K(960K), 0.0026769 secs] 108456K->108136K(524224K), 0.0027505 secs] [Times: user=0.00 sys=0.00, real=0.00 secs] 
31.666: [GC 31.666: [DefNew: 959K->64K(960K), 0.0026817 secs] 109033K->108680K(524224K), 0.0027442 secs] [Times: user=0.00 sys=0.00, real=0.00 secs] 
31.670: [GC 31.670: [DefNew: 960K->63K(960K), 0.0026677 secs] 109577K->109211K(524224K), 0.0027308 secs] [Times: user=0.00 sys=0.00, real=0.00 secs] 
31.675: [GC 31.675: [DefNew: 959K->64K(960K), 0.0029844 secs] 110108K->109762K(524224K), 0.0030565 secs] [Times: user=0.00 sys=0.00, real=0.00 secs] 
31.679: [GC 31.679: [DefNew: 960K->64K(960K), 0.0029006 secs] 110658K->110336K(524224K), 0.0029728 secs] [Times: user=0.02 sys=0.00, real=0.00 secs] 
31.684: [GC 31.684: [DefNew: 960K->64K(960K), 0.0028847 secs] 111234K->110889K(524224K), 0.0029478 secs] [Times: user=0.00 sys=0.00, real=0.00 secs] 
31.689: [GC 31.689: [DefNew: 960K->63K(960K), 0.0028126 secs] 111786K->111433K(524224K), 0.0029204 secs] [Times: user=0.00 sys=0.00, real=0.00 secs] 
31.693: [GC 31.693: [DefNew: 959K->63K(960K), 0.0028323 secs] 112331K->111959K(524224K), 0.0029016 secs] [Times: user=0.00 sys=0.00, real=0.00 secs] 
31.698: [GC 31.698: [DefNew: 959K->64K(960K), 0.0027130 secs] 112856K->112531K(524224K), 0.0027755 secs] [Times: user=0.00 sys=0.00, real=0.00 secs] 
31.702: [GC 31.702: [DefNew: 960K->63K(960K), 0.0025325 secs] 113427K->113038K(524224K), 0.0025927 secs] [Times: user=0.00 sys=0.00, real=0.00 secs] 
31.707: [GC 31.707: [DefNew: 959K->63K(960K), 0.0027115 secs] 113936K->113605K(524224K), 0.0027765 secs] [Times: user=0.00 sys=0.00, real=0.00 secs] 
31.711: [GC 31.711: [DefNew: 959K->63K(960K), 0.0029290 secs] 114502K->114152K(524224K), 0.0029916 secs] [Times: user=0.01 sys=0.00, real=0.00 secs] 
31.716: [GC 31.716: [DefNew: 959K->63K(960K), 0.0027842 secs] 115049K->114702K(524224K), 0.0028453 secs] [Times: user=0.00 sys=0.00, real=0.00 secs] 
31.721: [GC 31.721: [DefNew: 959K->63K(960K), 0.0027000 secs] 115598K->115259K(524224K), 0.0027616 secs] [Times: user=0.00 sys=0.00, real=0.00 secs] 
31.725: [GC 31.725: [DefNew: 959K->63K(960K), 0.0027134 secs] 116155K->115783K(524224K), 0.0027842 secs] [Times: user=0.02 sys=0.00, real=0.00 secs] 
31.730: [GC 31.730: [DefNew: 959K->63K(960K), 0.0028886 secs] 116679K->116349K(524224K), 0.0029598 secs] [Times: user=0.00 sys=0.00, real=0.00 secs] 
31.734: [GC 31.734: [DefNew: 959K->63K(960K), 0.0027418 secs] 117246K->116870K(524224K), 0.0028010 secs] [Times: user=0.00 sys=0.00, real=0.00 secs] 
31.739: [GC 31.739: [DefNew: 959K->63K(960K), 0.0027543 secs] 117766K->117427K(524224K), 0.0028164 secs] [Times: user=0.00 sys=0.00, real=0.00 secs] 
31.744: [GC 31.744: [DefNew: 959K->63K(960K), 0.0027178 secs] 118324K->117956K(524224K), 0.0027774 secs] [Times: user=0.00 sys=0.00, real=0.00 secs] 
31.748: [GC 31.748: [DefNew: 959K->64K(960K), 0.0027635 secs] 118852K->118487K(524224K), 0.0028270 secs] [Times: user=0.00 sys=0.00, real=0.00 secs] 
31.753: [GC 31.753: [DefNew: 960K->63K(960K), 0.0027625 secs] 119385K->119032K(524224K), 0.0028275 secs] [Times: user=0.00 sys=0.00, real=0.00 secs] 
31.757: [GC 31.757: [DefNew: 959K->64K(960K), 0.0026297 secs] 119929K->119559K(524224K), 0.0028198 secs] [Times: user=0.02 sys=0.00, real=0.00 secs] 
31.762: [GC 31.762: [DefNew: 960K->64K(960K), 0.0030772 secs] 120457K->120158K(524224K), 0.0031533 secs] [Times: user=0.00 sys=0.00, real=0.00 secs] 
31.766: [GC 31.766: [DefNew: 960K->63K(960K), 0.0026239 secs] 121056K->120700K(524224K), 0.0026802 secs] [Times: user=0.00 sys=0.00, real=0.00 secs] 
31.771: [GC 31.771: [DefNew: 959K->63K(960K), 0.0027240 secs] 121598K->121266K(524224K), 0.0027856 secs] [Times: user=0.00 sys=0.00, real=0.00 secs] 
31.776: [GC 31.776: [DefNew: 959K->63K(960K), 0.0028679 secs] 122163K->121792K(524224K), 0.0029401 secs] [Times: user=0.00 sys=0.00, real=0.00 secs] 
31.780: [GC 31.780: [DefNew: 959K->64K(960K), 0.0025484 secs] 122689K->122322K(524224K), 0.0026071 secs] [Times: user=0.00 sys=0.00, real=0.00 secs] 
31.785: [GC 31.785: [DefNew: 960K->64K(960K), 0.0028554 secs] 123219K->122901K(524224K), 0.0029151 secs] [Times: user=0.00 sys=0.00, real=0.00 secs] 
31.789: [GC 31.789: [DefNew: 960K->63K(960K), 0.0027837 secs] 123798K->123410K(524224K), 0.0028491 secs] [Times: user=0.02 sys=0.00, real=0.00 secs] 
31.794: [GC 31.794: [DefNew: 959K->63K(960K), 0.0027967 secs] 124308K->123985K(524224K), 0.0028597 secs] [Times: user=0.00 sys=0.00, real=0.00 secs] 
31.799: [GC 31.799: [DefNew: 959K->64K(960K), 0.0027409 secs] 124882K->124519K(524224K), 0.0027986 secs] [Times: user=0.00 sys=0.00, real=0.00 secs] 
31.803: [GC 31.803: [DefNew: 960K->63K(960K), 0.0026923 secs] 125416K->125063K(524224K), 0.0027548 secs] [Times: user=0.02 sys=0.00, real=0.00 secs] 
31.808: [GC 31.808: [DefNew: 959K->64K(960K), 0.0036864 secs] 125960K->125603K(524224K), 0.0037634 secs] [Times: user=0.00 sys=0.00, real=0.00 secs] 
31.813: [GC 31.813: [DefNew: 960K->63K(960K), 0.0029050 secs] 126501K->126160K(524224K), 0.0029680 secs] [Times: user=0.00 sys=0.00, real=0.00 secs] 
31.818: [GC 31.818: [DefNew: 959K->63K(960K), 0.0032197 secs] 127057K->126760K(524224K), 0.0032856 secs] [Times: user=0.01 sys=0.00, real=0.00 secs] 
31.822: [GC 31.822: [DefNew: 959K->64K(960K), 0.0028232 secs] 127657K->127275K(524224K), 0.0028833 secs] [Times: user=0.00 sys=0.00, real=0.00 secs] 
31.827: [GC 31.827: [DefNew: 960K->63K(960K), 0.0027515 secs] 128174K->127833K(524224K), 0.0028145 secs] [Times: user=0.00 sys=0.00, real=0.00 secs] 
31.832: [GC 31.832: [DefNew: 959K->64K(960K), 0.0027462 secs] 128730K->128395K(524224K), 0.0028053 secs] [Times: user=0.00 sys=0.00, real=0.00 secs] 
31.836: [GC 31.836: [DefNew: 960K->64K(960K), 0.0027553 secs] 129292K->128919K(524224K), 0.0028150 secs] [Times: user=0.02 sys=0.00, real=0.00 secs] 
31.842: [GC 31.842: [DefNew: 960K->64K(960K), 0.0031287 secs] 129817K->129474K(524224K), 0.0032144 secs] [Times: user=0.00 sys=0.00, real=0.00 secs] 
31.847: [GC 31.847: [DefNew: 960K->64K(960K), 0.0028366 secs] 130371K->130041K(524224K), 0.0028997 secs] [Times: user=0.00 sys=0.00, real=0.00 secs] 
31.852: [GC 31.852: [DefNew: 960K->64K(960K), 0.0030017 secs] 130938K->130561K(524224K), 0.0030642 secs] [Times: user=0.01 sys=0.00, real=0.00 secs] 
31.857: [GC 31.857: [DefNew: 960K->63K(960K), 0.0027808 secs] 131459K->131110K(524224K), 0.0028410 secs] [Times: user=0.00 sys=0.00, real=0.00 secs] 
31.861: [GC 31.861: [DefNew: 959K->63K(960K), 0.0026961 secs] 132007K->131609K(524224K), 0.0027572 secs] [Times: user=0.00 sys=0.00, real=0.00 secs] 
31.866: [GC 31.866: [DefNew: 959K->64K(960K), 0.0028458 secs] 132506K->132161K(524224K), 0.0029069 secs] [Times: user=0.02 sys=0.00, real=0.00 secs] 
31.870: [GC 31.870: [DefNew: 960K->63K(960K), 0.0028929 secs] 133058K->132728K(524224K), 0.0029550 secs] [Times: user=0.00 sys=0.00, real=0.00 secs] 
31.875: [GC 31.875: [DefNew: 959K->63K(960K), 0.0028616 secs] 133625K->133293K(524224K), 0.0029208 secs] [Times: user=0.00 sys=0.00, real=0.00 secs] 
31.879: [GC 31.879: [DefNew: 959K->64K(960K), 0.0027110 secs] 134190K->133837K(524224K), 0.0027717 secs] [Times: user=0.00 sys=0.00, real=0.00 secs] 
31.884: [GC 31.884: [DefNew: 960K->63K(960K), 0.0029025 secs] 134734K->134412K(524224K), 0.0029637 secs] [Times: user=0.00 sys=0.00, real=0.00 secs] 
31.889: [GC 31.889: [DefNew: 959K->64K(960K), 0.0030806 secs] 135308K->134966K(524224K), 0.0031480 secs] [Times: user=0.00 sys=0.00, real=0.00 secs] 
31.893: [GC 31.893: [DefNew: 960K->64K(960K), 0.0031379 secs] 135863K->135513K(524224K), 0.0032086 secs] [Times: user=0.00 sys=0.00, real=0.00 secs] 
31.898: [GC 31.898: [DefNew: 960K->64K(960K), 0.0032375 secs] 136410K->136080K(524224K), 0.0033024 secs] [Times: user=0.02 sys=0.00, real=0.00 secs] 
31.902: [GC 31.902: [DefNew: 960K->64K(960K), 0.0027250 secs] 136978K->136586K(524224K), 0.0027837 secs] [Times: user=0.00 sys=0.00, real=0.00 secs] 
31.907: [GC 31.907: [DefNew: 960K->63K(960K), 0.0025542 secs] 137483K->137136K(524224K), 0.0026143 secs] [Times: user=0.00 sys=0.00, real=0.00 secs] 
31.912: [GC 31.912: [DefNew: 959K->63K(960K), 0.0027447 secs] 138032K->137654K(524224K), 0.0028053 secs] [Times: user=0.00 sys=0.00, real=0.00 secs] 
31.916: [GC 31.916: [DefNew: 959K->64K(960K), 0.0029536 secs] 138552K->138238K(524224K), 0.0030156 secs] [Times: user=0.00 sys=0.00, real=0.00 secs] 
31.921: [GC 31.921: [DefNew: 960K->64K(960K), 0.0030844 secs] 139135K->138824K(524224K), 0.0031465 secs] [Times: user=0.00 sys=0.00, real=0.00 secs] 
31.925: [GC 31.925: [DefNew: 960K->63K(960K), 0.0031816 secs] 139721K->139357K(524224K), 0.0032711 secs] [Times: user=0.00 sys=0.00, real=0.00 secs] 
31.930: [GC 31.930: [DefNew: 959K->63K(960K), 0.0031427 secs] 140255K->139951K(524224K), 0.0032095 secs] [Times: user=0.02 sys=0.00, real=0.00 secs] 
31.934: [GC 31.934: [DefNew: 959K->63K(960K), 0.0028005 secs] 140847K->140496K(524224K), 0.0028607 secs] [Times: user=0.00 sys=0.00, real=0.00 secs] 
31.939: [GC 31.939: [DefNew: 959K->64K(960K), 0.0026162 secs] 141393K->141055K(524224K), 0.0026754 secs] [Times: user=0.00 sys=0.00, real=0.00 secs] 
31.944: [GC 31.944: [DefNew: 960K->63K(960K), 0.0026379 secs] 141951K->141595K(524224K), 0.0026971 secs] [Times: user=0.02 sys=0.00, real=0.00 secs] 
31.948: [GC 31.948: [DefNew: 959K->63K(960K), 0.0025830 secs] 142492K->142130K(524224K), 0.0026393 secs] [Times: user=0.00 sys=0.00, real=0.00 secs] 
31.953: [GC 31.953: [DefNew: 959K->63K(960K), 0.0027370 secs] 143027K->142692K(524224K), 0.0028121 secs] [Times: user=0.00 sys=0.00, real=0.00 secs] 
31.957: [GC 31.957: [DefNew: 959K->63K(960K), 0.0029324 secs] 143590K->143241K(524224K), 0.0029930 secs] [Times: user=0.00 sys=0.00, real=0.00 secs] 
31.962: [GC 31.962: [DefNew: 959K->64K(960K), 0.0028929 secs] 144137K->143779K(524224K), 0.0029579 secs] [Times: user=0.00 sys=0.00, real=0.00 secs] 
31.966: [GC 31.966: [DefNew: 960K->64K(960K), 0.0027616 secs] 144676K->144323K(524224K), 0.0029776 secs] [Times: user=0.00 sys=0.00, real=0.00 secs] 
31.971: [GC 31.971: [DefNew: 960K->63K(960K), 0.0028366 secs] 145220K->144896K(524224K), 0.0028939 secs] [Times: user=0.00 sys=0.00, real=0.00 secs] 
31.976: [GC 31.976: [DefNew: 959K->63K(960K), 0.0030378 secs] 145793K->145472K(524224K), 0.0031022 secs] [Times: user=0.02 sys=0.00, real=0.00 secs] 
31.981: [GC 31.981: [DefNew: 959K->63K(960K), 0.0032067 secs] 146369K->146036K(524224K), 0.0496720 secs] [Times: user=0.00 sys=0.00, real=0.05 secs] 
32.033: [GC 32.033: [DefNew: 959K->63K(960K), 0.0032793 secs] 146932K->146669K(524224K), 0.0033409 secs] [Times: user=0.00 sys=0.00, real=0.00 secs] 
32.037: [GC 32.037: [DefNew: 959K->64K(960K), 0.0033881 secs] 147567K->147238K(524224K), 0.0034564 secs] [Times: user=0.02 sys=0.00, real=0.00 secs] 
32.043: [GC 32.043: [DefNew: 960K->63K(960K), 0.0033799 secs] 148135K->147832K(524224K), 0.0034439 secs] [Times: user=0.00 sys=0.00, real=0.00 secs] 
32.048: [GC 32.048: [DefNew: 959K->64K(960K), 0.0033813 secs] 148728K->148398K(524224K), 0.0034521 secs] [Times: user=0.00 sys=0.00, real=0.00 secs] 
32.054: [GC 32.054: [DefNew: 960K->64K(960K), 0.0031619 secs] 149296K->148974K(524224K), 0.0032326 secs] [Times: user=0.01 sys=0.00, real=0.00 secs] 
32.059: [GC 32.059: [DefNew: 960K->63K(960K), 0.0036210 secs] 149872K->149571K(524224K), 0.0037047 secs] [Times: user=0.00 sys=0.00, real=0.00 secs] 
32.064: [GC 32.064: [DefNew: 959K->64K(960K), 0.0034684 secs] 150467K->150190K(524224K), 0.0035358 secs] [Times: user=0.00 sys=0.00, real=0.00 secs] 
32.070: [GC 32.070: [DefNew: 960K->63K(960K), 0.0040507 secs] 151087K->150859K(524224K), 0.0041229 secs] [Times: user=0.02 sys=0.00, real=0.00 secs] 
32.075: [GC 32.075: [DefNew: 959K->64K(960K), 0.0035267 secs] 151756K->151467K(524224K), 0.0035935 secs] [Times: user=0.00 sys=0.00, real=0.00 secs] 
32.081: [GC 32.081: [DefNew: 960K->64K(960K), 0.0038120 secs] 152365K->152122K(524224K), 0.0038813 secs] [Times: user=0.00 sys=0.00, real=0.00 secs] 
32.087: [GC 32.087: [DefNew: 960K->64K(960K), 0.0031605 secs] 153020K->152735K(524224K), 0.0032365 secs] [Times: user=0.00 sys=0.00, real=0.00 secs] 
32.092: [GC 32.092: [DefNew: 960K->64K(960K), 0.0033688 secs] 153632K->153288K(524224K), 0.0034444 secs] [Times: user=0.00 sys=0.00, real=0.00 secs] 
32.098: [GC 32.098: [DefNew: 960K->63K(960K), 0.0034713 secs] 154186K->153921K(524224K), 0.0035531 secs] [Times: user=0.00 sys=0.00, real=0.00 secs] 
32.103: [GC 32.103: [DefNew: 959K->63K(960K), 0.0035122 secs] 154818K->154519K(524224K), 0.0035945 secs] [Times: user=0.00 sys=0.00, real=0.00 secs] 
32.109: [GC 32.109: [DefNew: 959K->63K(960K), 0.0034333 secs] 155417K->155166K(524224K), 0.0034983 secs] [Times: user=0.00 sys=0.00, real=0.00 secs] 
32.114: [GC 32.114: [DefNew: 959K->63K(960K), 0.0032009 secs] 156063K->155749K(524224K), 0.0032658 secs] [Times: user=0.00 sys=0.00, real=0.00 secs] 
32.119: [GC 32.119: [DefNew: 959K->63K(960K), 0.0030402 secs] 156646K->156289K(524224K), 0.0031037 secs] [Times: user=0.00 sys=0.00, real=0.00 secs] 
32.124: [GC 32.124: [DefNew: 959K->64K(960K), 0.0029627 secs] 157186K->156806K(524224K), 0.0030277 secs] [Times: user=0.00 sys=0.00, real=0.00 secs] 
32.128: [GC 32.128: [DefNew: 960K->64K(960K), 0.0028905 secs] 157702K->157339K(524224K), 0.0029459 secs] [Times: user=0.00 sys=0.00, real=0.00 secs] 
32.133: [GC 32.133: [DefNew: 960K->63K(960K), 0.0030917 secs] 158236K->157885K(524224K), 0.0031547 secs] [Times: user=0.00 sys=0.00, real=0.00 secs] 
32.137: [GC 32.137: [DefNew: 959K->64K(960K), 0.0029868 secs] 158783K->158411K(524224K), 0.0030474 secs] [Times: user=0.00 sys=0.00, real=0.00 secs] 
32.142: [GC 32.142: [DefNew: 960K->64K(960K), 0.0029170 secs] 159308K->158932K(524224K), 0.0029853 secs] [Times: user=0.00 sys=0.00, real=0.00 secs] 
32.146: [GC 32.146: [DefNew: 960K->64K(960K), 0.0029098 secs] 159829K->159495K(524224K), 0.0029757 secs] [Times: user=0.01 sys=0.00, real=0.00 secs] 
32.152: [GC 32.152: [DefNew: 960K->64K(960K), 0.0031162 secs] 160391K->160063K(524224K), 0.0031812 secs] [Times: user=0.00 sys=0.00, real=0.00 secs] 
32.157: [GC 32.157: [DefNew: 960K->64K(960K), 0.0028448 secs] 160960K->160583K(524224K), 0.0029078 secs] [Times: user=0.00 sys=0.00, real=0.00 secs] 
32.161: [GC 32.161: [DefNew: 960K->63K(960K), 0.0027553 secs] 161481K->161127K(524224K), 0.0028140 secs] [Times: user=0.00 sys=0.00, real=0.00 secs] 
32.166: [GC 32.166: [DefNew: 959K->63K(960K), 0.0028910 secs] 162025K->161690K(524224K), 0.0029511 secs] [Times: user=0.00 sys=0.00, real=0.00 secs] 
32.170: [GC 32.170: [DefNew: 959K->63K(960K), 0.0031056 secs] 162587K->162233K(524224K), 0.0031682 secs] [Times: user=0.00 sys=0.00, real=0.00 secs] 
32.175: [GC 32.175: [DefNew: 959K->64K(960K), 0.0030315 secs] 163130K->162801K(524224K), 0.0030974 secs] [Times: user=0.00 sys=0.00, real=0.00 secs] 
32.180: [GC 32.180: [DefNew: 960K->64K(960K), 0.0030224 secs] 163697K->163339K(524224K), 0.0030844 secs] [Times: user=0.00 sys=0.00, real=0.00 secs] 
32.184: [GC 32.184: [DefNew: 960K->64K(960K), 0.0030527 secs] 164236K->163873K(524224K), 0.0031133 secs] [Times: user=0.00 sys=0.00, real=0.00 secs] 
32.189: [GC 32.189: [DefNew: 960K->64K(960K), 0.0032298 secs] 164771K->164421K(524224K), 0.0032928 secs] [Times: user=0.00 sys=0.00, real=0.00 secs] 
32.193: [GC 32.193: [DefNew: 960K->63K(960K), 0.0029656 secs] 165319K->164973K(524224K), 0.0030315 secs] [Times: user=0.02 sys=0.00, real=0.00 secs] 
32.198: [GC 32.198: [DefNew: 959K->63K(960K), 0.0030012 secs] 165870K->165534K(524224K), 0.0030652 secs] [Times: user=0.00 sys=0.00, real=0.00 secs] 
32.202: [GC 32.202: [DefNew: 959K->64K(960K), 0.0030050 secs] 166432K->166085K(524224K), 0.0030676 secs] [Times: user=0.00 sys=0.00, real=0.00 secs] 
32.207: [GC 32.207: [DefNew: 960K->63K(960K), 0.0029261 secs] 166982K->166636K(524224K), 0.0029868 secs] [Times: user=0.00 sys=0.00, real=0.00 secs] 
32.212: [GC 32.212: [DefNew: 959K->64K(960K), 0.0029896 secs] 167533K->167181K(524224K), 0.0030493 secs] [Times: user=0.00 sys=0.00, real=0.00 secs] 
32.216: [GC 32.216: [DefNew: 960K->64K(960K), 0.0030921 secs] 168078K->167718K(524224K), 0.0031672 secs] [Times: user=0.00 sys=0.00, real=0.00 secs] 
32.221: [GC 32.221: [DefNew: 960K->64K(960K), 0.0032832 secs] 168614K->168341K(524224K), 0.0033505 secs] [Times: user=0.00 sys=0.00, real=0.00 secs] 
32.225: [GC 32.225: [DefNew: 960K->63K(960K), 0.0034001 secs] 169238K->168878K(524224K), 0.0034646 secs] [Times: user=0.02 sys=0.00, real=0.00 secs] 
32.230: [GC 32.230: [DefNew: 959K->64K(960K), 0.0030508 secs] 169775K->169470K(524224K), 0.0031109 secs] [Times: user=0.00 sys=0.00, real=0.00 secs] 
32.234: [GC 32.234: [DefNew: 960K->63K(960K), 0.0030089 secs] 170367K->169982K(524224K), 0.0030695 secs] [Times: user=0.00 sys=0.00, real=0.00 secs] 
32.239: [GC 32.239: [DefNew: 959K->64K(960K), 0.0033886 secs] 170880K->170559K(524224K), 0.0034574 secs] [Times: user=0.00 sys=0.00, real=0.00 secs] 
32.245: [GC 32.245: [DefNew: 960K->64K(960K), 0.0033241 secs] 171457K->171170K(524224K), 0.0033929 secs] [Times: user=0.00 sys=0.00, real=0.00 secs] 
32.250: [GC 32.250: [DefNew: 960K->64K(960K), 0.0030031 secs] 172067K->171729K(524224K), 0.0030835 secs] [Times: user=0.00 sys=0.00, real=0.00 secs] 
32.255: [GC 32.255: [DefNew: 960K->63K(960K), 0.0032505 secs] 172626K->172296K(524224K), 0.0033193 secs] [Times: user=0.02 sys=0.00, real=0.00 secs] 
32.259: [GC 32.259: [DefNew: 959K->63K(960K), 0.0032423 secs] 173194K->172860K(524224K), 0.0033096 secs] [Times: user=0.00 sys=0.00, real=0.00 secs] 
32.265: [GC 32.265: [DefNew: 959K->63K(960K), 0.0031085 secs] 173757K->173436K(524224K), 0.0031696 secs] [Times: user=0.00 sys=0.00, real=0.00 secs] 
32.270: [GC 32.270: [DefNew: 959K->64K(960K), 0.0029617 secs] 174333K->174000K(524224K), 0.0030248 secs] [Times: user=0.00 sys=0.00, real=0.00 secs] 
32.274: [GC 32.274: [DefNew: 960K->63K(960K), 0.0029377 secs] 174897K->174517K(524224K), 0.0030017 secs] [Times: user=0.00 sys=0.00, real=0.00 secs] 
32.280: [GC 32.280: [DefNew: 959K->64K(960K), 0.0030204 secs] 175413K->175096K(524224K), 0.0030825 secs] [Times: user=0.00 sys=0.00, real=0.00 secs] 
32.284: [GC 32.284: [DefNew: 960K->63K(960K), 0.0032076 secs] 175993K->175634K(524224K), 0.0032716 secs] [Times: user=0.00 sys=0.00, real=0.00 secs] 
32.289: [GC 32.289: [DefNew: 959K->63K(960K), 0.0033178 secs] 176531K->176212K(524224K), 0.0033847 secs] [Times: user=0.00 sys=0.00, real=0.00 secs] 
32.293: [GC 32.293: [DefNew: 959K->63K(960K), 0.0031071 secs] 177109K->176769K(524224K), 0.0031672 secs] [Times: user=0.00 sys=0.00, real=0.00 secs] 
32.298: [GC 32.298: [DefNew: 959K->63K(960K), 0.0030176 secs] 177666K->177338K(524224K), 0.0030782 secs] [Times: user=0.00 sys=0.00, real=0.00 secs] 
32.303: [GC 32.303: [DefNew: 959K->64K(960K), 0.0033270 secs] 178235K->177884K(524224K), 0.0033914 secs] [Times: user=0.02 sys=0.00, real=0.00 secs] 
32.308: [GC 32.308: [DefNew: 960K->64K(960K), 0.0033294 secs] 178782K->178434K(524224K), 0.0034011 secs] [Times: user=0.00 sys=0.00, real=0.00 secs] 
32.313: [GC 32.313: [DefNew: 960K->64K(960K), 0.0033298 secs] 179332K->179022K(524224K), 0.0033958 secs] [Times: user=0.00 sys=0.00, real=0.00 secs] 
32.317: [GC 32.317: [DefNew: 960K->64K(960K), 0.0032533 secs] 179919K->179575K(524224K), 0.0033125 secs] [Times: user=0.00 sys=0.00, real=0.00 secs] 
32.322: [GC 32.322: [DefNew: 960K->63K(960K), 0.0030936 secs] 180472K->180153K(524224K), 0.0031523 secs] [Times: user=0.00 sys=0.00, real=0.00 secs] 
32.326: [GC 32.326: [DefNew: 959K->64K(960K), 0.0030844 secs] 181051K->180682K(524224K), 0.0031475 secs] [Times: user=0.00 sys=0.00, real=0.00 secs] 
32.331: [GC 32.331: [DefNew: 960K->63K(960K), 0.0030729 secs] 181579K->181248K(524224K), 0.0031311 secs] [Times: user=0.00 sys=0.00, real=0.00 secs] 
32.336: [GC 32.336: [DefNew: 959K->64K(960K), 0.0031730 secs] 182145K->181807K(524224K), 0.0032351 secs] [Times: user=0.00 sys=0.00, real=0.00 secs] 
32.340: [GC 32.340: [DefNew: 960K->64K(960K), 0.0035291 secs] 182705K->182365K(524224K), 0.0036061 secs] [Times: user=0.00 sys=0.00, real=0.00 secs] 
32.346: [GC 32.346: [DefNew: 960K->63K(960K), 0.0033347 secs] 183263K->182998K(524224K), 0.0034141 secs] [Times: user=0.00 sys=0.00, real=0.00 secs] 
32.350: [GC 32.350: [DefNew: 959K->64K(960K), 0.0034713 secs] 183895K->183542K(524224K), 0.0035363 secs] [Times: user=0.02 sys=0.00, real=0.00 secs] 
32.356: [GC 32.356: [DefNew: 960K->63K(960K), 0.0032375 secs] 184439K->184159K(524224K), 0.0033019 secs] [Times: user=0.00 sys=0.00, real=0.00 secs] 
32.361: [GC 32.361: [DefNew: 959K->64K(960K), 0.0032981 secs] 185055K->184710K(524224K), 0.0033558 secs] [Times: user=0.00 sys=0.00, real=0.00 secs] 
32.365: [GC 32.365: [DefNew: 960K->64K(960K), 0.0030873 secs] 185608K->185254K(524224K), 0.0031494 secs] [Times: user=0.02 sys=0.00, real=0.00 secs] 
32.370: [GC 32.370: [DefNew: 960K->64K(960K), 0.0030411 secs] 186151K->185817K(524224K), 0.0031013 secs] [Times: user=0.00 sys=0.00, real=0.00 secs] 
32.374: [GC 32.374: [DefNew: 960K->64K(960K), 0.0031253 secs] 186714K->186350K(524224K), 0.0031845 secs] [Times: user=0.00 sys=0.00, real=0.00 secs] 
32.379: [GC 32.379: [DefNew: 960K->64K(960K), 0.0031720 secs] 187247K->186922K(524224K), 0.0032312 secs] [Times: user=0.00 sys=0.00, real=0.00 secs] 
32.383: [GC 32.383: [DefNew: 960K->64K(960K), 0.0032302 secs] 187819K->187463K(524224K), 0.0032938 secs] [Times: user=0.00 sys=0.00, real=0.00 secs] 
32.388: [GC 32.388: [DefNew: 960K->63K(960K), 0.0032139 secs] 188360K->188037K(524224K), 0.0032846 secs] [Times: user=0.00 sys=0.00, real=0.00 secs] 
32.394: [GC 32.394: [DefNew: 959K->63K(960K), 0.0032062 secs] 188933K->188638K(524224K), 0.0032735 secs] [Times: user=0.00 sys=0.00, real=0.00 secs] 
32.398: [GC 32.398: [DefNew: 959K->63K(960K), 0.0036373 secs] 189534K->189194K(524224K), 0.0037480 secs] [Times: user=0.01 sys=0.00, real=0.00 secs] 
32.404: [GC 32.404: [DefNew: 959K->63K(960K), 0.0033554 secs] 190092K->189786K(524224K), 0.0034189 secs] [Times: user=0.00 sys=0.00, real=0.00 secs] 
32.408: [GC 32.408: [DefNew: 959K->64K(960K), 0.0030960 secs] 190682K->190330K(524224K), 0.0031609 secs] [Times: user=0.00 sys=0.00, real=0.00 secs] 
32.413: [GC 32.413: [DefNew: 960K->64K(960K), 0.0038952 secs] 191228K->190902K(524224K), 0.0039602 secs] [Times: user=0.02 sys=0.00, real=0.00 secs] 
32.418: [GC 32.418: [DefNew: 960K->64K(960K), 0.0032129 secs] 191798K->191465K(524224K), 0.0032711 secs] [Times: user=0.00 sys=0.00, real=0.00 secs] 
32.423: [GC 32.423: [DefNew: 960K->63K(960K), 0.0033486 secs] 192361K->192025K(524224K), 0.0034131 secs] [Times: user=0.00 sys=0.00, real=0.00 secs] 
32.428: [GC 32.428: [DefNew: 959K->64K(960K), 0.0034578 secs] 192923K->192631K(524224K), 0.0035185 secs] [Times: user=0.01 sys=0.00, real=0.00 secs] 
32.433: [GC 32.433: [DefNew: 960K->64K(960K), 0.0034314 secs] 193528K->193176K(524224K), 0.0034944 secs] [Times: user=0.00 sys=0.00, real=0.00 secs] 
32.439: [GC 32.439: [DefNew: 960K->63K(960K), 0.0032028 secs] 194075K->193741K(524224K), 0.0032760 secs] [Times: user=0.00 sys=0.00, real=0.00 secs] 
32.443: [GC 32.443: [DefNew: 959K->64K(960K), 0.0035175 secs] 194638K->194293K(524224K), 0.0035849 secs] [Times: user=0.02 sys=0.00, real=0.00 secs] 
32.449: [GC 32.449: [DefNew: 960K->63K(960K), 0.0030493 secs] 195191K->194825K(524224K), 0.0031085 secs] [Times: user=0.00 sys=0.00, real=0.00 secs] 
32.454: [GC 32.454: [DefNew: 959K->64K(960K), 0.0030849 secs] 195721K->195386K(524224K), 0.0031528 secs] [Times: user=0.00 sys=0.00, real=0.00 secs] 
32.458: [GC 32.458: [DefNew: 960K->63K(960K), 0.0033529 secs] 196284K->195953K(524224K), 0.0034160 secs] [Times: user=0.02 sys=0.00, real=0.00 secs] 
32.463: [GC 32.463: [DefNew: 959K->63K(960K), 0.0032370 secs] 196849K->196485K(524224K), 0.0033602 secs] [Times: user=0.00 sys=0.00, real=0.00 secs] 
32.468: [GC 32.468: [DefNew: 959K->64K(960K), 0.0028631 secs] 197382K->197031K(524224K), 0.0029199 secs] [Times: user=0.00 sys=0.00, real=0.00 secs] 
32.473: [GC 32.473: [DefNew: 960K->64K(960K), 0.0031840 secs] 197929K->197599K(524224K), 0.0032408 secs] [Times: user=0.00 sys=0.00, real=0.00 secs] 
32.477: [GC 32.477: [DefNew: 960K->64K(960K), 0.0034439 secs] 198497K->198162K(524224K), 0.0035166 secs] [Times: user=0.00 sys=0.00, real=0.00 secs] 
32.483: [GC 32.483: [DefNew: 960K->63K(960K), 0.0032966 secs] 199059K->198737K(524224K), 0.0033582 secs] [Times: user=0.00 sys=0.00, real=0.00 secs] 
32.488: [GC 32.488: [DefNew: 959K->63K(960K), 0.0032649 secs] 199634K->199298K(524224K), 0.0033313 secs] [Times: user=0.00 sys=0.00, real=0.00 secs] 
32.492: [GC 32.492: [DefNew: 959K->63K(960K), 0.0035589 secs] 200196K->199854K(524224K), 0.0036263 secs] [Times: user=0.00 sys=0.00, real=0.00 secs] 
32.498: [GC 32.498: [DefNew: 959K->63K(960K), 0.0032865 secs] 200752K->200437K(524224K), 0.0033529 secs] [Times: user=0.00 sys=0.00, real=0.00 secs] 
32.502: [GC 32.502: [DefNew: 959K->64K(960K), 0.0033510 secs] 201334K->200962K(524224K), 0.0034141 secs] [Times: user=0.00 sys=0.00, real=0.00 secs] 
32.507: [GC 32.507: [DefNew: 960K->63K(960K), 0.0035700 secs] 201860K->201531K(524224K), 0.0036421 secs] [Times: user=0.02 sys=0.00, real=0.00 secs] 
32.512: [GC 32.512: [DefNew: 959K->63K(960K), 0.0034068 secs] 202427K->202119K(524224K), 0.0034737 secs] [Times: user=0.00 sys=0.00, real=0.00 secs] 
32.518: [GC 32.518: [DefNew: 959K->63K(960K), 0.0033467 secs] 203015K->202704K(524224K), 0.0034078 secs] [Times: user=0.00 sys=0.00, real=0.00 secs] 
32.523: [GC 32.523: [DefNew: 959K->63K(960K), 0.0039309 secs] 203601K->203278K(524224K), 0.0039973 secs] [Times: user=0.00 sys=0.00, real=0.00 secs] 
32.528: [GC 32.528: [DefNew: 959K->63K(960K), 0.0033400 secs] 204175K->203848K(524224K), 0.0034006 secs] [Times: user=0.00 sys=0.00, real=0.00 secs] 
32.533: [GC 32.533: [DefNew: 959K->64K(960K), 0.0033486 secs] 204745K->204424K(524224K), 0.0034107 secs] [Times: user=0.00 sys=0.00, real=0.00 secs] 
32.537: [GC 32.537: [DefNew: 960K->64K(960K), 0.0036258 secs] 205321K->204986K(524224K), 0.0037129 secs] [Times: user=0.02 sys=0.00, real=0.00 secs] 
32.543: [GC 32.543: [DefNew: 960K->64K(960K), 0.0035931 secs] 205883K->205580K(524224K), 0.0036590 secs] [Times: user=0.00 sys=0.00, real=0.00 secs] 
32.549: [GC 32.549: [DefNew: 960K->64K(960K), 0.0031066 secs] 206478K->206149K(524224K), 0.0031638 secs] [Times: user=0.00 sys=0.00, real=0.00 secs] 
32.553: [GC 32.553: [DefNew: 960K->63K(960K), 0.0032577 secs] 207046K->206711K(524224K), 0.0033212 secs] [Times: user=0.02 sys=0.00, real=0.00 secs] 
32.561: [GC 32.561: [DefNew: 959K->64K(960K), 0.0035955 secs] 207607K->207326K(524224K), 0.0036681 secs] [Times: user=0.00 sys=0.00, real=0.00 secs] 
32.566: [GC 32.566: [DefNew: 960K->63K(960K), 0.0035396 secs] 208223K->207881K(524224K), 0.0036022 secs] [Times: user=0.00 sys=0.00, real=0.00 secs] 
32.572: [GC 32.572: [DefNew: 959K->63K(960K), 0.0037855 secs] 208778K->208420K(524224K), 0.0039525 secs] [Times: user=0.00 sys=0.00, real=0.00 secs] 
32.577: [GC 32.577: [DefNew: 959K->63K(960K), 0.0033919 secs] 209317K->208992K(524224K), 0.0034569 secs] [Times: user=0.00 sys=0.00, real=0.00 secs] 
32.582: [GC 32.582: [DefNew: 959K->63K(960K), 0.0033905 secs] 209889K->209533K(524224K), 0.0034554 secs] [Times: user=0.00 sys=0.00, real=0.00 secs] 
32.587: [GC 32.587: [DefNew: 959K->63K(960K), 0.0032577 secs] 210431K->210099K(524224K), 0.0033193 secs] [Times: user=0.00 sys=0.00, real=0.00 secs] 
32.591: [GC 32.591: [DefNew: 959K->63K(960K), 0.0034218 secs] 210996K->210642K(524224K), 0.0034954 secs] [Times: user=0.00 sys=0.00, real=0.00 secs] 
32.597: [GC 32.597: [DefNew: 959K->63K(960K), 0.0033991 secs] 211539K->211264K(524224K), 0.0034646 secs] [Times: user=0.00 sys=0.00, real=0.00 secs] 
32.602: [GC 32.602: [DefNew: 959K->63K(960K), 0.0034126 secs] 212161K->211817K(524224K), 0.0034781 secs] [Times: user=0.00 sys=0.00, real=0.00 secs] 
32.608: [GC 32.608: [DefNew: 959K->63K(960K), 0.0035642 secs] 212714K->212424K(524224K), 0.0036287 secs] [Times: user=0.00 sys=0.00, real=0.00 secs] 
32.613: [GC 32.613: [DefNew: 959K->64K(960K), 0.0034160 secs] 213323K->213005K(524224K), 0.0034785 secs] [Times: user=0.00 sys=0.00, real=0.00 secs] 
32.619: [GC 32.619: [DefNew: 960K->64K(960K), 0.0033347 secs] 213901K->213594K(524224K), 0.0034030 secs] [Times: user=0.00 sys=0.00, real=0.00 secs] 
32.624: [GC 32.624: [DefNew: 960K->64K(960K), 0.0033409 secs] 214490K->214140K(524224K), 0.0034078 secs] [Times: user=0.00 sys=0.00, real=0.00 secs] 
32.628: [GC 32.628: [DefNew: 960K->63K(960K), 0.0033048 secs] 215037K->214703K(524224K), 0.0033664 secs] [Times: user=0.00 sys=0.00, real=0.00 secs] 
32.633: [GC 32.633: [DefNew: 959K->63K(960K), 0.0034800 secs] 215599K->215287K(524224K), 0.0035493 secs] [Times: user=0.00 sys=0.00, real=0.00 secs] 
32.638: [GC 32.638: [DefNew: 959K->64K(960K), 0.0033568 secs] 216183K->215847K(524224K), 0.0034275 secs] [Times: user=0.00 sys=0.00, real=0.00 secs] 
32.644: [GC 32.644: [DefNew: 960K->63K(960K), 0.0037316 secs] 216744K->216490K(524224K), 0.0038005 secs] [Times: user=0.02 sys=0.00, real=0.00 secs] 
32.649: [GC 32.649: [DefNew: 959K->64K(960K), 0.0036219 secs] 217387K->217096K(524224K), 0.0036830 secs] [Times: user=0.00 sys=0.00, real=0.00 secs] 
32.655: [GC 32.655: [DefNew: 960K->63K(960K), 0.0033404 secs] 217992K->217683K(524224K), 0.0034088 secs] [Times: user=0.00 sys=0.00, real=0.00 secs] 
32.660: [GC 32.660: [DefNew: 959K->63K(960K), 0.0032177 secs] 218580K->218244K(524224K), 0.0032822 secs] [Times: user=0.00 sys=0.00, real=0.00 secs] 
32.664: [GC 32.664: [DefNew: 959K->64K(960K), 0.0032091 secs] 219140K->218782K(524224K), 0.0032731 secs] [Times: user=0.00 sys=0.00, real=0.00 secs] 
32.669: [GC 32.669: [DefNew: 960K->64K(960K), 0.0032577 secs] 219679K->219369K(524224K), 0.0033231 secs] [Times: user=0.00 sys=0.00, real=0.00 secs] 
32.673: [GC 32.673: [DefNew: 960K->63K(960K), 0.0033366 secs] 220266K->219936K(524224K), 0.0033977 secs] [Times: user=0.00 sys=0.00, real=0.00 secs] 
32.678: [GC 32.678: [DefNew: 959K->64K(960K), 0.0030984 secs] 220833K->220473K(524224K), 0.0031614 secs] [Times: user=0.01 sys=0.00, real=0.00 secs] 
32.682: [GC 32.682: [DefNew: 960K->64K(960K), 0.0032851 secs] 221370K->221013K(524224K), 0.0033525 secs] [Times: user=0.00 sys=0.00, real=0.00 secs] 
32.688: [GC 32.688: [DefNew: 960K->63K(960K), 0.0035012 secs] 221910K->221579K(524224K), 0.0035743 secs] [Times: user=0.00 sys=0.00, real=0.00 secs] 
32.694: [GC 32.694: [DefNew: 959K->64K(960K), 0.0042051 secs] 222475K->222310K(524224K), 0.0042956 secs] [Times: user=0.02 sys=0.00, real=0.00 secs] 
32.699: [GC 32.699: [DefNew: 960K->64K(960K), 0.0036922 secs] 223206K->222885K(524224K), 0.0037581 secs] [Times: user=0.00 sys=0.00, real=0.00 secs] 
32.705: [GC 32.705: [DefNew: 960K->64K(960K), 0.0035132 secs] 223782K->223457K(524224K), 0.0035825 secs] [Times: user=0.00 sys=0.00, real=0.00 secs] 
32.710: [GC 32.710: [DefNew: 960K->63K(960K), 0.0035353 secs] 224353K->224012K(524224K), 0.0036181 secs] [Times: user=0.02 sys=0.00, real=0.00 secs] 
32.716: [GC 32.716: [DefNew: 959K->63K(960K), 0.0033871 secs] 224909K->224582K(524224K), 0.0034540 secs] [Times: user=0.00 sys=0.00, real=0.00 secs] 
32.722: [GC 32.722: [DefNew: 959K->64K(960K), 0.0034097 secs] 225478K->225125K(524224K), 0.0034742 secs] [Times: user=0.00 sys=0.00, real=0.00 secs] 
32.727: [GC 32.727: [DefNew: 960K->64K(960K), 0.0033741 secs] 226022K->225727K(524224K), 0.0034362 secs] [Times: user=0.00 sys=0.00, real=0.00 secs] 
32.733: [GC 32.733: [DefNew: 960K->63K(960K), 0.0033770 secs] 226623K->226342K(524224K), 0.0034535 secs] [Times: user=0.00 sys=0.00, real=0.00 secs] 
32.738: [GC 32.738: [DefNew: 959K->63K(960K), 0.0040439 secs] 227241K->226981K(524224K), 0.0041397 secs] [Times: user=0.02 sys=0.00, real=0.00 secs] 
32.744: [GC 32.744: [DefNew: 959K->64K(960K), 0.0041888 secs] 227877K->227700K(524224K), 0.0042581 secs] [Times: user=0.00 sys=0.00, real=0.00 secs] 
32.749: [GC 32.749: [DefNew: 960K->63K(960K), 0.0039140 secs] 228597K->228314K(524224K), 0.0039944 secs] [Times: user=0.00 sys=0.00, real=0.00 secs] 
32.755: [GC 32.755: [DefNew: 959K->64K(960K), 0.0038904 secs] 229211K->228974K(524224K), 0.0039698 secs] [Times: user=0.01 sys=0.00, real=0.00 secs] 
32.761: [GC 32.761: [DefNew: 960K->64K(960K), 0.0041609 secs] 229870K->229660K(524224K), 0.0042330 secs] [Times: user=0.00 sys=0.00, real=0.00 secs] 
32.766: [GC 32.766: [DefNew: 960K->64K(960K), 0.0038423 secs] 230557K->230276K(524224K), 0.0039236 secs] [Times: user=0.00 sys=0.00, real=0.00 secs] 
32.772: [GC 32.772: [DefNew: 960K->63K(960K), 0.0038895 secs] 231173K->230888K(524224K), 0.0039718 secs] [Times: user=0.02 sys=0.00, real=0.00 secs] 
32.777: [GC 32.777: [DefNew: 959K->63K(960K), 0.0036513 secs] 231784K->231499K(524224K), 0.0037360 secs] [Times: user=0.00 sys=0.00, real=0.00 secs] 
32.783: [GC 32.783: [DefNew: 959K->63K(960K), 0.0038568 secs] 232397K->232181K(524224K), 0.0039381 secs] [Times: user=0.00 sys=0.00, real=0.00 secs] 
32.788: [GC 32.788: [DefNew: 959K->63K(960K), 0.0039193 secs] 233078K->232794K(524224K), 0.0040021 secs] [Times: user=0.02 sys=0.00, real=0.00 secs] 
32.794: [GC 32.794: [DefNew: 959K->64K(960K), 0.0038134 secs] 233691K->233457K(524224K), 0.0038996 secs] [Times: user=0.00 sys=0.00, real=0.00 secs] 
32.800: [GC 32.800: [DefNew: 960K->64K(960K), 0.0039429 secs] 234355K->234083K(524224K), 0.0040218 secs] [Times: user=0.01 sys=0.00, real=0.00 secs] 
32.805: [GC 32.805: [DefNew: 960K->64K(960K), 0.0041055 secs] 234981K->234706K(524224K), 0.0041859 secs] [Times: user=0.00 sys=0.00, real=0.00 secs] 
32.811: [GC 32.811: [DefNew: 960K->64K(960K), 0.0043981 secs] 235602K->235359K(524224K), 0.0044746 secs] [Times: user=0.00 sys=0.00, real=0.00 secs] 
32.817: [GC 32.817: [DefNew: 960K->64K(960K), 0.0037259 secs] 236256K->235955K(524224K), 0.0038067 secs] [Times: user=0.02 sys=0.00, real=0.00 secs] 
32.823: [GC 32.823: [DefNew: 960K->64K(960K), 0.0036922 secs] 236853K->236605K(524224K), 0.0037687 secs] [Times: user=0.00 sys=0.00, real=0.00 secs] 
32.828: [GC 32.828: [DefNew: 960K->63K(960K), 0.0038678 secs] 237502K->237229K(524224K), 0.0039463 secs] [Times: user=0.00 sys=0.00, real=0.00 secs] 
32.834: [GC 32.834: [DefNew: 959K->64K(960K), 0.0039034 secs] 238125K->237851K(524224K), 0.0039838 secs] [Times: user=0.01 sys=0.00, real=0.00 secs] 
32.840: [GC 32.840: [DefNew: 960K->64K(960K), 0.0040247 secs] 238749K->238507K(524224K), 0.0040998 secs] [Times: user=0.00 sys=0.00, real=0.00 secs] 
32.845: [GC 32.845: [DefNew: 960K->63K(960K), 0.0041204 secs] 239404K->239203K(524224K), 0.0041931 secs] [Times: user=0.00 sys=0.00, real=0.00 secs] 
32.851: [GC 32.851: [DefNew: 959K->64K(960K), 0.0039275 secs] 240100K->239866K(524224K), 0.0040382 secs] [Times: user=0.00 sys=0.00, real=0.00 secs] 
32.856: [GC 32.856: [DefNew: 960K->64K(960K), 0.0038375 secs] 240763K->240473K(524224K), 0.0039188 secs] [Times: user=0.00 sys=0.00, real=0.00 secs] 
32.862: [GC 32.862: [DefNew: 960K->64K(960K), 0.0038524 secs] 241370K->241122K(524224K), 0.0039304 secs] [Times: user=0.00 sys=0.00, real=0.00 secs] 
32.867: [GC 32.867: [DefNew: 960K->63K(960K), 0.0038144 secs] 242019K->241736K(524224K), 0.0038996 secs] [Times: user=0.00 sys=0.00, real=0.00 secs] 
32.873: [GC 32.873: [DefNew: 959K->64K(960K), 0.0038274 secs] 242633K->242350K(524224K), 0.0039106 secs] [Times: user=0.00 sys=0.00, real=0.00 secs] 
32.879: [GC 32.879: [DefNew: 960K->63K(960K), 0.0038572 secs] 243248K->242967K(524224K), 0.0039414 secs] [Times: user=0.02 sys=0.00, real=0.00 secs] 
32.884: [GC 32.884: [DefNew: 959K->64K(960K), 0.0035526 secs] 243866K->243541K(524224K), 0.0036176 secs] [Times: user=0.00 sys=0.00, real=0.00 secs] 
32.890: [GC 32.890: [DefNew: 960K->63K(960K), 0.0044914 secs] 244438K->244169K(524224K), 0.0045675 secs] [Times: user=0.00 sys=0.00, real=0.00 secs] 
32.896: [GC 32.896: [DefNew: 959K->63K(960K), 0.0042441 secs] 245066K->244788K(524224K), 0.0043139 secs] [Times: user=0.02 sys=0.00, real=0.00 secs] 
32.903: [GC 32.903: [DefNew: 959K->63K(960K), 0.0037042 secs] 245685K->245406K(524224K), 0.0037913 secs] [Times: user=0.00 sys=0.00, real=0.00 secs] 
32.908: [GC 32.908: [DefNew: 959K->64K(960K), 0.0035748 secs] 246304K->245983K(524224K), 0.0036542 secs] [Times: user=0.00 sys=0.00, real=0.00 secs] 
32.914: [GC 32.914: [DefNew: 960K->63K(960K), 0.0037538 secs] 246880K->246566K(524224K), 0.0038236 secs] [Times: user=0.00 sys=0.00, real=0.00 secs] 
32.920: [GC 32.920: [DefNew: 959K->64K(960K), 0.0039309 secs] 247463K->247176K(524224K), 0.0040242 secs] [Times: user=0.00 sys=0.00, real=0.00 secs] 
32.925: [GC 32.925: [DefNew: 960K->63K(960K), 0.0036633 secs] 248074K->247733K(524224K), 0.0037321 secs] [Times: user=0.01 sys=0.00, real=0.00 secs] 
32.931: [GC 32.931: [DefNew: 959K->63K(960K), 0.0037697 secs] 248629K->248363K(524224K), 0.0038385 secs] [Times: user=0.00 sys=0.00, real=0.00 secs] 
32.936: [GC 32.936: [DefNew: 959K->63K(960K), 0.0036118 secs] 249260K->248981K(524224K), 0.0037004 secs] [Times: user=0.00 sys=0.00, real=0.00 secs] 
32.942: [GC 32.942: [DefNew: 959K->64K(960K), 0.0038726 secs] 249878K->249624K(524224K), 0.0039520 secs] [Times: user=0.02 sys=0.00, real=0.00 secs] 
32.947: [GC 32.947: [DefNew: 960K->64K(960K), 0.0039852 secs] 250521K->250229K(524224K), 0.0040521 secs] [Times: user=0.00 sys=0.00, real=0.00 secs] 
32.953: [GC 32.953: [DefNew: 960K->63K(960K), 0.0037158 secs] 251126K->250851K(524224K), 0.0037971 secs] [Times: user=0.00 sys=0.00, real=0.00 secs] 
32.959: [GC 32.959: [DefNew: 959K->63K(960K), 0.0037326 secs] 251747K->251457K(524224K), 0.0038288 secs] [Times: user=0.01 sys=0.00, real=0.00 secs] 
32.964: [GC 32.964: [DefNew: 959K->64K(960K), 0.0035459 secs] 252353K->252030K(524224K), 0.0036243 secs] [Times: user=0.00 sys=0.00, real=0.00 secs] 
32.970: [GC 32.970: [DefNew: 960K->64K(960K), 0.0037206 secs] 252927K->252650K(524224K), 0.0038005 secs] [Times: user=0.00 sys=0.00, real=0.00 secs] 
32.975: [GC 32.975: [DefNew: 960K->63K(960K), 0.0037379 secs] 253548K->253236K(524224K), 0.0038178 secs] [Times: user=0.02 sys=0.00, real=0.00 secs] 
32.981: [GC 32.981: [DefNew: 959K->63K(960K), 0.0040151 secs] 254134K->253902K(524224K), 0.0040978 secs] [Times: user=0.00 sys=0.00, real=0.00 secs] 
32.986: [GC 32.986: [DefNew: 959K->63K(960K), 0.0039525 secs] 254798K->254514K(524224K), 0.0040420 secs] [Times: user=0.00 sys=0.00, real=0.00 secs] 
32.992: [GC 32.992: [DefNew: 959K->64K(960K), 0.0040569 secs] 255411K->255086K(524224K), 0.0041253 secs] [Times: user=0.00 sys=0.00, real=0.00 secs] 
32.998: [GC 32.998: [DefNew: 960K->63K(960K), 0.0038596 secs] 255983K->255709K(524224K), 0.0039328 secs] [Times: user=0.00 sys=0.00, real=0.00 secs] 
33.003: [GC 33.003: [DefNew: 959K->63K(960K), 0.0040151 secs] 256606K->256305K(524224K), 0.0041026 secs] [Times: user=0.02 sys=0.00, real=0.00 secs] 
33.011: [GC 33.011: [DefNew: 959K->63K(960K), 0.0039280 secs] 257202K->256904K(524224K), 0.0040487 secs] [Times: user=0.00 sys=0.00, real=0.00 secs] 
33.016: [GC 33.016: [DefNew: 959K->64K(960K), 0.0039275 secs] 257800K->257512K(524224K), 0.0040050 secs] [Times: user=0.00 sys=0.00, real=0.00 secs] 
33.022: [GC 33.022: [DefNew: 960K->64K(960K), 0.0041690 secs] 258408K->258153K(524224K), 0.0042508 secs] [Times: user=0.01 sys=0.00, real=0.00 secs] 
33.027: [GC 33.027: [DefNew: 960K->63K(960K), 0.0039183 secs] 259049K->258763K(524224K), 0.0039963 secs] [Times: user=0.00 sys=0.00, real=0.00 secs] 
33.033: [GC 33.033: [DefNew: 959K->64K(960K), 0.0037634 secs] 259659K->259340K(524224K), 0.0038274 secs] [Times: user=0.00 sys=0.00, real=0.00 secs] 
33.039: [GC 33.039: [DefNew: 960K->63K(960K), 0.0035728 secs] 260236K->259908K(524224K), 0.0036393 secs] [Times: user=0.00 sys=0.00, real=0.00 secs] 
33.044: [GC 33.044: [DefNew: 959K->63K(960K), 0.0035892 secs] 260805K->260472K(524224K), 0.0036503 secs] [Times: user=0.00 sys=0.00, real=0.00 secs] 
33.050: [GC 33.050: [DefNew: 959K->63K(960K), 0.0035791 secs] 261369K->261065K(524224K), 0.0036373 secs] [Times: user=0.00 sys=0.00, real=0.00 secs] 
33.055: [GC 33.055: [DefNew: 959K->63K(960K), 0.0043004 secs] 261962K->261643K(524224K), 0.0043654 secs] [Times: user=0.00 sys=0.00, real=0.00 secs] 
33.062: [GC 33.062: [DefNew: 959K->63K(960K), 0.0038592 secs] 262539K->262268K(524224K), 0.0039347 secs] [Times: user=0.00 sys=0.00, real=0.00 secs] 
33.067: [GC 33.067: [DefNew: 959K->64K(960K), 0.0037124 secs] 263165K->262852K(524224K), 0.0037730 secs] [Times: user=0.01 sys=0.00, real=0.00 secs] 
33.073: [GC 33.073: [DefNew: 960K->63K(960K), 0.0036734 secs] 263749K->263445K(524224K), 0.0037490 secs] [Times: user=0.00 sys=0.00, real=0.00 secs] 
33.079: [GC 33.079: [DefNew: 959K->64K(960K), 0.0037480 secs] 264342K->264044K(524224K), 0.0038110 secs] [Times: user=0.00 sys=0.00, real=0.00 secs] 
33.084: [GC 33.084: [DefNew: 960K->64K(960K), 0.0040213 secs] 264941K->264600K(524224K), 0.0040877 secs] [Times: user=0.02 sys=0.00, real=0.00 secs] 
33.090: [GC 33.090: [DefNew: 960K->64K(960K), 0.0038702 secs] 265498K->265194K(524224K), 0.0039405 secs] [Times: user=0.00 sys=0.00, real=0.00 secs] 
33.095: [GC 33.095: [DefNew: 960K->63K(960K), 0.0039780 secs] 266090K->265799K(524224K), 0.0040483 secs] [Times: user=0.00 sys=0.00, real=0.00 secs] 
33.101: [GC 33.101: [DefNew: 959K->64K(960K), 0.0035709 secs] 266696K->266376K(524224K), 0.0036335 secs] [Times: user=0.00 sys=0.00, real=0.00 secs] 
33.107: [GC 33.107: [DefNew: 960K->64K(960K), 0.0034487 secs] 267273K->266943K(524224K), 0.0035093 secs] [Times: user=0.00 sys=0.00, real=0.00 secs] 
33.112: [GC 33.112: [DefNew: 960K->64K(960K), 0.0036311 secs] 267839K->267518K(524224K), 0.0036975 secs] [Times: user=0.02 sys=0.00, real=0.00 secs] 
33.118: [GC 33.118: [DefNew: 960K->63K(960K), 0.0036296 secs] 268415K->268108K(524224K), 0.0036960 secs] [Times: user=0.00 sys=0.00, real=0.00 secs] 
33.123: [GC 33.123: [DefNew: 959K->63K(960K), 0.0035772 secs] 269004K->268694K(524224K), 0.0036465 secs] [Times: user=0.00 sys=0.00, real=0.00 secs] 
33.129: [GC 33.129: [DefNew: 959K->64K(960K), 0.0035753 secs] 269591K->269281K(524224K), 0.0036402 secs] [Times: user=0.01 sys=0.00, real=0.00 secs] 
33.134: [GC 33.134: [DefNew: 960K->63K(960K), 0.0036571 secs] 270178K->269840K(524224K), 0.0037235 secs] [Times: user=0.00 sys=0.00, real=0.00 secs] 
33.140: [GC 33.140: [DefNew: 959K->63K(960K), 0.0039025 secs] 270737K->270437K(524224K), 0.0039819 secs] [Times: user=0.00 sys=0.00, real=0.00 secs] 
33.146: [GC 33.146: [DefNew: 959K->63K(960K), 0.0039694 secs] 271334K->271058K(524224K), 0.0040391 secs] [Times: user=0.02 sys=0.00, real=0.00 secs] 
33.152: [GC 33.152: [DefNew: 959K->64K(960K), 0.0036349 secs] 271955K->271648K(524224K), 0.0037307 secs] [Times: user=0.00 sys=0.00, real=0.00 secs] 
33.158: [GC 33.158: [DefNew: 960K->64K(960K), 0.0034506 secs] 272544K->272243K(524224K), 0.0035108 secs] [Times: user=0.00 sys=0.00, real=0.00 secs] 
33.163: [GC 33.163: [DefNew: 960K->63K(960K), 0.0037268 secs] 273139K->272807K(524224K), 0.0037903 secs] [Times: user=0.00 sys=0.00, real=0.00 secs] 
33.169: [GC 33.169: [DefNew: 959K->63K(960K), 0.0037706 secs] 273705K->273417K(524224K), 0.0038370 secs] [Times: user=0.00 sys=0.00, real=0.00 secs] 
33.174: [GC 33.174: [DefNew: 959K->64K(960K), 0.0040791 secs] 274314K->274015K(524224K), 0.0041464 secs] [Times: user=0.00 sys=0.00, real=0.00 secs] 
33.181: [GC 33.181: [DefNew: 960K->64K(960K), 0.0040199 secs] 274911K->274629K(524224K), 0.0040969 secs] [Times: user=0.00 sys=0.00, real=0.00 secs] 
33.187: [GC 33.187: [DefNew: 960K->64K(960K), 0.0035704 secs] 275525K->275172K(524224K), 0.0036316 secs] [Times: user=0.00 sys=0.00, real=0.00 secs] 
33.192: [GC 33.192: [DefNew: 960K->64K(960K), 0.0039323 secs] 276069K->275754K(524224K), 0.0039958 secs] [Times: user=0.01 sys=0.00, real=0.00 secs] 
33.198: [GC 33.198: [DefNew: 960K->64K(960K), 0.0037504 secs] 276652K->276344K(524224K), 0.0038414 secs] [Times: user=0.00 sys=0.00, real=0.00 secs] 
33.203: [GC 33.203: [DefNew: 960K->63K(960K), 0.0037701 secs] 277241K->276918K(524224K), 0.0038346 secs] [Times: user=0.00 sys=0.00, real=0.00 secs] 
33.209: [GC 33.209: [DefNew: 959K->64K(960K), 0.0042075 secs] 277816K->277513K(524224K), 0.0042730 secs] [Times: user=0.02 sys=0.00, real=0.00 secs] 
33.214: [GC 33.214: [DefNew: 960K->63K(960K), 0.0037634 secs] 278409K->278078K(524224K), 0.0038216 secs] [Times: user=0.00 sys=0.00, real=0.00 secs] 
33.220: [GC 33.220: [DefNew: 959K->63K(960K), 0.0038856 secs] 278976K->278693K(524224K), 0.0039482 secs] [Times: user=0.00 sys=0.00, real=0.00 secs] 
33.226: [GC 33.226: [DefNew: 959K->64K(960K), 0.0038380 secs] 279590K->279295K(524224K), 0.0039054 secs] [Times: user=0.00 sys=0.00, real=0.00 secs] 
33.231: [GC 33.231: [DefNew: 960K->63K(960K), 0.0039491 secs] 280192K->279858K(524224K), 0.0040131 secs] [Times: user=0.00 sys=0.00, real=0.00 secs] 
33.237: [GC 33.237: [DefNew: 959K->63K(960K), 0.0036941 secs] 280755K->280410K(524224K), 0.0037653 secs] [Times: user=0.00 sys=0.01, real=0.00 secs] 
33.242: [GC 33.242: [DefNew: 959K->63K(960K), 0.0039992 secs] 281307K->280978K(524224K), 0.0040709 secs] [Times: user=0.00 sys=0.00, real=0.00 secs] 
33.248: [GC 33.248: [DefNew: 959K->64K(960K), 0.0040088 secs] 281874K->281623K(524224K), 0.0040718 secs] [Times: user=0.00 sys=0.00, real=0.00 secs] 
33.253: [GC 33.253: [DefNew: 960K->63K(960K), 0.0039891 secs] 282521K->282240K(524224K), 0.0040617 secs] [Times: user=0.02 sys=0.00, real=0.00 secs] 
33.259: [GC 33.259: [DefNew: 959K->63K(960K), 0.0041368 secs] 283136K->282821K(524224K), 0.0042090 secs] [Times: user=0.00 sys=0.00, real=0.00 secs] 
33.265: [GC 33.265: [DefNew: 959K->64K(960K), 0.0037057 secs] 283717K->283401K(524224K), 0.0037706 secs] [Times: user=0.00 sys=0.00, real=0.00 secs] 
33.270: [GC 33.270: [DefNew: 960K->64K(960K), 0.0036407 secs] 284297K->283972K(524224K), 0.0037095 secs] [Times: user=0.01 sys=0.00, real=0.00 secs] 
33.276: [GC 33.276: [DefNew: 960K->63K(960K), 0.0037677 secs] 284869K->284571K(524224K), 0.0038308 secs] [Times: user=0.00 sys=0.00, real=0.00 secs] 
33.281: [GC 33.281: [DefNew: 959K->64K(960K), 0.0040675 secs] 285468K->285154K(524224K), 0.0041310 secs] [Times: user=0.00 sys=0.00, real=0.00 secs] 
33.287: [GC 33.287: [DefNew: 960K->63K(960K), 0.0039506 secs] 286052K->285740K(524224K), 0.0040199 secs] [Times: user=0.02 sys=0.00, real=0.00 secs] 
33.292: [GC 33.292: [DefNew: 959K->63K(960K), 0.0036243 secs] 286637K->286293K(524224K), 0.0036859 secs] [Times: user=0.00 sys=0.00, real=0.00 secs] 
33.298: [GC 33.298: [DefNew: 959K->64K(960K), 0.0036624 secs] 287191K->286872K(524224K), 0.0037316 secs] [Times: user=0.00 sys=0.00, real=0.00 secs] 
33.304: [GC 33.304: [DefNew: 960K->64K(960K), 0.0036927 secs] 287769K->287438K(524224K), 0.0038067 secs] [Times: user=0.00 sys=0.00, real=0.00 secs] 
33.309: [GC 33.309: [DefNew: 960K->64K(960K), 0.0040728 secs] 288335K->288022K(524224K), 0.0041349 secs] [Times: user=0.00 sys=0.00, real=0.00 secs] 
33.315: [GC 33.315: [DefNew: 960K->63K(960K), 0.0040560 secs] 288919K->288635K(524224K), 0.0041214 secs] [Times: user=0.02 sys=0.00, real=0.00 secs] 
33.321: [GC 33.321: [DefNew: 959K->63K(960K), 0.0042470 secs] 289532K->289253K(524224K), 0.0043096 secs] [Times: user=0.00 sys=0.00, real=0.00 secs] 
33.327: [GC 33.327: [DefNew: 959K->64K(960K), 0.0038553 secs] 290151K->289840K(524224K), 0.0039164 secs] [Times: user=0.00 sys=0.00, real=0.00 secs] 
33.332: [GC 33.332: [DefNew: 960K->64K(960K), 0.0035733 secs] 290737K->290393K(524224K), 0.0036455 secs] [Times: user=0.02 sys=0.00, real=0.00 secs] 
33.338: [GC 33.338: [DefNew: 960K->64K(960K), 0.0035700 secs] 291290K->290965K(524224K), 0.0036359 secs] [Times: user=0.00 sys=0.00, real=0.00 secs] 
33.344: [GC 33.344: [DefNew: 960K->64K(960K), 0.0039785 secs] 291861K->291552K(524224K), 0.0040526 secs] [Times: user=0.00 sys=0.00, real=0.00 secs] 
33.349: [GC 33.349: [DefNew: 960K->63K(960K), 0.0039179 secs] 292449K->292115K(524224K), 0.0039862 secs] [Times: user=0.02 sys=0.00, real=0.00 secs] 
33.355: [GC 33.355: [DefNew: 959K->64K(960K), 0.0038260 secs] 293012K->292716K(524224K), 0.0038904 secs] [Times: user=0.00 sys=0.00, real=0.00 secs] 
33.360: [GC 33.360: [DefNew: 960K->64K(960K), 0.0037446 secs] 293615K->293283K(524224K), 0.0038043 secs] [Times: user=0.00 sys=0.00, real=0.00 secs] 
33.366: [GC 33.366: [DefNew: 960K->63K(960K), 0.0037865 secs] 294180K->293887K(524224K), 0.0038515 secs] [Times: user=0.00 sys=0.00, real=0.00 secs] 
33.371: [GC 33.371: [DefNew: 959K->63K(960K), 0.0037769 secs] 294784K->294459K(524224K), 0.0038370 secs] [Times: user=0.00 sys=0.00, real=0.00 secs] 
33.377: [GC 33.377: [DefNew: 959K->63K(960K), 0.0037783 secs] 295355K->295056K(524224K), 0.0038495 secs] [Times: user=0.01 sys=0.00, real=0.00 secs] 
33.383: [GC 33.383: [DefNew: 959K->64K(960K), 0.0039641 secs] 295953K->295652K(524224K), 0.0040305 secs] [Times: user=0.00 sys=0.00, real=0.00 secs] 
33.388: [GC 33.388: [DefNew: 960K->64K(960K), 0.0040165 secs] 296549K->296217K(524224K), 0.0040844 secs] [Times: user=0.00 sys=0.00, real=0.00 secs] 
33.394: [GC 33.394: [DefNew: 960K->63K(960K), 0.0042595 secs] 297114K->296837K(524224K), 0.0043360 secs] [Times: user=0.02 sys=0.00, real=0.00 secs] 
33.400: [GC 33.400: [DefNew: 959K->63K(960K), 0.0042715 secs] 297734K->297428K(524224K), 0.0043404 secs] [Times: user=0.00 sys=0.00, real=0.00 secs] 
33.406: [GC 33.406: [DefNew: 959K->64K(960K), 0.0039660 secs] 298325K->298017K(524224K), 0.0040338 secs] [Times: user=0.00 sys=0.00, real=0.00 secs] 
33.411: [GC 33.411: [DefNew: 960K->64K(960K), 0.0043586 secs] 298915K->298617K(524224K), 0.0044255 secs] [Times: user=0.01 sys=0.00, real=0.00 secs] 
33.418: [GC 33.418: [DefNew: 960K->63K(960K), 0.0039236 secs] 299514K->299219K(524224K), 0.0039963 secs] [Times: user=0.00 sys=0.00, real=0.00 secs] 
33.424: [GC 33.424: [DefNew: 959K->63K(960K), 0.0044380 secs] 300116K->299881K(524224K), 0.0045083 secs] [Times: user=0.02 sys=0.00, real=0.00 secs] 
33.431: [GC 33.431: [DefNew: 959K->63K(960K), 0.0041743 secs] 300778K->300525K(524224K), 0.0042504 secs] [Times: user=0.00 sys=0.00, real=0.00 secs] 
33.437: [GC 33.437: [DefNew: 959K->63K(960K), 0.0039179 secs] 301422K->301108K(524224K), 0.0039828 secs] [Times: user=0.00 sys=0.00, real=0.00 secs] 
33.442: [GC 33.442: [DefNew: 959K->64K(960K), 0.0040146 secs] 302006K->301708K(524224K), 0.0040791 secs] [Times: user=0.02 sys=0.00, real=0.00 secs] 
33.448: [GC 33.448: [DefNew: 960K->64K(960K), 0.0040045 secs] 302605K->302306K(524224K), 0.0040666 secs] [Times: user=0.00 sys=0.00, real=0.00 secs] 
33.453: [GC 33.453: [DefNew: 960K->64K(960K), 0.0037629 secs] 303204K->302886K(524224K), 0.0038288 secs] [Times: user=0.00 sys=0.00, real=0.00 secs] 
33.459: [GC 33.459: [DefNew: 960K->64K(960K), 0.0040064 secs] 303783K->303488K(524224K), 0.0040704 secs] [Times: user=0.00 sys=0.00, real=0.00 secs] 
33.466: [GC 33.466: [DefNew: 960K->63K(960K), 0.0038649 secs] 304386K->304093K(524224K), 0.0039275 secs] [Times: user=0.00 sys=0.00, real=0.00 secs] 
33.471: [GC 33.471: [DefNew: 959K->64K(960K), 0.0039424 secs] 304990K->304690K(524224K), 0.0040078 secs] [Times: user=0.02 sys=0.00, real=0.00 secs] 
33.477: [GC 33.477: [DefNew: 960K->64K(960K), 0.0037918 secs] 305587K->305289K(524224K), 0.0038553 secs] [Times: user=0.00 sys=0.00, real=0.00 secs] 
33.482: [GC 33.482: [DefNew: 960K->64K(960K), 0.0038260 secs] 306185K->305873K(524224K), 0.0038856 secs] [Times: user=0.00 sys=0.00, real=0.00 secs] 
33.488: [GC 33.488: [DefNew: 960K->63K(960K), 0.0038033 secs] 306770K->306463K(524224K), 0.0038664 secs] [Times: user=0.02 sys=0.00, real=0.00 secs] 
33.493: [GC 33.493: [DefNew: 959K->64K(960K), 0.0044332 secs] 307359K->307068K(524224K), 0.0045044 secs] [Times: user=0.00 sys=0.00, real=0.01 secs] 
33.500: [GC 33.500: [DefNew: 960K->64K(960K), 0.0038519 secs] 307964K->307659K(524224K), 0.0039140 secs] [Times: user=0.00 sys=0.00, real=0.00 secs] 
33.506: [GC 33.506: [DefNew: 960K->64K(960K), 0.0047344 secs] 308556K->308288K(524224K), 0.0048033 secs] [Times: user=0.00 sys=0.00, real=0.01 secs] 
33.512: [GC 33.512: [DefNew: 960K->64K(960K), 0.0042778 secs] 309185K->308861K(524224K), 0.0043461 secs] [Times: user=0.00 sys=0.00, real=0.00 secs] 
33.518: [GC 33.518: [DefNew: 960K->64K(960K), 0.0043124 secs] 309759K->309473K(524224K), 0.0044072 secs] [Times: user=0.02 sys=0.00, real=0.00 secs] 
33.524: [GC 33.524: [DefNew: 960K->63K(960K), 0.0042239 secs] 310369K->310060K(524224K), 0.0042980 secs] [Times: user=0.00 sys=0.00, real=0.00 secs] 
33.530: [GC 33.530: [DefNew: 959K->63K(960K), 0.0040199 secs] 310957K->310644K(524224K), 0.0040839 secs] [Times: user=0.00 sys=0.00, real=0.00 secs] 
33.535: [GC 33.535: [DefNew: 959K->63K(960K), 0.0041522 secs] 311541K->311229K(524224K), 0.0042287 secs] [Times: user=0.02 sys=0.00, real=0.00 secs] 
33.541: [GC 33.541: [DefNew: 959K->63K(960K), 0.0041272 secs] 312126K->311857K(524224K), 0.0041936 secs] [Times: user=0.00 sys=0.00, real=0.00 secs] 
33.547: [GC 33.547: [DefNew: 959K->64K(960K), 0.0041243 secs] 312753K->312477K(524224K), 0.0041844 secs] [Times: user=0.00 sys=0.00, real=0.00 secs] 
33.552: [GC 33.552: [DefNew: 960K->63K(960K), 0.0042359 secs] 313374K->313041K(524224K), 0.0043019 secs] [Times: user=0.02 sys=0.00, real=0.00 secs] 
33.558: [GC 33.558: [DefNew: 959K->63K(960K), 0.0045352 secs] 313938K->313662K(524224K), 0.0046069 secs] [Times: user=0.00 sys=0.00, real=0.00 secs] 
33.564: [GC 33.564: [DefNew: 959K->64K(960K), 0.0042927 secs] 314558K->314301K(524224K), 0.0043596 secs] [Times: user=0.00 sys=0.00, real=0.00 secs] 
33.571: [GC 33.571: [DefNew: 960K->64K(960K), 0.0040074 secs] 315198K->314914K(524224K), 0.0040718 secs] [Times: user=0.00 sys=0.00, real=0.00 secs] 
33.576: [GC 33.576: [DefNew: 960K->63K(960K), 0.0040516 secs] 315812K->315511K(524224K), 0.0041132 secs] [Times: user=0.00 sys=0.00, real=0.00 secs] 
33.582: [GC 33.582: [DefNew: 959K->64K(960K), 0.0043197 secs] 316408K->316097K(524224K), 0.0043880 secs] [Times: user=0.02 sys=0.00, real=0.00 secs] 
33.588: [GC 33.588: [DefNew: 960K->64K(960K), 0.0040781 secs] 316993K->316672K(524224K), 0.0041474 secs] [Times: user=0.00 sys=0.00, real=0.00 secs] 
33.593: [GC 33.593: [DefNew: 960K->64K(960K), 0.0041508 secs] 317569K->317296K(524224K), 0.0042196 secs] [Times: user=0.00 sys=0.00, real=0.00 secs] 
33.599: [GC 33.599: [DefNew: 960K->63K(960K), 0.0040848 secs] 318193K->317876K(524224K), 0.0041493 secs] [Times: user=0.01 sys=0.00, real=0.00 secs] 
33.604: [GC 33.604: [DefNew: 959K->64K(960K), 0.0041108 secs] 318773K->318464K(524224K), 0.0041816 secs] [Times: user=0.00 sys=0.00, real=0.00 secs] 
33.610: [GC 33.610: [DefNew: 960K->64K(960K), 0.0040810 secs] 319361K->319046K(524224K), 0.0041522 secs] [Times: user=0.00 sys=0.00, real=0.00 secs] 
33.615: [GC 33.615: [DefNew: 960K->63K(960K), 0.0041281 secs] 319943K->319689K(524224K), 0.0041936 secs] [Times: user=0.00 sys=0.00, real=0.00 secs] 
33.621: [GC 33.621: [DefNew: 959K->63K(960K), 0.0042297 secs] 320586K->320282K(524224K), 0.0042970 secs] [Times: user=0.00 sys=0.00, real=0.00 secs] 
33.627: [GC 33.627: [DefNew: 959K->63K(960K), 0.0040872 secs] 321178K->320890K(524224K), 0.0041508 secs] [Times: user=0.02 sys=0.00, real=0.00 secs] 
33.632: [GC 33.632: [DefNew: 959K->63K(960K), 0.0039487 secs] 321787K->321469K(524224K), 0.0040141 secs] [Times: user=0.00 sys=0.00, real=0.00 secs] 
33.638: [GC 33.638: [DefNew: 959K->63K(960K), 0.0046883 secs] 322366K->322076K(524224K), 0.0047614 secs] [Times: user=0.00 sys=0.00, real=0.00 secs] 
33.644: [GC 33.644: [DefNew: 959K->64K(960K), 0.0053311 secs] 322974K->322869K(524224K), 0.0054052 secs] [Times: user=0.02 sys=0.00, real=0.01 secs] 
33.652: [GC 33.652: [DefNew: 960K->64K(960K), 0.0045429 secs] 323766K->323480K(524224K), 0.0046089 secs] [Times: user=0.00 sys=0.00, real=0.00 secs] 
33.658: [GC 33.658: [DefNew: 960K->64K(960K), 0.0039386 secs] 324377K->324067K(524224K), 0.0040074 secs] [Times: user=0.02 sys=0.00, real=0.00 secs] 
33.664: [GC 33.664: [DefNew: 960K->64K(960K), 0.0040709 secs] 324964K->324654K(524224K), 0.0041334 secs] [Times: user=0.00 sys=0.00, real=0.00 secs] 
33.670: [GC 33.670: [DefNew: 960K->63K(960K), 0.0043187 secs] 325551K->325263K(524224K), 0.0043909 secs] [Times: user=0.00 sys=0.00, real=0.00 secs] 
33.675: [GC 33.675: [DefNew: 959K->63K(960K), 0.0055505 secs] 326160K->325851K(524224K), 0.0056227 secs] [Times: user=0.02 sys=0.00, real=0.00 secs] 
33.683: [GC 33.683: [DefNew: 959K->63K(960K), 0.0043307 secs] 326749K->326470K(524224K), 0.0044010 secs] [Times: user=0.00 sys=0.00, real=0.00 secs] 
33.688: [GC 33.688: [DefNew: 959K->63K(960K), 0.0039790 secs] 327366K->327051K(524224K), 0.0040425 secs] [Times: user=0.00 sys=0.00, real=0.00 secs] 
33.694: [GC 33.694: [DefNew: 959K->63K(960K), 0.0041209 secs] 327949K->327669K(524224K), 0.0041926 secs] [Times: user=0.00 sys=0.00, real=0.00 secs] 
33.699: [GC 33.699: [DefNew: 959K->64K(960K), 0.0039597 secs] 328566K->328249K(524224K), 0.0040189 secs] [Times: user=0.00 sys=0.00, real=0.00 secs] 
33.705: [GC 33.705: [DefNew: 960K->64K(960K), 0.0038005 secs] 329145K->328841K(524224K), 0.0038635 secs] [Times: user=0.02 sys=0.00, real=0.00 secs] 
33.711: [GC 33.711: [DefNew: 960K->64K(960K), 0.0039477 secs] 329739K->329415K(524224K), 0.0040184 secs] [Times: user=0.00 sys=0.00, real=0.00 secs] 
33.716: [GC 33.716: [DefNew: 960K->63K(960K), 0.0039708 secs] 330312K->329990K(524224K), 0.0040324 secs] [Times: user=0.00 sys=0.00, real=0.00 secs] 
33.722: [GC 33.722: [DefNew: 959K->63K(960K), 0.0040718 secs] 330888K->330604K(524224K), 0.0041426 secs] [Times: user=0.02 sys=0.00, real=0.00 secs] 
33.727: [GC 33.727: [DefNew: 959K->63K(960K), 0.0042788 secs] 331501K->331203K(524224K), 0.0043461 secs] [Times: user=0.00 sys=0.00, real=0.00 secs] 
33.733: [GC 33.733: [DefNew: 959K->64K(960K), 0.0041132 secs] 332100K->331846K(524224K), 0.0041767 secs] [Times: user=0.00 sys=0.00, real=0.00 secs] 
33.738: [GC 33.738: [DefNew: 960K->64K(960K), 0.0050708 secs] 332744K->332435K(524224K), 0.0051993 secs] [Times: user=0.02 sys=0.00, real=0.00 secs] 
33.745: [GC 33.745: [DefNew: 960K->63K(960K), 0.0047542 secs] 333332K->333076K(524224K), 0.0048331 secs] [Times: user=0.00 sys=0.00, real=0.01 secs] 
33.752: [GC 33.752: [DefNew: 959K->64K(960K), 0.0044159 secs] 333972K->333671K(524224K), 0.0045020 secs] [Times: user=0.01 sys=0.00, real=0.00 secs] 
33.758: [GC 33.758: [DefNew: 960K->63K(960K), 0.0059812 secs] 334568K->334358K(524224K), 0.0060606 secs] [Times: user=0.00 sys=0.00, real=0.01 secs] 
33.766: [GC 33.766: [DefNew: 959K->63K(960K), 0.0043880 secs] 335254K->334984K(524224K), 0.0044554 secs] [Times: user=0.00 sys=0.00, real=0.00 secs] 
33.772: [GC 33.772: [DefNew: 959K->64K(960K), 0.0041219 secs] 335882K->335588K(524224K), 0.0041888 secs] [Times: user=0.00 sys=0.00, real=0.00 secs] 
33.778: [GC 33.778: [DefNew: 960K->63K(960K), 0.0042302 secs] 336487K->336207K(524224K), 0.0043004 secs] [Times: user=0.00 sys=0.00, real=0.00 secs] 
33.783: [GC 33.783: [DefNew: 959K->63K(960K), 0.0041638 secs] 337104K->336783K(524224K), 0.0042330 secs] [Times: user=0.01 sys=0.00, real=0.00 secs] 
33.789: [GC 33.789: [DefNew: 959K->63K(960K), 0.0040868 secs] 337680K->337405K(524224K), 0.0041565 secs] [Times: user=0.00 sys=0.00, real=0.00 secs] 
33.795: [GC 33.795: [DefNew: 959K->63K(960K), 0.0041512 secs] 338302K->338001K(524224K), 0.0042220 secs] [Times: user=0.00 sys=0.00, real=0.00 secs] 
33.800: [GC 33.800: [DefNew: 959K->63K(960K), 0.0041801 secs] 338899K->338601K(524224K), 0.0042557 secs] [Times: user=0.02 sys=0.00, real=0.00 secs] 
33.806: [GC 33.806: [DefNew: 959K->63K(960K), 0.0045145 secs] 339499K->339287K(524224K), 0.0046079 secs] [Times: user=0.00 sys=0.00, real=0.00 secs] 
33.812: [GC 33.812: [DefNew: 959K->63K(960K), 0.0049596 secs] 340184K->340009K(524224K), 0.0050313 secs] [Times: user=0.00 sys=0.00, real=0.01 secs] 
33.819: [GC 33.819: [DefNew: 959K->63K(960K), 0.0047359 secs] 340906K->340674K(524224K), 0.0048211 secs] [Times: user=0.00 sys=0.00, real=0.00 secs] 
33.825: [GC 33.825: [DefNew: 959K->64K(960K), 0.0043004 secs] 341571K->341265K(524224K), 0.0043846 secs] [Times: user=0.00 sys=0.00, real=0.01 secs] 
33.832: [GC 33.832: [DefNew: 960K->64K(960K), 0.0042744 secs] 342162K->341869K(524224K), 0.0043557 secs] [Times: user=0.02 sys=0.00, real=0.00 secs] 
33.839: [GC 33.839: [DefNew: 960K->64K(960K), 0.0050949 secs] 342765K->342519K(524224K), 0.0051637 secs] [Times: user=0.00 sys=0.00, real=0.00 secs] 
33.845: [GC 33.845: [DefNew: 960K->63K(960K), 0.0044732 secs] 343415K->343214K(524224K), 0.0045396 secs] [Times: user=0.02 sys=0.00, real=0.00 secs] 
33.852: [GC 33.852: [DefNew: 959K->63K(960K), 0.0045838 secs] 344111K->343819K(524224K), 0.0046551 secs] [Times: user=0.00 sys=0.00, real=0.00 secs] 
33.858: [GC 33.858: [DefNew: 959K->63K(960K), 0.0043933 secs] 344717K->344505K(524224K), 0.0044756 secs] [Times: user=0.00 sys=0.00, real=0.00 secs] 
33.865: [GC 33.865: [DefNew: 959K->64K(960K), 0.0045819 secs] 345402K->345190K(524224K), 0.0046671 secs] [Times: user=0.00 sys=0.00, real=0.00 secs] 
33.871: [GC 33.871: [DefNew: 960K->63K(960K), 0.0044818 secs] 346086K->345852K(524224K), 0.0045636 secs] [Times: user=0.00 sys=0.00, real=0.01 secs] 
33.878: [GC 33.878: [DefNew: 959K->63K(960K), 0.0046541 secs] 346749K->346531K(524224K), 0.0047335 secs] [Times: user=0.02 sys=0.00, real=0.00 secs] 
33.885: [GC 33.885: [DefNew: 959K->63K(960K), 0.0043548 secs] 347427K->347151K(524224K), 0.0044236 secs] [Times: user=0.00 sys=0.00, real=0.00 secs] 
33.891: [GC 33.891: [DefNew: 959K->63K(960K), 0.0045246 secs] 348048K->347832K(524224K), 0.0045920 secs] [Times: user=0.02 sys=0.00, real=0.01 secs] 
33.898: [GC 33.898: [DefNew: 959K->63K(960K), 0.0047835 secs] 348729K->348549K(524224K), 0.0048485 secs] [Times: user=0.00 sys=0.00, real=0.00 secs] 
33.904: [GC 33.904: [DefNew: 959K->63K(960K), 0.0044145 secs] 349446K->349154K(524224K), 0.0044780 secs] [Times: user=0.00 sys=0.00, real=0.00 secs] 
33.911: [GC 33.911: [DefNew: 959K->64K(960K), 0.0045877 secs] 350051K->349785K(524224K), 0.0046608 secs] [Times: user=0.02 sys=0.00, real=0.00 secs] 
33.917: [GC 33.917: [DefNew: 960K->63K(960K), 0.0042258 secs] 350683K->350379K(524224K), 0.0042985 secs] [Times: user=0.00 sys=0.00, real=0.00 secs] 
33.923: [GC 33.923: [DefNew: 959K->63K(960K), 0.0043076 secs] 351276K->350954K(524224K), 0.0043890 secs] [Times: user=0.02 sys=0.00, real=0.00 secs] 
33.930: [GC 33.930: [DefNew: 959K->63K(960K), 0.0044457 secs] 351850K->351636K(524224K), 0.0045141 secs] [Times: user=0.00 sys=0.00, real=0.00 secs] 
33.936: [GC 33.936: [DefNew: 959K->64K(960K), 0.0040680 secs] 352533K->352209K(524224K), 0.0041310 secs] [Times: user=0.00 sys=0.00, real=0.00 secs] 
33.942: [GC 33.942: [DefNew: 960K->63K(960K), 0.0051170 secs] 353106K->352799K(524224K), 0.0051844 secs] [Times: user=0.01 sys=0.00, real=0.00 secs] 
33.948: [GC 33.948: [DefNew: 959K->64K(960K), 0.0039506 secs] 353696K->353398K(524224K), 0.0040160 secs] [Times: user=0.00 sys=0.00, real=0.00 secs] 
33.954: [GC 33.954: [DefNew: 960K->64K(960K), 0.0043601 secs] 354295K->353997K(524224K), 0.0044303 secs] [Times: user=0.00 sys=0.00, real=0.00 secs] 
33.960: [GC 33.960: [DefNew: 960K->64K(960K), 0.0041180 secs] 354894K->354584K(524224K), 0.0041878 secs] [Times: user=0.00 sys=0.00, real=0.00 secs] 
33.966: [GC 33.966: [DefNew: 960K->63K(960K), 0.0042653 secs] 355480K->355203K(524224K), 0.0043298 secs] [Times: user=0.00 sys=0.00, real=0.00 secs] 
33.972: [GC 33.972: [DefNew: 959K->64K(960K), 0.0042687 secs] 356099K->355780K(524224K), 0.0043375 secs] [Times: user=0.01 sys=0.00, real=0.00 secs] 
33.977: [GC 33.977: [DefNew: 960K->63K(960K), 0.0041368 secs] 356677K->356381K(524224K), 0.0042042 secs] [Times: user=0.00 sys=0.00, real=0.00 secs] 
33.983: [GC 33.983: [DefNew: 959K->64K(960K), 0.0042687 secs] 357277K->356982K(524224K), 0.0043312 secs] [Times: user=0.00 sys=0.00, real=0.00 secs] 
33.988: [GC 33.988: [DefNew: 960K->63K(960K), 0.0049192 secs] 357878K->357587K(524224K), 0.0049919 secs] [Times: user=0.02 sys=0.00, real=0.00 secs] 
33.995: [GC 33.995: [DefNew: 959K->63K(960K), 0.0044486 secs] 358484K->358242K(524224K), 0.0045198 secs] [Times: user=0.00 sys=0.00, real=0.00 secs] 
34.001: [GC 34.001: [DefNew: 959K->63K(960K), 0.0043692 secs] 359139K->358853K(524224K), 0.0044419 secs] [Times: user=0.02 sys=0.00, real=0.00 secs] 
34.008: [GC 34.008: [DefNew: 959K->63K(960K), 0.0046642 secs] 359750K->359466K(524224K), 0.0047354 secs] [Times: user=0.00 sys=0.00, real=0.01 secs] 
34.015: [GC 34.015: [DefNew: 959K->64K(960K), 0.0044385 secs] 360363K->360104K(524224K), 0.0045035 secs] [Times: user=0.00 sys=0.00, real=0.00 secs] 
34.022: [GC 34.022: [DefNew: 960K->64K(960K), 0.0042302 secs] 361001K->360685K(524224K), 0.0042966 secs] [Times: user=0.00 sys=0.00, real=0.00 secs] 
34.028: [GC 34.028: [DefNew: 960K->64K(960K), 0.0045680 secs] 361583K->361297K(524224K), 0.0048321 secs] [Times: user=0.00 sys=0.00, real=0.01 secs] 
34.034: [GC 34.034: [DefNew: 960K->63K(960K), 0.0043827 secs] 362194K->361916K(524224K), 0.0044472 secs] [Times: user=0.02 sys=0.00, real=0.00 secs] 
34.041: [GC 34.041: [DefNew: 959K->64K(960K), 0.0045386 secs] 362813K->362557K(524224K), 0.0046050 secs] [Times: user=0.00 sys=0.00, real=0.00 secs] 
34.047: [GC 34.047: [DefNew: 960K->63K(960K), 0.0045453 secs] 363454K->363175K(524224K), 0.0046108 secs] [Times: user=0.02 sys=0.00, real=0.00 secs] 
34.054: [GC 34.054: [DefNew: 959K->63K(960K), 0.0048259 secs] 364072K->363795K(524224K), 0.0048928 secs] [Times: user=0.00 sys=0.00, real=0.01 secs] 
34.062: [GC 34.062: [DefNew: 959K->63K(960K), 0.0044837 secs] 364691K->364477K(524224K), 0.0045540 secs] [Times: user=0.00 sys=0.00, real=0.00 secs] 
34.068: [GC 34.068: [DefNew: 959K->63K(960K), 0.0045766 secs] 365374K->365058K(524224K), 0.0046449 secs] [Times: user=0.00 sys=0.00, real=0.00 secs] 
34.075: [GC 34.075: [DefNew: 959K->64K(960K), 0.0042326 secs] 365955K->365669K(524224K), 0.0042951 secs] [Times: user=0.00 sys=0.00, real=0.00 secs] 
34.080: [GC 34.080: [DefNew: 960K->63K(960K), 0.0041912 secs] 366566K->366260K(524224K), 0.0042518 secs] [Times: user=0.02 sys=0.00, real=0.00 secs] 
34.086: [GC 34.086: [DefNew: 959K->63K(960K), 0.0040949 secs] 367156K->366876K(524224K), 0.0041609 secs] [Times: user=0.00 sys=0.00, real=0.00 secs] 
34.091: [GC 34.091: [DefNew: 959K->63K(960K), 0.0044539 secs] 367773K->367478K(524224K), 0.0045251 secs] [Times: user=0.00 sys=0.00, real=0.00 secs] 
34.098: [GC 34.098: [DefNew: 959K->63K(960K), 0.0043245 secs] 368374K->368119K(524224K), 0.0044351 secs] [Times: user=0.02 sys=0.00, real=0.00 secs] 
34.104: [GC 34.104: [DefNew: 959K->63K(960K), 0.0043447 secs] 369015K->368708K(524224K), 0.0044077 secs] [Times: user=0.00 sys=0.00, real=0.00 secs] 
34.111: [GC 34.111: [DefNew: 959K->63K(960K), 0.0045237 secs] 369605K->369312K(524224K), 0.0045877 secs] [Times: user=0.02 sys=0.00, real=0.00 secs] 
34.118: [GC 34.118: [DefNew: 959K->64K(960K), 0.0042292 secs] 370209K->369903K(524224K), 0.0042970 secs] [Times: user=0.00 sys=0.00, real=0.00 secs] 
34.123: [GC 34.123: [DefNew: 960K->64K(960K), 0.0039896 secs] 370799K->370492K(524224K), 0.0040560 secs] [Times: user=0.00 sys=0.00, real=0.00 secs] 
34.129: [GC 34.129: [DefNew: 960K->64K(960K), 0.0043033 secs] 371390K->371117K(524224K), 0.0043716 secs] [Times: user=0.01 sys=0.00, real=0.00 secs] 
34.134: [GC 34.134: [DefNew: 960K->63K(960K), 0.0042090 secs] 372014K->371706K(524224K), 0.0042701 secs] [Times: user=0.00 sys=0.00, real=0.00 secs] 
34.140: [GC 34.140: [DefNew: 959K->64K(960K), 0.0060231 secs] 372603K->372329K(524224K), 0.0061073 secs] [Times: user=0.02 sys=0.00, real=0.01 secs] 
34.147: [GC 34.147: [DefNew: 960K->63K(960K), 0.0047879 secs] 373225K->372961K(524224K), 0.0048624 secs] [Times: user=0.00 sys=0.00, real=0.01 secs] 
34.154: [GC 34.154: [DefNew: 959K->63K(960K), 0.0043769 secs] 373858K->373585K(524224K), 0.0044414 secs] [Times: user=0.00 sys=0.00, real=0.00 secs] 
34.161: [GC 34.161: [DefNew: 959K->63K(960K), 0.0044000 secs] 374482K->374192K(524224K), 0.0044659 secs] [Times: user=0.00 sys=0.00, real=0.00 secs] 
34.167: [GC 34.167: [DefNew: 959K->63K(960K), 0.0043591 secs] 375090K->374809K(524224K), 0.0044265 secs] [Times: user=0.00 sys=0.00, real=0.00 secs] 
34.173: [GC 34.173: [DefNew: 959K->63K(960K), 0.0061386 secs] 375705K->375417K(524224K), 0.0062127 secs] [Times: user=0.01 sys=0.00, real=0.01 secs] 
34.180: [GC 34.180: [DefNew: 959K->63K(960K), 0.0046252 secs] 376314K->376065K(524224K), 0.0046969 secs] [Times: user=0.00 sys=0.00, real=0.01 secs] 
34.187: [GC 34.187: [DefNew: 959K->63K(960K), 0.0043923 secs] 376962K->376686K(524224K), 0.0044631 secs] [Times: user=0.00 sys=0.00, real=0.00 secs] 
34.193: [GC 34.193: [DefNew: 959K->63K(960K), 0.0044621 secs] 377584K->377310K(524224K), 0.0045261 secs] [Times: user=0.00 sys=0.00, real=0.01 secs] 
34.200: [GC 34.200: [DefNew: 959K->63K(960K), 0.0045939 secs] 378207K->377917K(524224K), 0.0046618 secs] [Times: user=0.00 sys=0.00, real=0.00 secs] 
34.207: [GC 34.207: [DefNew: 959K->64K(960K), 0.0042138 secs] 378813K->378510K(524224K), 0.0042773 secs] [Times: user=0.02 sys=0.00, real=0.00 secs] 
34.212: [GC 34.212: [DefNew: 960K->64K(960K), 0.0043837 secs] 379408K->379165K(524224K), 0.0044448 secs] [Times: user=0.00 sys=0.00, real=0.00 secs] 
34.219: [GC 34.219: [DefNew: 960K->64K(960K), 0.0047123 secs] 380061K->379812K(524224K), 0.0048124 secs] [Times: user=0.00 sys=0.02, real=0.01 secs] 
34.225: [GC 34.225: [DefNew: 960K->63K(960K), 0.0042932 secs] 380709K->380409K(524224K), 0.0043639 secs] [Times: user=0.00 sys=0.00, real=0.00 secs] 
34.231: [GC 34.231: [DefNew: 959K->64K(960K), 0.0043803 secs] 381305K->380992K(524224K), 0.0044443 secs] [Times: user=0.00 sys=0.00, real=0.00 secs] 
34.237: [GC 34.237: [DefNew: 960K->63K(960K), 0.0044804 secs] 381890K->381602K(524224K), 0.0045439 secs] [Times: user=0.02 sys=0.00, real=0.00 secs] 
34.244: [GC 34.244: [DefNew: 959K->63K(960K), 0.0051382 secs] 382499K->382271K(524224K), 0.0052118 secs] [Times: user=0.00 sys=0.00, real=0.00 secs] 
34.251: [GC 34.251: [DefNew: 959K->64K(960K), 0.0042441 secs] 383168K->382872K(524224K), 0.0043081 secs] [Times: user=0.02 sys=0.00, real=0.00 secs] 
34.256: [GC 34.256: [DefNew: 960K->63K(960K), 0.0045352 secs] 383768K->383452K(524224K), 0.0046021 secs] [Times: user=0.00 sys=0.00, real=0.01 secs] 
34.263: [GC 34.263: [DefNew: 959K->64K(960K), 0.0051074 secs] 384349K->384215K(524224K), 0.0051839 secs] [Times: user=0.00 sys=0.00, real=0.00 secs] 
34.269: [GC 34.269: [DefNew: 960K->63K(960K), 0.0048600 secs] 385111K->384811K(524224K), 0.0049284 secs] [Times: user=0.02 sys=0.00, real=0.01 secs] 
34.276: [GC 34.276: [DefNew: 959K->63K(960K), 0.0042614 secs] 385708K->385422K(524224K), 0.0043307 secs] [Times: user=0.00 sys=0.00, real=0.00 secs] 
34.281: [GC 34.281: [DefNew: 959K->63K(960K), 0.0041041 secs] 386318K->385978K(524224K), 0.0041748 secs] [Times: user=0.00 sys=0.00, real=0.00 secs] 
34.287: [GC 34.287: [DefNew: 959K->64K(960K), 0.0044366 secs] 386874K->386642K(524224K), 0.0045040 secs] [Times: user=0.00 sys=0.00, real=0.00 secs] 
34.294: [GC 34.294: [DefNew: 960K->64K(960K), 0.0045954 secs] 387539K->387261K(524224K), 0.0046599 secs] [Times: user=0.00 sys=0.00, real=0.00 secs] 
34.300: [GC 34.300: [DefNew: 960K->64K(960K), 0.0043716 secs] 388157K->387873K(524224K), 0.0044366 secs] [Times: user=0.01 sys=0.00, real=0.00 secs] 
34.307: [GC 34.307: [DefNew: 960K->64K(960K), 0.0061901 secs] 388769K->388473K(524224K), 0.0062771 secs] [Times: user=0.00 sys=0.00, real=0.01 secs] 
34.314: [GC 34.314: [DefNew: 960K->64K(960K), 0.0045564 secs] 389369K->389107K(524224K), 0.0046324 secs] [Times: user=0.02 sys=0.00, real=0.01 secs] 
34.321: [GC 34.321: [DefNew: 960K->63K(960K), 0.0043312 secs] 390004K->389731K(524224K), 0.0043952 secs] [Times: user=0.00 sys=0.00, real=0.00 secs] 
34.327: [GC 34.327: [DefNew: 959K->63K(960K), 0.0044385 secs] 390629K->390328K(524224K), 0.0045054 secs] [Times: user=0.00 sys=0.00, real=0.00 secs] 
34.334: [GC 34.334: [DefNew: 959K->64K(960K), 0.0045665 secs] 391226K->390960K(524224K), 0.0046344 secs] [Times: user=0.00 sys=0.00, real=0.01 secs] 
34.341: [GC 34.341: [DefNew: 960K->63K(960K), 0.0062935 secs] 391857K->391623K(524224K), 0.0063705 secs] [Times: user=0.00 sys=0.00, real=0.01 secs] 
34.348: [GC 34.348: [DefNew: 959K->64K(960K), 0.0046430 secs] 392520K->392243K(524224K), 0.0047181 secs] [Times: user=0.02 sys=0.00, real=0.01 secs] 
34.355: [GC 34.355: [DefNew: 960K->64K(960K), 0.0044347 secs] 393140K->392869K(524224K), 0.0045064 secs] [Times: user=0.00 sys=0.00, real=0.00 secs] 
34.361: [GC 34.361: [DefNew: 960K->63K(960K), 0.0041575 secs] 393766K->393462K(524224K), 0.0042244 secs] [Times: user=0.01 sys=0.00, real=0.00 secs] 
34.367: [GC 34.367: [DefNew: 959K->64K(960K), 0.0044496 secs] 394359K->394075K(524224K), 0.0045208 secs] [Times: user=0.00 sys=0.00, real=0.00 secs] 
34.373: [GC 34.373: [DefNew: 960K->64K(960K), 0.0045025 secs] 394973K->394683K(524224K), 0.0045708 secs] [Times: user=0.00 sys=0.00, real=0.01 secs] 
34.380: [GC 34.380: [DefNew: 960K->64K(960K), 0.0045891 secs] 395580K->395291K(524224K), 0.0046695 secs] [Times: user=0.00 sys=0.00, real=0.01 secs] 
34.387: [GC 34.387: [DefNew: 960K->63K(960K), 0.0050910 secs] 396188K->395873K(524224K), 0.0051704 secs] [Times: user=0.00 sys=0.00, real=0.01 secs] 
34.393: [GC 34.393: [DefNew: 959K->63K(960K), 0.0054327 secs] 396770K->396492K(524224K), 0.0055048 secs] [Times: user=0.02 sys=0.00, real=0.01 secs] 
34.400: [GC 34.400: [DefNew: 959K->63K(960K), 0.0045429 secs] 397389K->397103K(524224K), 0.0046117 secs] [Times: user=0.00 sys=0.00, real=0.00 secs] 
34.406: [GC 34.406: [DefNew: 959K->63K(960K), 0.0043264 secs] 398000K->397691K(524224K), 0.0043967 secs] [Times: user=0.00 sys=0.00, real=0.00 secs] 
34.412: [GC 34.412: [DefNew: 959K->63K(960K), 0.0046175 secs] 398587K->398290K(524224K), 0.0046844 secs] [Times: user=0.00 sys=0.00, real=0.00 secs] 
34.418: [GC 34.418: [DefNew: 959K->63K(960K), 0.0043124 secs] 399187K->398903K(524224K), 0.0043813 secs] [Times: user=0.00 sys=0.00, real=0.00 secs] 
34.425: [GC 34.425: [DefNew: 959K->63K(960K), 0.0045145 secs] 399800K->399483K(524224K), 0.0045838 secs] [Times: user=0.01 sys=0.00, real=0.00 secs] 
34.432: [GC 34.432: [DefNew: 959K->64K(960K), 0.0042874 secs] 400379K->400062K(524224K), 0.0043606 secs] [Times: user=0.00 sys=0.00, real=0.00 secs] 
34.438: [GC 34.438: [DefNew: 960K->63K(960K), 0.0051281 secs] 400959K->400682K(524224K), 0.0052026 secs] [Times: user=0.02 sys=0.00, real=0.00 secs] 
34.445: [GC 34.445: [DefNew: 959K->63K(960K), 0.0047614 secs] 401578K->401337K(524224K), 0.0048408 secs] [Times: user=0.00 sys=0.00, real=0.00 secs] 
34.451: [GC 34.451: [DefNew: 959K->64K(960K), 0.0045973 secs] 402234K->401943K(524224K), 0.0046647 secs] [Times: user=0.00 sys=0.00, real=0.00 secs] 
34.458: [GC 34.458: [DefNew: 960K->64K(960K), 0.0046526 secs] 402840K->402549K(524224K), 0.0047547 secs] [Times: user=0.00 sys=0.00, real=0.00 secs] 
34.464: [GC 34.464: [DefNew: 960K->63K(960K), 0.0042119 secs] 403447K->403155K(524224K), 0.0042754 secs] [Times: user=0.00 sys=0.00, real=0.00 secs] 
34.470: [GC 34.470: [DefNew: 959K->63K(960K), 0.0044616 secs] 404053K->403776K(524224K), 0.0045295 secs] [Times: user=0.02 sys=0.00, real=0.00 secs] 
34.478: [GC 34.478: [DefNew: 959K->63K(960K), 0.0045530 secs] 404673K->404418K(524224K), 0.0046247 secs] [Times: user=0.00 sys=0.00, real=0.00 secs] 
34.484: [GC 34.484: [DefNew: 959K->63K(960K), 0.0043028 secs] 405315K->404980K(524224K), 0.0043683 secs] [Times: user=0.00 sys=0.00, real=0.00 secs] 
34.491: [GC 34.491: [DefNew: 959K->63K(960K), 0.0044703 secs] 405876K->405629K(524224K), 0.0045415 secs] [Times: user=0.00 sys=0.00, real=0.00 secs] 
34.497: [GC 34.497: [DefNew: 959K->63K(960K), 0.0045396 secs] 406526K->406247K(524224K), 0.0046146 secs] [Times: user=0.00 sys=0.00, real=0.00 secs] 
34.504: [GC 34.504: [DefNew: 959K->64K(960K), 0.0046190 secs] 407144K->406859K(524224K), 0.0046911 secs] [Times: user=0.02 sys=0.00, real=0.00 secs] 
34.510: [GC 34.510: [DefNew: 960K->64K(960K), 0.0047061 secs] 407757K->407476K(524224K), 0.0047773 secs] [Times: user=0.00 sys=0.00, real=0.00 secs] 
34.517: [GC 34.517: [DefNew: 960K->63K(960K), 0.0047999 secs] 408373K->408112K(524224K), 0.0048701 secs] [Times: user=0.01 sys=0.00, real=0.00 secs] 
34.523: [GC 34.523: [DefNew: 959K->64K(960K), 0.0045242 secs] 409009K->408728K(524224K), 0.0045949 secs] [Times: user=0.00 sys=0.00, real=0.00 secs] 
34.530: [GC 34.530: [DefNew: 960K->64K(960K), 0.0044428 secs] 409625K->409346K(524224K), 0.0045073 secs] [Times: user=0.00 sys=0.00, real=0.00 secs] 
34.537: [GC 34.537: [DefNew: 960K->63K(960K), 0.0046743 secs] 410243K->409958K(524224K), 0.0047450 secs] [Times: user=0.00 sys=0.00, real=0.00 secs] 
34.543: [GC 34.543: [DefNew: 959K->64K(960K), 0.0044558 secs] 410855K->410545K(524224K), 0.0045218 secs] [Times: user=0.00 sys=0.00, real=0.00 secs] 
34.550: [GC 34.550: [DefNew: 960K->64K(960K), 0.0046223 secs] 411443K->411193K(524224K), 0.0046916 secs] [Times: user=0.02 sys=0.00, real=0.00 secs] 
34.556: [GC 34.556: [DefNew: 960K->63K(960K), 0.0044910 secs] 412090K->411786K(524224K), 0.0045631 secs] [Times: user=0.00 sys=0.00, real=0.00 secs] 
34.563: [GC 34.563: [DefNew: 959K->64K(960K), 0.0046902 secs] 412682K->412460K(524224K), 0.0047556 secs] [Times: user=0.02 sys=0.00, real=0.00 secs] 
34.569: [GC 34.569: [DefNew: 960K->64K(960K), 0.0047830 secs] 413357K->413056K(524224K), 0.0048600 secs] [Times: user=0.00 sys=0.00, real=0.00 secs] 
34.576: [GC 34.576: [DefNew: 960K->63K(960K), 0.0043322 secs] 413954K->413689K(524224K), 0.0044005 secs] [Times: user=0.00 sys=0.00, real=0.00 secs] 
34.582: [GC 34.582: [DefNew: 959K->64K(960K), 0.0046863 secs] 414586K->414296K(524224K), 0.0047527 secs] [Times: user=0.01 sys=0.00, real=0.00 secs] 
34.588: [GC 34.588: [DefNew: 960K->64K(960K), 0.0046868 secs] 415194K->414899K(524224K), 0.0047547 secs] [Times: user=0.00 sys=0.00, real=0.01 secs] 
34.595: [GC 34.595: [DefNew: 960K->64K(960K), 0.0050843 secs] 415796K->415541K(524224K), 0.0051430 secs] [Times: user=0.02 sys=0.00, real=0.01 secs] 
34.601: [GC 34.601: [DefNew: 960K->64K(960K), 0.0044732 secs] 416437K->416142K(524224K), 0.0045400 secs] [Times: user=0.00 sys=0.00, real=0.01 secs] 
34.608: [GC 34.608: [DefNew: 960K->64K(960K), 0.0043808 secs] 417039K->416771K(524224K), 0.0044486 secs] [Times: user=0.00 sys=0.00, real=0.00 secs] 
34.614: [GC 34.614: [DefNew: 960K->63K(960K), 0.0047190 secs] 417667K->417375K(524224K), 0.0047903 secs] [Times: user=0.00 sys=0.00, real=0.01 secs] 
34.621: [GC 34.621: [DefNew: 959K->63K(960K), 0.0043553 secs] 418272K->417992K(524224K), 0.0044226 secs] [Times: user=0.00 sys=0.00, real=0.00 secs] 
34.628: [GC 34.628: [DefNew: 959K->63K(960K), 0.0050540 secs] 418889K->418670K(524224K), 0.0051295 secs] [Times: user=0.01 sys=0.00, real=0.00 secs] 
34.634: [GC 34.634: [DefNew: 959K->63K(960K), 0.0047210 secs] 419566K->419280K(524224K), 0.0047864 secs] [Times: user=0.00 sys=0.00, real=0.01 secs] 
34.641: [GC 34.641: [DefNew: 959K->64K(960K), 0.0047450 secs] 420177K->419888K(524224K), 0.0048244 secs] [Times: user=0.02 sys=0.00, real=0.01 secs] 
34.651: [GC 34.651: [DefNew: 960K->64K(960K), 0.0044241 secs] 420786K->420553K(524224K), 0.0044972 secs] [Times: user=0.00 sys=0.00, real=0.01 secs] 
34.658: [GC 34.658: [DefNew: 960K->64K(960K), 0.0049765 secs] 421450K->421196K(524224K), 0.0050443 secs] [Times: user=0.02 sys=0.00, real=0.00 secs] 
34.664: [GC 34.664: [DefNew: 960K->63K(960K), 0.0048682 secs] 422092K->421815K(524224K), 0.0049308 secs] [Times: user=0.00 sys=0.00, real=0.01 secs] 
34.671: [GC 34.671: [DefNew: 959K->64K(960K), 0.0049544 secs] 422711K->422454K(524224K), 0.0050145 secs] [Times: user=0.01 sys=0.00, real=0.00 secs] 
34.678: [GC 34.678: [DefNew: 960K->64K(960K), 0.0047210 secs] 423350K->423078K(524224K), 0.0047965 secs] [Times: user=0.00 sys=0.00, real=0.00 secs] 
34.684: [GC 34.684: [DefNew: 960K->64K(960K), 0.0044655 secs] 423974K->423650K(524224K), 0.0045314 secs] [Times: user=0.00 sys=0.00, real=0.00 secs] 
34.691: [GC 34.691: [DefNew: 960K->63K(960K), 0.0047527 secs] 424547K->424294K(524224K), 0.0048259 secs] [Times: user=0.02 sys=0.00, real=0.00 secs] 
34.697: [GC 34.697: [DefNew: 959K->64K(960K), 0.0044871 secs] 425191K->424903K(524224K), 0.0045487 secs] [Times: user=0.00 sys=0.00, real=0.00 secs] 
34.704: [GC 34.704: [DefNew: 960K->64K(960K), 0.0053210 secs] 425800K->425513K(524224K), 0.0053884 secs] [Times: user=0.01 sys=0.00, real=0.00 secs] 
34.710: [GC 34.710: [DefNew: 960K->63K(960K), 0.0045757 secs] 426411K->426138K(524224K), 0.0046406 secs] [Times: user=0.00 sys=0.00, real=0.01 secs] 
34.717: [GC 34.717: [DefNew: 959K->63K(960K), 0.0046305 secs] 427035K->426771K(524224K), 0.0046902 secs] [Times: user=0.00 sys=0.00, real=0.00 secs] 
34.724: [GC 34.724: [DefNew: 959K->64K(960K), 0.0047835 secs] 427668K->427404K(524224K), 0.0048581 secs] [Times: user=0.00 sys=0.00, real=0.00 secs] 
34.730: [GC 34.730: [DefNew: 960K->63K(960K), 0.0047494 secs] 428301K->428007K(524224K), 0.0048134 secs] [Times: user=0.00 sys=0.00, real=0.00 secs] 
34.737: [GC 34.737: [DefNew: 959K->64K(960K), 0.0052739 secs] 428904K->428622K(524224K), 0.0053451 secs] [Times: user=0.02 sys=0.00, real=0.00 secs] 
34.743: [GC 34.743: [DefNew: 960K->63K(960K), 0.0047830 secs] 429519K->429272K(524224K), 0.0048523 secs] [Times: user=0.00 sys=0.00, real=0.01 secs] 
34.750: [GC 34.750: [DefNew: 959K->63K(960K), 0.0048514 secs] 430169K->429924K(524224K), 0.0049139 secs] [Times: user=0.02 sys=0.00, real=0.00 secs] 
34.756: [GC 34.756: [DefNew: 959K->64K(960K), 0.0054875 secs] 430820K->430542K(524224K), 0.0056001 secs] [Times: user=0.00 sys=0.00, real=0.01 secs] 
34.764: [GC 34.764: [DefNew: 960K->63K(960K), 0.0046445 secs] 431438K->431212K(524224K), 0.0047263 secs] [Times: user=0.00 sys=0.00, real=0.00 secs] 
34.771: [GC 34.771: [DefNew: 959K->64K(960K), 0.0048547 secs] 432109K->431829K(524224K), 0.0049274 secs] [Times: user=0.00 sys=0.00, real=0.00 secs] 
34.777: [GC 34.777: [DefNew: 960K->63K(960K), 0.0046267 secs] 432726K->432437K(524224K), 0.0047017 secs] [Times: user=0.00 sys=0.00, real=0.00 secs] 
34.784: [GC 34.784: [DefNew: 959K->64K(960K), 0.0047922 secs] 433334K->433064K(524224K), 0.0048586 secs] [Times: user=0.01 sys=0.00, real=0.00 secs] 
34.790: [GC 34.790: [DefNew: 960K->64K(960K), 0.0045795 secs] 433961K->433679K(524224K), 0.0046483 secs] [Times: user=0.00 sys=0.00, real=0.00 secs] 
34.797: [GC 34.797: [DefNew: 960K->64K(960K), 0.0047292 secs] 434576K->434278K(524224K), 0.0047999 secs] [Times: user=0.02 sys=0.00, real=0.00 secs] 
34.803: [GC 34.803: [DefNew: 960K->64K(960K), 0.0049981 secs] 435174K->434937K(524224K), 0.0050684 secs] [Times: user=0.00 sys=0.00, real=0.00 secs] 
34.810: [GC 34.810: [DefNew: 960K->63K(960K), 0.0049135 secs] 435833K->435584K(524224K), 0.0049847 secs] [Times: user=0.00 sys=0.00, real=0.00 secs] 
34.817: [GC 34.817: [DefNew: 959K->64K(960K), 0.0052633 secs] 436481K->436255K(524224K), 0.0053311 secs] [Times: user=0.00 sys=0.00, real=0.00 secs] 
34.823: [GC 34.823: [DefNew: 960K->63K(960K), 0.0049736 secs] 437152K->436885K(524224K), 0.0050405 secs] [Times: user=0.00 sys=0.00, real=0.00 secs] 
34.830: [GC 34.830: [DefNew: 959K->63K(960K), 0.0049149 secs] 437782K->437536K(524224K), 0.0049799 secs] [Times: user=0.02 sys=0.00, real=0.00 secs] 
34.836: [GC 34.836: [DefNew: 959K->64K(960K), 0.0045473 secs] 438433K->438152K(524224K), 0.0046185 secs] [Times: user=0.00 sys=0.00, real=0.00 secs] 
34.843: [GC 34.843: [DefNew: 960K->63K(960K), 0.0047340 secs] 439049K->438776K(524224K), 0.0048023 secs] [Times: user=0.02 sys=0.00, real=0.00 secs] 
34.849: [GC 34.849: [DefNew: 959K->63K(960K), 0.0047571 secs] 439673K->439403K(524224K), 0.0048211 secs] [Times: user=0.00 sys=0.00, real=0.00 secs] 
34.856: [GC 34.856: [DefNew: 959K->64K(960K), 0.0049308 secs] 440300K->440044K(524224K), 0.0049991 secs] [Times: user=0.00 sys=0.00, real=0.00 secs] 
34.863: [GC 34.863: [DefNew: 960K->63K(960K), 0.0047797 secs] 440941K->440657K(524224K), 0.0048413 secs] [Times: user=0.00 sys=0.00, real=0.00 secs] 
34.869: [GC 34.869: [DefNew: 959K->63K(960K), 0.0044313 secs] 441554K->441250K(524224K), 0.0044929 secs] [Times: user=0.00 sys=0.00, real=0.00 secs] 
34.876: [GC 34.876: [DefNew: 959K->63K(960K), 0.0049000 secs] 442147K->441906K(524224K), 0.0049659 secs] [Times: user=0.02 sys=0.00, real=0.00 secs] 
34.882: [GC 34.882: [DefNew: 959K->63K(960K), 0.0048754 secs] 442802K->442514K(524224K), 0.0049414 secs] [Times: user=0.00 sys=0.00, real=0.00 secs] 
34.889: [GC 34.889: [DefNew: 959K->63K(960K), 0.0049649 secs] 443411K->443116K(524224K), 0.0050366 secs] [Times: user=0.00 sys=0.00, real=0.00 secs] 
34.895: [GC 34.895: [DefNew: 959K->63K(960K), 0.0047907 secs] 444013K->443761K(524224K), 0.0048586 secs] [Times: user=0.00 sys=0.00, real=0.00 secs] 
34.902: [GC 34.902: [DefNew: 959K->64K(960K), 0.0046724 secs] 444657K->444404K(524224K), 0.0047359 secs] [Times: user=0.00 sys=0.00, real=0.00 secs] 
34.908: [GC 34.908: [DefNew: 960K->64K(960K), 0.0049799 secs] 445300K->445031K(524224K), 0.0050448 secs] [Times: user=0.01 sys=0.00, real=0.00 secs] 
34.915: [GC 34.915: [DefNew: 960K->63K(960K), 0.0045963 secs] 445928K->445661K(524224K), 0.0046709 secs] [Times: user=0.00 sys=0.00, real=0.00 secs] 
34.922: [GC 34.922: [DefNew: 959K->64K(960K), 0.0049572 secs] 446559K->446284K(524224K), 0.0050270 secs] [Times: user=0.02 sys=0.00, real=0.00 secs] 
34.928: [GC 34.928: [DefNew: 960K->63K(960K), 0.0049866 secs] 447181K->446951K(524224K), 0.0050568 secs] [Times: user=0.00 sys=0.00, real=0.00 secs] 
34.935: [GC 34.935: [DefNew: 959K->63K(960K), 0.0050491 secs] 447847K->447594K(524224K), 0.0051165 secs] [Times: user=0.00 sys=0.00, real=0.00 secs] 
34.941: [GC 34.941: [DefNew: 959K->64K(960K), 0.0050092 secs] 448491K->448193K(524224K), 0.0050766 secs] [Times: user=0.00 sys=0.00, real=0.00 secs] 
34.948: [GC 34.948: [DefNew: 960K->64K(960K), 0.0046844 secs] 449091K->448806K(524224K), 0.0047503 secs] [Times: user=0.00 sys=0.00, real=0.00 secs] 
34.954: [GC 34.954: [DefNew: 960K->64K(960K), 0.0050925 secs] 449703K->449450K(524224K), 0.0051593 secs] [Times: user=0.01 sys=0.00, real=0.00 secs] 
34.961: [GC 34.961: [DefNew: 960K->63K(960K), 0.0049717 secs] 450347K->450138K(524224K), 0.0050371 secs] [Times: user=0.00 sys=0.00, real=0.00 secs] 
34.968: [GC 34.968: [DefNew: 959K->64K(960K), 0.0051223 secs] 451036K->450782K(524224K), 0.0051858 secs] [Times: user=0.02 sys=0.00, real=0.00 secs] 
34.975: [GC 34.975: [DefNew: 960K->64K(960K), 0.0047075 secs] 451678K->451433K(524224K), 0.0047705 secs] [Times: user=0.00 sys=0.00, real=0.01 secs] 
34.982: [GC 34.982: [DefNew: 960K->63K(960K), 0.0049837 secs] 452329K->452071K(524224K), 0.0051728 secs] [Times: user=0.00 sys=0.00, real=0.01 secs] 
34.988: [GC 34.988: [DefNew: 959K->63K(960K), 0.0050371 secs] 452968K->452689K(524224K), 0.0051069 secs] [Times: user=0.00 sys=0.00, real=0.00 secs] 
34.996: [GC 34.996: [DefNew: 959K->64K(960K), 0.0050525 secs] 453585K->453340K(524224K), 0.0051237 secs] [Times: user=0.00 sys=0.00, real=0.01 secs] 
35.002: [GC 35.002: [DefNew: 960K->64K(960K), 0.0052604 secs] 454236K->453993K(524224K), 0.0053345 secs] [Times: user=0.02 sys=0.00, real=0.01 secs] 
35.010: [GC 35.010: [DefNew: 960K->64K(960K), 0.0051877 secs] 454890K->454647K(524224K), 0.0052585 secs] [Times: user=0.00 sys=0.00, real=0.00 secs] 
35.017: [GC 35.017: [DefNew: 960K->63K(960K), 0.0053706 secs] 455543K->455282K(524224K), 0.0054365 secs] [Times: user=0.02 sys=0.00, real=0.00 secs] 
35.024: [GC 35.024: [DefNew: 959K->63K(960K), 0.0049005 secs] 456178K->455896K(524224K), 0.0049654 secs] [Times: user=0.00 sys=0.00, real=0.00 secs] 
35.031: [GC 35.031: [DefNew: 959K->64K(960K), 0.0047980 secs] 456793K->456537K(524224K), 0.0049072 secs] [Times: user=0.02 sys=0.00, real=0.01 secs] 
35.037: [GC 35.037: [DefNew: 960K->64K(960K), 0.0047580 secs] 457433K->457150K(524224K), 0.0048244 secs] [Times: user=0.00 sys=0.00, real=0.00 secs] 
35.044: [GC 35.044: [DefNew: 960K->63K(960K), 0.0049491 secs] 458047K->457798K(524224K), 0.0050198 secs] [Times: user=0.00 sys=0.00, real=0.00 secs] 
35.050: [GC 35.050: [DefNew: 959K->63K(960K), 0.0051083 secs] 458694K->458422K(524224K), 0.0051738 secs] [Times: user=0.00 sys=0.00, real=0.00 secs] 
35.057: [GC 35.057: [DefNew: 959K->63K(960K), 0.0054529 secs] 459318K->459080K(524224K), 0.0055231 secs] [Times: user=0.00 sys=0.00, real=0.00 secs] 
35.065: [GC 35.065: [DefNew: 959K->63K(960K), 0.0050660 secs] 459977K->459747K(524224K), 0.0051324 secs] [Times: user=0.02 sys=0.00, real=0.01 secs] 
35.071: [GC 35.071: [DefNew: 959K->63K(960K), 0.0051430 secs] 460644K->460381K(524224K), 0.0052065 secs] [Times: user=0.00 sys=0.00, real=0.01 secs] 
35.078: [GC 35.078: [DefNew: 959K->63K(960K), 0.0050193 secs] 461279K->461033K(524224K), 0.0050843 secs] [Times: user=0.02 sys=0.00, real=0.01 secs] 
35.084: [GC 35.084: [DefNew: 959K->63K(960K), 0.0049553 secs] 461930K->461648K(524224K), 0.0050285 secs] [Times: user=0.00 sys=0.00, real=0.01 secs] 
35.091: [GC 35.091: [DefNew: 959K->64K(960K), 0.0052450 secs] 462545K->462296K(524224K), 0.0053152 secs] [Times: user=0.00 sys=0.00, real=0.01 secs] 
35.097: [GC 35.097: [DefNew: 960K->63K(960K), 0.0052007 secs] 463193K->462920K(524224K), 0.0052734 secs] [Times: user=0.00 sys=0.00, real=0.01 secs] 
35.104: [GC 35.104: [DefNew: 959K->64K(960K), 0.0047932 secs] 463817K->463560K(524224K), 0.0048596 secs] [Times: user=0.00 sys=0.00, real=0.01 secs] 
35.111: [GC 35.111: [DefNew: 960K->63K(960K), 0.0051170 secs] 464457K->464207K(524224K), 0.0051776 secs] [Times: user=0.02 sys=0.00, real=0.01 secs] 
35.117: [GC 35.117: [DefNew: 959K->64K(960K), 0.0050848 secs] 465104K->464840K(524224K), 0.0051502 secs] [Times: user=0.00 sys=0.00, real=0.01 secs] 
35.124: [GC 35.124: [DefNew: 960K->64K(960K), 0.0050111 secs] 465738K->465483K(524224K), 0.0050713 secs] [Times: user=0.01 sys=0.00, real=0.01 secs] 
35.130: [GC 35.130: [DefNew: 960K->64K(960K), 0.0050775 secs] 466380K->466099K(524224K), 0.0051430 secs] [Times: user=0.00 sys=0.00, real=0.01 secs] 
35.137: [GC 35.137: [DefNew: 960K->63K(960K), 0.0049135 secs] 466996K->466709K(524224K), 0.0049779 secs] [Times: user=0.00 sys=0.00, real=0.01 secs] 
35.143: [GC 35.143: [DefNew: 959K->64K(960K), 0.0054639 secs] 467605K->467377K(524224K), 0.0055366 secs] [Times: user=0.02 sys=0.00, real=0.01 secs] 
35.151: [GC 35.151: [DefNew: 960K->63K(960K), 0.0052604 secs] 468274K->468044K(524224K), 0.0053287 secs] [Times: user=0.00 sys=0.00, real=0.01 secs] 
35.158: [GC 35.158: [DefNew: 959K->63K(960K), 0.0050395 secs] 468940K->468661K(524224K), 0.0051079 secs] [Times: user=0.01 sys=0.00, real=0.00 secs] 
35.164: [GC 35.164: [DefNew: 959K->63K(960K), 0.0049269 secs] 469558K->469275K(524224K), 0.0049933 secs] [Times: user=0.00 sys=0.00, real=0.01 secs] 
35.171: [GC 35.171: [DefNew: 959K->63K(960K), 0.0049736 secs] 470172K->469895K(524224K), 0.0050410 secs] [Times: user=0.02 sys=0.00, real=0.00 secs] 
35.177: [GC 35.177: [DefNew: 959K->63K(960K), 0.0052060 secs] 470791K->470526K(524224K), 0.0052748 secs] [Times: user=0.00 sys=0.00, real=0.01 secs] 
35.184: [GC 35.184: [DefNew: 959K->63K(960K), 0.0049890 secs] 471423K->471172K(524224K), 0.0050525 secs] [Times: user=0.00 sys=0.00, real=0.00 secs] 
35.190: [GC 35.190: [DefNew: 959K->63K(960K), 0.0050756 secs] 472068K->471789K(524224K), 0.0051507 secs] [Times: user=0.02 sys=0.00, real=0.01 secs] 
35.197: [GC 35.197: [DefNew: 959K->64K(960K), 0.0051194 secs] 472686K->472444K(524224K), 0.0051810 secs] [Times: user=0.00 sys=0.00, real=0.01 secs] 
35.203: [GC 35.203: [DefNew: 960K->64K(960K), 0.0051199 secs] 473341K->473051K(524224K), 0.0051834 secs] [Times: user=0.02 sys=0.00, real=0.01 secs] 
35.210: [GC 35.210: [DefNew: 960K->63K(960K), 0.0048470 secs] 473947K->473702K(524224K), 0.0049125 secs] [Times: user=0.00 sys=0.00, real=0.01 secs] 
35.217: [GC 35.217: [DefNew: 959K->63K(960K), 0.0046839 secs] 474599K->474316K(524224K), 0.0047455 secs] [Times: user=0.00 sys=0.00, real=0.00 secs] 
35.223: [GC 35.223: [DefNew: 959K->63K(960K), 0.0052118 secs] 475214K->474946K(524224K), 0.0052782 secs] [Times: user=0.00 sys=0.00, real=0.01 secs] 
35.230: [GC 35.230: [DefNew: 959K->64K(960K), 0.0048528 secs] 475843K->475585K(524224K), 0.0049163 secs] [Times: user=0.00 sys=0.00, real=0.00 secs] 
35.236: [GC 35.236: [DefNew: 960K->63K(960K), 0.0047965 secs] 476481K->476190K(524224K), 0.0048586 secs] [Times: user=0.02 sys=0.00, real=0.01 secs] 
35.243: [GC 35.243: [DefNew: 959K->64K(960K), 0.0049683 secs] 477087K->476816K(524224K), 0.0050371 secs] [Times: user=0.00 sys=0.00, real=0.01 secs] 
35.249: [GC 35.249: [DefNew: 960K->64K(960K), 0.0048629 secs] 477712K->477424K(524224K), 0.0049284 secs] [Times: user=0.02 sys=0.00, real=0.01 secs] 
35.257: [GC 35.257: [DefNew: 960K->64K(960K), 0.0054452 secs] 478320K->478103K(524224K), 0.0055226 secs] [Times: user=0.00 sys=0.00, real=0.00 secs] 
35.265: [GC 35.265: [DefNew: 960K->64K(960K), 0.0055063 secs] 479000K->478775K(524224K), 0.0055761 secs] [Times: user=0.02 sys=0.00, real=0.01 secs] 
35.272: [GC 35.272: [DefNew: 960K->63K(960K), 0.0051930 secs] 479672K->479451K(524224K), 0.0052565 secs] [Times: user=0.00 sys=0.00, real=0.01 secs] 
35.279: [GC 35.279: [DefNew: 959K->63K(960K), 0.0053812 secs] 480348K->480124K(524224K), 0.0054490 secs] [Times: user=0.01 sys=0.00, real=0.01 secs] 
35.286: [GC 35.286: [DefNew: 959K->63K(960K), 0.0052094 secs] 481021K->480769K(524224K), 0.0052777 secs] [Times: user=0.00 sys=0.00, real=0.00 secs] 
35.293: [GC 35.293: [DefNew: 959K->63K(960K), 0.0051921 secs] 481666K->481406K(524224K), 0.0052623 secs] [Times: user=0.00 sys=0.00, real=0.00 secs] 
35.299: [GC 35.299: [DefNew: 959K->64K(960K), 0.0051767 secs] 482303K->482035K(524224K), 0.0052421 secs] [Times: user=0.02 sys=0.00, real=0.01 secs] 
35.306: [GC 35.306: [DefNew: 960K->63K(960K), 0.0052344 secs] 482932K->482679K(524224K), 0.0053037 secs] [Times: user=0.00 sys=0.00, real=0.00 secs] 
35.313: [GC 35.313: [DefNew: 959K->63K(960K), 0.0051569 secs] 483576K->483353K(524224K), 0.0052233 secs] [Times: user=0.01 sys=0.00, real=0.00 secs] 
35.319: [GC 35.319: [DefNew: 959K->64K(960K), 0.0051983 secs] 484250K->483986K(524224K), 0.0052642 secs] [Times: user=0.00 sys=0.00, real=0.00 secs] 
35.326: [GC 35.326: [DefNew: 960K->63K(960K), 0.0051589 secs] 484883K->484641K(524224K), 0.0052214 secs] [Times: user=0.02 sys=0.00, real=0.00 secs] 
35.332: [GC 35.332: [DefNew: 959K->64K(960K), 0.0052671 secs] 485537K->485290K(524224K), 0.0053345 secs] [Times: user=0.00 sys=0.00, real=0.00 secs] 
35.339: [GC 35.339: [DefNew: 960K->63K(960K), 0.0052046 secs] 486186K->485944K(524224K), 0.0052854 secs] [Times: user=0.00 sys=0.00, real=0.00 secs] 
35.345: [GC 35.345: [DefNew: 959K->63K(960K), 0.0056304 secs] 486841K->486601K(524224K), 0.0057262 secs] [Times: user=0.02 sys=0.00, real=0.01 secs] 
35.353: [GC 35.353: [DefNew: 959K->64K(960K), 0.0049351 secs] 487498K->487252K(524224K), 0.0050015 secs] [Times: user=0.00 sys=0.00, real=0.00 secs] 
35.360: [GC 35.360: [DefNew: 960K->64K(960K), 0.0049284 secs] 488149K->487872K(524224K), 0.0049928 secs] [Times: user=0.02 sys=0.00, real=0.01 secs] 
35.367: [GC 35.367: [DefNew: 960K->64K(960K), 0.0051738 secs] 488769K->488502K(524224K), 0.0052460 secs] [Times: user=0.00 sys=0.00, real=0.01 secs] 
35.377: [GC 35.377: [DefNew: 960K->63K(960K), 0.0053061 secs] 489399K->489166K(524224K), 0.0053744 secs] [Times: user=0.02 sys=0.00, real=0.01 secs] 
35.383: [GC 35.383: [DefNew: 959K->64K(960K), 0.0051617 secs] 490063K->489771K(524224K), 0.0052248 secs] [Times: user=0.00 sys=0.00, real=0.01 secs] 
35.390: [GC 35.390: [DefNew: 960K->64K(960K), 0.0051035 secs] 490667K->490396K(524224K), 0.0051719 secs] [Times: user=0.02 sys=0.00, real=0.01 secs] 
35.397: [GC 35.397: [DefNew: 960K->64K(960K), 0.0051261 secs] 491292K->491025K(524224K), 0.0051998 secs] [Times: user=0.00 sys=0.00, real=0.01 secs] 
35.404: [GC 35.404: [DefNew: 960K->64K(960K), 0.0052748 secs] 491922K->491686K(524224K), 0.0053422 secs] [Times: user=0.02 sys=0.00, real=0.01 secs] 
35.411: [GC 35.411: [DefNew: 960K->64K(960K), 0.0052209 secs] 492583K->492303K(524224K), 0.0052878 secs] [Times: user=0.00 sys=0.00, real=0.00 secs] 
35.417: [GC 35.417: [DefNew: 960K->64K(960K), 0.0051127 secs] 493200K->492929K(524224K), 0.0051752 secs] [Times: user=0.00 sys=0.00, real=0.01 secs] 
35.424: [GC 35.424: [DefNew: 960K->64K(960K), 0.0053023 secs] 493826K->493601K(524224K), 0.0053701 secs] [Times: user=0.02 sys=0.00, real=0.01 secs] 
35.430: [GC 35.430: [DefNew: 960K->63K(960K), 0.0052551 secs] 494498K->494247K(524224K), 0.0053220 secs] [Times: user=0.00 sys=0.00, real=0.01 secs] 
35.437: [GC 35.437: [DefNew: 959K->63K(960K), 0.0056564 secs] 495143K->494881K(524224K), 0.0057897 secs] [Times: user=0.01 sys=0.00, real=0.01 secs] 
35.444: [GC 35.444: [DefNew: 959K->63K(960K), 0.0051820 secs] 495777K->495550K(524224K), 0.0052527 secs] [Times: user=0.00 sys=0.00, real=0.00 secs] 
35.452: [GC 35.452: [DefNew: 959K->64K(960K), 0.0057979 secs] 496447K->496191K(524224K), 0.0058667 secs] [Times: user=0.02 sys=0.00, real=0.01 secs] 
35.459: [GC 35.459: [DefNew: 960K->63K(960K), 0.0049712 secs] 497089K->496813K(524224K), 0.0050366 secs] [Times: user=0.00 sys=0.00, real=0.01 secs] 
35.466: [GC 35.466: [DefNew: 959K->64K(960K), 0.0049909 secs] 497710K->497468K(524224K), 0.0050549 secs] [Times: user=0.00 sys=0.00, real=0.01 secs] 
35.473: [GC 35.473: [DefNew: 960K->64K(960K), 0.0057753 secs] 498364K->498097K(524224K), 0.0058470 secs] [Times: user=0.00 sys=0.00, real=0.01 secs] 
35.482: [GC 35.482: [DefNew: 960K->64K(960K), 0.0051969 secs] 498994K->498739K(524224K), 0.0052681 secs] [Times: user=0.01 sys=0.00, real=0.01 secs] 
35.490: [GC 35.490: [DefNew: 960K->64K(960K), 0.0050005 secs] 499635K->499392K(524224K), 0.0052272 secs] [Times: user=0.00 sys=0.00, real=0.00 secs] 
35.496: [GC 35.496: [DefNew: 960K->63K(960K), 0.0052185 secs] 500288K->500034K(524224K), 0.0052844 secs] [Times: user=0.00 sys=0.00, real=0.01 secs] 
35.503: [GC 35.503: [DefNew: 959K->64K(960K), 0.0051103 secs] 500930K->500661K(524224K), 0.0051786 secs] [Times: user=0.00 sys=0.00, real=0.00 secs] 
35.509: [GC 35.509: [DefNew: 960K->64K(960K), 0.0051877 secs] 501558K->501314K(524224K), 0.0052580 secs] [Times: user=0.00 sys=0.00, real=0.01 secs] 
35.516: [GC 35.516: [DefNew: 960K->63K(960K), 0.0052652 secs] 502211K->501959K(524224K), 0.0053335 secs] [Times: user=0.02 sys=0.00, real=0.01 secs] 
35.523: [GC 35.523: [DefNew: 959K->64K(960K), 0.0048384 secs] 502855K->502587K(524224K), 0.0049033 secs] [Times: user=0.00 sys=0.00, real=0.00 secs] 
35.529: [GC 35.529: [DefNew: 960K->64K(960K), 0.0052585 secs] 503484K->503203K(524224K), 0.0053249 secs] [Times: user=0.02 sys=0.00, real=0.01 secs] 
35.536: [GC 35.536: [DefNew: 960K->64K(960K), 0.0051969 secs] 504100K->503853K(524224K), 0.0052618 secs] [Times: user=0.00 sys=0.00, real=0.00 secs] 
35.542: [GC 35.542: [DefNew: 960K->64K(960K), 0.0051146 secs] 504752K->504467K(524224K), 0.0051791 secs] [Times: user=0.00 sys=0.00, real=0.01 secs] 
35.549: [GC 35.549: [DefNew: 960K->63K(960K), 0.0055390 secs] 505363K->505121K(524224K), 0.0056068 secs] [Times: user=0.02 sys=0.00, real=0.01 secs] 
35.556: [GC 35.556: [DefNew: 959K->64K(960K), 0.0055332 secs] 506018K->505762K(524224K), 0.0055996 secs] [Times: user=0.00 sys=0.00, real=0.01 secs] 
35.564: [GC 35.564: [DefNew: 960K->64K(960K), 0.0053003 secs] 506659K->506419K(524224K), 0.0053696 secs] [Times: user=0.02 sys=0.00, real=0.01 secs] 
35.572: [GC 35.572: [DefNew: 960K->63K(960K), 0.0050318 secs] 507315K->507056K(524224K), 0.0050963 secs] [Times: user=0.00 sys=0.00, real=0.01 secs] 
35.578: [GC 35.578: [DefNew: 959K->63K(960K), 0.0051319 secs] 507953K->507690K(524224K), 0.0052036 secs] [Times: user=0.01 sys=0.00, real=0.01 secs] 
35.585: [GC 35.585: [DefNew: 959K->63K(960K), 0.0051444 secs] 508587K->508333K(524224K), 0.0052147 secs] [Times: user=0.00 sys=0.00, real=0.01 secs] 
35.592: [GC 35.592: [DefNew: 959K->63K(960K), 0.0062377 secs] 509229K->509034K(524224K), 0.0063243 secs] [Times: user=0.02 sys=0.00, real=0.01 secs] 
35.601: [GC 35.601: [DefNew: 959K->64K(960K), 0.0053999 secs] 509930K->509702K(524224K), 0.0054716 secs] [Times: user=0.00 sys=0.00, real=0.01 secs] 
35.608: [GC 35.608: [DefNew: 960K->64K(960K), 0.0048057 secs] 510598K->510347K(524224K), 0.0048673 secs] [Times: user=0.02 sys=0.00, real=0.01 secs] 
35.616: [GC 35.616: [DefNew: 960K->64K(960K), 0.0049649 secs] 511244K->511012K(524224K), 0.0050299 secs] [Times: user=0.00 sys=0.00, real=0.00 secs] 
35.623: [GC 35.623: [DefNew: 960K->63K(960K), 0.0049635 secs] 511910K->511640K(524224K), 0.0050342 secs] [Times: user=0.01 sys=0.00, real=0.01 secs] 
35.629: [GC 35.629: [DefNew: 959K->63K(960K), 0.0052065 secs] 512538K->512284K(524224K), 0.0052729 secs] [Times: user=0.00 sys=0.00, real=0.00 secs] 
35.636: [GC 35.636: [DefNew: 959K->63K(960K), 0.0051829 secs] 513181K->512904K(524224K), 0.0052508 secs] [Times: user=0.00 sys=0.00, real=0.00 secs] 
35.642: [GC 35.642: [DefNew: 959K->63K(960K), 0.0054928 secs] 513800K->513565K(524224K), 0.0055621 secs] [Times: user=0.02 sys=0.00, real=0.00 secs] 
35.651: [GC 35.651: [DefNew: 959K->63K(960K), 0.0056978 secs] 514462K->514274K(524224K), 0.0057714 secs] [Times: user=0.00 sys=0.00, real=0.01 secs] 
35.658: [GC 35.658: [DefNew: 959K->63K(960K), 0.0056261 secs] 515171K->514938K(524224K), 0.0056915 secs] [Times: user=0.01 sys=0.00, real=0.01 secs] 
35.666: [GC 35.666: [DefNew: 959K->64K(960K), 0.0052007 secs] 515835K->515567K(524224K), 0.0052681 secs] [Times: user=0.00 sys=0.00, real=0.01 secs] 
35.672: [GC 35.672: [DefNew: 960K->63K(960K), 0.0049505 secs] 516464K->516156K(524224K), 0.0050208 secs] [Times: user=0.02 sys=0.00, real=0.00 secs] 
35.679: [GC 35.679: [DefNew: 959K->63K(960K), 0.0055486 secs] 517053K->516850K(524224K), 0.0056218 secs] [Times: user=0.00 sys=0.00, real=0.01 secs] 
35.687: [GC 35.687: [DefNew: 959K->63K(960K), 0.0052950 secs] 517747K->517518K(524224K), 0.0053629 secs] [Times: user=0.02 sys=0.00, real=0.01 secs] 
35.693: [GC 35.693: [DefNew: 959K->64K(960K), 0.0053335 secs] 518414K->518157K(524224K), 0.0053999 secs] [Times: user=0.00 sys=0.00, real=0.01 secs] 
35.701: [GC 35.701: [DefNew: 960K->64K(960K), 0.0057132 secs] 519054K->518841K(524224K), 0.0057863 secs] [Times: user=0.01 sys=0.00, real=0.01 secs] 
35.708: [GC 35.708: [DefNew: 960K->63K(960K), 0.0052118 secs] 519738K->519468K(524224K), 0.0052792 secs] [Times: user=0.00 sys=0.00, real=0.00 secs] 
35.719: [GC 35.719: [DefNew: 959K->64K(960K), 0.0046199 secs] 520365K->519540K(524224K), 0.0046931 secs] [Times: user=0.02 sys=0.00, real=0.00 secs] 
35.725: [GC 35.725: [DefNew: 960K->63K(960K), 0.0031937 secs] 520437K->520095K(524224K), 0.0032553 secs] [Times: user=0.00 sys=0.00, real=0.00 secs] 
35.730: [GC 35.730: [DefNew: 959K->63K(960K), 0.0034391 secs] 520992K->520634K(524224K), 0.0035007 secs] [Times: user=0.00 sys=0.00, real=0.00 secs] 
35.735: [GC 35.735: [DefNew: 959K->64K(960K), 0.0035926 secs] 521531K->521167K(524224K), 0.0036547 secs] [Times: user=0.01 sys=0.00, real=0.00 secs] 
35.740: [GC 35.740: [DefNew: 960K->64K(960K), 0.0039511 secs] 522064K->521688K(524224K), 0.0040257 secs] [Times: user=0.00 sys=0.00, real=0.00 secs] 
35.746: [GC 35.746: [DefNew: 960K->64K(960K), 0.0037134 secs] 522585K->522274K(524224K), 0.0037851 secs] [Times: user=0.00 sys=0.00, real=0.00 secs] 
35.751: [GC 35.751: [DefNew: 960K->63K(960K), 0.0037567 secs] 523172K->522783K(524224K), 0.0038236 secs] [Times: user=0.02 sys=0.00, real=0.00 secs] 
35.757: [GC 35.757: [DefNew: 959K->959K(960K), 0.0000096 secs]35.757: [Tenured: 522721K->12283K(523264K), 0.1633310 secs] 523681K->12283K(524224K), [Perm : 373K->373K(12288K)], 0.1634363 secs] [Times: user=0.16 sys=0.00, real=0.16 secs] 
35.923: [GC 35.923: [DefNew: 896K->64K(960K), 0.0014445 secs] 13179K->12814K(524224K), 0.0014984 secs] [Times: user=0.02 sys=0.00, real=0.00 secs] 
35.926: [GC 35.926: [DefNew: 960K->63K(960K), 0.0017602 secs] 13712K->13310K(524224K), 0.0018126 secs] [Times: user=0.00 sys=0.00, real=0.00 secs] 
35.930: [GC 35.930: [DefNew: 959K->64K(960K), 0.0017698 secs] 14206K->13806K(524224K), 0.0018203 secs] [Times: user=0.00 sys=0.00, real=0.00 secs] 
35.933: [GC 35.933: [DefNew: 960K->63K(960K), 0.0016620 secs] 14703K->14274K(524224K), 0.0017183 secs] [Times: user=0.00 sys=0.00, real=0.00 secs] 
35.937: [GC 35.937: [DefNew: 959K->63K(960K), 0.0016616 secs] 15171K->14791K(524224K), 0.0017544 secs] [Times: user=0.00 sys=0.00, real=0.00 secs] 
35.941: [GC 35.941: [DefNew: 959K->64K(960K), 0.0020797 secs] 15688K->15283K(524224K), 0.0021442 secs] [Times: user=0.00 sys=0.00, real=0.00 secs] 
35.944: [GC 35.944: [DefNew: 960K->63K(960K), 0.0018608 secs] 16181K->15780K(524224K), 0.0019277 secs] [Times: user=0.00 sys=0.00, real=0.00 secs] 
35.948: [GC 35.948: [DefNew: 959K->64K(960K), 0.0019868 secs] 16677K->16301K(524224K), 0.0020547 secs] [Times: user=0.00 sys=0.00, real=0.00 secs] 
35.951: [GC 35.951: [DefNew: 960K->64K(960K), 0.0018993 secs] 17198K->16796K(524224K), 0.0019618 secs] [Times: user=0.00 sys=0.00, real=0.00 secs] 
35.955: [GC 35.955: [DefNew: 960K->64K(960K), 0.0021235 secs] 17693K->17353K(524224K), 0.0021865 secs] [Times: user=0.00 sys=0.00, real=0.00 secs] 
35.959: [GC 35.959: [DefNew: 960K->64K(960K), 0.0019055 secs] 18249K->17840K(524224K), 0.0019671 secs] [Times: user=0.00 sys=0.00, real=0.00 secs] 
35.962: [GC 35.962: [DefNew: 960K->63K(960K), 0.0019036 secs] 18736K->18324K(524224K), 0.0019719 secs] [Times: user=0.00 sys=0.00, real=0.00 secs] 
35.966: [GC 35.966: [DefNew: 959K->64K(960K), 0.0017973 secs] 19221K->18849K(524224K), 0.0018545 secs] [Times: user=0.00 sys=0.00, real=0.00 secs] 
35.969: [GC 35.969: [DefNew: 960K->64K(960K), 0.0019204 secs] 19745K->19342K(524224K), 0.0019815 secs] [Times: user=0.01 sys=0.00, real=0.00 secs] 
35.973: [GC 35.973: [DefNew: 960K->63K(960K), 0.0020393 secs] 20239K->19858K(524224K), 0.0021278 secs] [Times: user=0.00 sys=0.00, real=0.00 secs] 
35.976: [GC 35.976: [DefNew: 959K->64K(960K), 0.0017746 secs] 20754K->20350K(524224K), 0.0018290 secs] [Times: user=0.00 sys=0.00, real=0.00 secs] 
35.980: [GC 35.980: [DefNew: 960K->63K(960K), 0.0019175 secs] 21248K->20867K(524224K), 0.0019791 secs] [Times: user=0.00 sys=0.00, real=0.00 secs] 
35.984: [GC 35.984: [DefNew: 959K->64K(960K), 0.0022092 secs] 21764K->21394K(524224K), 0.0436128 secs] [Times: user=0.02 sys=0.00, real=0.04 secs] 
36.029: [GC 36.029: [DefNew: 960K->63K(960K), 0.0023535 secs] 22291K->22011K(524224K), 0.0024199 secs] [Times: user=0.00 sys=0.00, real=0.00 secs] 
36.034: [GC 36.034: [DefNew: 959K->64K(960K), 0.0022948 secs] 22909K->22607K(524224K), 0.0023583 secs] [Times: user=0.00 sys=0.00, real=0.00 secs] 
36.038: [GC 36.038: [DefNew: 960K->63K(960K), 0.0021182 secs] 23504K->23168K(524224K), 0.0021846 secs] [Times: user=0.00 sys=0.00, real=0.00 secs] 
36.042: [GC 36.042: [DefNew: 959K->64K(960K), 0.0026331 secs] 24065K->23783K(524224K), 0.0027043 secs] [Times: user=0.00 sys=0.00, real=0.00 secs] 
36.047: [GC 36.047: [DefNew: 960K->64K(960K), 0.0024714 secs] 24681K->24377K(524224K), 0.0025388 secs] [Times: user=0.02 sys=0.00, real=0.00 secs] 
36.051: [GC 36.051: [DefNew: 960K->63K(960K), 0.0027505 secs] 25273K->25039K(524224K), 0.0028232 secs] [Times: user=0.00 sys=0.00, real=0.00 secs] 
36.056: [GC 36.056: [DefNew: 959K->64K(960K), 0.0028463 secs] 25936K->25676K(524224K), 0.0029247 secs] [Times: user=0.00 sys=0.00, real=0.00 secs] 
36.060: [GC 36.060: [DefNew: 960K->64K(960K), 0.0029050 secs] 26573K->26294K(524224K), 0.0029747 secs] [Times: user=0.00 sys=0.00, real=0.00 secs] 
36.065: [GC 36.065: [DefNew: 960K->63K(960K), 0.0025691 secs] 27191K->26895K(524224K), 0.0026446 secs] [Times: user=0.00 sys=0.00, real=0.00 secs] 
36.069: [GC 36.069: [DefNew: 959K->63K(960K), 0.0026461 secs] 27793K->27536K(524224K), 0.0027086 secs] [Times: user=0.00 sys=0.00, real=0.00 secs] 
36.074: [GC 36.074: [DefNew: 959K->63K(960K), 0.0023020 secs] 28432K->28105K(524224K), 0.0023612 secs] [Times: user=0.00 sys=0.00, real=0.00 secs] 
36.078: [GC 36.078: [DefNew: 959K->64K(960K), 0.0026894 secs] 29002K->28678K(524224K), 0.0027587 secs] [Times: user=0.02 sys=0.00, real=0.00 secs] 
36.082: [GC 36.082: [DefNew: 960K->64K(960K), 0.0021432 secs] 29575K->29195K(524224K), 0.0022024 secs] [Times: user=0.00 sys=0.00, real=0.00 secs] 
36.086: [GC 36.086: [DefNew: 960K->63K(960K), 0.0020864 secs] 30091K->29773K(524224K), 0.0021432 secs] [Times: user=0.00 sys=0.00, real=0.00 secs] 
36.089: [GC 36.089: [DefNew: 959K->63K(960K), 0.0023415 secs] 30670K->30342K(524224K), 0.0024064 secs] [Times: user=0.00 sys=0.00, real=0.00 secs] 
36.094: [GC 36.094: [DefNew: 959K->63K(960K), 0.0022943 secs] 31239K->30854K(524224K), 0.0023636 secs] [Times: user=0.02 sys=0.00, real=0.00 secs] 
36.098: [GC 36.098: [DefNew: 959K->63K(960K), 0.0021995 secs] 31751K->31384K(524224K), 0.0022693 secs] [Times: user=0.00 sys=0.00, real=0.00 secs] 
36.102: [GC 36.102: [DefNew: 959K->63K(960K), 0.0021634 secs] 32280K->31916K(524224K), 0.0022289 secs] [Times: user=0.00 sys=0.00, real=0.00 secs] 
36.107: [GC 36.107: [DefNew: 959K->64K(960K), 0.0021702 secs] 32813K->32481K(524224K), 0.0022274 secs] [Times: user=0.00 sys=0.00, real=0.00 secs] 
36.110: [GC 36.110: [DefNew: 960K->63K(960K), 0.0022698 secs] 33379K->33045K(524224K), 0.0023444 secs] [Times: user=0.01 sys=0.00, real=0.00 secs] 
36.115: [GC 36.115: [DefNew: 959K->63K(960K), 0.0024801 secs] 33943K->33656K(524224K), 0.0025431 secs] [Times: user=0.00 sys=0.00, real=0.00 secs] 
36.119: [GC 36.119: [DefNew: 959K->63K(960K), 0.0022419 secs] 34554K->34196K(524224K), 0.0023136 secs] [Times: user=0.00 sys=0.00, real=0.00 secs] 
36.123: [GC 36.123: [DefNew: 959K->63K(960K), 0.0021201 secs] 35093K->34733K(524224K), 0.0021779 secs] [Times: user=0.00 sys=0.00, real=0.00 secs] 
36.127: [GC 36.127: [DefNew: 959K->64K(960K), 0.0024979 secs] 35630K->35322K(524224K), 0.0025739 secs] [Times: user=0.00 sys=0.00, real=0.00 secs] 
36.131: [GC 36.131: [DefNew: 960K->63K(960K), 0.0022967 secs] 36219K->35872K(524224K), 0.0023651 secs] [Times: user=0.00 sys=0.00, real=0.00 secs] 
36.136: [GC 36.136: [DefNew: 959K->63K(960K), 0.0023704 secs] 36769K->36466K(524224K), 0.0024387 secs] [Times: user=0.00 sys=0.00, real=0.00 secs] 
36.140: [GC 36.140: [DefNew: 959K->64K(960K), 0.0026461 secs] 37363K->37035K(524224K), 0.0027125 secs] [Times: user=0.02 sys=0.00, real=0.00 secs] 
36.145: [GC 36.145: [DefNew: 960K->63K(960K), 0.0027924 secs] 37932K->37650K(524224K), 0.0028650 secs] [Times: user=0.00 sys=0.00, real=0.00 secs] 
36.149: [GC 36.149: [DefNew: 959K->64K(960K), 0.0026562 secs] 38547K->38226K(524224K), 0.0027260 secs] [Times: user=0.00 sys=0.00, real=0.00 secs] 
36.154: [GC 36.154: [DefNew: 960K->63K(960K), 0.0023824 secs] 39123K->38785K(524224K), 0.0024522 secs] [Times: user=0.00 sys=0.00, real=0.00 secs] 
36.159: [GC 36.159: [DefNew: 959K->64K(960K), 0.0023930 secs] 39682K->39342K(524224K), 0.0024574 secs] [Times: user=0.00 sys=0.00, real=0.00 secs] 
36.163: [GC 36.163: [DefNew: 960K->63K(960K), 0.0024608 secs] 40239K->39918K(524224K), 0.0025768 secs] [Times: user=0.00 sys=0.00, real=0.00 secs] 
36.168: [GC 36.168: [DefNew: 959K->63K(960K), 0.0024449 secs] 40815K->40500K(524224K), 0.0025032 secs] [Times: user=0.00 sys=0.00, real=0.00 secs] 
36.172: [GC 36.172: [DefNew: 959K->63K(960K), 0.0028386 secs] 41397K->41086K(524224K), 0.0029324 secs] [Times: user=0.01 sys=0.00, real=0.00 secs] 
36.178: [GC 36.178: [DefNew: 959K->64K(960K), 0.0028578 secs] 41983K->41722K(524224K), 0.0029382 secs] [Times: user=0.00 sys=0.00, real=0.00 secs] 
36.183: [GC 36.183: [DefNew: 960K->63K(960K), 0.0027880 secs] 42620K->42300K(524224K), 0.0028881 secs] [Times: user=0.00 sys=0.00, real=0.00 secs] 
36.187: [GC 36.187: [DefNew: 959K->63K(960K), 0.0024579 secs] 43197K->42840K(524224K), 0.0025301 secs] [Times: user=0.02 sys=0.00, real=0.00 secs] 
36.192: [GC 36.192: [DefNew: 959K->63K(960K), 0.0024242 secs] 43736K->43404K(524224K), 0.0024940 secs] [Times: user=0.00 sys=0.00, real=0.00 secs] 
36.196: [GC 36.196: [DefNew: 959K->64K(960K), 0.0023227 secs] 44302K->43979K(524224K), 0.0023934 secs] [Times: user=0.00 sys=0.00, real=0.00 secs] 
36.201: [GC 36.201: [DefNew: 960K->63K(960K), 0.0024040 secs] 44875K->44591K(524224K), 0.0024748 secs] [Times: user=0.00 sys=0.00, real=0.00 secs] 
36.206: [GC 36.206: [DefNew: 959K->64K(960K), 0.0023160 secs] 45489K->45155K(524224K), 0.0023959 secs] [Times: user=0.00 sys=0.00, real=0.00 secs] 
36.210: [GC 36.210: [DefNew: 960K->64K(960K), 0.0024676 secs] 46053K->45733K(524224K), 0.0025311 secs] [Times: user=0.00 sys=0.00, real=0.00 secs] 
36.215: [GC 36.215: [DefNew: 960K->63K(960K), 0.0024295 secs] 46630K->46301K(524224K), 0.0024935 secs] [Times: user=0.00 sys=0.00, real=0.00 secs] 
36.219: [GC 36.219: [DefNew: 959K->63K(960K), 0.0024526 secs] 47198K->46849K(524224K), 0.0025311 secs] [Times: user=0.02 sys=0.00, real=0.00 secs] 
36.224: [GC 36.224: [DefNew: 959K->63K(960K), 0.0024820 secs] 47747K->47471K(524224K), 0.0025479 secs] [Times: user=0.00 sys=0.00, real=0.00 secs] 
36.228: [GC 36.228: [DefNew: 959K->64K(960K), 0.0025032 secs] 48368K->48064K(524224K), 0.0025657 secs] [Times: user=0.00 sys=0.00, real=0.00 secs] 
36.233: [GC 36.233: [DefNew: 960K->64K(960K), 0.0026682 secs] 48961K->48678K(524224K), 0.0027370 secs] [Times: user=0.02 sys=0.00, real=0.00 secs] 
36.238: [GC 36.238: [DefNew: 960K->64K(960K), 0.0024550 secs] 49575K->49222K(524224K), 0.0025359 secs] [Times: user=0.00 sys=0.00, real=0.00 secs] 
36.243: [GC 36.243: [DefNew: 960K->63K(960K), 0.0026288 secs] 50118K->49769K(524224K), 0.0027101 secs] [Times: user=0.00 sys=0.00, real=0.00 secs] 
36.248: [GC 36.248: [DefNew: 959K->64K(960K), 0.0026778 secs] 50665K->50405K(524224K), 0.0027640 secs] [Times: user=0.00 sys=0.00, real=0.00 secs] 
36.252: [GC 36.252: [DefNew: 960K->64K(960K), 0.0023487 secs] 51302K->50903K(524224K), 0.0024440 secs] [Times: user=0.00 sys=0.00, real=0.00 secs] 
36.257: [GC 36.257: [DefNew: 960K->64K(960K), 0.0022024 secs] 51801K->51413K(524224K), 0.0022693 secs] [Times: user=0.00 sys=0.00, real=0.00 secs] 
36.261: [GC 36.261: [DefNew: 960K->64K(960K), 0.0021461 secs] 52310K->51950K(524224K), 0.0022063 secs] [Times: user=0.00 sys=0.00, real=0.00 secs] 
36.266: [GC 36.266: [DefNew: 960K->64K(960K), 0.0025696 secs] 52847K->52466K(524224K), 0.0026374 secs] [Times: user=0.02 sys=0.00, real=0.00 secs] 
36.271: [GC 36.271: [DefNew: 960K->63K(960K), 0.0023189 secs] 53364K->53006K(524224K), 0.0023771 secs] [Times: user=0.00 sys=0.00, real=0.00 secs] 
36.274: [GC 36.274: [DefNew: 959K->64K(960K), 0.0022876 secs] 53903K->53493K(524224K), 0.0023386 secs] [Times: user=0.00 sys=0.00, real=0.00 secs] 
36.278: [GC 36.278: [DefNew: 960K->63K(960K), 0.0022828 secs] 54389K->54001K(524224K), 0.0023381 secs] [Times: user=0.00 sys=0.00, real=0.00 secs] 
36.281: [GC 36.281: [DefNew: 959K->64K(960K), 0.0024358 secs] 54899K->54512K(524224K), 0.0024988 secs] [Times: user=0.02 sys=0.00, real=0.00 secs] 
36.286: [GC 36.286: [DefNew: 960K->63K(960K), 0.0023463 secs] 55409K->55037K(524224K), 0.0024127 secs] [Times: user=0.00 sys=0.00, real=0.00 secs] 
36.291: [GC 36.291: [DefNew: 959K->64K(960K), 0.0024401 secs] 55934K->55559K(524224K), 0.0025036 secs] [Times: user=0.00 sys=0.00, real=0.00 secs] 
36.295: [GC 36.295: [DefNew: 960K->64K(960K), 0.0022953 secs] 56456K->56066K(524224K), 0.0023511 secs] [Times: user=0.00 sys=0.00, real=0.00 secs] 
36.299: [GC 36.299: [DefNew: 960K->63K(960K), 0.0022452 secs] 56963K->56595K(524224K), 0.0023030 secs] [Times: user=0.00 sys=0.00, real=0.00 secs] 
36.303: [GC 36.303: [DefNew: 959K->64K(960K), 0.0022279 secs] 57492K->57109K(524224K), 0.0022852 secs] [Times: user=0.00 sys=0.00, real=0.00 secs] 
36.307: [GC 36.307: [DefNew: 960K->63K(960K), 0.0023857 secs] 58006K->57643K(524224K), 0.0024522 secs] [Times: user=0.00 sys=0.00, real=0.00 secs] 
36.312: [GC 36.312: [DefNew: 959K->64K(960K), 0.0025070 secs] 58541K->58186K(524224K), 0.0025729 secs] [Times: user=0.02 sys=0.00, real=0.00 secs] 
36.316: [GC 36.316: [DefNew: 960K->63K(960K), 0.0022736 secs] 59083K->58698K(524224K), 0.0023299 secs] [Times: user=0.00 sys=0.00, real=0.00 secs] 
36.320: [GC 36.320: [DefNew: 959K->63K(960K), 0.0024396 secs] 59594K->59219K(524224K), 0.0025046 secs] [Times: user=0.00 sys=0.00, real=0.00 secs] 
36.324: [GC 36.324: [DefNew: 959K->64K(960K), 0.0023246 secs] 60116K->59728K(524224K), 0.0023805 secs] [Times: user=0.00 sys=0.00, real=0.00 secs] 
36.328: [GC 36.328: [DefNew: 960K->63K(960K), 0.0023429 secs] 60625K->60238K(524224K), 0.0023959 secs] [Times: user=0.02 sys=0.00, real=0.00 secs] 
36.333: [GC 36.333: [DefNew: 959K->64K(960K), 0.0023785 secs] 61135K->60742K(524224K), 0.0026052 secs] [Times: user=0.00 sys=0.00, real=0.00 secs] 
36.337: [GC 36.337: [DefNew: 960K->64K(960K), 0.0021735 secs] 61640K->61246K(524224K), 0.0022414 secs] [Times: user=0.00 sys=0.00, real=0.00 secs] 
36.341: [GC 36.341: [DefNew: 960K->63K(960K), 0.0024228 secs] 62142K->61762K(524224K), 0.0024911 secs] [Times: user=0.00 sys=0.00, real=0.00 secs] 
36.345: [GC 36.345: [DefNew: 959K->63K(960K), 0.0024801 secs] 62659K->62293K(524224K), 0.0025445 secs] [Times: user=0.00 sys=0.00, real=0.00 secs] 
36.350: [GC 36.350: [DefNew: 959K->64K(960K), 0.0024435 secs] 63190K->62829K(524224K), 0.0025133 secs] [Times: user=0.00 sys=0.00, real=0.00 secs] 
36.354: [GC 36.354: [DefNew: 960K->63K(960K), 0.0023463 secs] 63726K->63352K(524224K), 0.0024656 secs] [Times: user=0.00 sys=0.00, real=0.00 secs] 
36.359: [GC 36.359: [DefNew: 959K->64K(960K), 0.0023169 secs] 64249K->63877K(524224K), 0.0023781 secs] [Times: user=0.01 sys=0.00, real=0.00 secs] 
36.363: [GC 36.363: [DefNew: 960K->64K(960K), 0.0023025 secs] 64774K->64381K(524224K), 0.0023617 secs] [Times: user=0.00 sys=0.00, real=0.00 secs] 
36.366: [GC 36.366: [DefNew: 960K->64K(960K), 0.0022991 secs] 65278K->64892K(524224K), 0.0023559 secs] [Times: user=0.00 sys=0.00, real=0.00 secs] 
36.370: [GC 36.370: [DefNew: 960K->63K(960K), 0.0022972 secs] 65788K->65407K(524224K), 0.0023627 secs] [Times: user=0.00 sys=0.00, real=0.00 secs] 
36.373: [GC 36.373: [DefNew: 959K->63K(960K), 0.0022332 secs] 66304K->65912K(524224K), 0.0022900 secs] [Times: user=0.00 sys=0.00, real=0.00 secs] 
36.377: [GC 36.377: [DefNew: 959K->64K(960K), 0.0023088 secs] 66809K->66424K(524224K), 0.0023627 secs] [Times: user=0.00 sys=0.00, real=0.00 secs] 
36.381: [GC 36.381: [DefNew: 960K->63K(960K), 0.0022852 secs] 67321K->66957K(524224K), 0.0023381 secs] [Times: user=0.00 sys=0.00, real=0.00 secs] 
36.384: [GC 36.384: [DefNew: 959K->63K(960K), 0.0024161 secs] 67854K->67461K(524224K), 0.0024733 secs] [Times: user=0.00 sys=0.00, real=0.00 secs] 
36.388: [GC 36.388: [DefNew: 959K->64K(960K), 0.0023256 secs] 68358K->67957K(524224K), 0.0023915 secs] [Times: user=0.00 sys=0.00, real=0.00 secs] 
36.391: [GC 36.391: [DefNew: 960K->63K(960K), 0.0022154 secs] 68853K->68443K(524224K), 0.0022833 secs] [Times: user=0.02 sys=0.00, real=0.00 secs] 
36.395: [GC 36.395: [DefNew: 959K->63K(960K), 0.0024108 secs] 69340K->68988K(524224K), 0.0024786 secs] [Times: user=0.00 sys=0.00, real=0.00 secs] 
36.399: [GC 36.399: [DefNew: 959K->63K(960K), 0.0022751 secs] 69885K->69484K(524224K), 0.0023319 secs] [Times: user=0.00 sys=0.00, real=0.00 secs] 
36.403: [GC 36.403: [DefNew: 959K->64K(960K), 0.0025633 secs] 70381K->70032K(524224K), 0.0026273 secs] [Times: user=0.00 sys=0.00, real=0.00 secs] 
36.408: [GC 36.408: [DefNew: 960K->64K(960K), 0.0024329 secs] 70929K->70563K(524224K), 0.0024974 secs] [Times: user=0.00 sys=0.00, real=0.00 secs] 
36.412: [GC 36.412: [DefNew: 960K->63K(960K), 0.0023872 secs] 71460K->71073K(524224K), 0.0024454 secs] [Times: user=0.00 sys=0.00, real=0.00 secs] 
36.417: [GC 36.417: [DefNew: 959K->63K(960K), 0.0024339 secs] 71971K->71613K(524224K), 0.0024964 secs] [Times: user=0.00 sys=0.00, real=0.00 secs] 
36.421: [GC 36.421: [DefNew: 959K->63K(960K), 0.0025272 secs] 72510K->72117K(524224K), 0.0025960 secs] [Times: user=0.01 sys=0.00, real=0.00 secs] 
36.426: [GC 36.426: [DefNew: 959K->63K(960K), 0.0025147 secs] 73014K->72661K(524224K), 0.0025941 secs] [Times: user=0.00 sys=0.00, real=0.00 secs] 
36.431: [GC 36.431: [DefNew: 959K->63K(960K), 0.0023689 secs] 73558K->73184K(524224K), 0.0024300 secs] [Times: user=0.00 sys=0.00, real=0.00 secs] 
36.434: [GC 36.434: [DefNew: 959K->63K(960K), 0.0023213 secs] 74082K->73684K(524224K), 0.0023872 secs] [Times: user=0.00 sys=0.00, real=0.00 secs] 
36.439: [GC 36.439: [DefNew: 959K->63K(960K), 0.0023213 secs] 74581K->74212K(524224K), 0.0023853 secs] [Times: user=0.00 sys=0.00, real=0.00 secs] 
36.443: [GC 36.443: [DefNew: 959K->64K(960K), 0.0024743 secs] 75108K->74748K(524224K), 0.0025421 secs] [Times: user=0.00 sys=0.00, real=0.00 secs] 
36.448: [GC 36.448: [DefNew: 960K->63K(960K), 0.0022895 secs] 75646K->75262K(524224K), 0.0023463 secs] [Times: user=0.00 sys=0.00, real=0.00 secs] 
36.451: [GC 36.451: [DefNew: 959K->64K(960K), 0.0021779 secs] 76159K->75770K(524224K), 0.0022375 secs] [Times: user=0.00 sys=0.00, real=0.00 secs] 
36.455: [GC 36.455: [DefNew: 960K->63K(960K), 0.0028443 secs] 76667K->76307K(524224K), 0.0029122 secs] [Times: user=0.00 sys=0.00, real=0.00 secs] 
36.460: [GC 36.460: [DefNew: 959K->63K(960K), 0.0023776 secs] 77205K->76846K(524224K), 0.0024411 secs] [Times: user=0.00 sys=0.00, real=0.00 secs] 
36.464: [GC 36.464: [DefNew: 959K->63K(960K), 0.0022019 secs] 77743K->77333K(524224K), 0.0022597 secs] [Times: user=0.00 sys=0.00, real=0.00 secs] 
36.468: [GC 36.468: [DefNew: 959K->64K(960K), 0.0024661 secs] 78230K->77847K(524224K), 0.0025287 secs] [Times: user=0.02 sys=0.00, real=0.00 secs] 
36.472: [GC 36.472: [DefNew: 960K->63K(960K), 0.0023333 secs] 78744K->78372K(524224K), 0.0023944 secs] [Times: user=0.00 sys=0.00, real=0.00 secs] 
36.476: [GC 36.476: [DefNew: 959K->64K(960K), 0.0022885 secs] 79269K->78853K(524224K), 0.0023415 secs] [Times: user=0.00 sys=0.00, real=0.00 secs] 
36.481: [GC 36.481: [DefNew: 960K->63K(960K), 0.0024040 secs] 79750K->79377K(524224K), 0.0024589 secs] [Times: user=0.00 sys=0.00, real=0.00 secs] 
36.485: [GC 36.485: [DefNew: 959K->64K(960K), 0.0027385 secs] 80273K->79893K(524224K), 0.0027981 secs] [Times: user=0.02 sys=0.00, real=0.00 secs] 
36.490: [GC 36.490: [DefNew: 960K->64K(960K), 0.0025648 secs] 80790K->80413K(524224K), 0.0026268 secs] [Times: user=0.00 sys=0.00, real=0.00 secs] 
36.494: [GC 36.494: [DefNew: 960K->63K(960K), 0.0026076 secs] 81312K->80966K(524224K), 0.0026822 secs] [Times: user=0.00 sys=0.00, real=0.00 secs] 
36.499: [GC 36.499: [DefNew: 959K->63K(960K), 0.0028727 secs] 81864K->81513K(524224K), 0.0029386 secs] [Times: user=0.02 sys=0.00, real=0.00 secs] 
36.504: [GC 36.504: [DefNew: 959K->63K(960K), 0.0027669 secs] 82411K->82018K(524224K), 0.0028352 secs] [Times: user=0.00 sys=0.00, real=0.00 secs] 
36.508: [GC 36.508: [DefNew: 959K->64K(960K), 0.0026052 secs] 82915K->82552K(524224K), 0.0026783 secs] [Times: user=0.00 sys=0.00, real=0.00 secs] 
36.513: [GC 36.513: [DefNew: 960K->63K(960K), 0.0027471 secs] 83449K->83104K(524224K), 0.0028106 secs] [Times: user=0.00 sys=0.00, real=0.00 secs] 
36.517: [GC 36.517: [DefNew: 959K->63K(960K), 0.0028626 secs] 84002K->83619K(524224K), 0.0029276 secs] [Times: user=0.00 sys=0.00, real=0.00 secs] 
36.522: [GC 36.522: [DefNew: 959K->64K(960K), 0.0025378 secs] 84515K->84132K(524224K), 0.0025989 secs] [Times: user=0.00 sys=0.00, real=0.00 secs] 
36.526: [GC 36.526: [DefNew: 960K->63K(960K), 0.0024406 secs] 85029K->84642K(524224K), 0.0024950 secs] [Times: user=0.00 sys=0.00, real=0.00 secs] 
36.531: [GC 36.531: [DefNew: 959K->63K(960K), 0.0026071 secs] 85540K->85176K(524224K), 0.0026759 secs] [Times: user=0.02 sys=0.00, real=0.00 secs] 
36.536: [GC 36.536: [DefNew: 959K->64K(960K), 0.0024512 secs] 86073K->85699K(524224K), 0.0025152 secs] [Times: user=0.00 sys=0.00, real=0.00 secs] 
36.540: [GC 36.540: [DefNew: 960K->64K(960K), 0.0025484 secs] 86596K->86218K(524224K), 0.0026066 secs] [Times: user=0.00 sys=0.00, real=0.00 secs] 
36.545: [GC 36.545: [DefNew: 960K->64K(960K), 0.0025248 secs] 87115K->86781K(524224K), 0.0025917 secs] [Times: user=0.00 sys=0.00, real=0.00 secs] 
36.549: [GC 36.549: [DefNew: 960K->63K(960K), 0.0025210 secs] 87679K->87311K(524224K), 0.0025802 secs] [Times: user=0.00 sys=0.00, real=0.00 secs] 
36.554: [GC 36.554: [DefNew: 959K->64K(960K), 0.0025128 secs] 88208K->87826K(524224K), 0.0025835 secs] [Times: user=0.00 sys=0.00, real=0.00 secs] 
36.559: [GC 36.559: [DefNew: 960K->64K(960K), 0.0025532 secs] 88722K->88361K(524224K), 0.0026153 secs] [Times: user=0.00 sys=0.00, real=0.00 secs] 
36.563: [GC 36.563: [DefNew: 960K->63K(960K), 0.0026369 secs] 89258K->88940K(524224K), 0.0027053 secs] [Times: user=0.02 sys=0.00, real=0.00 secs] 
36.568: [GC 36.568: [DefNew: 959K->63K(960K), 0.0026360 secs] 89838K->89477K(524224K), 0.0026961 secs] [Times: user=0.00 sys=0.00, real=0.00 secs] 
36.572: [GC 36.572: [DefNew: 959K->63K(960K), 0.0023044 secs] 90373K->89980K(524224K), 0.0023593 secs] [Times: user=0.00 sys=0.00, real=0.00 secs] 
36.576: [GC 36.576: [DefNew: 959K->64K(960K), 0.0025527 secs] 90876K->90526K(524224K), 0.0026153 secs] [Times: user=0.00 sys=0.00, real=0.00 secs] 
36.580: [GC 36.580: [DefNew: 960K->64K(960K), 0.0026576 secs] 91423K->91041K(524224K), 0.0027221 secs] [Times: user=0.00 sys=0.00, real=0.00 secs] 
36.585: [GC 36.585: [DefNew: 960K->63K(960K), 0.0027760 secs] 91939K->91577K(524224K), 0.0028438 secs] [Times: user=0.00 sys=0.00, real=0.00 secs] 
36.590: [GC 36.590: [DefNew: 959K->64K(960K), 0.0027890 secs] 92473K->92117K(524224K), 0.0028583 secs] [Times: user=0.00 sys=0.00, real=0.00 secs] 
36.594: [GC 36.594: [DefNew: 960K->64K(960K), 0.0028549 secs] 93014K->92669K(524224K), 0.0029252 secs] [Times: user=0.02 sys=0.00, real=0.00 secs] 
36.599: [GC 36.599: [DefNew: 960K->63K(960K), 0.0024435 secs] 93566K->93194K(524224K), 0.0025036 secs] [Times: user=0.00 sys=0.00, real=0.00 secs] 
36.603: [GC 36.603: [DefNew: 959K->63K(960K), 0.0024748 secs] 94091K->93689K(524224K), 0.0025431 secs] [Times: user=0.00 sys=0.00, real=0.00 secs] 
36.608: [GC 36.608: [DefNew: 959K->64K(960K), 0.0024560 secs] 94586K->94240K(524224K), 0.0025147 secs] [Times: user=0.01 sys=0.00, real=0.00 secs] 
36.613: [GC 36.613: [DefNew: 960K->63K(960K), 0.0024998 secs] 95137K->94770K(524224K), 0.0025648 secs] [Times: user=0.00 sys=0.00, real=0.00 secs] 
36.617: [GC 36.617: [DefNew: 959K->64K(960K), 0.0024815 secs] 95667K->95278K(524224K), 0.0025373 secs] [Times: user=0.00 sys=0.00, real=0.00 secs] 
36.622: [GC 36.622: [DefNew: 960K->63K(960K), 0.0025359 secs] 96176K->95801K(524224K), 0.0025960 secs] [Times: user=0.00 sys=0.00, real=0.00 secs] 
36.626: [GC 36.626: [DefNew: 959K->64K(960K), 0.0025681 secs] 96699K->96316K(524224K), 0.0026778 secs] [Times: user=0.00 sys=0.00, real=0.00 secs] 
36.631: [GC 36.631: [DefNew: 960K->64K(960K), 0.0025715 secs] 97213K->96842K(524224K), 0.0026273 secs] [Times: user=0.00 sys=0.00, real=0.00 secs] 
36.635: [GC 36.635: [DefNew: 960K->63K(960K), 0.0026042 secs] 97738K->97361K(524224K), 0.0026711 secs] [Times: user=0.00 sys=0.00, real=0.00 secs] 
36.640: [GC 36.640: [DefNew: 959K->64K(960K), 0.0031489 secs] 98258K->97890K(524224K), 0.0032172 secs] [Times: user=0.02 sys=0.00, real=0.00 secs] 
36.645: [GC 36.645: [DefNew: 960K->63K(960K), 0.0027957 secs] 98788K->98450K(524224K), 0.0028636 secs] [Times: user=0.00 sys=0.00, real=0.00 secs] 
36.649: [GC 36.649: [DefNew: 959K->64K(960K), 0.0026028 secs] 99347K->98968K(524224K), 0.0027130 secs] [Times: user=0.00 sys=0.00, real=0.00 secs] 
36.654: [GC 36.654: [DefNew: 960K->64K(960K), 0.0024854 secs] 99864K->99496K(524224K), 0.0025469 secs] [Times: user=0.00 sys=0.00, real=0.00 secs] 
36.658: [GC 36.658: [DefNew: 960K->64K(960K), 0.0026798 secs] 100392K->100021K(524224K), 0.0027457 secs] [Times: user=0.00 sys=0.00, real=0.00 secs] 
36.663: [GC 36.663: [DefNew: 960K->64K(960K), 0.0025494 secs] 100917K->100544K(524224K), 0.0026057 secs] [Times: user=0.00 sys=0.00, real=0.00 secs] 
36.668: [GC 36.668: [DefNew: 960K->63K(960K), 0.0025253 secs] 101440K->101062K(524224K), 0.0025859 secs] [Times: user=0.00 sys=0.00, real=0.00 secs] 
36.672: [GC 36.672: [DefNew: 959K->64K(960K), 0.0027895 secs] 101960K->101600K(524224K), 0.0028496 secs] [Times: user=0.02 sys=0.00, real=0.00 secs] 
36.678: [GC 36.678: [DefNew: 960K->64K(960K), 0.0026730 secs] 102497K->102163K(524224K), 0.0027341 secs] [Times: user=0.00 sys=0.00, real=0.00 secs] 
36.682: [GC 36.682: [DefNew: 960K->63K(960K), 0.0026571 secs] 103060K->102687K(524224K), 0.0027130 secs] [Times: user=0.00 sys=0.00, real=0.00 secs] 
36.687: [GC 36.687: [DefNew: 959K->64K(960K), 0.0026114 secs] 103585K->103192K(524224K), 0.0026860 secs] [Times: user=0.02 sys=0.00, real=0.00 secs] 
36.691: [GC 36.691: [DefNew: 960K->63K(960K), 0.0034742 secs] 104088K->103737K(524224K), 0.0035632 secs] [Times: user=0.00 sys=0.00, real=0.00 secs] 
36.697: [GC 36.697: [DefNew: 959K->64K(960K), 0.0027972 secs] 104634K->104293K(524224K), 0.0028597 secs] [Times: user=0.00 sys=0.00, real=0.00 secs] 
36.702: [GC 36.702: [DefNew: 960K->64K(960K), 0.0029468 secs] 105190K->104804K(524224K), 0.0030171 secs] [Times: user=0.02 sys=0.00, real=0.00 secs] 
36.706: [GC 36.706: [DefNew: 960K->63K(960K), 0.0026143 secs] 105701K->105323K(524224K), 0.0026985 secs] [Times: user=0.00 sys=0.00, real=0.00 secs] 
36.711: [GC 36.711: [DefNew: 959K->64K(960K), 0.0027577 secs] 106220K->105842K(524224K), 0.0028434 secs] [Times: user=0.00 sys=0.00, real=0.00 secs] 
36.715: [GC 36.715: [DefNew: 960K->63K(960K), 0.0025561 secs] 106739K->106365K(524224K), 0.0026514 secs] [Times: user=0.00 sys=0.00, real=0.00 secs] 
36.720: [GC 36.720: [DefNew: 959K->64K(960K), 0.0026571 secs] 107262K->106921K(524224K), 0.0027308 secs] [Times: user=0.00 sys=0.00, real=0.00 secs] 
36.725: [GC 36.725: [DefNew: 960K->63K(960K), 0.0030238 secs] 107817K->107449K(524224K), 0.0032153 secs] [Times: user=0.00 sys=0.00, real=0.00 secs] 
36.729: [GC 36.729: [DefNew: 959K->64K(960K), 0.0025917 secs] 108347K->107968K(524224K), 0.0026523 secs] [Times: user=0.00 sys=0.00, real=0.00 secs] 
36.734: [GC 36.734: [DefNew: 960K->63K(960K), 0.0032230 secs] 108865K->108511K(524224K), 0.0032817 secs] [Times: user=0.02 sys=0.00, real=0.00 secs] 
36.738: [GC 36.738: [DefNew: 959K->64K(960K), 0.0027895 secs] 109408K->109056K(524224K), 0.0028511 secs] [Times: user=0.00 sys=0.00, real=0.00 secs] 
36.743: [GC 36.743: [DefNew: 960K->64K(960K), 0.0029016 secs] 109954K->109627K(524224K), 0.0029665 secs] [Times: user=0.00 sys=0.00, real=0.00 secs] 
36.747: [GC 36.747: [DefNew: 960K->63K(960K), 0.0029714 secs] 110524K->110158K(524224K), 0.0030344 secs] [Times: user=0.00 sys=0.00, real=0.00 secs] 
36.752: [GC 36.752: [DefNew: 959K->64K(960K), 0.0025595 secs] 111055K->110693K(524224K), 0.0026283 secs] [Times: user=0.00 sys=0.00, real=0.00 secs] 
36.757: [GC 36.757: [DefNew: 960K->63K(960K), 0.0028732 secs] 111590K->111235K(524224K), 0.0029564 secs] [Times: user=0.00 sys=0.00, real=0.00 secs] 
36.761: [GC 36.761: [DefNew: 959K->64K(960K), 0.0026952 secs] 112133K->111809K(524224K), 0.0027611 secs] [Times: user=0.00 sys=0.00, real=0.00 secs] 
36.766: [GC 36.766: [DefNew: 960K->64K(960K), 0.0027202 secs] 112706K->112359K(524224K), 0.0027813 secs] [Times: user=0.00 sys=0.00, real=0.00 secs] 
36.770: [GC 36.770: [DefNew: 960K->63K(960K), 0.0025282 secs] 113257K->112879K(524224K), 0.0025888 secs] [Times: user=0.00 sys=0.00, real=0.00 secs] 
36.775: [GC 36.775: [DefNew: 959K->63K(960K), 0.0026355 secs] 113776K->113437K(524224K), 0.0026927 secs] [Times: user=0.00 sys=0.00, real=0.00 secs] 
36.780: [GC 36.780: [DefNew: 959K->64K(960K), 0.0028655 secs] 114334K->113960K(524224K), 0.0029276 secs] [Times: user=0.02 sys=0.00, real=0.00 secs] 
36.784: [GC 36.784: [DefNew: 960K->64K(960K), 0.0027866 secs] 114857K->114475K(524224K), 0.0028506 secs] [Times: user=0.00 sys=0.00, real=0.00 secs] 
36.789: [GC 36.789: [DefNew: 960K->64K(960K), 0.0026239 secs] 115372K->115025K(524224K), 0.0026831 secs] [Times: user=0.00 sys=0.00, real=0.00 secs] 
36.793: [GC 36.793: [DefNew: 960K->64K(960K), 0.0025311 secs] 115922K->115552K(524224K), 0.0025917 secs] [Times: user=0.00 sys=0.00, real=0.00 secs] 
36.798: [GC 36.798: [DefNew: 960K->63K(960K), 0.0024180 secs] 116449K->116079K(524224K), 0.0024781 secs] [Times: user=0.00 sys=0.00, real=0.00 secs] 
36.802: [GC 36.802: [DefNew: 959K->63K(960K), 0.0026211 secs] 116977K->116599K(524224K), 0.0026788 secs] [Times: user=0.00 sys=0.00, real=0.00 secs] 
36.807: [GC 36.807: [DefNew: 959K->63K(960K), 0.0027490 secs] 117497K->117154K(524224K), 0.0028102 secs] [Times: user=0.00 sys=0.00, real=0.00 secs] 
36.812: [GC 36.812: [DefNew: 959K->63K(960K), 0.0028968 secs] 118051K->117733K(524224K), 0.0029670 secs] [Times: user=0.02 sys=0.00, real=0.00 secs] 
36.816: [GC 36.816: [DefNew: 959K->63K(960K), 0.0028395 secs] 118630K->118275K(524224K), 0.0029021 secs] [Times: user=0.00 sys=0.00, real=0.00 secs] 
36.821: [GC 36.821: [DefNew: 959K->63K(960K), 0.0025200 secs] 119172K->118799K(524224K), 0.0025782 secs] [Times: user=0.00 sys=0.00, real=0.00 secs] 
36.825: [GC 36.825: [DefNew: 959K->63K(960K), 0.0026826 secs] 119696K->119343K(524224K), 0.0027423 secs] [Times: user=0.00 sys=0.00, real=0.00 secs] 
36.831: [GC 36.831: [DefNew: 959K->63K(960K), 0.0026846 secs] 120240K->119898K(524224K), 0.0027481 secs] [Times: user=0.00 sys=0.00, real=0.00 secs] 
36.836: [GC 36.836: [DefNew: 959K->64K(960K), 0.0027245 secs] 120795K->120441K(524224K), 0.0027909 secs] [Times: user=0.00 sys=0.00, real=0.00 secs] 
36.840: [GC 36.840: [DefNew: 960K->64K(960K), 0.0028713 secs] 121338K->120969K(524224K), 0.0029353 secs] [Times: user=0.00 sys=0.00, real=0.00 secs] 
36.845: [GC 36.845: [DefNew: 960K->64K(960K), 0.0029694 secs] 121866K->121547K(524224K), 0.0030368 secs] [Times: user=0.00 sys=0.00, real=0.00 secs] 
36.849: [GC 36.849: [DefNew: 960K->63K(960K), 0.0025503 secs] 122443K->122062K(524224K), 0.0026158 secs] [Times: user=0.00 sys=0.00, real=0.00 secs] 
36.854: [GC 36.854: [DefNew: 959K->64K(960K), 0.0025970 secs] 122959K->122644K(524224K), 0.0026567 secs] [Times: user=0.00 sys=0.00, real=0.00 secs] 
36.858: [GC 36.858: [DefNew: 960K->63K(960K), 0.0025946 secs] 123540K->123183K(524224K), 0.0026514 secs] [Times: user=0.02 sys=0.00, real=0.00 secs] 
36.863: [GC 36.863: [DefNew: 959K->64K(960K), 0.0026663 secs] 124081K->123718K(524224K), 0.0027312 secs] [Times: user=0.00 sys=0.00, real=0.00 secs] 
36.868: [GC 36.868: [DefNew: 960K->63K(960K), 0.0028693 secs] 124614K->124293K(524224K), 0.0029290 secs] [Times: user=0.00 sys=0.00, real=0.00 secs] 
36.872: [GC 36.872: [DefNew: 959K->63K(960K), 0.0025980 secs] 125190K->124836K(524224K), 0.0026538 secs] [Times: user=0.00 sys=0.00, real=0.00 secs] 
36.877: [GC 36.877: [DefNew: 959K->63K(960K), 0.0026345 secs] 125733K->125401K(524224K), 0.0026923 secs] [Times: user=0.00 sys=0.00, real=0.00 secs] 
36.881: [GC 36.881: [DefNew: 959K->64K(960K), 0.0027659 secs] 126298K->125926K(524224K), 0.0028299 secs] [Times: user=0.00 sys=0.00, real=0.00 secs] 
36.886: [GC 36.886: [DefNew: 960K->63K(960K), 0.0026008 secs] 126823K->126473K(524224K), 0.0026653 secs] [Times: user=0.00 sys=0.00, real=0.00 secs] 
36.891: [GC 36.891: [DefNew: 959K->64K(960K), 0.0031879 secs] 127371K->127007K(524224K), 0.0032543 secs] [Times: user=0.00 sys=0.00, real=0.00 secs] 
36.896: [GC 36.896: [DefNew: 960K->63K(960K), 0.0029189 secs] 127904K->127572K(524224K), 0.0029839 secs] [Times: user=0.00 sys=0.00, real=0.00 secs] 
36.901: [GC 36.901: [DefNew: 959K->63K(960K), 0.0028256 secs] 128470K->128144K(524224K), 0.0028857 secs] [Times: user=0.00 sys=0.00, real=0.00 secs] 
36.905: [GC 36.905: [DefNew: 959K->64K(960K), 0.0027221 secs] 129041K->128661K(524224K), 0.0027813 secs] [Times: user=0.01 sys=0.00, real=0.00 secs] 
36.910: [GC 36.910: [DefNew: 960K->63K(960K), 0.0027466 secs] 129559K->129210K(524224K), 0.0028193 secs] [Times: user=0.00 sys=0.00, real=0.00 secs] 
36.914: [GC 36.914: [DefNew: 959K->64K(960K), 0.0028073 secs] 130107K->129747K(524224K), 0.0028631 secs] [Times: user=0.00 sys=0.00, real=0.00 secs] 
36.919: [GC 36.919: [DefNew: 960K->63K(960K), 0.0027125 secs] 130643K->130295K(524224K), 0.0027765 secs] [Times: user=0.02 sys=0.00, real=0.00 secs] 
36.924: [GC 36.924: [DefNew: 959K->63K(960K), 0.0028968 secs] 131191K->130839K(524224K), 0.0029608 secs] [Times: user=0.00 sys=0.00, real=0.00 secs] 
36.928: [GC 36.928: [DefNew: 959K->63K(960K), 0.0027712 secs] 131737K->131377K(524224K), 0.0028357 secs] [Times: user=0.00 sys=0.00, real=0.00 secs] 
36.933: [GC 36.933: [DefNew: 959K->64K(960K), 0.0026764 secs] 132274K->131931K(524224K), 0.0027341 secs] [Times: user=0.00 sys=0.00, real=0.00 secs] 
36.937: [GC 36.937: [DefNew: 960K->63K(960K), 0.0026186 secs] 132828K->132466K(524224K), 0.0026870 secs] [Times: user=0.01 sys=0.00, real=0.00 secs] 
36.942: [GC 36.942: [DefNew: 959K->63K(960K), 0.0030556 secs] 133364K->132998K(524224K), 0.0031239 secs] [Times: user=0.00 sys=0.00, real=0.00 secs] 
36.946: [GC 36.946: [DefNew: 959K->64K(960K), 0.0027476 secs] 133894K->133540K(524224K), 0.0028087 secs] [Times: user=0.00 sys=0.00, real=0.00 secs] 
36.951: [GC 36.951: [DefNew: 960K->64K(960K), 0.0030127 secs] 134437K->134108K(524224K), 0.0030840 secs] [Times: user=0.02 sys=0.00, real=0.00 secs] 
36.956: [GC 36.956: [DefNew: 960K->64K(960K), 0.0028078 secs] 135005K->134651K(524224K), 0.0028669 secs] [Times: user=0.00 sys=0.00, real=0.00 secs] 
36.960: [GC 36.960: [DefNew: 960K->64K(960K), 0.0027375 secs] 135547K->135178K(524224K), 0.0027986 secs] [Times: user=0.00 sys=0.00, real=0.00 secs] 
36.965: [GC 36.965: [DefNew: 960K->64K(960K), 0.0029511 secs] 136075K->135731K(524224K), 0.0030103 secs] [Times: user=0.00 sys=0.00, real=0.00 secs] 
36.969: [GC 36.969: [DefNew: 960K->63K(960K), 0.0029021 secs] 136628K->136267K(524224K), 0.0029613 secs] [Times: user=0.00 sys=0.00, real=0.00 secs] 
36.974: [GC 36.974: [DefNew: 959K->63K(960K), 0.0029733 secs] 137164K->136838K(524224K), 0.0030450 secs] [Times: user=0.00 sys=0.00, real=0.00 secs] 
36.979: [GC 36.979: [DefNew: 959K->63K(960K), 0.0030662 secs] 137735K->137413K(524224K), 0.0031302 secs] [Times: user=0.00 sys=0.00, real=0.00 secs] 
36.983: [GC 36.983: [DefNew: 959K->64K(960K), 0.0032557 secs] 138310K->137955K(524224K), 0.0033178 secs] [Times: user=0.02 sys=0.00, real=0.00 secs] 
36.988: [GC 36.988: [DefNew: 960K->64K(960K), 0.0031816 secs] 138852K->138535K(524224K), 0.0032480 secs] [Times: user=0.00 sys=0.00, real=0.00 secs] 
36.992: [GC 36.992: [DefNew: 960K->63K(960K), 0.0029271 secs] 139432K->139046K(524224K), 0.0029921 secs] [Times: user=0.00 sys=0.00, real=0.00 secs] 
36.997: [GC 36.997: [DefNew: 959K->64K(960K), 0.0028554 secs] 139943K->139595K(524224K), 0.0029256 secs] [Times: user=0.02 sys=0.00, real=0.00 secs] 
37.002: [GC 37.002: [DefNew: 960K->63K(960K), 0.0030979 secs] 140492K->140166K(524224K), 0.0031696 secs] [Times: user=0.00 sys=0.00, real=0.00 secs] 
37.008: [GC 37.008: [DefNew: 959K->64K(960K), 0.0031504 secs] 141063K->140737K(524224K), 0.0032221 secs] [Times: user=0.00 sys=0.00, real=0.00 secs] 
37.013: [GC 37.013: [DefNew: 960K->64K(960K), 0.0030859 secs] 141633K->141295K(524224K), 0.0031494 secs] [Times: user=0.02 sys=0.00, real=0.00 secs] 
37.017: [GC 37.017: [DefNew: 960K->64K(960K), 0.0028347 secs] 142191K->141842K(524224K), 0.0028987 secs] [Times: user=0.00 sys=0.00, real=0.00 secs] 
37.022: [GC 37.022: [DefNew: 960K->63K(960K), 0.0026307 secs] 142738K->142401K(524224K), 0.0026923 secs] [Times: user=0.00 sys=0.00, real=0.00 secs] 
37.026: [GC 37.026: [DefNew: 959K->64K(960K), 0.0028251 secs] 143298K->142912K(524224K), 0.0028843 secs] [Times: user=0.00 sys=0.00, real=0.00 secs] 
37.031: [GC 37.031: [DefNew: 960K->64K(960K), 0.0033895 secs] 143808K->143465K(524224K), 0.0034699 secs] [Times: user=0.01 sys=0.00, real=0.00 secs] 
37.036: [GC 37.036: [DefNew: 960K->63K(960K), 0.0034583 secs] 144361K->144098K(524224K), 0.0035305 secs] [Times: user=0.00 sys=0.00, real=0.00 secs] 
37.042: [GC 37.042: [DefNew: 959K->63K(960K), 0.0034227 secs] 144995K->144681K(524224K), 0.0034872 secs] [Times: user=0.00 sys=0.00, real=0.00 secs] 
37.048: [GC 37.048: [DefNew: 959K->64K(960K), 0.0030512 secs] 145578K->145246K(524224K), 0.0031104 secs] [Times: user=0.00 sys=0.00, real=0.00 secs] 
37.052: [GC 37.053: [DefNew: 960K->63K(960K), 0.0029343 secs] 146143K->145796K(524224K), 0.0029988 secs] [Times: user=0.00 sys=0.00, real=0.00 secs] 
37.058: [GC 37.058: [DefNew: 959K->64K(960K), 0.0029949 secs] 146692K->146322K(524224K), 0.0030570 secs] [Times: user=0.00 sys=0.00, real=0.00 secs] 
37.062: [GC 37.062: [DefNew: 960K->64K(960K), 0.0029545 secs] 147219K->146869K(524224K), 0.0030253 secs] [Times: user=0.02 sys=0.00, real=0.00 secs] 
37.067: [GC 37.067: [DefNew: 960K->64K(960K), 0.0027004 secs] 147766K->147402K(524224K), 0.0027654 secs] [Times: user=0.00 sys=0.00, real=0.00 secs] 
37.072: [GC 37.072: [DefNew: 960K->64K(960K), 0.0027158 secs] 148298K->147955K(524224K), 0.0027736 secs] [Times: user=0.00 sys=0.00, real=0.00 secs] 
37.076: [GC 37.076: [DefNew: 960K->63K(960K), 0.0026860 secs] 148853K->148485K(524224K), 0.0027457 secs] [Times: user=0.02 sys=0.00, real=0.00 secs] 
37.081: [GC 37.081: [DefNew: 959K->63K(960K), 0.0028934 secs] 149382K->149037K(524224K), 0.0029574 secs] [Times: user=0.00 sys=0.00, real=0.00 secs] 
37.085: [GC 37.085: [DefNew: 959K->63K(960K), 0.0028289 secs] 149936K->149583K(524224K), 0.0029333 secs] [Times: user=0.00 sys=0.00, real=0.00 secs] 
37.090: [GC 37.090: [DefNew: 959K->63K(960K), 0.0029579 secs] 150481K->150123K(524224K), 0.0030228 secs] [Times: user=0.00 sys=0.00, real=0.00 secs] 
37.094: [GC 37.094: [DefNew: 959K->64K(960K), 0.0028304 secs] 151021K->150661K(524224K), 0.0028939 secs] [Times: user=0.00 sys=0.00, real=0.00 secs] 
37.099: [GC 37.099: [DefNew: 960K->63K(960K), 0.0031196 secs] 151558K->151224K(524224K), 0.0031826 secs] [Times: user=0.00 sys=0.00, real=0.00 secs] 
37.104: [GC 37.104: [DefNew: 959K->64K(960K), 0.0032163 secs] 152122K->151810K(524224K), 0.0032822 secs] [Times: user=0.00 sys=0.00, real=0.00 secs] 
37.108: [GC 37.108: [DefNew: 960K->64K(960K), 0.0030301 secs] 152707K->152360K(524224K), 0.0030921 secs] [Times: user=0.01 sys=0.00, real=0.00 secs] 
37.114: [GC 37.114: [DefNew: 960K->64K(960K), 0.0030214 secs] 153258K->152945K(524224K), 0.0030830 secs] [Times: user=0.00 sys=0.00, real=0.00 secs] 
37.118: [GC 37.118: [DefNew: 960K->63K(960K), 0.0030893 secs] 153841K->153465K(524224K), 0.0031523 secs] [Times: user=0.00 sys=0.00, real=0.00 secs] 
37.123: [GC 37.123: [DefNew: 959K->63K(960K), 0.0027120 secs] 154361K->154026K(524224K), 0.0028236 secs] [Times: user=0.02 sys=0.00, real=0.00 secs] 
37.127: [GC 37.127: [DefNew: 959K->64K(960K), 0.0028414 secs] 154923K->154568K(524224K), 0.0029011 secs] [Times: user=0.00 sys=0.00, real=0.00 secs] 
37.132: [GC 37.132: [DefNew: 960K->63K(960K), 0.0028463 secs] 155466K->155129K(524224K), 0.0029064 secs] [Times: user=0.00 sys=0.00, real=0.00 secs] 
37.137: [GC 37.137: [DefNew: 959K->64K(960K), 0.0027601 secs] 156026K->155671K(524224K), 0.0028309 secs] [Times: user=0.00 sys=0.00, real=0.00 secs] 
37.142: [GC 37.142: [DefNew: 960K->64K(960K), 0.0031090 secs] 156568K->156219K(524224K), 0.0031773 secs] [Times: user=0.00 sys=0.00, real=0.00 secs] 
37.147: [GC 37.147: [DefNew: 960K->64K(960K), 0.0029430 secs] 157115K->156787K(524224K), 0.0030017 secs] [Times: user=0.00 sys=0.00, real=0.00 secs] 
37.151: [GC 37.151: [DefNew: 960K->64K(960K), 0.0030060 secs] 157683K->157350K(524224K), 0.0030652 secs] [Times: user=0.00 sys=0.00, real=0.00 secs] 
37.156: [GC 37.156: [DefNew: 960K->64K(960K), 0.0027871 secs] 158246K->157885K(524224K), 0.0028549 secs] [Times: user=0.00 sys=0.00, real=0.00 secs] 
37.161: [GC 37.161: [DefNew: 960K->63K(960K), 0.0027154 secs] 158781K->158439K(524224K), 0.0027726 secs] [Times: user=0.00 sys=0.00, real=0.00 secs] 
37.165: [GC 37.165: [DefNew: 959K->64K(960K), 0.0027120 secs] 159336K->158967K(524224K), 0.0027664 secs] [Times: user=0.00 sys=0.00, real=0.00 secs] 
37.170: [GC 37.170: [DefNew: 960K->64K(960K), 0.0030585 secs] 159863K->159535K(524224K), 0.0031181 secs] [Times: user=0.01 sys=0.00, real=0.00 secs] 
37.174: [GC 37.174: [DefNew: 960K->63K(960K), 0.0035801 secs] 160432K->160067K(524224K), 0.0036883 secs] [Times: user=0.00 sys=0.00, real=0.00 secs] 
37.180: [GC 37.180: [DefNew: 959K->64K(960K), 0.0029993 secs] 160963K->160656K(524224K), 0.0030628 secs] [Times: user=0.00 sys=0.00, real=0.00 secs] 
37.184: [GC 37.184: [DefNew: 960K->64K(960K), 0.0031229 secs] 161554K->161199K(524224K), 0.0031850 secs] [Times: user=0.00 sys=0.00, real=0.00 secs] 
37.189: [GC 37.189: [DefNew: 960K->63K(960K), 0.0030330 secs] 162096K->161794K(524224K), 0.0030998 secs] [Times: user=0.00 sys=0.00, real=0.00 secs] 
37.194: [GC 37.194: [DefNew: 959K->64K(960K), 0.0032476 secs] 162690K->162362K(524224K), 0.0033111 secs] [Times: user=0.00 sys=0.00, real=0.00 secs] 
37.198: [GC 37.198: [DefNew: 960K->63K(960K), 0.0029694 secs] 163258K->162911K(524224K), 0.0030296 secs] [Times: user=0.00 sys=0.00, real=0.00 secs] 
37.203: [GC 37.203: [DefNew: 959K->63K(960K), 0.0033457 secs] 163809K->163465K(524224K), 0.0034117 secs] [Times: user=0.00 sys=0.00, real=0.00 secs] 
37.207: [GC 37.207: [DefNew: 959K->64K(960K), 0.0029478 secs] 164363K->164023K(524224K), 0.0030007 secs] [Times: user=0.00 sys=0.00, real=0.00 secs] 
37.212: [GC 37.212: [DefNew: 960K->63K(960K), 0.0028756 secs] 164921K->164587K(524224K), 0.0029367 secs] [Times: user=0.00 sys=0.00, real=0.00 secs] 
37.217: [GC 37.217: [DefNew: 959K->63K(960K), 0.0032028 secs] 165484K->165149K(524224K), 0.0032779 secs] [Times: user=0.02 sys=0.00, real=0.00 secs] 
37.222: [GC 37.222: [DefNew: 959K->63K(960K), 0.0031350 secs] 166047K->165708K(524224K), 0.0031994 secs] [Times: user=0.00 sys=0.00, real=0.00 secs] 
37.227: [GC 37.227: [DefNew: 959K->63K(960K), 0.0029930 secs] 166605K->166263K(524224K), 0.0030556 secs] [Times: user=0.00 sys=0.00, real=0.00 secs] 
37.231: [GC 37.231: [DefNew: 959K->64K(960K), 0.0029699 secs] 167159K->166809K(524224K), 0.0030281 secs] [Times: user=0.02 sys=0.00, real=0.00 secs] 
37.236: [GC 37.236: [DefNew: 960K->63K(960K), 0.0030941 secs] 167706K->167357K(524224K), 0.0031605 secs] [Times: user=0.00 sys=0.00, real=0.00 secs] 
37.240: [GC 37.240: [DefNew: 959K->63K(960K), 0.0032086 secs] 168254K->167938K(524224K), 0.0032726 secs] [Times: user=0.00 sys=0.00, real=0.00 secs] 
37.245: [GC 37.245: [DefNew: 959K->64K(960K), 0.0030363 secs] 168834K->168492K(524224K), 0.0030979 secs] [Times: user=0.00 sys=0.00, real=0.00 secs] 
37.250: [GC 37.250: [DefNew: 960K->63K(960K), 0.0033202 secs] 169390K->169036K(524224K), 0.0033895 secs] [Times: user=0.00 sys=0.00, real=0.00 secs] 
37.254: [GC 37.254: [DefNew: 959K->63K(960K), 0.0028665 secs] 169932K->169568K(524224K), 0.0029343 secs] [Times: user=0.00 sys=0.00, real=0.00 secs] 
37.259: [GC 37.259: [DefNew: 959K->64K(960K), 0.0028655 secs] 170464K->170108K(524224K), 0.0029319 secs] [Times: user=0.00 sys=0.00, real=0.00 secs] 
37.263: [GC 37.263: [DefNew: 960K->64K(960K), 0.0033837 secs] 171005K->170661K(524224K), 0.0034506 secs] [Times: user=0.01 sys=0.00, real=0.00 secs] 
37.269: [GC 37.269: [DefNew: 960K->63K(960K), 0.0032043 secs] 171558K->171261K(524224K), 0.0032625 secs] [Times: user=0.00 sys=0.00, real=0.00 secs] 
37.273: [GC 37.273: [DefNew: 959K->63K(960K), 0.0031205 secs] 172158K->171813K(524224K), 0.0031792 secs] [Times: user=0.00 sys=0.00, real=0.00 secs] 
37.278: [GC 37.278: [DefNew: 959K->64K(960K), 0.0031292 secs] 172711K->172377K(524224K), 0.0031889 secs] [Times: user=0.02 sys=0.00, real=0.00 secs] 
37.283: [GC 37.283: [DefNew: 960K->63K(960K), 0.0030132 secs] 173274K->172939K(524224K), 0.0030758 secs] [Times: user=0.00 sys=0.00, real=0.00 secs] 
37.287: [GC 37.287: [DefNew: 959K->63K(960K), 0.0032081 secs] 173836K->173506K(524224K), 0.0032658 secs] [Times: user=0.00 sys=0.00, real=0.00 secs] 
37.292: [GC 37.292: [DefNew: 959K->63K(960K), 0.0032312 secs] 174404K->174110K(524224K), 0.0032899 secs] [Times: user=0.00 sys=0.00, real=0.00 secs] 
37.296: [GC 37.296: [DefNew: 959K->63K(960K), 0.0034386 secs] 175009K->174648K(524224K), 0.0035040 secs] [Times: user=0.01 sys=0.00, real=0.00 secs] 
37.301: [GC 37.301: [DefNew: 959K->64K(960K), 0.0029714 secs] 175545K->175212K(524224K), 0.0030301 secs] [Times: user=0.00 sys=0.00, real=0.00 secs] 
37.305: [GC 37.305: [DefNew: 960K->64K(960K), 0.0032745 secs] 176109K->175797K(524224K), 0.0033385 secs] [Times: user=0.00 sys=0.00, real=0.00 secs] 
37.310: [GC 37.310: [DefNew: 960K->63K(960K), 0.0032755 secs] 176693K->176354K(524224K), 0.0033419 secs] [Times: user=0.02 sys=0.00, real=0.00 secs] 
37.316: [GC 37.316: [DefNew: 959K->64K(960K), 0.0033640 secs] 177250K->176904K(524224K), 0.0034304 secs] [Times: user=0.00 sys=0.00, real=0.00 secs] 
37.320: [GC 37.320: [DefNew: 960K->63K(960K), 0.0029098 secs] 177801K->177462K(524224K), 0.0029704 secs] [Times: user=0.00 sys=0.00, real=0.00 secs] 
37.325: [GC 37.325: [DefNew: 959K->64K(960K), 0.0031735 secs] 178359K->178039K(524224K), 0.0032360 secs] [Times: user=0.02 sys=0.00, real=0.00 secs] 
37.330: [GC 37.330: [DefNew: 960K->64K(960K), 0.0032293 secs] 178937K->178618K(524224K), 0.0032894 secs] [Times: user=0.00 sys=0.00, real=0.00 secs] 
37.335: [GC 37.335: [DefNew: 960K->63K(960K), 0.0032144 secs] 179516K->179180K(524224K), 0.0032735 secs] [Times: user=0.00 sys=0.00, real=0.00 secs] 
37.340: [GC 37.340: [DefNew: 959K->63K(960K), 0.0032788 secs] 180076K->179716K(524224K), 0.0033481 secs] [Times: user=0.00 sys=0.00, real=0.00 secs] 
37.345: [GC 37.345: [DefNew: 959K->63K(960K), 0.0030897 secs] 180614K->180275K(524224K), 0.0031552 secs] [Times: user=0.00 sys=0.00, real=0.00 secs] 
37.350: [GC 37.350: [DefNew: 959K->64K(960K), 0.0031542 secs] 181172K->180850K(524224K), 0.0032187 secs] [Times: user=0.00 sys=0.00, real=0.00 secs] 
37.354: [GC 37.354: [DefNew: 960K->63K(960K), 0.0032769 secs] 181747K->181419K(524224K), 0.0033414 secs] [Times: user=0.00 sys=0.00, real=0.00 secs] 
37.359: [GC 37.359: [DefNew: 959K->64K(960K), 0.0031003 secs] 182316K->182007K(524224K), 0.0031605 secs] [Times: user=0.00 sys=0.00, real=0.00 secs] 
37.363: [GC 37.363: [DefNew: 960K->64K(960K), 0.0033419 secs] 182905K->182562K(524224K), 0.0034054 secs] [Times: user=0.00 sys=0.00, real=0.00 secs] 
37.368: [GC 37.368: [DefNew: 960K->63K(960K), 0.0030907 secs] 183459K->183152K(524224K), 0.0031513 secs] [Times: user=0.00 sys=0.00, real=0.00 secs] 
37.373: [GC 37.373: [DefNew: 959K->63K(960K), 0.0033842 secs] 184049K->183715K(524224K), 0.0034506 secs] [Times: user=0.01 sys=0.00, real=0.00 secs] 
37.378: [GC 37.378: [DefNew: 959K->64K(960K), 0.0031427 secs] 184612K->184272K(524224K), 0.0032043 secs] [Times: user=0.00 sys=0.00, real=0.00 secs] 
37.383: [GC 37.383: [DefNew: 960K->64K(960K), 0.0032461 secs] 185169K->184861K(524224K), 0.0033039 secs] [Times: user=0.00 sys=0.00, real=0.00 secs] 
37.387: [GC 37.387: [DefNew: 960K->63K(960K), 0.0031557 secs] 185758K->185404K(524224K), 0.0032221 secs] [Times: user=0.02 sys=0.00, real=0.00 secs] 
37.392: [GC 37.392: [DefNew: 959K->63K(960K), 0.0034020 secs] 186302K->185979K(524224K), 0.0034723 secs] [Times: user=0.00 sys=0.00, real=0.00 secs] 
37.397: [GC 37.397: [DefNew: 959K->63K(960K), 0.0031715 secs] 186876K->186530K(524224K), 0.0032326 secs] [Times: user=0.00 sys=0.00, real=0.00 secs] 
37.402: [GC 37.402: [DefNew: 959K->63K(960K), 0.0029964 secs] 187427K->187082K(524224K), 0.0030551 secs] [Times: user=0.00 sys=0.00, real=0.00 secs] 
37.407: [GC 37.407: [DefNew: 959K->64K(960K), 0.0033221 secs] 187979K->187669K(524224K), 0.0033890 secs] [Times: user=0.00 sys=0.00, real=0.00 secs] 
37.412: [GC 37.412: [DefNew: 960K->64K(960K), 0.0031484 secs] 188565K->188224K(524224K), 0.0032129 secs] [Times: user=0.00 sys=0.00, real=0.00 secs] 
37.417: [GC 37.417: [DefNew: 960K->64K(960K), 0.0033592 secs] 189120K->188816K(524224K), 0.0034242 secs] [Times: user=0.00 sys=0.00, real=0.00 secs] 
37.421: [GC 37.421: [DefNew: 960K->64K(960K), 0.0033736 secs] 189713K->189377K(524224K), 0.0034381 secs] [Times: user=0.01 sys=0.00, real=0.00 secs] 
37.426: [GC 37.426: [DefNew: 960K->63K(960K), 0.0032880 secs] 190274K->189910K(524224K), 0.0033510 secs] [Times: user=0.00 sys=0.00, real=0.00 secs] 
37.431: [GC 37.431: [DefNew: 959K->64K(960K), 0.0031335 secs] 190807K->190498K(524224K), 0.0031946 secs] [Times: user=0.00 sys=0.00, real=0.00 secs] 
37.436: [GC 37.436: [DefNew: 960K->63K(960K), 0.0031056 secs] 191395K->191029K(524224K), 0.0031744 secs] [Times: user=0.02 sys=0.00, real=0.00 secs] 
37.443: [GC 37.443: [DefNew: 959K->64K(960K), 0.0031552 secs] 191926K->191642K(524224K), 0.0032240 secs] [Times: user=0.00 sys=0.00, real=0.00 secs] 
37.447: [GC 37.447: [DefNew: 960K->63K(960K), 0.0032885 secs] 192539K->192190K(524224K), 0.0033520 secs] [Times: user=0.00 sys=0.00, real=0.00 secs] 
37.452: [GC 37.452: [DefNew: 959K->64K(960K), 0.0031191 secs] 193087K->192728K(524224K), 0.0031792 secs] [Times: user=0.02 sys=0.00, real=0.00 secs] 
37.457: [GC 37.457: [DefNew: 960K->64K(960K), 0.0032938 secs] 193625K->193315K(524224K), 0.0033563 secs] [Times: user=0.00 sys=0.00, real=0.00 secs] 
37.462: [GC 37.462: [DefNew: 960K->63K(960K), 0.0033467 secs] 194212K->193901K(524224K), 0.0034083 secs] [Times: user=0.00 sys=0.00, real=0.00 secs] 
37.467: [GC 37.467: [DefNew: 959K->64K(960K), 0.0033626 secs] 194798K->194478K(524224K), 0.0034266 secs] [Times: user=0.01 sys=0.00, real=0.00 secs] 
37.471: [GC 37.471: [DefNew: 960K->63K(960K), 0.0031966 secs] 195375K->195037K(524224K), 0.0032553 secs] [Times: user=0.00 sys=0.00, real=0.00 secs] 
37.476: [GC 37.476: [DefNew: 959K->63K(960K), 0.0029314 secs] 195934K->195593K(524224K), 0.0029940 secs] [Times: user=0.00 sys=0.00, real=0.00 secs] 
37.480: [GC 37.480: [DefNew: 959K->64K(960K), 0.0030556 secs] 196490K->196146K(524224K), 0.0031162 secs] [Times: user=0.00 sys=0.00, real=0.00 secs] 
37.485: [GC 37.485: [DefNew: 960K->63K(960K), 0.0032514 secs] 197043K->196702K(524224K), 0.0033135 secs] [Times: user=0.00 sys=0.00, real=0.00 secs] 
37.489: [GC 37.489: [DefNew: 959K->63K(960K), 0.0034901 secs] 197598K->197272K(524224K), 0.0035666 secs] [Times: user=0.00 sys=0.00, real=0.00 secs] 
37.495: [GC 37.495: [DefNew: 959K->63K(960K), 0.0034015 secs] 198168K->197876K(524224K), 0.0034651 secs] [Times: user=0.00 sys=0.00, real=0.00 secs] 
37.501: [GC 37.501: [DefNew: 959K->63K(960K), 0.0034968 secs] 198774K->198453K(524224K), 0.0035632 secs] [Times: user=0.00 sys=0.00, real=0.00 secs] 
37.506: [GC 37.506: [DefNew: 959K->63K(960K), 0.0035613 secs] 199351K->199032K(524224K), 0.0036296 secs] [Times: user=0.00 sys=0.00, real=0.00 secs] 
37.512: [GC 37.512: [DefNew: 959K->64K(960K), 0.0033717 secs] 199929K->199655K(524224K), 0.0034367 secs] [Times: user=0.02 sys=0.00, real=0.00 secs] 
37.517: [GC 37.517: [DefNew: 960K->63K(960K), 0.0033159 secs] 200552K->200219K(524224K), 0.0033847 secs] [Times: user=0.00 sys=0.00, real=0.00 secs] 
37.522: [GC 37.522: [DefNew: 959K->64K(960K), 0.0031152 secs] 201116K->200788K(524224K), 0.0031783 secs] [Times: user=0.00 sys=0.00, real=0.00 secs] 
37.526: [GC 37.526: [DefNew: 960K->63K(960K), 0.0033361 secs] 201685K->201345K(524224K), 0.0034006 secs] [Times: user=0.00 sys=0.00, real=0.00 secs] 
37.531: [GC 37.531: [DefNew: 959K->63K(960K), 0.0032933 secs] 202241K->201924K(524224K), 0.0033549 secs] [Times: user=0.00 sys=0.00, real=0.00 secs] 
37.537: [GC 37.537: [DefNew: 959K->64K(960K), 0.0033481 secs] 202820K->202490K(524224K), 0.0034107 secs] [Times: user=0.00 sys=0.00, real=0.00 secs] 
37.541: [GC 37.541: [DefNew: 960K->64K(960K), 0.0033188 secs] 203388K->203043K(524224K), 0.0033837 secs] [Times: user=0.00 sys=0.00, real=0.00 secs] 
37.546: [GC 37.546: [DefNew: 960K->63K(960K), 0.0034328 secs] 203939K->203615K(524224K), 0.0034997 secs] [Times: user=0.00 sys=0.00, real=0.00 secs] 
37.551: [GC 37.551: [DefNew: 959K->64K(960K), 0.0033327 secs] 204512K->204170K(524224K), 0.0034396 secs] [Times: user=0.00 sys=0.00, real=0.00 secs] 
37.557: [GC 37.557: [DefNew: 960K->63K(960K), 0.0034020 secs] 205067K->204743K(524224K), 0.0034670 secs] [Times: user=0.00 sys=0.00, real=0.00 secs] 
37.562: [GC 37.562: [DefNew: 959K->64K(960K), 0.0031061 secs] 205640K->205278K(524224K), 0.0031715 secs] [Times: user=0.00 sys=0.00, real=0.00 secs] 
37.567: [GC 37.567: [DefNew: 960K->64K(960K), 0.0031682 secs] 206176K->205839K(524224K), 0.0032307 secs] [Times: user=0.00 sys=0.00, real=0.00 secs] 
37.572: [GC 37.572: [DefNew: 960K->63K(960K), 0.0032885 secs] 206737K->206405K(524224K), 0.0033505 secs] [Times: user=0.00 sys=0.00, real=0.00 secs] 
37.576: [GC 37.576: [DefNew: 959K->64K(960K), 0.0036758 secs] 207302K->206965K(524224K), 0.0037422 secs] [Times: user=0.01 sys=0.00, real=0.00 secs] 
37.582: [GC 37.582: [DefNew: 960K->64K(960K), 0.0033578 secs] 207861K->207534K(524224K), 0.0034237 secs] [Times: user=0.00 sys=0.00, real=0.00 secs] 
37.586: [GC 37.586: [DefNew: 960K->63K(960K), 0.0031807 secs] 208431K->208054K(524224K), 0.0032466 secs] [Times: user=0.00 sys=0.00, real=0.00 secs] 
37.591: [GC 37.591: [DefNew: 959K->63K(960K), 0.0032139 secs] 208950K->208616K(524224K), 0.0032812 secs] [Times: user=0.02 sys=0.00, real=0.00 secs] 
37.596: [GC 37.596: [DefNew: 959K->63K(960K), 0.0033221 secs] 209514K->209187K(524224K), 0.0033828 secs] [Times: user=0.00 sys=0.00, real=0.00 secs] 
37.600: [GC 37.600: [DefNew: 959K->63K(960K), 0.0034131 secs] 210084K->209732K(524224K), 0.0034756 secs] [Times: user=0.00 sys=0.00, real=0.00 secs] 
37.605: [GC 37.605: [DefNew: 959K->64K(960K), 0.0033472 secs] 210629K->210282K(524224K), 0.0034117 secs] [Times: user=0.00 sys=0.00, real=0.00 secs] 
37.609: [GC 37.609: [DefNew: 960K->63K(960K), 0.0033529 secs] 211179K->210839K(524224K), 0.0034121 secs] [Times: user=0.00 sys=0.00, real=0.00 secs] 
37.614: [GC 37.614: [DefNew: 959K->64K(960K), 0.0033717 secs] 211736K->211412K(524224K), 0.0034372 secs] [Times: user=0.00 sys=0.00, real=0.00 secs] 
37.619: [GC 37.619: [DefNew: 960K->64K(960K), 0.0031181 secs] 212309K->211974K(524224K), 0.0031783 secs] [Times: user=0.00 sys=0.00, real=0.00 secs] 
37.624: [GC 37.624: [DefNew: 960K->64K(960K), 0.0031099 secs] 212873K->212557K(524224K), 0.0031701 secs] [Times: user=0.00 sys=0.00, real=0.00 secs] 
37.629: [GC 37.629: [DefNew: 960K->64K(960K), 0.0036118 secs] 213453K->213132K(524224K), 0.0036763 secs] [Times: user=0.00 sys=0.00, real=0.00 secs] 
37.634: [GC 37.634: [DefNew: 960K->63K(960K), 0.0033828 secs] 214029K->213754K(524224K), 0.0034444 secs] [Times: user=0.00 sys=0.00, real=0.00 secs] 
37.641: [GC 37.641: [DefNew: 959K->64K(960K), 0.0038861 secs] 214651K->214335K(524224K), 0.0039535 secs] [Times: user=0.00 sys=0.00, real=0.00 secs] 
37.646: [GC 37.646: [DefNew: 960K->64K(960K), 0.0032384 secs] 215232K->214925K(524224K), 0.0033029 secs] [Times: user=0.00 sys=0.00, real=0.00 secs] 
37.651: [GC 37.651: [DefNew: 960K->64K(960K), 0.0032846 secs] 215823K->215496K(524224K), 0.0033481 secs] [Times: user=0.00 sys=0.00, real=0.00 secs] 
37.655: [GC 37.655: [DefNew: 960K->64K(960K), 0.0037225 secs] 216393K->216049K(524224K), 0.0037932 secs] [Times: user=0.02 sys=0.00, real=0.00 secs] 
37.661: [GC 37.661: [DefNew: 960K->64K(960K), 0.0033231 secs] 216947K->216644K(524224K), 0.0033842 secs] [Times: user=0.00 sys=0.00, real=0.00 secs] 
37.666: [GC 37.666: [DefNew: 960K->63K(960K), 0.0034246 secs] 217542K->217204K(524224K), 0.0034858 secs] [Times: user=0.00 sys=0.00, real=0.00 secs] 
37.670: [GC 37.670: [DefNew: 959K->64K(960K), 0.0032519 secs] 218102K->217730K(524224K), 0.0033178 secs] [Times: user=0.01 sys=0.00, real=0.00 secs] 
37.676: [GC 37.676: [DefNew: 960K->63K(960K), 0.0034482 secs] 218628K->218307K(524224K), 0.0035161 secs] [Times: user=0.00 sys=0.00, real=0.00 secs] 
37.681: [GC 37.681: [DefNew: 959K->63K(960K), 0.0034776 secs] 219204K->218875K(524224K), 0.0035425 secs] [Times: user=0.00 sys=0.00, real=0.00 secs] 
37.687: [GC 37.687: [DefNew: 959K->64K(960K), 0.0036802 secs] 219771K->219441K(524224K), 0.0037547 secs] [Times: user=0.00 sys=0.00, real=0.00 secs] 
37.692: [GC 37.692: [DefNew: 960K->64K(960K), 0.0034415 secs] 220338K->220019K(524224K), 0.0035117 secs] [Times: user=0.00 sys=0.00, real=0.00 secs] 
37.698: [GC 37.698: [DefNew: 960K->63K(960K), 0.0035724 secs] 220917K->220574K(524224K), 0.0036364 secs] [Times: user=0.00 sys=0.00, real=0.00 secs] 
37.704: [GC 37.704: [DefNew: 959K->64K(960K), 0.0033987 secs] 221471K->221130K(524224K), 0.0034718 secs] [Times: user=0.00 sys=0.00, real=0.00 secs] 
37.708: [GC 37.708: [DefNew: 960K->64K(960K), 0.0037701 secs] 222028K->221729K(524224K), 0.0038404 secs] [Times: user=0.00 sys=0.00, real=0.00 secs] 
37.714: [GC 37.714: [DefNew: 960K->64K(960K), 0.0037466 secs] 222626K->222303K(524224K), 0.0038163 secs] [Times: user=0.02 sys=0.00, real=0.00 secs] 
37.719: [GC 37.719: [DefNew: 960K->63K(960K), 0.0033409 secs] 223200K->222868K(524224K), 0.0034112 secs] [Times: user=0.00 sys=0.00, real=0.00 secs] 
37.725: [GC 37.725: [DefNew: 959K->64K(960K), 0.0035796 secs] 223766K->223436K(524224K), 0.0036474 secs] [Times: user=0.00 sys=0.00, real=0.00 secs] 
37.731: [GC 37.731: [DefNew: 960K->64K(960K), 0.0040925 secs] 224334K->224018K(524224K), 0.0041681 secs] [Times: user=0.02 sys=0.00, real=0.00 secs] 
37.736: [GC 37.736: [DefNew: 960K->64K(960K), 0.0035531 secs] 224914K->224578K(524224K), 0.0036258 secs] [Times: user=0.00 sys=0.00, real=0.00 secs] 
37.743: [GC 37.743: [DefNew: 960K->64K(960K), 0.0039934 secs] 225474K->225206K(524224K), 0.0041330 secs] [Times: user=0.00 sys=0.00, real=0.00 secs] 
37.748: [GC 37.748: [DefNew: 960K->63K(960K), 0.0041017 secs] 226103K->225806K(524224K), 0.0041724 secs] [Times: user=0.02 sys=0.00, real=0.00 secs] 
37.754: [GC 37.754: [DefNew: 959K->64K(960K), 0.0039496 secs] 226703K->226386K(524224K), 0.0040281 secs] [Times: user=0.00 sys=0.00, real=0.00 secs] 
37.759: [GC 37.759: [DefNew: 960K->64K(960K), 0.0039650 secs] 227282K->227144K(524224K), 0.0040353 secs] [Times: user=0.00 sys=0.00, real=0.00 secs] 
37.765: [GC 37.765: [DefNew: 960K->64K(960K), 0.0039905 secs] 228042K->227729K(524224K), 0.0040598 secs] [Times: user=0.00 sys=0.00, real=0.00 secs] 
37.771: [GC 37.771: [DefNew: 960K->64K(960K), 0.0034372 secs] 228625K->228314K(524224K), 0.0035036 secs] [Times: user=0.00 sys=0.00, real=0.00 secs] 
37.776: [GC 37.776: [DefNew: 960K->63K(960K), 0.0033472 secs] 229211K->228901K(524224K), 0.0034179 secs] [Times: user=0.00 sys=0.00, real=0.00 secs] 
37.781: [GC 37.781: [DefNew: 959K->64K(960K), 0.0036234 secs] 229797K->229483K(524224K), 0.0036888 secs] [Times: user=0.00 sys=0.00, real=0.00 secs] 
37.786: [GC 37.786: [DefNew: 960K->63K(960K), 0.0041806 secs] 230382K->230149K(524224K), 0.0042499 secs] [Times: user=0.00 sys=0.00, real=0.00 secs] 
37.792: [GC 37.792: [DefNew: 959K->63K(960K), 0.0036734 secs] 231046K->230756K(524224K), 0.0037374 secs] [Times: user=0.00 sys=0.00, real=0.00 secs] 
37.797: [GC 37.797: [DefNew: 959K->64K(960K), 0.0041243 secs] 231652K->231316K(524224K), 0.0041950 secs] [Times: user=0.00 sys=0.00, real=0.00 secs] 
37.803: [GC 37.803: [DefNew: 960K->63K(960K), 0.0034554 secs] 232214K->231930K(524224K), 0.0035300 secs] [Times: user=0.00 sys=0.00, real=0.00 secs] 
37.809: [GC 37.809: [DefNew: 959K->63K(960K), 0.0040521 secs] 232827K->232602K(524224K), 0.0041214 secs] [Times: user=0.02 sys=0.00, real=0.00 secs] 
37.814: [GC 37.814: [DefNew: 959K->64K(960K), 0.0039438 secs] 233499K->233260K(524224K), 0.0040165 secs] [Times: user=0.00 sys=0.00, real=0.00 secs] 
37.820: [GC 37.820: [DefNew: 960K->63K(960K), 0.0034540 secs] 234158K->233850K(524224K), 0.0035185 secs] [Times: user=0.00 sys=0.00, real=0.00 secs] 
37.825: [GC 37.825: [DefNew: 959K->64K(960K), 0.0038091 secs] 234747K->234416K(524224K), 0.0038832 secs] [Times: user=0.01 sys=0.00, real=0.00 secs] 
37.831: [GC 37.831: [DefNew: 960K->63K(960K), 0.0038799 secs] 235312K->235034K(524224K), 0.0039477 secs] [Times: user=0.00 sys=0.00, real=0.00 secs] 
37.836: [GC 37.836: [DefNew: 959K->64K(960K), 0.0042667 secs] 235930K->235605K(524224K), 0.0043389 secs] [Times: user=0.00 sys=0.00, real=0.00 secs] 
37.842: [GC 37.842: [DefNew: 960K->63K(960K), 0.0036619 secs] 236501K->236211K(524224K), 0.0037331 secs] [Times: user=0.02 sys=0.00, real=0.00 secs] 
37.848: [GC 37.848: [DefNew: 959K->64K(960K), 0.0040964 secs] 237109K->236844K(524224K), 0.0041710 secs] [Times: user=0.00 sys=0.00, real=0.00 secs] 
37.853: [GC 37.853: [DefNew: 960K->63K(960K), 0.0040887 secs] 237742K->237442K(524224K), 0.0041575 secs] [Times: user=0.00 sys=0.00, real=0.00 secs] 
37.859: [GC 37.859: [DefNew: 959K->63K(960K), 0.0038091 secs] 238338K->238099K(524224K), 0.0038803 secs] [Times: user=0.00 sys=0.00, real=0.00 secs] 
37.864: [GC 37.864: [DefNew: 959K->64K(960K), 0.0044683 secs] 238996K->238728K(524224K), 0.0045713 secs] [Times: user=0.00 sys=0.00, real=0.01 secs] 
37.871: [GC 37.871: [DefNew: 960K->63K(960K), 0.0037740 secs] 239625K->239376K(524224K), 0.0038587 secs] [Times: user=0.01 sys=0.00, real=0.00 secs] 
37.876: [GC 37.876: [DefNew: 959K->64K(960K), 0.0040593 secs] 240273K->239986K(524224K), 0.0041358 secs] [Times: user=0.00 sys=0.00, real=0.00 secs] 
37.882: [GC 37.882: [DefNew: 960K->63K(960K), 0.0043687 secs] 240884K->240551K(524224K), 0.0044419 secs] [Times: user=0.00 sys=0.00, real=0.00 secs] 
37.888: [GC 37.888: [DefNew: 959K->64K(960K), 0.0035421 secs] 241449K->241110K(524224K), 0.0036085 secs] [Times: user=0.02 sys=0.00, real=0.00 secs] 
37.893: [GC 37.893: [DefNew: 960K->64K(960K), 0.0035810 secs] 242007K->241712K(524224K), 0.0036691 secs] [Times: user=0.00 sys=0.00, real=0.00 secs] 
37.899: [GC 37.899: [DefNew: 960K->64K(960K), 0.0040820 secs] 242609K->242399K(524224K), 0.0041522 secs] [Times: user=0.00 sys=0.00, real=0.00 secs] 
37.904: [GC 37.904: [DefNew: 960K->63K(960K), 0.0037899 secs] 243296K->242972K(524224K), 0.0038582 secs] [Times: user=0.02 sys=0.00, real=0.00 secs] 
37.910: [GC 37.910: [DefNew: 959K->63K(960K), 0.0038885 secs] 243868K->243685K(524224K), 0.0039727 secs] [Times: user=0.00 sys=0.00, real=0.00 secs] 
37.915: [GC 37.915: [DefNew: 959K->63K(960K), 0.0037701 secs] 244583K->244258K(524224K), 0.0038365 secs] [Times: user=0.00 sys=0.00, real=0.00 secs] 
37.921: [GC 37.921: [DefNew: 959K->64K(960K), 0.0036436 secs] 245155K->244838K(524224K), 0.0037172 secs] [Times: user=0.00 sys=0.00, real=0.00 secs] 
37.927: [GC 37.927: [DefNew: 960K->64K(960K), 0.0035834 secs] 245734K->245507K(524224K), 0.0036619 secs] [Times: user=0.00 sys=0.00, real=0.00 secs] 
37.932: [GC 37.932: [DefNew: 960K->64K(960K), 0.0035589 secs] 246404K->246078K(524224K), 0.0036267 secs] [Times: user=0.00 sys=0.00, real=0.00 secs] 
37.938: [GC 37.938: [DefNew: 960K->64K(960K), 0.0040844 secs] 246975K->246812K(524224K), 0.0041517 secs] [Times: user=0.00 sys=0.00, real=0.00 secs] 
37.943: [GC 37.943: [DefNew: 960K->64K(960K), 0.0040651 secs] 247709K->247382K(524224K), 0.0041320 secs] [Times: user=0.00 sys=0.00, real=0.00 secs] 
37.949: [GC 37.949: [DefNew: 960K->64K(960K), 0.0039169 secs] 248279K->247943K(524224K), 0.0039843 secs] [Times: user=0.02 sys=0.00, real=0.00 secs] 
37.954: [GC 37.954: [DefNew: 960K->63K(960K), 0.0035156 secs] 248839K->248567K(524224K), 0.0035810 secs] [Times: user=0.00 sys=0.00, real=0.00 secs] 
37.960: [GC 37.960: [DefNew: 959K->63K(960K), 0.0039674 secs] 249464K->249157K(524224K), 0.0040391 secs] [Times: user=0.00 sys=0.00, real=0.00 secs] 
37.966: [GC 37.966: [DefNew: 959K->64K(960K), 0.0036965 secs] 250053K->249740K(524224K), 0.0037668 secs] [Times: user=0.02 sys=0.00, real=0.00 secs] 
37.971: [GC 37.971: [DefNew: 960K->63K(960K), 0.0034742 secs] 250637K->250310K(524224K), 0.0035368 secs] [Times: user=0.00 sys=0.00, real=0.00 secs] 
37.977: [GC 37.977: [DefNew: 959K->64K(960K), 0.0037456 secs] 251207K->250920K(524224K), 0.0038163 secs] [Times: user=0.00 sys=0.00, real=0.00 secs] 
37.982: [GC 37.982: [DefNew: 960K->64K(960K), 0.0040877 secs] 251817K->251496K(524224K), 0.0429637 secs] [Times: user=0.02 sys=0.00, real=0.04 secs] 
38.027: [GC 38.027: [DefNew: 960K->64K(960K), 0.0040853 secs] 252392K->252138K(524224K), 0.0041565 secs] [Times: user=0.02 sys=0.00, real=0.00 secs] 
38.032: [GC 38.032: [DefNew: 960K->63K(960K), 0.0036696 secs] 253034K->252709K(524224K), 0.0037365 secs] [Times: user=0.00 sys=0.00, real=0.00 secs] 
38.038: [GC 38.038: [DefNew: 959K->64K(960K), 0.0036883 secs] 253606K->253276K(524224K), 0.0037812 secs] [Times: user=0.00 sys=0.00, real=0.00 secs] 
38.044: [GC 38.044: [DefNew: 960K->63K(960K), 0.0040382 secs] 254172K->254002K(524224K), 0.0041113 secs] [Times: user=0.02 sys=0.00, real=0.00 secs] 
38.049: [GC 38.049: [DefNew: 959K->64K(960K), 0.0038924 secs] 254898K->254575K(524224K), 0.0039732 secs] [Times: user=0.00 sys=0.00, real=0.00 secs] 
38.055: [GC 38.055: [DefNew: 960K->64K(960K), 0.0041320 secs] 255472K->255224K(524224K), 0.0042018 secs] [Times: user=0.00 sys=0.00, real=0.00 secs] 
38.060: [GC 38.060: [DefNew: 960K->64K(960K), 0.0037302 secs] 256121K->255800K(524224K), 0.0037971 secs] [Times: user=0.01 sys=0.00, real=0.00 secs] 
38.066: [GC 38.066: [DefNew: 960K->64K(960K), 0.0040112 secs] 256698K->256453K(524224K), 0.0041007 secs] [Times: user=0.00 sys=0.00, real=0.00 secs] 
38.071: [GC 38.071: [DefNew: 960K->63K(960K), 0.0038038 secs] 257350K->257051K(524224K), 0.0038649 secs] [Times: user=0.00 sys=0.00, real=0.00 secs] 
38.077: [GC 38.077: [DefNew: 959K->64K(960K), 0.0046507 secs] 257949K->257688K(524224K), 0.0047383 secs] [Times: user=0.00 sys=0.00, real=0.01 secs] 
38.084: [GC 38.084: [DefNew: 960K->64K(960K), 0.0038986 secs] 258584K->258294K(524224K), 0.0039660 secs] [Times: user=0.00 sys=0.00, real=0.00 secs] 
38.089: [GC 38.089: [DefNew: 960K->63K(960K), 0.0039929 secs] 259191K->258900K(524224K), 0.0040593 secs] [Times: user=0.02 sys=0.00, real=0.00 secs] 
38.095: [GC 38.095: [DefNew: 959K->64K(960K), 0.0038029 secs] 259796K->259521K(524224K), 0.0038664 secs] [Times: user=0.00 sys=0.00, real=0.00 secs] 
38.100: [GC 38.100: [DefNew: 960K->64K(960K), 0.0036513 secs] 260418K->260081K(524224K), 0.0037206 secs] [Times: user=0.00 sys=0.00, real=0.00 secs] 
38.106: [GC 38.106: [DefNew: 960K->63K(960K), 0.0035719 secs] 260979K->260650K(524224K), 0.0036417 secs] [Times: user=0.01 sys=0.00, real=0.00 secs] 
38.111: [GC 38.111: [DefNew: 959K->64K(960K), 0.0034805 secs] 261547K->261205K(524224K), 0.0035454 secs] [Times: user=0.00 sys=0.00, real=0.00 secs] 
38.117: [GC 38.117: [DefNew: 960K->63K(960K), 0.0035060 secs] 262102K->261816K(524224K), 0.0035762 secs] [Times: user=0.00 sys=0.00, real=0.00 secs] 
38.123: [GC 38.123: [DefNew: 959K->64K(960K), 0.0037264 secs] 262712K->262387K(524224K), 0.0037918 secs] [Times: user=0.02 sys=0.00, real=0.00 secs] 
38.128: [GC 38.128: [DefNew: 960K->63K(960K), 0.0036672 secs] 263283K->262939K(524224K), 0.0037297 secs] [Times: user=0.00 sys=0.00, real=0.00 secs] 
38.134: [GC 38.134: [DefNew: 959K->64K(960K), 0.0034381 secs] 263835K->263501K(524224K), 0.0034973 secs] [Times: user=0.00 sys=0.00, real=0.00 secs] 
38.139: [GC 38.139: [DefNew: 960K->63K(960K), 0.0037475 secs] 264398K->264055K(524224K), 0.0038120 secs] [Times: user=0.00 sys=0.00, real=0.00 secs] 
38.145: [GC 38.145: [DefNew: 959K->64K(960K), 0.0036518 secs] 264952K->264672K(524224K), 0.0037273 secs] [Times: user=0.00 sys=0.00, real=0.00 secs] 
38.150: [GC 38.150: [DefNew: 960K->64K(960K), 0.0035748 secs] 265569K->265231K(524224K), 0.0036359 secs] [Times: user=0.00 sys=0.00, real=0.00 secs] 
38.156: [GC 38.156: [DefNew: 960K->63K(960K), 0.0039612 secs] 266129K->265829K(524224K), 0.0040290 secs] [Times: user=0.00 sys=0.00, real=0.00 secs] 
38.163: [GC 38.163: [DefNew: 959K->64K(960K), 0.0035358 secs] 266725K->266408K(524224K), 0.0036003 secs] [Times: user=0.00 sys=0.00, real=0.00 secs] 
38.168: [GC 38.168: [DefNew: 960K->64K(960K), 0.0036956 secs] 267305K->266976K(524224K), 0.0037557 secs] [Times: user=0.02 sys=0.00, real=0.00 secs] 
38.174: [GC 38.174: [DefNew: 960K->63K(960K), 0.0039029 secs] 267873K->267582K(524224K), 0.0039665 secs] [Times: user=0.00 sys=0.00, real=0.00 secs] 
38.179: [GC 38.179: [DefNew: 959K->64K(960K), 0.0036311 secs] 268480K->268138K(524224K), 0.0036965 secs] [Times: user=0.00 sys=0.00, real=0.00 secs] 
38.185: [GC 38.185: [DefNew: 960K->64K(960K), 0.0034915 secs] 269035K->268715K(524224K), 0.0035560 secs] [Times: user=0.02 sys=0.00, real=0.00 secs] 
38.190: [GC 38.190: [DefNew: 960K->63K(960K), 0.0035825 secs] 269611K->269288K(524224K), 0.0036522 secs] [Times: user=0.00 sys=0.00, real=0.00 secs] 
38.196: [GC 38.196: [DefNew: 959K->64K(960K), 0.0034987 secs] 270186K->269868K(524224K), 0.0035603 secs] [Times: user=0.00 sys=0.00, real=0.00 secs] 
38.202: [GC 38.202: [DefNew: 960K->64K(960K), 0.0038375 secs] 270764K->270459K(524224K), 0.0038996 secs] [Times: user=0.00 sys=0.00, real=0.00 secs] 
38.207: [GC 38.207: [DefNew: 960K->63K(960K), 0.0036325 secs] 271356K->271012K(524224K), 0.0036994 secs] [Times: user=0.00 sys=0.00, real=0.00 secs] 
38.213: [GC 38.213: [DefNew: 959K->63K(960K), 0.0039554 secs] 271910K->271631K(524224K), 0.0040232 secs] [Times: user=0.02 sys=0.00, real=0.00 secs] 
38.218: [GC 38.218: [DefNew: 959K->63K(960K), 0.0038640 secs] 272529K->272229K(524224K), 0.0039275 secs] [Times: user=0.00 sys=0.00, real=0.00 secs] 
38.224: [GC 38.224: [DefNew: 959K->63K(960K), 0.0039612 secs] 273126K->272827K(524224K), 0.0040295 secs] [Times: user=0.00 sys=0.00, real=0.00 secs] 
38.230: [GC 38.230: [DefNew: 959K->64K(960K), 0.0037384 secs] 273723K->273404K(524224K), 0.0038029 secs] [Times: user=0.02 sys=0.00, real=0.00 secs] 
38.235: [GC 38.235: [DefNew: 960K->63K(960K), 0.0038659 secs] 274300K->273984K(524224K), 0.0039386 secs] [Times: user=0.00 sys=0.00, real=0.00 secs] 
38.242: [GC 38.242: [DefNew: 959K->63K(960K), 0.0039400 secs] 274881K->274595K(524224K), 0.0040074 secs] [Times: user=0.00 sys=0.00, real=0.00 secs] 
38.247: [GC 38.247: [DefNew: 959K->64K(960K), 0.0039602 secs] 275492K->275170K(524224K), 0.0040285 secs] [Times: user=0.02 sys=0.00, real=0.00 secs] 
38.253: [GC 38.253: [DefNew: 960K->63K(960K), 0.0039179 secs] 276067K->275766K(524224K), 0.0039876 secs] [Times: user=0.00 sys=0.00, real=0.00 secs] 
38.258: [GC 38.258: [DefNew: 959K->64K(960K), 0.0038308 secs] 276662K->276353K(524224K), 0.0038972 secs] [Times: user=0.00 sys=0.00, real=0.00 secs] 
38.264: [GC 38.264: [DefNew: 960K->64K(960K), 0.0036190 secs] 277249K->276925K(524224K), 0.0036893 secs] [Times: user=0.00 sys=0.00, real=0.00 secs] 
38.270: [GC 38.270: [DefNew: 960K->64K(960K), 0.0037470 secs] 277823K->277499K(524224K), 0.0038154 secs] [Times: user=0.00 sys=0.00, real=0.00 secs] 
38.275: [GC 38.275: [DefNew: 960K->63K(960K), 0.0036657 secs] 278396K->278082K(524224K), 0.0037316 secs] [Times: user=0.00 sys=0.00, real=0.00 secs] 
38.281: [GC 38.281: [DefNew: 959K->64K(960K), 0.0037278 secs] 278980K->278672K(524224K), 0.0037923 secs] [Times: user=0.00 sys=0.00, real=0.00 secs] 
38.286: [GC 38.286: [DefNew: 960K->64K(960K), 0.0035772 secs] 279568K->279233K(524224K), 0.0036402 secs] [Times: user=0.00 sys=0.00, real=0.00 secs] 
38.292: [GC 38.292: [DefNew: 960K->63K(960K), 0.0035079 secs] 280131K->279829K(524224K), 0.0035724 secs] [Times: user=0.02 sys=0.00, real=0.00 secs] 
38.297: [GC 38.297: [DefNew: 959K->63K(960K), 0.0034968 secs] 280726K->280394K(524224K), 0.0035945 secs] [Times: user=0.00 sys=0.00, real=0.00 secs] 
38.303: [GC 38.303: [DefNew: 959K->63K(960K), 0.0037187 secs] 281291K->280981K(524224K), 0.0037860 secs] [Times: user=0.00 sys=0.00, real=0.00 secs] 
38.309: [GC 38.309: [DefNew: 959K->63K(960K), 0.0038760 secs] 281877K->281580K(524224K), 0.0039804 secs] [Times: user=0.01 sys=0.00, real=0.00 secs] 
38.315: [GC 38.315: [DefNew: 959K->63K(960K), 0.0038784 secs] 282477K->282193K(524224K), 0.0039448 secs] [Times: user=0.00 sys=0.00, real=0.00 secs] 
38.321: [GC 38.321: [DefNew: 959K->64K(960K), 0.0040261 secs] 283090K->282818K(524224K), 0.0040882 secs] [Times: user=0.00 sys=0.00, real=0.00 secs] 
38.326: [GC 38.326: [DefNew: 960K->64K(960K), 0.0043067 secs] 283715K->283401K(524224K), 0.0043736 secs] [Times: user=0.00 sys=0.00, real=0.00 secs] 
38.332: [GC 38.332: [DefNew: 960K->64K(960K), 0.0038163 secs] 284298K->283984K(524224K), 0.0038832 secs] [Times: user=0.00 sys=0.00, real=0.00 secs] 
38.337: [GC 38.337: [DefNew: 960K->63K(960K), 0.0036792 secs] 284881K->284539K(524224K), 0.0037432 secs] [Times: user=0.00 sys=0.00, real=0.00 secs] 
38.343: [GC 38.343: [DefNew: 959K->64K(960K), 0.0039390 secs] 285436K->285175K(524224K), 0.0040069 secs] [Times: user=0.00 sys=0.00, real=0.00 secs] 
38.349: [GC 38.349: [DefNew: 960K->64K(960K), 0.0038274 secs] 286071K->285740K(524224K), 0.0038943 secs] [Times: user=0.00 sys=0.00, real=0.00 secs] 
38.354: [GC 38.354: [DefNew: 960K->64K(960K), 0.0035935 secs] 286637K->286287K(524224K), 0.0036614 secs] [Times: user=0.00 sys=0.02, real=0.00 secs] 
38.360: [GC 38.360: [DefNew: 960K->63K(960K), 0.0036989 secs] 287184K->286881K(524224K), 0.0037615 secs] [Times: user=0.00 sys=0.00, real=0.00 secs] 
38.365: [GC 38.365: [DefNew: 959K->63K(960K), 0.0036561 secs] 287778K->287453K(524224K), 0.0037187 secs] [Times: user=0.00 sys=0.00, real=0.00 secs] 
38.371: [GC 38.371: [DefNew: 959K->64K(960K), 0.0035262 secs] 288351K->288030K(524224K), 0.0035849 secs] [Times: user=0.02 sys=0.00, real=0.00 secs] 
38.376: [GC 38.376: [DefNew: 960K->63K(960K), 0.0036970 secs] 288927K->288617K(524224K), 0.0037581 secs] [Times: user=0.00 sys=0.00, real=0.00 secs] 
38.382: [GC 38.382: [DefNew: 959K->64K(960K), 0.0039867 secs] 289514K->289189K(524224K), 0.0040507 secs] [Times: user=0.00 sys=0.00, real=0.00 secs] 
38.388: [GC 38.388: [DefNew: 960K->63K(960K), 0.0040314 secs] 290086K->289792K(524224K), 0.0040959 secs] [Times: user=0.01 sys=0.00, real=0.00 secs] 
38.394: [GC 38.394: [DefNew: 959K->63K(960K), 0.0038337 secs] 290689K->290399K(524224K), 0.0039005 secs] [Times: user=0.00 sys=0.00, real=0.00 secs] 
38.400: [GC 38.400: [DefNew: 959K->63K(960K), 0.0040064 secs] 291296K->290990K(524224K), 0.0040704 secs] [Times: user=0.02 sys=0.00, real=0.00 secs] 
38.406: [GC 38.406: [DefNew: 959K->64K(960K), 0.0037961 secs] 291887K->291556K(524224K), 0.0038606 secs] [Times: user=0.00 sys=0.00, real=0.00 secs] 
38.411: [GC 38.411: [DefNew: 960K->63K(960K), 0.0038442 secs] 292454K->292175K(524224K), 0.0039073 secs] [Times: user=0.00 sys=0.00, real=0.00 secs] 
38.416: [GC 38.416: [DefNew: 959K->63K(960K), 0.0037533 secs] 293073K->292747K(524224K), 0.0038154 secs] [Times: user=0.02 sys=0.00, real=0.00 secs] 
38.422: [GC 38.422: [DefNew: 959K->63K(960K), 0.0042566 secs] 293644K->293340K(524224K), 0.0043240 secs] [Times: user=0.00 sys=0.00, real=0.00 secs] 
38.429: [GC 38.429: [DefNew: 959K->63K(960K), 0.0039559 secs] 294237K->293959K(524224K), 0.0040232 secs] [Times: user=0.00 sys=0.00, real=0.00 secs] 
38.434: [GC 38.434: [DefNew: 959K->64K(960K), 0.0039029 secs] 294856K->294527K(524224K), 0.0039645 secs] [Times: user=0.02 sys=0.00, real=0.00 secs] 
38.440: [GC 38.440: [DefNew: 960K->64K(960K), 0.0041233 secs] 295424K->295128K(524224K), 0.0041974 secs] [Times: user=0.00 sys=0.00, real=0.00 secs] 
38.445: [GC 38.445: [DefNew: 960K->64K(960K), 0.0039554 secs] 296025K->295725K(524224K), 0.0040180 secs] [Times: user=0.00 sys=0.00, real=0.00 secs] 
38.451: [GC 38.451: [DefNew: 960K->64K(960K), 0.0040006 secs] 296622K->296321K(524224K), 0.0040704 secs] [Times: user=0.00 sys=0.00, real=0.00 secs] 
38.457: [GC 38.457: [DefNew: 960K->63K(960K), 0.0038996 secs] 297218K->296918K(524224K), 0.0039621 secs] [Times: user=0.00 sys=0.00, real=0.00 secs] 
38.463: [GC 38.463: [DefNew: 959K->63K(960K), 0.0038924 secs] 297815K->297519K(524224K), 0.0039549 secs] [Times: user=0.02 sys=0.00, real=0.00 secs] 
38.469: [GC 38.469: [DefNew: 959K->64K(960K), 0.0040035 secs] 298416K->298120K(524224K), 0.0040699 secs] [Times: user=0.00 sys=0.00, real=0.00 secs] 
38.474: [GC 38.474: [DefNew: 960K->64K(960K), 0.0040208 secs] 299017K->298701K(524224K), 0.0040834 secs] [Times: user=0.00 sys=0.00, real=0.00 secs] 
38.480: [GC 38.480: [DefNew: 960K->64K(960K), 0.0037634 secs] 299598K->299302K(524224K), 0.0038515 secs] [Times: user=0.02 sys=0.00, real=0.00 secs] 
38.486: [GC 38.486: [DefNew: 960K->64K(960K), 0.0039487 secs] 300198K->299879K(524224K), 0.0040151 secs] [Times: user=0.00 sys=0.00, real=0.00 secs] 
38.492: [GC 38.492: [DefNew: 960K->64K(960K), 0.0037475 secs] 300775K->300473K(524224K), 0.0038130 secs] [Times: user=0.00 sys=0.00, real=0.00 secs] 
38.497: [GC 38.497: [DefNew: 960K->63K(960K), 0.0040353 secs] 301369K->301056K(524224K), 0.0041022 secs] [Times: user=0.02 sys=0.00, real=0.00 secs] 
38.503: [GC 38.503: [DefNew: 959K->63K(960K), 0.0039020 secs] 301952K->301637K(524224K), 0.0039689 secs] [Times: user=0.00 sys=0.00, real=0.00 secs] 
38.509: [GC 38.509: [DefNew: 959K->63K(960K), 0.0038794 secs] 302533K->302229K(524224K), 0.0039467 secs] [Times: user=0.00 sys=0.00, real=0.00 secs] 
38.514: [GC 38.514: [DefNew: 959K->63K(960K), 0.0040872 secs] 303125K->302796K(524224K), 0.0041517 secs] [Times: user=0.00 sys=0.00, real=0.00 secs] 
38.520: [GC 38.520: [DefNew: 959K->63K(960K), 0.0038053 secs] 303693K->303394K(524224K), 0.0038741 secs] [Times: user=0.00 sys=0.00, real=0.00 secs] 
38.525: [GC 38.525: [DefNew: 959K->63K(960K), 0.0037774 secs] 304291K->303970K(524224K), 0.0038418 secs] [Times: user=0.02 sys=0.00, real=0.00 secs] 
38.532: [GC 38.532: [DefNew: 959K->63K(960K), 0.0038832 secs] 304866K->304574K(524224K), 0.0039467 secs] [Times: user=0.00 sys=0.00, real=0.00 secs] 
38.537: [GC 38.537: [DefNew: 959K->63K(960K), 0.0039371 secs] 305471K->305153K(524224K), 0.0039997 secs] [Times: user=0.00 sys=0.00, real=0.00 secs] 
38.543: [GC 38.543: [DefNew: 959K->64K(960K), 0.0042451 secs] 306050K->305758K(524224K), 0.0043115 secs] [Times: user=0.01 sys=0.00, real=0.00 secs] 
38.549: [GC 38.549: [DefNew: 960K->63K(960K), 0.0042316 secs] 306654K->306355K(524224K), 0.0042970 secs] [Times: user=0.00 sys=0.00, real=0.00 secs] 
38.554: [GC 38.554: [DefNew: 959K->63K(960K), 0.0039920 secs] 307253K->306944K(524224K), 0.0040834 secs] [Times: user=0.00 sys=0.00, real=0.00 secs] 
38.560: [GC 38.560: [DefNew: 959K->63K(960K), 0.0040329 secs] 307840K->307522K(524224K), 0.0041050 secs] [Times: user=0.00 sys=0.00, real=0.00 secs] 
38.565: [GC 38.565: [DefNew: 959K->64K(960K), 0.0040723 secs] 308419K->308128K(524224K), 0.0041392 secs] [Times: user=0.00 sys=0.00, real=0.00 secs] 
38.571: [GC 38.571: [DefNew: 960K->63K(960K), 0.0040242 secs] 309025K->308719K(524224K), 0.0040868 secs] [Times: user=0.00 sys=0.00, real=0.00 secs] 
38.577: [GC 38.577: [DefNew: 959K->64K(960K), 0.0037360 secs] 309616K->309288K(524224K), 0.0038005 secs] [Times: user=0.00 sys=0.00, real=0.00 secs] 
38.582: [GC 38.582: [DefNew: 960K->63K(960K), 0.0038101 secs] 310185K->309875K(524224K), 0.0038770 secs] [Times: user=0.00 sys=0.00, real=0.00 secs] 
38.588: [GC 38.588: [DefNew: 959K->64K(960K), 0.0040613 secs] 310772K->310465K(524224K), 0.0041368 secs] [Times: user=0.02 sys=0.00, real=0.00 secs] 
38.593: [GC 38.593: [DefNew: 960K->64K(960K), 0.0041253 secs] 311362K->311062K(524224K), 0.0041955 secs] [Times: user=0.00 sys=0.00, real=0.00 secs] 
38.599: [GC 38.599: [DefNew: 960K->64K(960K), 0.0043245 secs] 311960K->311699K(524224K), 0.0043928 secs] [Times: user=0.00 sys=0.00, real=0.00 secs] 
38.604: [GC 38.604: [DefNew: 960K->63K(960K), 0.0041426 secs] 312596K->312260K(524224K), 0.0042066 secs] [Times: user=0.01 sys=0.00, real=0.00 secs] 
38.610: [GC 38.610: [DefNew: 959K->63K(960K), 0.0040810 secs] 313156K->312888K(524224K), 0.0041450 secs] [Times: user=0.00 sys=0.00, real=0.00 secs] 
38.615: [GC 38.615: [DefNew: 959K->64K(960K), 0.0040131 secs] 313785K->313462K(524224K), 0.0040781 secs] [Times: user=0.00 sys=0.00, real=0.00 secs] 
38.621: [GC 38.621: [DefNew: 960K->63K(960K), 0.0042826 secs] 314358K->314060K(524224K), 0.0043471 secs] [Times: user=0.02 sys=0.00, real=0.00 secs] 
38.627: [GC 38.627: [DefNew: 959K->63K(960K), 0.0040266 secs] 314957K->314667K(524224K), 0.0040887 secs] [Times: user=0.00 sys=0.00, real=0.00 secs] 
38.632: [GC 38.632: [DefNew: 959K->64K(960K), 0.0040550 secs] 315564K->315267K(524224K), 0.0041185 secs] [Times: user=0.00 sys=0.00, real=0.00 secs] 
38.638: [GC 38.638: [DefNew: 960K->63K(960K), 0.0043755 secs] 316165K->315911K(524224K), 0.0044448 secs] [Times: user=0.00 sys=0.00, real=0.00 secs] 
38.644: [GC 38.644: [DefNew: 959K->64K(960K), 0.0043967 secs] 316807K->316517K(524224K), 0.0044833 secs] [Times: user=0.00 sys=0.00, real=0.00 secs] 
38.651: [GC 38.651: [DefNew: 960K->63K(960K), 0.0047056 secs] 317414K->317164K(524224K), 0.0047773 secs] [Times: user=0.02 sys=0.00, real=0.01 secs] 
38.657: [GC 38.657: [DefNew: 959K->64K(960K), 0.0040165 secs] 318060K->317771K(524224K), 0.0040815 secs] [Times: user=0.00 sys=0.00, real=0.00 secs] 
38.663: [GC 38.663: [DefNew: 960K->63K(960K), 0.0038702 secs] 318669K->318367K(524224K), 0.0039309 secs] [Times: user=0.00 sys=0.00, real=0.00 secs] 
38.669: [GC 38.669: [DefNew: 959K->63K(960K), 0.0038572 secs] 319263K->318948K(524224K), 0.0039241 secs] [Times: user=0.02 sys=0.00, real=0.00 secs] 
38.674: [GC 38.674: [DefNew: 959K->63K(960K), 0.0039256 secs] 319845K->319526K(524224K), 0.0039944 secs] [Times: user=0.00 sys=0.00, real=0.00 secs] 
38.680: [GC 38.680: [DefNew: 959K->64K(960K), 0.0042263 secs] 320423K->320169K(524224K), 0.0042956 secs] [Times: user=0.00 sys=0.00, real=0.00 secs] 
38.685: [GC 38.685: [DefNew: 960K->63K(960K), 0.0042022 secs] 321066K->320727K(524224K), 0.0042687 secs] [Times: user=0.00 sys=0.00, real=0.00 secs] 
38.691: [GC 38.691: [DefNew: 959K->63K(960K), 0.0039583 secs] 321624K->321336K(524224K), 0.0040218 secs] [Times: user=0.00 sys=0.00, real=0.00 secs] 
38.696: [GC 38.696: [DefNew: 959K->64K(960K), 0.0040103 secs] 322232K->321929K(524224K), 0.0040752 secs] [Times: user=0.00 sys=0.00, real=0.00 secs] 
38.703: [GC 38.703: [DefNew: 960K->64K(960K), 0.0041522 secs] 322827K->322550K(524224K), 0.0042186 secs] [Times: user=0.00 sys=0.00, real=0.00 secs] 
38.709: [GC 38.709: [DefNew: 960K->64K(960K), 0.0039424 secs] 323447K->323155K(524224K), 0.0040021 secs] [Times: user=0.00 sys=0.00, real=0.00 secs] 
38.714: [GC 38.714: [DefNew: 960K->63K(960K), 0.0041272 secs] 324052K->323745K(524224K), 0.0041912 secs] [Times: user=0.02 sys=0.00, real=0.00 secs] 
38.720: [GC 38.720: [DefNew: 959K->64K(960K), 0.0040887 secs] 324642K->324367K(524224K), 0.0041527 secs] [Times: user=0.00 sys=0.00, real=0.00 secs] 
38.725: [GC 38.725: [DefNew: 960K->64K(960K), 0.0040170 secs] 325264K->324962K(524224K), 0.0040810 secs] [Times: user=0.00 sys=0.00, real=0.00 secs] 
38.731: [GC 38.731: [DefNew: 960K->64K(960K), 0.0043148 secs] 325860K->325598K(524224K), 0.0043784 secs] [Times: user=0.02 sys=0.00, real=0.00 secs] 
38.736: [GC 38.736: [DefNew: 960K->64K(960K), 0.0045275 secs] 326495K->326195K(524224K), 0.0046324 secs] [Times: user=0.00 sys=0.00, real=0.01 secs] 
38.743: [GC 38.743: [DefNew: 960K->63K(960K), 0.0045136 secs] 327093K->326779K(524224K), 0.0045867 secs] [Times: user=0.00 sys=0.00, real=0.00 secs] 
38.750: [GC 38.750: [DefNew: 959K->63K(960K), 0.0042374 secs] 327676K->327413K(524224K), 0.0043071 secs] [Times: user=0.00 sys=0.00, real=0.00 secs] 
38.755: [GC 38.755: [DefNew: 959K->64K(960K), 0.0042879 secs] 328310K->327999K(524224K), 0.0043615 secs] [Times: user=0.00 sys=0.00, real=0.00 secs] 
38.762: [GC 38.762: [DefNew: 960K->64K(960K), 0.0043586 secs] 328896K->328604K(524224K), 0.0044303 secs] [Times: user=0.02 sys=0.00, real=0.00 secs] 
38.768: [GC 38.768: [DefNew: 960K->63K(960K), 0.0041517 secs] 329500K->329199K(524224K), 0.0042176 secs] [Times: user=0.00 sys=0.00, real=0.00 secs] 
38.774: [GC 38.774: [DefNew: 959K->64K(960K), 0.0052180 secs] 330096K->329807K(524224K), 0.0052950 secs] [Times: user=0.02 sys=0.00, real=0.00 secs] 
38.780: [GC 38.780: [DefNew: 960K->64K(960K), 0.0043962 secs] 330703K->330512K(524224K), 0.0044650 secs] [Times: user=0.00 sys=0.00, real=0.00 secs] 
38.787: [GC 38.787: [DefNew: 960K->64K(960K), 0.0042624 secs] 331408K->331122K(524224K), 0.0043312 secs] [Times: user=0.00 sys=0.00, real=0.00 secs] 
38.793: [GC 38.793: [DefNew: 960K->64K(960K), 0.0041233 secs] 332019K->331715K(524224K), 0.0041859 secs] [Times: user=0.01 sys=0.00, real=0.00 secs] 
38.798: [GC 38.798: [DefNew: 960K->63K(960K), 0.0039535 secs] 332612K->332300K(524224K), 0.0040180 secs] [Times: user=0.00 sys=0.00, real=0.00 secs] 
38.804: [GC 38.804: [DefNew: 959K->63K(960K), 0.0045352 secs] 333198K->332918K(524224K), 0.0046021 secs] [Times: user=0.00 sys=0.00, real=0.00 secs] 
38.810: [GC 38.810: [DefNew: 959K->63K(960K), 0.0049500 secs] 333815K->333540K(524224K), 0.0050155 secs] [Times: user=0.00 sys=0.00, real=0.00 secs] 
38.817: [GC 38.817: [DefNew: 959K->63K(960K), 0.0042143 secs] 334437K->334162K(524224K), 0.0042821 secs] [Times: user=0.00 sys=0.00, real=0.00 secs] 
38.822: [GC 38.822: [DefNew: 959K->64K(960K), 0.0043683 secs] 335059K->334765K(524224K), 0.0044477 secs] [Times: user=0.02 sys=0.00, real=0.00 secs] 
38.828: [GC 38.828: [DefNew: 960K->63K(960K), 0.0042956 secs] 335661K->335435K(524224K), 0.0043610 secs] [Times: user=0.00 sys=0.00, real=0.00 secs] 
38.834: [GC 38.834: [DefNew: 959K->63K(960K), 0.0042335 secs] 336332K->336028K(524224K), 0.0043033 secs] [Times: user=0.00 sys=0.00, real=0.00 secs] 
38.839: [GC 38.839: [DefNew: 959K->63K(960K), 0.0044193 secs] 336925K->336621K(524224K), 0.0044813 secs] [Times: user=0.01 sys=0.00, real=0.00 secs] 
38.846: [GC 38.846: [DefNew: 959K->64K(960K), 0.0045511 secs] 337518K->337306K(524224K), 0.0046223 secs] [Times: user=0.00 sys=0.00, real=0.00 secs] 
38.852: [GC 38.852: [DefNew: 960K->64K(960K), 0.0043206 secs] 338203K->337920K(524224K), 0.0043870 secs] [Times: user=0.00 sys=0.00, real=0.00 secs] 
38.858: [GC 38.858: [DefNew: 960K->63K(960K), 0.0042210 secs] 338818K->338532K(524224K), 0.0042970 secs] [Times: user=0.00 sys=0.00, real=0.00 secs] 
38.863: [GC 38.863: [DefNew: 959K->63K(960K), 0.0040887 secs] 339430K->339134K(524224K), 0.0041484 secs] [Times: user=0.00 sys=0.00, real=0.00 secs] 
38.869: [GC 38.869: [DefNew: 959K->63K(960K), 0.0041306 secs] 340031K->339734K(524224K), 0.0041965 secs] [Times: user=0.02 sys=0.00, real=0.00 secs] 
38.875: [GC 38.875: [DefNew: 959K->63K(960K), 0.0044226 secs] 340631K->340410K(524224K), 0.0044895 secs] [Times: user=0.00 sys=0.00, real=0.00 secs] 
38.880: [GC 38.880: [DefNew: 959K->63K(960K), 0.0043269 secs] 341307K->340965K(524224K), 0.0043918 secs] [Times: user=0.00 sys=0.00, real=0.00 secs] 
38.886: [GC 38.886: [DefNew: 959K->63K(960K), 0.0043322 secs] 341863K->341578K(524224K), 0.0044034 secs] [Times: user=0.02 sys=0.00, real=0.00 secs] 
38.892: [GC 38.892: [DefNew: 959K->64K(960K), 0.0059023 secs] 342474K->342277K(524224K), 0.0059759 secs] [Times: user=0.00 sys=0.00, real=0.01 secs] 
38.900: [GC 38.900: [DefNew: 960K->64K(960K), 0.0042518 secs] 343173K->342931K(524224K), 0.0043158 secs] [Times: user=0.02 sys=0.00, real=0.00 secs] 
38.905: [GC 38.905: [DefNew: 960K->63K(960K), 0.0043312 secs] 343828K->343542K(524224K), 0.0044039 secs] [Times: user=0.00 sys=0.00, real=0.00 secs] 
38.912: [GC 38.912: [DefNew: 959K->64K(960K), 0.0042181 secs] 344439K->344148K(524224K), 0.0042879 secs] [Times: user=0.00 sys=0.00, real=0.00 secs] 
38.918: [GC 38.918: [DefNew: 960K->64K(960K), 0.0042244 secs] 345044K->344753K(524224K), 0.0042942 secs] [Times: user=0.02 sys=0.00, real=0.00 secs] 
38.923: [GC 38.923: [DefNew: 960K->63K(960K), 0.0045583 secs] 345650K->345319K(524224K), 0.0046493 secs] [Times: user=0.00 sys=0.00, real=0.01 secs] 
38.930: [GC 38.930: [DefNew: 959K->63K(960K), 0.0048061 secs] 346216K->346045K(524224K), 0.0048807 secs] [Times: user=0.01 sys=0.00, real=0.01 secs] 
38.936: [GC 38.936: [DefNew: 959K->63K(960K), 0.0041354 secs] 346942K->346641K(524224K), 0.0042013 secs] [Times: user=0.00 sys=0.00, real=0.00 secs] 
38.942: [GC 38.942: [DefNew: 959K->63K(960K), 0.0044130 secs] 347538K->347267K(524224K), 0.0044852 secs] [Times: user=0.00 sys=0.00, real=0.00 secs] 
38.948: [GC 38.948: [DefNew: 959K->64K(960K), 0.0042422 secs] 348163K->347859K(524224K), 0.0043134 secs] [Times: user=0.02 sys=0.00, real=0.00 secs] 
38.955: [GC 38.955: [DefNew: 960K->64K(960K), 0.0041113 secs] 348756K->348454K(524224K), 0.0041796 secs] [Times: user=0.00 sys=0.00, real=0.00 secs] 
38.961: [GC 38.961: [DefNew: 960K->63K(960K), 0.0040362 secs] 349350K->349045K(524224K), 0.0041031 secs] [Times: user=0.00 sys=0.00, real=0.00 secs] 
38.966: [GC 38.966: [DefNew: 959K->63K(960K), 0.0042321 secs] 349941K->349621K(524224K), 0.0043014 secs] [Times: user=0.00 sys=0.00, real=0.00 secs] 
38.972: [GC 38.972: [DefNew: 959K->64K(960K), 0.0040685 secs] 350517K->350228K(524224K), 0.0041344 secs] [Times: user=0.00 sys=0.00, real=0.00 secs] 
38.977: [GC 38.977: [DefNew: 960K->63K(960K), 0.0043817 secs] 351126K->350863K(524224K), 0.0044631 secs] [Times: user=0.02 sys=0.00, real=0.00 secs] 
38.984: [GC 38.984: [DefNew: 959K->64K(960K), 0.0045059 secs] 351760K->351517K(524224K), 0.0045843 secs] [Times: user=0.00 sys=0.00, real=0.00 secs] 
38.990: [GC 38.990: [DefNew: 960K->64K(960K), 0.0056482 secs] 352414K->352142K(524224K), 0.0057166 secs] [Times: user=0.00 sys=0.00, real=0.01 secs] 
38.998: [GC 38.998: [DefNew: 960K->63K(960K), 0.0047845 secs] 353039K->352814K(524224K), 0.0048591 secs] [Times: user=0.00 sys=0.00, real=0.01 secs] 
39.005: [GC 39.005: [DefNew: 959K->63K(960K), 0.0045569 secs] 353712K->353450K(524224K), 0.0046377 secs] [Times: user=0.00 sys=0.00, real=0.00 secs] 
39.011: [GC 39.011: [DefNew: 959K->64K(960K), 0.0046950 secs] 354347K->354043K(524224K), 0.0047705 secs] [Times: user=0.01 sys=0.00, real=0.00 secs] 
39.018: [GC 39.018: [DefNew: 960K->64K(960K), 0.0044996 secs] 354939K->354700K(524224K), 0.0045805 secs] [Times: user=0.00 sys=0.00, real=0.00 secs] 
39.024: [GC 39.024: [DefNew: 960K->63K(960K), 0.0042696 secs] 355596K->355279K(524224K), 0.0043360 secs] [Times: user=0.02 sys=0.00, real=0.00 secs] 
39.030: [GC 39.030: [DefNew: 959K->64K(960K), 0.0044015 secs] 356176K->355923K(524224K), 0.0044688 secs] [Times: user=0.00 sys=0.00, real=0.00 secs] 
39.036: [GC 39.036: [DefNew: 960K->64K(960K), 0.0042210 secs] 356820K->356535K(524224K), 0.0042937 secs] [Times: user=0.00 sys=0.00, real=0.00 secs] 
39.042: [GC 39.042: [DefNew: 960K->64K(960K), 0.0046815 secs] 357432K->357140K(524224K), 0.0047542 secs] [Times: user=0.01 sys=0.00, real=0.01 secs] 
39.049: [GC 39.049: [DefNew: 960K->63K(960K), 0.0042687 secs] 358036K->357763K(524224K), 0.0043346 secs] [Times: user=0.00 sys=0.00, real=0.00 secs] 
39.054: [GC 39.054: [DefNew: 959K->64K(960K), 0.0043890 secs] 358659K->358377K(524224K), 0.0044558 secs] [Times: user=0.00 sys=0.00, real=0.00 secs] 
39.061: [GC 39.061: [DefNew: 960K->64K(960K), 0.0046887 secs] 359273K->359021K(524224K), 0.0047604 secs] [Times: user=0.00 sys=0.00, real=0.01 secs] 
39.067: [GC 39.067: [DefNew: 960K->63K(960K), 0.0042576 secs] 359918K->359621K(524224K), 0.0044270 secs] [Times: user=0.00 sys=0.00, real=0.00 secs] 
39.074: [GC 39.074: [DefNew: 959K->63K(960K), 0.0043851 secs] 360519K->360241K(524224K), 0.0044534 secs] [Times: user=0.02 sys=0.00, real=0.00 secs] 
39.080: [GC 39.080: [DefNew: 959K->63K(960K), 0.0042739 secs] 361138K->360843K(524224K), 0.0043404 secs] [Times: user=0.00 sys=0.00, real=0.00 secs] 
39.086: [GC 39.086: [DefNew: 959K->64K(960K), 0.0042691 secs] 361739K->361425K(524224K), 0.0043413 secs] [Times: user=0.00 sys=0.00, real=0.00 secs] 
39.093: [GC 39.093: [DefNew: 960K->63K(960K), 0.0042422 secs] 362321K->362030K(524224K), 0.0043120 secs] [Times: user=0.00 sys=0.00, real=0.00 secs] 
39.098: [GC 39.098: [DefNew: 959K->63K(960K), 0.0042225 secs] 362927K->362648K(524224K), 0.0042884 secs] [Times: user=0.00 sys=0.00, real=0.00 secs] 
39.104: [GC 39.104: [DefNew: 959K->63K(960K), 0.0045444 secs] 363545K->363267K(524224K), 0.0046084 secs] [Times: user=0.01 sys=0.00, real=0.00 secs] 
39.110: [GC 39.110: [DefNew: 959K->64K(960K), 0.0042075 secs] 364164K->363844K(524224K), 0.0042677 secs] [Times: user=0.00 sys=0.00, real=0.00 secs] 
39.116: [GC 39.116: [DefNew: 960K->64K(960K), 0.0043957 secs] 364742K->364434K(524224K), 0.0044563 secs] [Times: user=0.00 sys=0.00, real=0.00 secs] 
39.121: [GC 39.121: [DefNew: 960K->64K(960K), 0.0040743 secs] 365331K->365016K(524224K), 0.0041349 secs] [Times: user=0.02 sys=0.00, real=0.00 secs] 
39.127: [GC 39.127: [DefNew: 960K->63K(960K), 0.0042460 secs] 365912K->365626K(524224K), 0.0043211 secs] [Times: user=0.00 sys=0.00, real=0.00 secs] 
39.133: [GC 39.133: [DefNew: 959K->64K(960K), 0.0042499 secs] 366522K->366199K(524224K), 0.0043124 secs] [Times: user=0.01 sys=0.00, real=0.00 secs] 
39.139: [GC 39.139: [DefNew: 960K->64K(960K), 0.0042956 secs] 367096K->366785K(524224K), 0.0043976 secs] [Times: user=0.00 sys=0.00, real=0.00 secs] 
39.146: [GC 39.146: [DefNew: 960K->64K(960K), 0.0045911 secs] 367681K->367436K(524224K), 0.0046637 secs] [Times: user=0.00 sys=0.00, real=0.00 secs] 
39.152: [GC 39.152: [DefNew: 960K->64K(960K), 0.0046257 secs] 368335K->368033K(524224K), 0.0046993 secs] [Times: user=0.02 sys=0.00, real=0.00 secs] 
39.159: [GC 39.159: [DefNew: 960K->64K(960K), 0.0041281 secs] 368930K->368655K(524224K), 0.0042013 secs] [Times: user=0.00 sys=0.00, real=0.00 secs] 
39.164: [GC 39.164: [DefNew: 960K->64K(960K), 0.0043567 secs] 369551K->369255K(524224K), 0.0044207 secs] [Times: user=0.00 sys=0.00, real=0.00 secs] 
39.172: [GC 39.172: [DefNew: 960K->63K(960K), 0.0044919 secs] 370153K->369890K(524224K), 0.0045569 secs] [Times: user=0.00 sys=0.00, real=0.00 secs] 
39.178: [GC 39.178: [DefNew: 959K->63K(960K), 0.0043404 secs] 370787K->370477K(524224K), 0.0044077 secs] [Times: user=0.00 sys=0.00, real=0.00 secs] 
39.183: [GC 39.183: [DefNew: 959K->63K(960K), 0.0041883 secs] 371373K->371051K(524224K), 0.0042547 secs] [Times: user=0.01 sys=0.00, real=0.00 secs] 
39.189: [GC 39.189: [DefNew: 959K->63K(960K), 0.0044823 secs] 371948K->371650K(524224K), 0.0045511 secs] [Times: user=0.00 sys=0.00, real=0.00 secs] 
39.195: [GC 39.195: [DefNew: 959K->64K(960K), 0.0045237 secs] 372547K->372314K(524224K), 0.0045915 secs] [Times: user=0.02 sys=0.00, real=0.00 secs] 
39.202: [GC 39.202: [DefNew: 960K->64K(960K), 0.0044149 secs] 373211K->372952K(524224K), 0.0044804 secs] [Times: user=0.00 sys=0.00, real=0.00 secs] 
39.208: [GC 39.208: [DefNew: 960K->63K(960K), 0.0043428 secs] 373848K->373544K(524224K), 0.0044039 secs] [Times: user=0.00 sys=0.00, real=0.00 secs] 
39.214: [GC 39.214: [DefNew: 959K->64K(960K), 0.0045906 secs] 374441K->374159K(524224K), 0.0046584 secs] [Times: user=0.01 sys=0.00, real=0.00 secs] 
39.220: [GC 39.220: [DefNew: 960K->63K(960K), 0.0042345 secs] 375057K->374753K(524224K), 0.0042994 secs] [Times: user=0.00 sys=0.00, real=0.00 secs] 
39.226: [GC 39.226: [DefNew: 959K->64K(960K), 0.0043519 secs] 375651K->375399K(524224K), 0.0044111 secs] [Times: user=0.00 sys=0.00, real=0.00 secs] 
39.232: [GC 39.232: [DefNew: 960K->63K(960K), 0.0048422 secs] 376296K->376014K(524224K), 0.0049125 secs] [Times: user=0.00 sys=0.00, real=0.01 secs] 
39.238: [GC 39.238: [DefNew: 959K->64K(960K), 0.0046074 secs] 376910K->376613K(524224K), 0.0047301 secs] [Times: user=0.00 sys=0.00, real=0.00 secs] 
39.245: [GC 39.245: [DefNew: 960K->63K(960K), 0.0046493 secs] 377510K->377258K(524224K), 0.0047205 secs] [Times: user=0.02 sys=0.00, real=0.00 secs] 
39.251: [GC 39.251: [DefNew: 959K->63K(960K), 0.0047359 secs] 378156K->377860K(524224K), 0.0048586 secs] [Times: user=0.00 sys=0.00, real=0.00 secs] 
39.258: [GC 39.258: [DefNew: 959K->64K(960K), 0.0047325 secs] 378756K->378496K(524224K), 0.0048076 secs] [Times: user=0.02 sys=0.00, real=0.01 secs] 
39.265: [GC 39.265: [DefNew: 960K->64K(960K), 0.0044785 secs] 379392K->379146K(524224K), 0.0045444 secs] [Times: user=0.00 sys=0.00, real=0.01 secs] 
39.272: [GC 39.272: [DefNew: 960K->64K(960K), 0.0041671 secs] 380043K->379766K(524224K), 0.0042287 secs] [Times: user=0.00 sys=0.00, real=0.00 secs] 
39.278: [GC 39.278: [DefNew: 960K->64K(960K), 0.0045814 secs] 380663K->380407K(524224K), 0.0046478 secs] [Times: user=0.00 sys=0.00, real=0.01 secs] 
39.284: [GC 39.284: [DefNew: 960K->64K(960K), 0.0044544 secs] 381304K->381014K(524224K), 0.0045174 secs] [Times: user=0.00 sys=0.00, real=0.00 secs] 
39.291: [GC 39.291: [DefNew: 960K->63K(960K), 0.0042561 secs] 381910K->381642K(524224K), 0.0043201 secs] [Times: user=0.01 sys=0.00, real=0.00 secs] 
39.297: [GC 39.297: [DefNew: 959K->63K(960K), 0.0043711 secs] 382540K->382256K(524224K), 0.0044351 secs] [Times: user=0.00 sys=0.00, real=0.00 secs] 
39.303: [GC 39.303: [DefNew: 959K->63K(960K), 0.0044640 secs] 383153K->382852K(524224K), 0.0045275 secs] [Times: user=0.00 sys=0.00, real=0.00 secs] 
39.309: [GC 39.309: [DefNew: 959K->64K(960K), 0.0045328 secs] 383749K->383447K(524224K), 0.0046026 secs] [Times: user=0.00 sys=0.00, real=0.00 secs] 
39.316: [GC 39.316: [DefNew: 960K->63K(960K), 0.0046161 secs] 384344K->384095K(524224K), 0.0046902 secs] [Times: user=0.00 sys=0.00, real=0.00 secs] 
39.323: [GC 39.323: [DefNew: 959K->64K(960K), 0.0048668 secs] 384992K->384741K(524224K), 0.0049351 secs] [Times: user=0.02 sys=0.00, real=0.00 secs] 
39.329: [GC 39.329: [DefNew: 960K->64K(960K), 0.0045617 secs] 385639K->385375K(524224K), 0.0046387 secs] [Times: user=0.00 sys=0.00, real=0.00 secs] 
39.336: [GC 39.336: [DefNew: 960K->64K(960K), 0.0045939 secs] 386271K->385993K(524224K), 0.0046632 secs] [Times: user=0.01 sys=0.00, real=0.00 secs] 
39.343: [GC 39.343: [DefNew: 960K->64K(960K), 0.0045944 secs] 386890K->386648K(524224K), 0.0046685 secs] [Times: user=0.00 sys=0.00, real=0.00 secs] 
39.350: [GC 39.350: [DefNew: 960K->64K(960K), 0.0048576 secs] 387545K->387282K(524224K), 0.0049211 secs] [Times: user=0.00 sys=0.00, real=0.01 secs] 
39.356: [GC 39.356: [DefNew: 960K->64K(960K), 0.0049418 secs] 388178K->387955K(524224K), 0.0050078 secs] [Times: user=0.00 sys=0.00, real=0.00 secs] 
39.363: [GC 39.363: [DefNew: 960K->64K(960K), 0.0045723 secs] 388852K->388555K(524224K), 0.0046377 secs] [Times: user=0.00 sys=0.00, real=0.00 secs] 
39.370: [GC 39.370: [DefNew: 960K->64K(960K), 0.0047354 secs] 389452K->389188K(524224K), 0.0048018 secs] [Times: user=0.02 sys=0.00, real=0.00 secs] 
39.376: [GC 39.376: [DefNew: 960K->63K(960K), 0.0044549 secs] 390084K->389779K(524224K), 0.0045169 secs] [Times: user=0.00 sys=0.00, real=0.00 secs] 
39.383: [GC 39.383: [DefNew: 959K->63K(960K), 0.0045338 secs] 390676K->390397K(524224K), 0.0046012 secs] [Times: user=0.02 sys=0.00, real=0.00 secs] 
39.389: [GC 39.389: [DefNew: 959K->63K(960K), 0.0048774 secs] 391294K->391038K(524224K), 0.0049457 secs] [Times: user=0.00 sys=0.00, real=0.00 secs] 
39.396: [GC 39.396: [DefNew: 959K->63K(960K), 0.0046661 secs] 391934K->391706K(524224K), 0.0047335 secs] [Times: user=0.00 sys=0.00, real=0.00 secs] 
39.402: [GC 39.402: [DefNew: 959K->64K(960K), 0.0047883 secs] 392603K->392314K(524224K), 0.0048567 secs] [Times: user=0.01 sys=0.00, real=0.00 secs] 
39.409: [GC 39.409: [DefNew: 960K->64K(960K), 0.0045126 secs] 393211K->392966K(524224K), 0.0045843 secs] [Times: user=0.00 sys=0.00, real=0.00 secs] 
39.416: [GC 39.416: [DefNew: 960K->63K(960K), 0.0045607 secs] 393862K->393571K(524224K), 0.0046247 secs] [Times: user=0.02 sys=0.00, real=0.00 secs] 
39.422: [GC 39.422: [DefNew: 959K->64K(960K), 0.0042942 secs] 394468K->394161K(524224K), 0.0043630 secs] [Times: user=0.00 sys=0.00, real=0.00 secs] 
39.428: [GC 39.428: [DefNew: 960K->63K(960K), 0.0043331 secs] 395057K->394806K(524224K), 0.0043942 secs] [Times: user=0.00 sys=0.00, real=0.00 secs] 
39.433: [GC 39.433: [DefNew: 959K->63K(960K), 0.0044279 secs] 395703K->395412K(524224K), 0.0044910 secs] [Times: user=0.02 sys=0.00, real=0.00 secs] 
39.440: [GC 39.440: [DefNew: 959K->64K(960K), 0.0051151 secs] 396309K->396015K(524224K), 0.0052180 secs] [Times: user=0.00 sys=0.00, real=0.01 secs] 
39.448: [GC 39.448: [DefNew: 960K->63K(960K), 0.0047633 secs] 396912K->396656K(524224K), 0.0048336 secs] [Times: user=0.02 sys=0.00, real=0.00 secs] 
39.455: [GC 39.455: [DefNew: 959K->63K(960K), 0.0046671 secs] 397553K->397277K(524224K), 0.0047388 secs] [Times: user=0.00 sys=0.00, real=0.00 secs] 
39.462: [GC 39.462: [DefNew: 959K->63K(960K), 0.0045636 secs] 398173K->397884K(524224K), 0.0046295 secs] [Times: user=0.02 sys=0.00, real=0.00 secs] 
39.468: [GC 39.468: [DefNew: 959K->64K(960K), 0.0042071 secs] 398781K->398490K(524224K), 0.0042706 secs] [Times: user=0.00 sys=0.00, real=0.00 secs] 
39.474: [GC 39.474: [DefNew: 960K->64K(960K), 0.0042889 secs] 399388K->399116K(524224K), 0.0043476 secs] [Times: user=0.00 sys=0.00, real=0.00 secs] 
39.479: [GC 39.479: [DefNew: 960K->64K(960K), 0.0045506 secs] 400013K->399721K(524224K), 0.0046180 secs] [Times: user=0.01 sys=0.00, real=0.01 secs] 
39.486: [GC 39.486: [DefNew: 960K->63K(960K), 0.0045992 secs] 400618K->400368K(524224K), 0.0046632 secs] [Times: user=0.00 sys=0.00, real=0.00 secs] 
39.492: [GC 39.492: [DefNew: 959K->63K(960K), 0.0046392 secs] 401265K->400993K(524224K), 0.0047065 secs] [Times: user=0.02 sys=0.00, real=0.01 secs] 
39.499: [GC 39.499: [DefNew: 959K->64K(960K), 0.0043259 secs] 401889K->401622K(524224K), 0.0043899 secs] [Times: user=0.00 sys=0.00, real=0.00 secs] 
39.506: [GC 39.506: [DefNew: 960K->64K(960K), 0.0044631 secs] 402518K->402210K(524224K), 0.0045309 secs] [Times: user=0.00 sys=0.00, real=0.00 secs] 
39.512: [GC 39.513: [DefNew: 960K->64K(960K), 0.0051901 secs] 403106K->402845K(524224K), 0.0052623 secs] [Times: user=0.00 sys=0.00, real=0.01 secs] 
39.520: [GC 39.520: [DefNew: 960K->64K(960K), 0.0047965 secs] 403742K->403478K(524224K), 0.0048668 secs] [Times: user=0.00 sys=0.00, real=0.00 secs] 
39.526: [GC 39.526: [DefNew: 960K->63K(960K), 0.0056333 secs] 404376K->404083K(524224K), 0.0056992 secs] [Times: user=0.01 sys=0.00, real=0.01 secs] 
39.534: [GC 39.534: [DefNew: 959K->64K(960K), 0.0045535 secs] 404980K->404696K(524224K), 0.0046238 secs] [Times: user=0.00 sys=0.00, real=0.00 secs] 
39.540: [GC 39.540: [DefNew: 960K->63K(960K), 0.0044708 secs] 405592K->405310K(524224K), 0.0045372 secs] [Times: user=0.02 sys=0.00, real=0.00 secs] 
39.547: [GC 39.547: [DefNew: 959K->63K(960K), 0.0049688 secs] 406206K->405964K(524224K), 0.0050366 secs] [Times: user=0.00 sys=0.00, real=0.00 secs] 
39.554: [GC 39.554: [DefNew: 959K->64K(960K), 0.0048754 secs] 406860K->406592K(524224K), 0.0049630 secs] [Times: user=0.02 sys=0.00, real=0.01 secs] 
39.560: [GC 39.560: [DefNew: 960K->63K(960K), 0.0047725 secs] 407488K->407217K(524224K), 0.0048393 secs] [Times: user=0.00 sys=0.00, real=0.00 secs] 
39.567: [GC 39.567: [DefNew: 959K->63K(960K), 0.0045453 secs] 408114K->407857K(524224K), 0.0046098 secs] [Times: user=0.00 sys=0.00, real=0.00 secs] 
39.573: [GC 39.573: [DefNew: 959K->63K(960K), 0.0043360 secs] 408754K->408448K(524224K), 0.0044053 secs] [Times: user=0.02 sys=0.00, real=0.00 secs] 
39.579: [GC 39.579: [DefNew: 959K->64K(960K), 0.0042956 secs] 409345K->409045K(524224K), 0.0043610 secs] [Times: user=0.00 sys=0.00, real=0.00 secs] 
39.584: [GC 39.584: [DefNew: 960K->63K(960K), 0.0044529 secs] 409942K->409635K(524224K), 0.0045194 secs] [Times: user=0.00 sys=0.00, real=0.00 secs] 
39.591: [GC 39.591: [DefNew: 959K->63K(960K), 0.0047503 secs] 410531K->410266K(524224K), 0.0048254 secs] [Times: user=0.00 sys=0.00, real=0.01 secs] 
39.598: [GC 39.598: [DefNew: 959K->63K(960K), 0.0046897 secs] 411163K->410918K(524224K), 0.0047575 secs] [Times: user=0.00 sys=0.00, real=0.00 secs] 
39.604: [GC 39.604: [DefNew: 959K->64K(960K), 0.0046175 secs] 411815K->411541K(524224K), 0.0046849 secs] [Times: user=0.02 sys=0.00, real=0.01 secs] 
39.611: [GC 39.611: [DefNew: 960K->63K(960K), 0.0045588 secs] 412437K->412169K(524224K), 0.0046238 secs] [Times: user=0.00 sys=0.00, real=0.00 secs] 
39.617: [GC 39.617: [DefNew: 959K->64K(960K), 0.0041383 secs] 413066K->412747K(524224K), 0.0042061 secs] [Times: user=0.02 sys=0.00, real=0.00 secs] 
39.623: [GC 39.623: [DefNew: 960K->64K(960K), 0.0043505 secs] 413644K->413372K(524224K), 0.0044116 secs] [Times: user=0.00 sys=0.00, real=0.00 secs] 
39.629: [GC 39.629: [DefNew: 960K->64K(960K), 0.0045684 secs] 414268K->413972K(524224K), 0.0046363 secs] [Times: user=0.00 sys=0.00, real=0.00 secs] 
39.636: [GC 39.636: [DefNew: 960K->63K(960K), 0.0047744 secs] 414869K->414607K(524224K), 0.0048422 secs] [Times: user=0.02 sys=0.00, real=0.00 secs] 
39.642: [GC 39.642: [DefNew: 959K->63K(960K), 0.0054779 secs] 415503K->415286K(524224K), 0.0055582 secs] [Times: user=0.00 sys=0.00, real=0.01 secs] 
39.650: [GC 39.650: [DefNew: 959K->64K(960K), 0.0047446 secs] 416183K->415922K(524224K), 0.0048172 secs] [Times: user=0.02 sys=0.00, real=0.01 secs] 
39.657: [GC 39.657: [DefNew: 960K->64K(960K), 0.0044847 secs] 416819K->416529K(524224K), 0.0045569 secs] [Times: user=0.00 sys=0.00, real=0.00 secs] 
39.663: [GC 39.663: [DefNew: 960K->63K(960K), 0.0046724 secs] 417426K->417158K(524224K), 0.0047479 secs] [Times: user=0.01 sys=0.00, real=0.01 secs] 
39.670: [GC 39.670: [DefNew: 959K->63K(960K), 0.0053484 secs] 418054K->417795K(524224K), 0.0054264 secs] [Times: user=0.00 sys=0.00, real=0.01 secs] 
39.677: [GC 39.677: [DefNew: 959K->63K(960K), 0.0050169 secs] 418691K->418431K(524224K), 0.0050929 secs] [Times: user=0.00 sys=0.00, real=0.01 secs] 
39.684: [GC 39.684: [DefNew: 959K->64K(960K), 0.0043870 secs] 419327K->419031K(524224K), 0.0044780 secs] [Times: user=0.00 sys=0.00, real=0.00 secs] 
39.690: [GC 39.690: [DefNew: 960K->63K(960K), 0.0047474 secs] 419929K->419681K(524224K), 0.0049731 secs] [Times: user=0.00 sys=0.00, real=0.01 secs] 
39.697: [GC 39.697: [DefNew: 959K->64K(960K), 0.0050751 secs] 420578K->420327K(524224K), 0.0051425 secs] [Times: user=0.02 sys=0.00, real=0.01 secs] 
39.704: [GC 39.704: [DefNew: 960K->63K(960K), 0.0048273 secs] 421224K->420994K(524224K), 0.0049130 secs] [Times: user=0.00 sys=0.00, real=0.00 secs] 
39.710: [GC 39.710: [DefNew: 959K->63K(960K), 0.0051112 secs] 421890K->421630K(524224K), 0.0052022 secs] [Times: user=0.01 sys=0.00, real=0.01 secs] 
39.717: [GC 39.717: [DefNew: 959K->63K(960K), 0.0059798 secs] 422527K->422406K(524224K), 0.0060548 secs] [Times: user=0.00 sys=0.00, real=0.01 secs] 
39.724: [GC 39.724: [DefNew: 959K->63K(960K), 0.0052763 secs] 423302K->423054K(524224K), 0.0053600 secs] [Times: user=0.00 sys=0.00, real=0.00 secs] 
39.732: [GC 39.732: [DefNew: 959K->64K(960K), 0.0047186 secs] 423952K->423697K(524224K), 0.0048009 secs] [Times: user=0.00 sys=0.00, real=0.01 secs] 
39.738: [GC 39.738: [DefNew: 960K->64K(960K), 0.0054240 secs] 424593K->424313K(524224K), 0.0055121 secs] [Times: user=0.00 sys=0.00, real=0.01 secs] 
39.746: [GC 39.746: [DefNew: 960K->64K(960K), 0.0045747 secs] 425210K->424985K(524224K), 0.0046791 secs] [Times: user=0.00 sys=0.00, real=0.01 secs] 
39.753: [GC 39.753: [DefNew: 960K->63K(960K), 0.0053220 secs] 425881K->425626K(524224K), 0.0054023 secs] [Times: user=0.00 sys=0.00, real=0.00 secs] 
39.760: [GC 39.760: [DefNew: 959K->64K(960K), 0.0052233 secs] 426523K->426306K(524224K), 0.0053032 secs] [Times: user=0.02 sys=0.00, real=0.00 secs] 
39.768: [GC 39.768: [DefNew: 960K->64K(960K), 0.0050915 secs] 427203K->426996K(524224K), 0.0051767 secs] [Times: user=0.00 sys=0.00, real=0.01 secs] 
39.774: [GC 39.774: [DefNew: 960K->63K(960K), 0.0051839 secs] 427893K->427649K(524224K), 0.0052676 secs] [Times: user=0.02 sys=0.00, real=0.00 secs] 
39.782: [GC 39.782: [DefNew: 959K->63K(960K), 0.0049452 secs] 428546K->428333K(524224K), 0.0050265 secs] [Times: user=0.00 sys=0.00, real=0.01 secs] 
39.788: [GC 39.788: [DefNew: 959K->63K(960K), 0.0051353 secs] 429230K->429085K(524224K), 0.0051978 secs] [Times: user=0.02 sys=0.00, real=0.01 secs] 
39.796: [GC 39.796: [DefNew: 959K->63K(960K), 0.0058388 secs] 429981K->429782K(524224K), 0.0059268 secs] [Times: user=0.00 sys=0.00, real=0.01 secs] 
39.804: [GC 39.804: [DefNew: 959K->63K(960K), 0.0058667 secs] 430680K->430470K(524224K), 0.0059596 secs] [Times: user=0.02 sys=0.00, real=0.01 secs] 
39.811: [GC 39.812: [DefNew: 959K->63K(960K), 0.0061155 secs] 431367K->431221K(524224K), 0.0061949 secs] [Times: user=0.00 sys=0.00, real=0.01 secs] 
39.820: [GC 39.820: [DefNew: 959K->64K(960K), 0.0049120 secs] 432117K->431883K(524224K), 0.0050054 secs] [Times: user=0.02 sys=0.00, real=0.00 secs] 
39.826: [GC 39.826: [DefNew: 960K->63K(960K), 0.0052580 secs] 432780K->432604K(524224K), 0.0053427 secs] [Times: user=0.00 sys=0.00, real=0.00 secs] 
39.834: [GC 39.834: [DefNew: 959K->63K(960K), 0.0051646 secs] 433500K->433264K(524224K), 0.0052484 secs] [Times: user=0.02 sys=0.00, real=0.01 secs] 
39.840: [GC 39.840: [DefNew: 959K->63K(960K), 0.0054201 secs] 434161K->433899K(524224K), 0.0054890 secs] [Times: user=0.00 sys=0.00, real=0.00 secs] 
39.848: [GC 39.848: [DefNew: 959K->64K(960K), 0.0049462 secs] 434795K->434547K(524224K), 0.0050145 secs] [Times: user=0.00 sys=0.00, real=0.01 secs] 
39.855: [GC 39.855: [DefNew: 960K->64K(960K), 0.0049240 secs] 435445K->435176K(524224K), 0.0049933 secs] [Times: user=0.00 sys=0.00, real=0.00 secs] 
39.861: [GC 39.861: [DefNew: 960K->63K(960K), 0.0044914 secs] 436073K->435754K(524224K), 0.0045545 secs] [Times: user=0.00 sys=0.00, real=0.00 secs] 
39.868: [GC 39.868: [DefNew: 959K->63K(960K), 0.0045824 secs] 436650K->436369K(524224K), 0.0046502 secs] [Times: user=0.02 sys=0.00, real=0.00 secs] 
39.874: [GC 39.874: [DefNew: 959K->64K(960K), 0.0046858 secs] 437267K->436991K(524224K), 0.0047537 secs] [Times: user=0.00 sys=0.00, real=0.01 secs] 
39.881: [GC 39.881: [DefNew: 960K->63K(960K), 0.0049404 secs] 437888K->437600K(524224K), 0.0050285 secs] [Times: user=0.01 sys=0.00, real=0.01 secs] 
39.887: [GC 39.887: [DefNew: 959K->63K(960K), 0.0048831 secs] 438498K->438214K(524224K), 0.0049568 secs] [Times: user=0.00 sys=0.00, real=0.01 secs] 
39.894: [GC 39.894: [DefNew: 959K->64K(960K), 0.0051045 secs] 439110K->438887K(524224K), 0.0051747 secs] [Times: user=0.00 sys=0.00, real=0.01 secs] 
39.901: [GC 39.901: [DefNew: 960K->64K(960K), 0.0047393 secs] 439783K->439489K(524224K), 0.0048119 secs] [Times: user=0.02 sys=0.00, real=0.00 secs] 
39.907: [GC 39.907: [DefNew: 960K->63K(960K), 0.0047046 secs] 440385K->440103K(524224K), 0.0047715 secs] [Times: user=0.00 sys=0.00, real=0.01 secs] 
39.914: [GC 39.914: [DefNew: 959K->63K(960K), 0.0048162 secs] 441000K->440721K(524224K), 0.0048841 secs] [Times: user=0.01 sys=0.00, real=0.01 secs] 
39.920: [GC 39.920: [DefNew: 959K->63K(960K), 0.0049009 secs] 441619K->441344K(524224K), 0.0049654 secs] [Times: user=0.00 sys=0.00, real=0.01 secs] 
39.927: [GC 39.927: [DefNew: 959K->63K(960K), 0.0051069 secs] 442241K->442005K(524224K), 0.0051762 secs] [Times: user=0.00 sys=0.00, real=0.01 secs] 
39.934: [GC 39.934: [DefNew: 959K->64K(960K), 0.0049096 secs] 442902K->442644K(524224K), 0.0049750 secs] [Times: user=0.00 sys=0.00, real=0.01 secs] 
39.941: [GC 39.941: [DefNew: 960K->63K(960K), 0.0049986 secs] 443542K->443290K(524224K), 0.0050679 secs] [Times: user=0.00 sys=0.00, real=0.00 secs] 
39.948: [GC 39.948: [DefNew: 959K->63K(960K), 0.0055549 secs] 444186K->443910K(524224K), 0.0056328 secs] [Times: user=0.02 sys=0.00, real=0.00 secs] 
39.955: [GC 39.955: [DefNew: 959K->64K(960K), 0.0050193 secs] 444807K->444593K(524224K), 0.0050848 secs] [Times: user=0.00 sys=0.00, real=0.00 secs] 
39.962: [GC 39.962: [DefNew: 960K->63K(960K), 0.0050823 secs] 445490K->445218K(524224K), 0.0051488 secs] [Times: user=0.02 sys=0.00, real=0.01 secs] 
39.968: [GC 39.968: [DefNew: 959K->64K(960K), 0.0047099 secs] 446114K->445837K(524224K), 0.0047753 secs] [Times: user=0.00 sys=0.00, real=0.00 secs] 
39.975: [GC 39.975: [DefNew: 960K->63K(960K), 0.0047441 secs] 446733K->446476K(524224K), 0.0048134 secs] [Times: user=0.02 sys=0.00, real=0.01 secs] 
39.981: [GC 39.981: [DefNew: 959K->63K(960K), 0.0051247 secs] 447373K->447058K(524224K), 0.0066188 secs] [Times: user=0.00 sys=0.00, real=0.01 secs] 
39.990: [GC 39.990: [DefNew: 959K->63K(960K), 0.0046613 secs] 447956K->447706K(524224K), 0.0047479 secs] [Times: user=0.00 sys=0.02, real=0.00 secs] 
39.997: [GC 39.997: [DefNew: 959K->64K(960K), 0.0052392 secs] 448602K->448341K(524224K), 0.0053095 secs] [Times: user=0.00 sys=0.00, real=0.00 secs] 
40.004: [GC 40.004: [DefNew: 960K->64K(960K), 0.0053730 secs] 449238K->449005K(524224K), 0.0054432 secs] [Times: user=0.00 sys=0.00, real=0.00 secs] 
40.013: [GC 40.013: [DefNew: 960K->64K(960K), 0.0050703 secs] 449901K->449673K(524224K), 0.0051425 secs] [Times: user=0.00 sys=0.00, real=0.00 secs] 
40.019: [GC 40.019: [DefNew: 960K->63K(960K), 0.0046911 secs] 450569K->450291K(524224K), 0.0047556 secs] [Times: user=0.00 sys=0.00, real=0.01 secs] 
40.026: [GC 40.026: [DefNew: 959K->63K(960K), 0.0047494 secs] 451188K->450903K(524224K), 0.0048182 secs] [Times: user=0.02 sys=0.00, real=0.01 secs] 
40.032: [GC 40.032: [DefNew: 959K->63K(960K), 0.0046324 secs] 451800K->451508K(524224K), 0.0046969 secs] [Times: user=0.00 sys=0.00, real=0.01 secs] 
40.039: [GC 40.039: [DefNew: 959K->64K(960K), 0.0047893 secs] 452405K->452155K(524224K), 0.0048567 secs] [Times: user=0.02 sys=0.00, real=0.01 secs] 
40.045: [GC 40.045: [DefNew: 960K->63K(960K), 0.0048129 secs] 453051K->452808K(524224K), 0.0048774 secs] [Times: user=0.00 sys=0.00, real=0.01 secs] 
40.052: [GC 40.052: [DefNew: 959K->64K(960K), 0.0049106 secs] 453705K->453426K(524224K), 0.0049803 secs] [Times: user=0.00 sys=0.00, real=0.01 secs] 
40.059: [GC 40.059: [DefNew: 960K->64K(960K), 0.0051526 secs] 454322K->454067K(524224K), 0.0052219 secs] [Times: user=0.00 sys=0.00, real=0.00 secs] 
40.066: [GC 40.066: [DefNew: 960K->64K(960K), 0.0050159 secs] 454964K->454720K(524224K), 0.0050819 secs] [Times: user=0.00 sys=0.00, real=0.00 secs] 
40.073: [GC 40.073: [DefNew: 960K->63K(960K), 0.0050520 secs] 455617K->455350K(524224K), 0.0051184 secs] [Times: user=0.00 sys=0.00, real=0.00 secs] 
40.080: [GC 40.080: [DefNew: 959K->64K(960K), 0.0048855 secs] 456246K->455979K(524224K), 0.0049471 secs] [Times: user=0.00 sys=0.00, real=0.00 secs] 
40.087: [GC 40.087: [DefNew: 960K->64K(960K), 0.0058600 secs] 456877K->456610K(524224K), 0.0059292 secs] [Times: user=0.02 sys=0.00, real=0.01 secs] 
40.095: [GC 40.095: [DefNew: 960K->64K(960K), 0.0051103 secs] 457507K->457277K(524224K), 0.0051757 secs] [Times: user=0.00 sys=0.00, real=0.01 secs] 
40.102: [GC 40.102: [DefNew: 960K->64K(960K), 0.0055323 secs] 458174K->457896K(524224K), 0.0055996 secs] [Times: user=0.02 sys=0.00, real=0.00 secs] 
40.110: [GC 40.110: [DefNew: 960K->63K(960K), 0.0048581 secs] 458792K->458533K(524224K), 0.0049250 secs] [Times: user=0.00 sys=0.00, real=0.01 secs] 
40.116: [GC 40.116: [DefNew: 959K->64K(960K), 0.0051492 secs] 459430K->459153K(524224K), 0.0052137 secs] [Times: user=0.01 sys=0.00, real=0.00 secs] 
40.124: [GC 40.124: [DefNew: 960K->64K(960K), 0.0045843 secs] 460050K->459788K(524224K), 0.0046478 secs] [Times: user=0.00 sys=0.00, real=0.00 secs] 
40.130: [GC 40.130: [DefNew: 960K->64K(960K), 0.0047503 secs] 460684K->460394K(524224K), 0.0048114 secs] [Times: user=0.00 sys=0.00, real=0.01 secs] 
40.137: [GC 40.137: [DefNew: 960K->64K(960K), 0.0047984 secs] 461291K->461000K(524224K), 0.0048701 secs] [Times: user=0.00 sys=0.00, real=0.01 secs] 
40.144: [GC 40.144: [DefNew: 960K->64K(960K), 0.0048365 secs] 461897K->461662K(524224K), 0.0049014 secs] [Times: user=0.00 sys=0.00, real=0.01 secs] 
40.151: [GC 40.151: [DefNew: 960K->64K(960K), 0.0050155 secs] 462559K->462292K(524224K), 0.0050857 secs] [Times: user=0.00 sys=0.00, real=0.01 secs] 
40.158: [GC 40.158: [DefNew: 960K->64K(960K), 0.0052031 secs] 463188K->462933K(524224K), 0.0052691 secs] [Times: user=0.00 sys=0.00, real=0.00 secs] 
40.164: [GC 40.164: [DefNew: 960K->63K(960K), 0.0052840 secs] 463829K->463547K(524224K), 0.0053523 secs] [Times: user=0.02 sys=0.00, real=0.01 secs] 
40.171: [GC 40.171: [DefNew: 959K->64K(960K), 0.0047657 secs] 464444K->464177K(524224K), 0.0048408 secs] [Times: user=0.00 sys=0.00, real=0.00 secs] 
40.177: [GC 40.177: [DefNew: 960K->64K(960K), 0.0049741 secs] 465074K->464823K(524224K), 0.0050410 secs] [Times: user=0.00 sys=0.00, real=0.01 secs] 
40.184: [GC 40.184: [DefNew: 960K->64K(960K), 0.0052873 secs] 465720K->465488K(524224K), 0.0053533 secs] [Times: user=0.00 sys=0.00, real=0.00 secs] 
40.190: [GC 40.190: [DefNew: 960K->64K(960K), 0.0049673 secs] 466385K->466111K(524224K), 0.0050362 secs] [Times: user=0.00 sys=0.00, real=0.01 secs] 
40.197: [GC 40.197: [DefNew: 960K->64K(960K), 0.0051127 secs] 467008K->466755K(524224K), 0.0051776 secs] [Times: user=0.01 sys=0.00, real=0.01 secs] 
40.204: [GC 40.204: [DefNew: 960K->63K(960K), 0.0050395 secs] 467651K->467364K(524224K), 0.0051040 secs] [Times: user=0.00 sys=0.00, real=0.00 secs] 
40.210: [GC 40.210: [DefNew: 959K->64K(960K), 0.0050833 secs] 468261K->467959K(524224K), 0.0051507 secs] [Times: user=0.02 sys=0.00, real=0.01 secs] 
40.217: [GC 40.217: [DefNew: 960K->63K(960K), 0.0048812 secs] 468856K->468602K(524224K), 0.0049462 secs] [Times: user=0.00 sys=0.00, real=0.00 secs] 
40.223: [GC 40.223: [DefNew: 959K->64K(960K), 0.0049462 secs] 469498K->469229K(524224K), 0.0050107 secs] [Times: user=0.00 sys=0.00, real=0.01 secs] 
40.230: [GC 40.230: [DefNew: 960K->63K(960K), 0.0050232 secs] 470126K->469845K(524224K), 0.0050872 secs] [Times: user=0.00 sys=0.00, real=0.00 secs] 
40.236: [GC 40.236: [DefNew: 959K->64K(960K), 0.0051488 secs] 470741K->470477K(524224K), 0.0052180 secs] [Times: user=0.00 sys=0.00, real=0.01 secs] 
40.243: [GC 40.243: [DefNew: 960K->64K(960K), 0.0053124 secs] 471373K->471147K(524224K), 0.0053855 secs] [Times: user=0.02 sys=0.00, real=0.01 secs] 
40.251: [GC 40.251: [DefNew: 960K->63K(960K), 0.0051791 secs] 472044K->471768K(524224K), 0.0052508 secs] [Times: user=0.00 sys=0.00, real=0.00 secs] 
40.257: [GC 40.257: [DefNew: 959K->63K(960K), 0.0053504 secs] 472665K->472429K(524224K), 0.0054211 secs] [Times: user=0.02 sys=0.00, real=0.00 secs] 
40.265: [GC 40.265: [DefNew: 959K->64K(960K), 0.0051680 secs] 473325K->473085K(524224K), 0.0052315 secs] [Times: user=0.00 sys=0.00, real=0.01 secs] 
40.271: [GC 40.271: [DefNew: 960K->64K(960K), 0.0051699 secs] 473982K->473701K(524224K), 0.0052426 secs] [Times: user=0.02 sys=0.00, real=0.00 secs] 
40.279: [GC 40.279: [DefNew: 960K->63K(960K), 0.0051035 secs] 474598K->474373K(524224K), 0.0051704 secs] [Times: user=0.00 sys=0.00, real=0.01 secs] 
40.285: [GC 40.285: [DefNew: 959K->63K(960K), 0.0050193 secs] 475269K->474987K(524224K), 0.0050862 secs] [Times: user=0.00 sys=0.00, real=0.01 secs] 
40.292: [GC 40.292: [DefNew: 959K->63K(960K), 0.0050439 secs] 475883K->475600K(524224K), 0.0051074 secs] [Times: user=0.00 sys=0.00, real=0.01 secs] 
40.298: [GC 40.298: [DefNew: 959K->63K(960K), 0.0048384 secs] 476498K->476187K(524224K), 0.0049005 secs] [Times: user=0.00 sys=0.00, real=0.01 secs] 
40.305: [GC 40.305: [DefNew: 959K->63K(960K), 0.0047619 secs] 477084K->476816K(524224K), 0.0048278 secs] [Times: user=0.01 sys=0.00, real=0.01 secs] 
40.312: [GC 40.312: [DefNew: 959K->64K(960K), 0.0050612 secs] 477712K->477503K(524224K), 0.0051266 secs] [Times: user=0.00 sys=0.00, real=0.01 secs] 
40.318: [GC 40.318: [DefNew: 960K->63K(960K), 0.0052628 secs] 478400K->478125K(524224K), 0.0053278 secs] [Times: user=0.02 sys=0.00, real=0.01 secs] 
40.326: [GC 40.326: [DefNew: 959K->64K(960K), 0.0052758 secs] 479022K->478795K(524224K), 0.0053412 secs] [Times: user=0.00 sys=0.00, real=0.00 secs] 
40.332: [GC 40.332: [DefNew: 960K->63K(960K), 0.0049621 secs] 479692K->479376K(524224K), 0.0050294 secs] [Times: user=0.00 sys=0.00, real=0.00 secs] 
40.339: [GC 40.339: [DefNew: 959K->63K(960K), 0.0056564 secs] 480273K->479990K(524224K), 0.0057594 secs] [Times: user=0.00 sys=0.00, real=0.01 secs] 
40.346: [GC 40.346: [DefNew: 959K->63K(960K), 0.0050005 secs] 480888K->480626K(524224K), 0.0050617 secs] [Times: user=0.00 sys=0.00, real=0.00 secs] 
40.353: [GC 40.353: [DefNew: 959K->64K(960K), 0.0049972 secs] 481523K->481273K(524224K), 0.0050703 secs] [Times: user=0.02 sys=0.00, real=0.00 secs] 
40.360: [GC 40.360: [DefNew: 960K->64K(960K), 0.0049322 secs] 482171K->481874K(524224K), 0.0049943 secs] [Times: user=0.00 sys=0.00, real=0.01 secs] 
40.366: [GC 40.366: [DefNew: 960K->64K(960K), 0.0049789 secs] 482771K->482497K(524224K), 0.0050429 secs] [Times: user=0.01 sys=0.00, real=0.00 secs] 
40.373: [GC 40.373: [DefNew: 960K->64K(960K), 0.0050034 secs] 483393K->483133K(524224K), 0.0050766 secs] [Times: user=0.00 sys=0.00, real=0.01 secs] 
40.379: [GC 40.379: [DefNew: 960K->63K(960K), 0.0048855 secs] 484030K->483745K(524224K), 0.0049510 secs] [Times: user=0.00 sys=0.00, real=0.00 secs] 
40.387: [GC 40.387: [DefNew: 959K->64K(960K), 0.0052224 secs] 484642K->484402K(524224K), 0.0052960 secs] [Times: user=0.00 sys=0.00, real=0.01 secs] 
40.394: [GC 40.394: [DefNew: 960K->63K(960K), 0.0054582 secs] 485299K->485106K(524224K), 0.0055236 secs] [Times: user=0.00 sys=0.00, real=0.01 secs] 
40.402: [GC 40.402: [DefNew: 959K->64K(960K), 0.0051642 secs] 486003K->485749K(524224K), 0.0052320 secs] [Times: user=0.00 sys=0.00, real=0.01 secs] 
40.409: [GC 40.409: [DefNew: 960K->63K(960K), 0.0052301 secs] 486646K->486399K(524224K), 0.0052979 secs] [Times: user=0.00 sys=0.00, real=0.00 secs] 
40.415: [GC 40.415: [DefNew: 959K->63K(960K), 0.0052267 secs] 487295K->487046K(524224K), 0.0052965 secs] [Times: user=0.02 sys=0.00, real=0.00 secs] 
40.422: [GC 40.422: [DefNew: 959K->64K(960K), 0.0053254 secs] 487943K->487693K(524224K), 0.0053956 secs] [Times: user=0.00 sys=0.00, real=0.00 secs] 
40.429: [GC 40.429: [DefNew: 960K->63K(960K), 0.0050953 secs] 488590K->488371K(524224K), 0.0051608 secs] [Times: user=0.01 sys=0.00, real=0.01 secs] 
40.436: [GC 40.436: [DefNew: 959K->64K(960K), 0.0052772 secs] 489268K->489017K(524224K), 0.0053436 secs] [Times: user=0.00 sys=0.00, real=0.01 secs] 
40.442: [GC 40.442: [DefNew: 960K->63K(960K), 0.0051887 secs] 489914K->489647K(524224K), 0.0052508 secs] [Times: user=0.00 sys=0.00, real=0.00 secs] 
40.449: [GC 40.449: [DefNew: 959K->63K(960K), 0.0053456 secs] 490544K->490297K(524224K), 0.0054615 secs] [Times: user=0.00 sys=0.00, real=0.01 secs] 
40.457: [GC 40.457: [DefNew: 959K->63K(960K), 0.0051040 secs] 491194K->490925K(524224K), 0.0051685 secs] [Times: user=0.00 sys=0.00, real=0.00 secs] 
40.463: [GC 40.463: [DefNew: 959K->64K(960K), 0.0049428 secs] 491821K->491545K(524224K), 0.0050140 secs] [Times: user=0.00 sys=0.00, real=0.01 secs] 
40.470: [GC 40.470: [DefNew: 960K->64K(960K), 0.0051694 secs] 492442K->492192K(524224K), 0.0052330 secs] [Times: user=0.00 sys=0.00, real=0.01 secs] 
40.476: [GC 40.476: [DefNew: 960K->64K(960K), 0.0049813 secs] 493088K->492796K(524224K), 0.0050568 secs] [Times: user=0.02 sys=0.00, real=0.01 secs] 
40.483: [GC 40.483: [DefNew: 960K->64K(960K), 0.0051122 secs] 493693K->493443K(524224K), 0.0051795 secs] [Times: user=0.00 sys=0.00, real=0.01 secs] 
40.489: [GC 40.489: [DefNew: 960K->63K(960K), 0.0055019 secs] 494341K->494084K(524224K), 0.0055631 secs] [Times: user=0.02 sys=0.00, real=0.01 secs] 
40.497: [GC 40.497: [DefNew: 959K->64K(960K), 0.0053417 secs] 494981K->494733K(524224K), 0.0054110 secs] [Times: user=0.00 sys=0.00, real=0.00 secs] 
40.505: [GC 40.505: [DefNew: 960K->63K(960K), 0.0050395 secs] 495629K->495355K(524224K), 0.0051127 secs] [Times: user=0.01 sys=0.00, real=0.01 secs] 
40.512: [GC 40.512: [DefNew: 959K->64K(960K), 0.0051021 secs] 496251K->496007K(524224K), 0.0051752 secs] [Times: user=0.00 sys=0.00, real=0.01 secs] 
40.519: [GC 40.519: [DefNew: 960K->63K(960K), 0.0049827 secs] 496904K->496624K(524224K), 0.0050655 secs] [Times: user=0.00 sys=0.00, real=0.01 secs] 
40.525: [GC 40.525: [DefNew: 959K->64K(960K), 0.0056785 secs] 497521K->497275K(524224K), 0.0057464 secs] [Times: user=0.02 sys=0.00, real=0.01 secs] 
40.533: [GC 40.533: [DefNew: 960K->63K(960K), 0.0051521 secs] 498171K->497912K(524224K), 0.0052171 secs] [Times: user=0.00 sys=0.00, real=0.00 secs] 
40.539: [GC 40.539: [DefNew: 959K->64K(960K), 0.0051858 secs] 498808K->498536K(524224K), 0.0052498 secs] [Times: user=0.01 sys=0.00, real=0.01 secs] 
40.546: [GC 40.546: [DefNew: 960K->63K(960K), 0.0052686 secs] 499432K->499189K(524224K), 0.0053403 secs] [Times: user=0.00 sys=0.00, real=0.00 secs] 
40.552: [GC 40.552: [DefNew: 959K->64K(960K), 0.0050448 secs] 500086K->499826K(524224K), 0.0051112 secs] [Times: user=0.02 sys=0.00, real=0.01 secs] 
40.559: [GC 40.559: [DefNew: 960K->64K(960K), 0.0056930 secs] 500722K->500470K(524224K), 0.0057652 secs] [Times: user=0.00 sys=0.00, real=0.01 secs] 
40.567: [GC 40.567: [DefNew: 960K->64K(960K), 0.0050520 secs] 501367K->501123K(524224K), 0.0051180 secs] [Times: user=0.00 sys=0.00, real=0.00 secs] 
40.574: [GC 40.574: [DefNew: 960K->64K(960K), 0.0048369 secs] 502020K->501726K(524224K), 0.0049125 secs] [Times: user=0.00 sys=0.00, real=0.01 secs] 
40.581: [GC 40.581: [DefNew: 960K->63K(960K), 0.0048692 secs] 502623K->502365K(524224K), 0.0049341 secs] [Times: user=0.00 sys=0.00, real=0.01 secs] 
40.587: [GC 40.587: [DefNew: 959K->63K(960K), 0.0057579 secs] 503263K->502975K(524224K), 0.0058253 secs] [Times: user=0.02 sys=0.00, real=0.01 secs] 
40.595: [GC 40.595: [DefNew: 959K->63K(960K), 0.0049972 secs] 503871K->503646K(524224K), 0.0050645 secs] [Times: user=0.00 sys=0.00, real=0.01 secs] 
40.601: [GC 40.601: [DefNew: 959K->63K(960K), 0.0056973 secs] 504543K->504287K(524224K), 0.0057642 secs] [Times: user=0.01 sys=0.00, real=0.01 secs] 
40.609: [GC 40.609: [DefNew: 959K->63K(960K), 0.0050929 secs] 505184K->504935K(524224K), 0.0051608 secs] [Times: user=0.00 sys=0.00, real=0.00 secs] 
40.616: [GC 40.616: [DefNew: 959K->63K(960K), 0.0053167 secs] 505832K->505572K(524224K), 0.0053831 secs] [Times: user=0.00 sys=0.00, real=0.00 secs] 
40.622: [GC 40.622: [DefNew: 959K->63K(960K), 0.0052734 secs] 506468K->506185K(524224K), 0.0053393 secs] [Times: user=0.00 sys=0.00, real=0.00 secs] 
40.630: [GC 40.630: [DefNew: 959K->64K(960K), 0.0052537 secs] 507082K->506867K(524224K), 0.0053177 secs] [Times: user=0.02 sys=0.00, real=0.01 secs] 
40.636: [GC 40.636: [DefNew: 960K->63K(960K), 0.0055621 secs] 507764K->507518K(524224K), 0.0056314 secs] [Times: user=0.00 sys=0.00, real=0.01 secs] 
40.645: [GC 40.645: [DefNew: 959K->64K(960K), 0.0056631 secs] 508415K->508238K(524224K), 0.0057363 secs] [Times: user=0.00 sys=0.00, real=0.01 secs] 
40.652: [GC 40.652: [DefNew: 960K->64K(960K), 0.0055250 secs] 509135K->508874K(524224K), 0.0055943 secs] [Times: user=0.00 sys=0.00, real=0.01 secs] 
40.660: [GC 40.660: [DefNew: 960K->63K(960K), 0.0052238 secs] 509771K->509532K(524224K), 0.0052897 secs] [Times: user=0.00 sys=0.00, real=0.01 secs] 
40.668: [GC 40.668: [DefNew: 959K->64K(960K), 0.0049005 secs] 510428K->510156K(524224K), 0.0049654 secs] [Times: user=0.00 sys=0.00, real=0.00 secs] 
40.674: [GC 40.674: [DefNew: 960K->63K(960K), 0.0050982 secs] 511053K->510796K(524224K), 0.0051617 secs] [Times: user=0.00 sys=0.00, real=0.01 secs] 
40.681: [GC 40.681: [DefNew: 959K->64K(960K), 0.0054861 secs] 511692K->511450K(524224K), 0.0055534 secs] [Times: user=0.02 sys=0.00, real=0.00 secs] 
40.688: [GC 40.688: [DefNew: 960K->63K(960K), 0.0053605 secs] 512347K->512077K(524224K), 0.0054322 secs] [Times: user=0.00 sys=0.00, real=0.00 secs] 
40.696: [GC 40.696: [DefNew: 959K->64K(960K), 0.0054697 secs] 512973K->512755K(524224K), 0.0055419 secs] [Times: user=0.01 sys=0.00, real=0.01 secs] 
40.703: [GC 40.703: [DefNew: 960K->64K(960K), 0.0049221 secs] 513653K->513387K(524224K), 0.0049861 secs] [Times: user=0.00 sys=0.00, real=0.01 secs] 
40.710: [GC 40.710: [DefNew: 960K->63K(960K), 0.0056680 secs] 514283K->514048K(524224K), 0.0057469 secs] [Times: user=0.02 sys=0.00, real=0.01 secs] 
40.718: [GC 40.718: [DefNew: 959K->64K(960K), 0.0051444 secs] 514945K->514719K(524224K), 0.0052123 secs] [Times: user=0.00 sys=0.00, real=0.00 secs] 
40.724: [GC 40.724: [DefNew: 960K->63K(960K), 0.0055044 secs] 515615K->515320K(524224K), 0.0055722 secs] [Times: user=0.00 sys=0.00, real=0.01 secs] 
40.732: [GC 40.732: [DefNew: 959K->63K(960K), 0.0053961 secs] 516217K->515979K(524224K), 0.0054663 secs] [Times: user=0.00 sys=0.00, real=0.01 secs] 
40.739: [GC 40.739: [DefNew: 959K->63K(960K), 0.0051584 secs] 516875K->516607K(524224K), 0.0052277 secs] [Times: user=0.01 sys=0.00, real=0.01 secs] 
40.746: [GC 40.746: [DefNew: 959K->64K(960K), 0.0054274 secs] 517504K->517303K(524224K), 0.0055000 secs] [Times: user=0.00 sys=0.00, real=0.01 secs] 
40.753: [GC 40.753: [DefNew: 960K->63K(960K), 0.0056704 secs] 518200K->517950K(524224K), 0.0057373 secs] [Times: user=0.00 sys=0.00, real=0.01 secs] 
40.761: [GC 40.761: [DefNew: 959K->64K(960K), 0.0056222 secs] 518847K->518626K(524224K), 0.0056939 secs] [Times: user=0.00 sys=0.00, real=0.01 secs] 
40.768: [GC 40.768: [DefNew: 960K->63K(960K), 0.0051151 secs] 519522K->519265K(524224K), 0.0051810 secs] [Times: user=0.00 sys=0.00, real=0.01 secs] 
40.780: [GC 40.780: [DefNew: 959K->63K(960K), 0.0046565 secs] 520162K->519385K(524224K), 0.0047287 secs] [Times: user=0.00 sys=0.00, real=0.01 secs] 
40.786: [GC 40.786: [DefNew: 959K->64K(960K), 0.0032942 secs] 520282K->519916K(524224K), 0.0033573 secs] [Times: user=0.00 sys=0.00, real=0.00 secs] 
40.790: [GC 40.790: [DefNew: 960K->63K(960K), 0.0035358 secs] 520813K->520418K(524224K), 0.0036012 secs] [Times: user=0.02 sys=0.00, real=0.00 secs] 
40.796: [GC 40.796: [DefNew: 959K->64K(960K), 0.0036494 secs] 521314K->520975K(524224K), 0.0037153 secs] [Times: user=0.00 sys=0.00, real=0.00 secs] 
40.801: [GC 40.801: [DefNew: 960K->64K(960K), 0.0035416 secs] 521872K->521482K(524224K), 0.0036017 secs] [Times: user=0.00 sys=0.00, real=0.00 secs] 
40.807: [GC 40.807: [DefNew: 960K->63K(960K), 0.0039766 secs] 522379K->522019K(524224K), 0.0040641 secs] [Times: user=0.00 sys=0.00, real=0.00 secs] 
40.813: [GC 40.813: [DefNew: 959K->63K(960K), 0.0037557 secs] 522916K->522556K(524224K), 0.0038236 secs] [Times: user=0.00 sys=0.00, real=0.00 secs] 
40.818: [GC 40.818: [DefNew: 959K->63K(960K), 0.0035305 secs] 523453K->523036K(524224K), 0.0035916 secs] [Times: user=0.00 sys=0.00, real=0.00 secs] 
40.825: [GC 40.825: [DefNew: 959K->959K(960K), 0.0000115 secs]40.825: [Tenured: 522972K->12696K(523264K), 0.1640585 secs] 523932K->12696K(524224K), [Perm : 373K->373K(12288K)], 0.1641644 secs] [Times: user=0.16 sys=0.00, real=0.16 secs] 
40.990: [GC 40.990: [DefNew: 896K->63K(960K), 0.0022655 secs] 13594K->13334K(524224K), 0.0023410 secs] [Times: user=0.00 sys=0.00, real=0.00 secs] 
40.994: [GC 40.994: [DefNew: 959K->64K(960K), 0.0026081 secs] 14231K->13919K(524224K), 0.0026798 secs] [Times: user=0.00 sys=0.00, real=0.00 secs] 
40.999: [GC 40.999: [DefNew: 960K->63K(960K), 0.0021427 secs] 14816K->14434K(524224K), 0.0022101 secs] [Times: user=0.00 sys=0.00, real=0.00 secs] 
41.002: [GC 41.002: [DefNew: 959K->64K(960K), 0.0033366 secs] 15331K->15067K(524224K), 0.0033991 secs] [Times: user=0.00 sys=0.00, real=0.00 secs] 
41.007: [GC 41.007: [DefNew: 960K->64K(960K), 0.0021336 secs] 15966K->15574K(524224K), 0.0022010 secs] [Times: user=0.02 sys=0.00, real=0.00 secs] 
41.010: [GC 41.010: [DefNew: 960K->64K(960K), 0.0025181 secs] 16473K->16073K(524224K), 0.0025931 secs] [Times: user=0.00 sys=0.00, real=0.00 secs] 
41.015: [GC 41.015: [DefNew: 960K->63K(960K), 0.0021038 secs] 16970K->16638K(524224K), 0.0021687 secs] [Times: user=0.00 sys=0.00, real=0.00 secs] 
41.018: [GC 41.018: [DefNew: 959K->63K(960K), 0.0019878 secs] 17535K->17151K(524224K), 0.0020489 secs] [Times: user=0.00 sys=0.00, real=0.00 secs] 
41.022: [GC 41.022: [DefNew: 959K->63K(960K), 0.0019214 secs] 18048K->17677K(524224K), 0.0019815 secs] [Times: user=0.00 sys=0.00, real=0.00 secs] 
41.026: [GC 41.026: [DefNew: 959K->64K(960K), 0.0020311 secs] 18574K->18185K(524224K), 0.0020951 secs] [Times: user=0.00 sys=0.00, real=0.00 secs] 
41.029: [GC 41.029: [DefNew: 960K->63K(960K), 0.0019272 secs] 19082K->18684K(524224K), 0.0019815 secs] [Times: user=0.00 sys=0.00, real=0.00 secs] 
41.033: [GC 41.033: [DefNew: 959K->63K(960K), 0.0019142 secs] 19581K->19193K(524224K), 0.0019710 secs] [Times: user=0.00 sys=0.00, real=0.00 secs] 
41.036: [GC 41.036: [DefNew: 959K->63K(960K), 0.0018545 secs] 20091K->19704K(524224K), 0.0019108 secs] [Times: user=0.00 sys=0.00, real=0.00 secs] 
41.040: [GC 41.040: [DefNew: 959K->63K(960K), 0.0020215 secs] 20601K->20239K(524224K), 0.0020845 secs] [Times: user=0.02 sys=0.00, real=0.00 secs] 
41.044: [GC 41.044: [DefNew: 959K->64K(960K), 0.0021841 secs] 21135K->20764K(524224K), 0.0022529 secs] [Times: user=0.00 sys=0.00, real=0.00 secs] 
41.047: [GC 41.047: [DefNew: 960K->63K(960K), 0.0021091 secs] 21661K->21291K(524224K), 0.0021668 secs] [Times: user=0.00 sys=0.00, real=0.00 secs] 
41.051: [GC 41.051: [DefNew: 959K->63K(960K), 0.0020393 secs] 22188K->21808K(524224K), 0.0020966 secs] [Times: user=0.00 sys=0.00, real=0.00 secs] 
41.054: [GC 41.054: [DefNew: 959K->64K(960K), 0.0020465 secs] 22705K->22304K(524224K), 0.0021115 secs] [Times: user=0.02 sys=0.00, real=0.00 secs] 
41.058: [GC 41.058: [DefNew: 960K->64K(960K), 0.0022164 secs] 23203K->22833K(524224K), 0.0022852 secs] [Times: user=0.00 sys=0.00, real=0.00 secs] 
41.061: [GC 41.061: [DefNew: 960K->63K(960K), 0.0028246 secs] 23730K->23475K(524224K), 0.0028963 secs] [Times: user=0.00 sys=0.00, real=0.00 secs] 
41.066: [GC 41.066: [DefNew: 959K->64K(960K), 0.0021230 secs] 24372K->23974K(524224K), 0.0021875 secs] [Times: user=0.00 sys=0.00, real=0.00 secs] 
41.070: [GC 41.070: [DefNew: 960K->64K(960K), 0.0020475 secs] 24871K->24502K(524224K), 0.0021163 secs] [Times: user=0.02 sys=0.00, real=0.00 secs] 
41.073: [GC 41.073: [DefNew: 960K->63K(960K), 0.0019801 secs] 25399K->25014K(524224K), 0.0020427 secs] [Times: user=0.00 sys=0.00, real=0.00 secs] 
41.077: [GC 41.077: [DefNew: 959K->63K(960K), 0.0019729 secs] 25911K->25534K(524224K), 0.0020321 secs] [Times: user=0.00 sys=0.00, real=0.00 secs] 
41.080: [GC 41.080: [DefNew: 959K->64K(960K), 0.0019536 secs] 26432K->26034K(524224K), 0.0020133 secs] [Times: user=0.00 sys=0.00, real=0.00 secs] 
41.084: [GC 41.084: [DefNew: 960K->64K(960K), 0.0019233 secs] 26931K->26538K(524224K), 0.0019854 secs] [Times: user=0.00 sys=0.00, real=0.00 secs] 
41.088: [GC 41.088: [DefNew: 960K->63K(960K), 0.0022640 secs] 27435K->27064K(524224K), 0.0023386 secs] [Times: user=0.00 sys=0.00, real=0.00 secs] 
41.091: [GC 41.091: [DefNew: 959K->63K(960K), 0.0032808 secs] 27961K->27705K(524224K), 0.0034092 secs] [Times: user=0.00 sys=0.00, real=0.00 secs] 
41.096: [GC 41.096: [DefNew: 959K->63K(960K), 0.0022770 secs] 28603K->28229K(524224K), 0.0023386 secs] [Times: user=0.00 sys=0.00, real=0.00 secs] 
41.099: [GC 41.099: [DefNew: 959K->64K(960K), 0.0018126 secs] 29126K->28710K(524224K), 0.0018656 secs] [Times: user=0.00 sys=0.00, real=0.00 secs] 
41.103: [GC 41.103: [DefNew: 960K->63K(960K), 0.0019175 secs] 29608K->29238K(524224K), 0.0019686 secs] [Times: user=0.00 sys=0.00, real=0.00 secs] 
41.107: [GC 41.107: [DefNew: 959K->63K(960K), 0.0019498 secs] 30135K->29753K(524224K), 0.0020095 secs] [Times: user=0.00 sys=0.00, real=0.00 secs] 
41.110: [GC 41.110: [DefNew: 959K->64K(960K), 0.0019657 secs] 30650K->30251K(524224K), 0.0020244 secs] [Times: user=0.00 sys=0.00, real=0.00 secs] 
41.114: [GC 41.114: [DefNew: 960K->64K(960K), 0.0021225 secs] 31148K->30762K(524224K), 0.0021880 secs] [Times: user=0.00 sys=0.00, real=0.00 secs] 
41.117: [GC 41.117: [DefNew: 960K->64K(960K), 0.0019012 secs] 31659K->31269K(524224K), 0.0019657 secs] [Times: user=0.02 sys=0.00, real=0.00 secs] 
41.121: [GC 41.121: [DefNew: 960K->64K(960K), 0.0020374 secs] 32167K->31771K(524224K), 0.0020999 secs] [Times: user=0.00 sys=0.00, real=0.00 secs] 
41.125: [GC 41.125: [DefNew: 960K->64K(960K), 0.0020374 secs] 32668K->32266K(524224K), 0.0020999 secs] [Times: user=0.00 sys=0.00, real=0.00 secs] 
41.128: [GC 41.128: [DefNew: 960K->63K(960K), 0.0019508 secs] 33164K->32759K(524224K), 0.0020080 secs] [Times: user=0.00 sys=0.00, real=0.00 secs] 
41.132: [GC 41.132: [DefNew: 959K->64K(960K), 0.0022958 secs] 33656K->33292K(524224K), 0.0023617 secs] [Times: user=0.00 sys=0.00, real=0.00 secs] 
41.135: [GC 41.135: [DefNew: 960K->64K(960K), 0.0021615 secs] 34189K->33789K(524224K), 0.0022298 secs] [Times: user=0.00 sys=0.00, real=0.00 secs] 
41.139: [GC 41.139: [DefNew: 960K->64K(960K), 0.0028770 secs] 34686K->34303K(524224K), 0.0029511 secs] [Times: user=0.00 sys=0.00, real=0.00 secs] 
41.143: [GC 41.143: [DefNew: 960K->64K(960K), 0.0025898 secs] 35202K->34858K(524224K), 0.0026629 secs] [Times: user=0.00 sys=0.00, real=0.00 secs] 
41.148: [GC 41.148: [DefNew: 960K->63K(960K), 0.0025296 secs] 35755K->35461K(524224K), 0.0026148 secs] [Times: user=0.01 sys=0.00, real=0.00 secs] 
41.153: [GC 41.153: [DefNew: 959K->64K(960K), 0.0025392 secs] 36358K->36081K(524224K), 0.0026047 secs] [Times: user=0.00 sys=0.00, real=0.00 secs] 
41.157: [GC 41.157: [DefNew: 960K->64K(960K), 0.0023790 secs] 36978K->36627K(524224K), 0.0024748 secs] [Times: user=0.00 sys=0.00, real=0.00 secs] 
41.162: [GC 41.162: [DefNew: 960K->64K(960K), 0.0020239 secs] 37525K->37196K(524224K), 0.0020975 secs] [Times: user=0.00 sys=0.00, real=0.00 secs] 
41.165: [GC 41.165: [DefNew: 960K->63K(960K), 0.0020619 secs] 38093K->37733K(524224K), 0.0021211 secs] [Times: user=0.00 sys=0.00, real=0.00 secs] 
41.169: [GC 41.169: [DefNew: 959K->63K(960K), 0.0023371 secs] 38630K->38313K(524224K), 0.0023963 secs] [Times: user=0.00 sys=0.00, real=0.00 secs] 
41.174: [GC 41.174: [DefNew: 959K->64K(960K), 0.0023973 secs] 39210K->38909K(524224K), 0.0024608 secs] [Times: user=0.00 sys=0.00, real=0.00 secs] 
41.178: [GC 41.178: [DefNew: 960K->63K(960K), 0.0023944 secs] 39806K->39495K(524224K), 0.0024700 secs] [Times: user=0.02 sys=0.00, real=0.00 secs] 
41.183: [GC 41.183: [DefNew: 959K->64K(960K), 0.0026167 secs] 40392K->40078K(524224K), 0.0026851 secs] [Times: user=0.00 sys=0.00, real=0.00 secs] 
41.187: [GC 41.187: [DefNew: 960K->64K(960K), 0.0025994 secs] 40974K->40645K(524224K), 0.0026870 secs] [Times: user=0.00 sys=0.00, real=0.00 secs] 
41.192: [GC 41.192: [DefNew: 960K->63K(960K), 0.0023978 secs] 41542K->41166K(524224K), 0.0024690 secs] [Times: user=0.00 sys=0.00, real=0.00 secs] 
41.197: [GC 41.197: [DefNew: 959K->64K(960K), 0.0024156 secs] 42062K->41709K(524224K), 0.0024815 secs] [Times: user=0.00 sys=0.00, real=0.00 secs] 
41.201: [GC 41.201: [DefNew: 960K->64K(960K), 0.0023530 secs] 42607K->42283K(524224K), 0.0024334 secs] [Times: user=0.00 sys=0.00, real=0.00 secs] 
41.206: [GC 41.206: [DefNew: 960K->63K(960K), 0.0026446 secs] 43180K->42850K(524224K), 0.0027279 secs] [Times: user=0.00 sys=0.00, real=0.00 secs] 
41.210: [GC 41.210: [DefNew: 959K->64K(960K), 0.0023540 secs] 43747K->43424K(524224K), 0.0024190 secs] [Times: user=0.01 sys=0.00, real=0.00 secs] 
41.215: [GC 41.215: [DefNew: 960K->64K(960K), 0.0023381 secs] 44321K->44018K(524224K), 0.0023963 secs] [Times: user=0.00 sys=0.00, real=0.00 secs] 
41.219: [GC 41.219: [DefNew: 960K->64K(960K), 0.0023444 secs] 44916K->44611K(524224K), 0.0024522 secs] [Times: user=0.00 sys=0.00, real=0.00 secs] 
41.224: [GC 41.224: [DefNew: 960K->63K(960K), 0.0024300 secs] 45508K->45213K(524224K), 0.0024926 secs] [Times: user=0.00 sys=0.00, real=0.00 secs] 
41.229: [GC 41.229: [DefNew: 959K->63K(960K), 0.0024194 secs] 46109K->45825K(524224K), 0.0024873 secs] [Times: user=0.00 sys=0.00, real=0.00 secs] 
41.233: [GC 41.233: [DefNew: 959K->64K(960K), 0.0024103 secs] 46722K->46371K(524224K), 0.0024695 secs] [Times: user=0.00 sys=0.00, real=0.00 secs] 
41.238: [GC 41.238: [DefNew: 960K->63K(960K), 0.0027298 secs] 47268K->46961K(524224K), 0.0027976 secs] [Times: user=0.00 sys=0.00, real=0.00 secs] 
41.242: [GC 41.242: [DefNew: 959K->64K(960K), 0.0027880 secs] 47857K->47530K(524224K), 0.0028583 secs] [Times: user=0.02 sys=0.00, real=0.00 secs] 
41.247: [GC 41.247: [DefNew: 960K->64K(960K), 0.0025291 secs] 48427K->48099K(524224K), 0.0026052 secs] [Times: user=0.00 sys=0.00, real=0.00 secs] 
41.252: [GC 41.252: [DefNew: 960K->63K(960K), 0.0025773 secs] 48997K->48691K(524224K), 0.0026384 secs] [Times: user=0.00 sys=0.00, real=0.00 secs] 
41.256: [GC 41.256: [DefNew: 959K->64K(960K), 0.0031860 secs] 49588K->49229K(524224K), 0.0032649 secs] [Times: user=0.02 sys=0.00, real=0.00 secs] 
41.262: [GC 41.262: [DefNew: 960K->63K(960K), 0.0025946 secs] 50126K->49815K(524224K), 0.0026639 secs] [Times: user=0.00 sys=0.00, real=0.00 secs] 
41.266: [GC 41.266: [DefNew: 959K->63K(960K), 0.0023323 secs] 50712K->50346K(524224K), 0.0024055 secs] [Times: user=0.00 sys=0.00, real=0.00 secs] 
41.271: [GC 41.271: [DefNew: 959K->64K(960K), 0.0023833 secs] 51244K->50946K(524224K), 0.0024469 secs] [Times: user=0.00 sys=0.00, real=0.00 secs] 
41.275: [GC 41.275: [DefNew: 960K->64K(960K), 0.0025152 secs] 51843K->51473K(524224K), 0.0025960 secs] [Times: user=0.00 sys=0.00, real=0.00 secs] 
41.280: [GC 41.280: [DefNew: 960K->64K(960K), 0.0026408 secs] 52370K->52072K(524224K), 0.0027274 secs] [Times: user=0.00 sys=0.00, real=0.00 secs] 
41.285: [GC 41.285: [DefNew: 960K->64K(960K), 0.0025041 secs] 52969K->52643K(524224K), 0.0025864 secs] [Times: user=0.00 sys=0.00, real=0.00 secs] 
41.289: [GC 41.289: [DefNew: 960K->63K(960K), 0.0023448 secs] 53540K->53145K(524224K), 0.0024151 secs] [Times: user=0.02 sys=0.00, real=0.00 secs] 
41.294: [GC 41.294: [DefNew: 959K->64K(960K), 0.0023314 secs] 54042K->53767K(524224K), 0.0024050 secs] [Times: user=0.00 sys=0.00, real=0.00 secs] 
41.298: [GC 41.298: [DefNew: 960K->64K(960K), 0.0026634 secs] 54664K->54369K(524224K), 0.0027394 secs] [Times: user=0.00 sys=0.00, real=0.00 secs] 
41.303: [GC 41.303: [DefNew: 960K->64K(960K), 0.0023453 secs] 55267K->54943K(524224K), 0.0024185 secs] [Times: user=0.00 sys=0.00, real=0.00 secs] 
41.308: [GC 41.308: [DefNew: 960K->64K(960K), 0.0025354 secs] 55840K->55509K(524224K), 0.0026032 secs] [Times: user=0.00 sys=0.00, real=0.00 secs] 
41.312: [GC 41.312: [DefNew: 960K->63K(960K), 0.0023718 secs] 56407K->56039K(524224K), 0.0024348 secs] [Times: user=0.00 sys=0.00, real=0.00 secs] 
41.317: [GC 41.317: [DefNew: 959K->63K(960K), 0.0023886 secs] 56936K->56635K(524224K), 0.0024676 secs] [Times: user=0.00 sys=0.00, real=0.00 secs] 
41.321: [GC 41.321: [DefNew: 959K->63K(960K), 0.0028722 secs] 57532K->57209K(524224K), 0.0029492 secs] [Times: user=0.00 sys=0.00, real=0.00 secs] 
41.326: [GC 41.326: [DefNew: 959K->63K(960K), 0.0024603 secs] 58106K->57799K(524224K), 0.0025354 secs] [Times: user=0.00 sys=0.00, real=0.00 secs] 
41.331: [GC 41.331: [DefNew: 959K->63K(960K), 0.0024276 secs] 58696K->58381K(524224K), 0.0024892 secs] [Times: user=0.00 sys=0.00, real=0.00 secs] 
41.335: [GC 41.335: [DefNew: 959K->64K(960K), 0.0027067 secs] 59279K->58948K(524224K), 0.0027861 secs] [Times: user=0.02 sys=0.00, real=0.00 secs] 
41.340: [GC 41.340: [DefNew: 960K->64K(960K), 0.0024276 secs] 59845K->59466K(524224K), 0.0024974 secs] [Times: user=0.00 sys=0.00, real=0.00 secs] 
41.344: [GC 41.344: [DefNew: 960K->64K(960K), 0.0025821 secs] 60363K->60041K(524224K), 0.0026557 secs] [Times: user=0.00 sys=0.00, real=0.00 secs] 
41.349: [GC 41.349: [DefNew: 960K->63K(960K), 0.0026749 secs] 60938K->60684K(524224K), 0.0027524 secs] [Times: user=0.00 sys=0.00, real=0.00 secs] 
41.353: [GC 41.353: [DefNew: 959K->63K(960K), 0.0025595 secs] 61581K->61230K(524224K), 0.0026360 secs] [Times: user=0.00 sys=0.00, real=0.00 secs] 
41.358: [GC 41.358: [DefNew: 959K->64K(960K), 0.0024209 secs] 62127K->61749K(524224K), 0.0024868 secs] [Times: user=0.00 sys=0.00, real=0.00 secs] 
41.363: [GC 41.363: [DefNew: 960K->64K(960K), 0.0025027 secs] 62646K->62385K(524224K), 0.0025792 secs] [Times: user=0.00 sys=0.00, real=0.00 secs] 
41.367: [GC 41.367: [DefNew: 960K->63K(960K), 0.0026615 secs] 63282K->62900K(524224K), 0.0027264 secs] [Times: user=0.02 sys=0.00, real=0.00 secs] 
41.372: [GC 41.372: [DefNew: 959K->64K(960K), 0.0021663 secs] 63797K->63461K(524224K), 0.0022342 secs] [Times: user=0.00 sys=0.00, real=0.00 secs] 
41.375: [GC 41.375: [DefNew: 960K->64K(960K), 0.0022356 secs] 64357K->63981K(524224K), 0.0022924 secs] [Times: user=0.00 sys=0.00, real=0.00 secs] 
41.379: [GC 41.379: [DefNew: 960K->64K(960K), 0.0023684 secs] 64878K->64547K(524224K), 0.0024252 secs] [Times: user=0.00 sys=0.00, real=0.00 secs] 
41.383: [GC 41.383: [DefNew: 960K->63K(960K), 0.0023944 secs] 65445K->65081K(524224K), 0.0024522 secs] [Times: user=0.02 sys=0.00, real=0.00 secs] 
41.386: [GC 41.386: [DefNew: 959K->63K(960K), 0.0025946 secs] 65978K->65591K(524224K), 0.0026600 secs] [Times: user=0.00 sys=0.00, real=0.00 secs] 
41.391: [GC 41.391: [DefNew: 959K->64K(960K), 0.0025874 secs] 66488K->66114K(524224K), 0.0026571 secs] [Times: user=0.00 sys=0.00, real=0.00 secs] 
41.395: [GC 41.395: [DefNew: 960K->63K(960K), 0.0023251 secs] 67011K->66644K(524224K), 0.0023843 secs] [Times: user=0.00 sys=0.00, real=0.00 secs] 
41.399: [GC 41.399: [DefNew: 959K->63K(960K), 0.0025768 secs] 67540K->67219K(524224K), 0.0026393 secs] [Times: user=0.00 sys=0.00, real=0.00 secs] 
41.403: [GC 41.403: [DefNew: 959K->64K(960K), 0.0024161 secs] 68115K->67745K(524224K), 0.0024801 secs] [Times: user=0.00 sys=0.00, real=0.00 secs] 
41.408: [GC 41.408: [DefNew: 960K->64K(960K), 0.0024026 secs] 68642K->68283K(524224K), 0.0024632 secs] [Times: user=0.00 sys=0.00, real=0.00 secs] 
41.413: [GC 41.413: [DefNew: 960K->63K(960K), 0.0023857 secs] 69180K->68812K(524224K), 0.0024459 secs] [Times: user=0.01 sys=0.00, real=0.00 secs] 
41.417: [GC 41.417: [DefNew: 959K->64K(960K), 0.0023930 secs] 69708K->69335K(524224K), 0.0024541 secs] [Times: user=0.00 sys=0.00, real=0.00 secs] 
41.422: [GC 41.422: [DefNew: 960K->64K(960K), 0.0024695 secs] 70232K->69870K(524224K), 0.0025263 secs] [Times: user=0.00 sys=0.00, real=0.00 secs] 
41.426: [GC 41.426: [DefNew: 960K->64K(960K), 0.0023665 secs] 70767K->70378K(524224K), 0.0024214 secs] [Times: user=0.00 sys=0.00, real=0.00 secs] 
41.430: [GC 41.430: [DefNew: 960K->64K(960K), 0.0024656 secs] 71275K->70933K(524224K), 0.0025263 secs] [Times: user=0.02 sys=0.00, real=0.00 secs] 
41.435: [GC 41.435: [DefNew: 960K->64K(960K), 0.0026398 secs] 71829K->71483K(524224K), 0.0027000 secs] [Times: user=0.00 sys=0.00, real=0.00 secs] 
41.439: [GC 41.439: [DefNew: 960K->63K(960K), 0.0026759 secs] 72380K->72003K(524224K), 0.0027640 secs] [Times: user=0.00 sys=0.00, real=0.00 secs] 
41.444: [GC 41.444: [DefNew: 959K->63K(960K), 0.0027442 secs] 72900K->72594K(524224K), 0.0028111 secs] [Times: user=0.01 sys=0.00, real=0.00 secs] 
41.448: [GC 41.448: [DefNew: 959K->64K(960K), 0.0023073 secs] 73491K->73092K(524224K), 0.0023646 secs] [Times: user=0.00 sys=0.00, real=0.00 secs] 
41.453: [GC 41.453: [DefNew: 960K->63K(960K), 0.0022534 secs] 73989K->73647K(524224K), 0.0023097 secs] [Times: user=0.00 sys=0.00, real=0.00 secs] 
41.456: [GC 41.456: [DefNew: 959K->63K(960K), 0.0022857 secs] 74544K->74140K(524224K), 0.0023448 secs] [Times: user=0.00 sys=0.00, real=0.00 secs] 
41.460: [GC 41.460: [DefNew: 959K->64K(960K), 0.0023020 secs] 75038K->74678K(524224K), 0.0023651 secs] [Times: user=0.02 sys=0.00, real=0.00 secs] 
41.465: [GC 41.465: [DefNew: 960K->64K(960K), 0.0025652 secs] 75575K->75221K(524224K), 0.0026263 secs] [Times: user=0.00 sys=0.00, real=0.00 secs] 
41.469: [GC 41.469: [DefNew: 960K->63K(960K), 0.0023699 secs] 76118K->75726K(524224K), 0.0024368 secs] [Times: user=0.00 sys=0.00, real=0.00 secs] 
41.473: [GC 41.473: [DefNew: 959K->64K(960K), 0.0025359 secs] 76622K->76243K(524224K), 0.0026018 secs] [Times: user=0.00 sys=0.00, real=0.00 secs] 
41.477: [GC 41.477: [DefNew: 960K->64K(960K), 0.0023699 secs] 77139K->76732K(524224K), 0.0024343 secs] [Times: user=0.00 sys=0.00, real=0.00 secs] 
41.481: [GC 41.481: [DefNew: 960K->64K(960K), 0.0024728 secs] 77629K->77269K(524224K), 0.0025397 secs] [Times: user=0.00 sys=0.00, real=0.00 secs] 
41.486: [GC 41.486: [DefNew: 960K->64K(960K), 0.0025219 secs] 78167K->77790K(524224K), 0.0025931 secs] [Times: user=0.00 sys=0.00, real=0.00 secs] 
41.490: [GC 41.490: [DefNew: 960K->63K(960K), 0.0029295 secs] 78687K->78309K(524224K), 0.0030041 secs] [Times: user=0.02 sys=0.00, real=0.00 secs] 
41.495: [GC 41.495: [DefNew: 959K->64K(960K), 0.0028097 secs] 79207K->78858K(524224K), 0.0028785 secs] [Times: user=0.00 sys=0.00, real=0.00 secs] 
41.499: [GC 41.499: [DefNew: 960K->63K(960K), 0.0025210 secs] 79755K->79387K(524224K), 0.0025830 secs] [Times: user=0.00 sys=0.00, real=0.00 secs] 
41.504: [GC 41.504: [DefNew: 959K->64K(960K), 0.0025311 secs] 80283K->79941K(524224K), 0.0025936 secs] [Times: user=0.00 sys=0.00, real=0.00 secs] 
41.508: [GC 41.508: [DefNew: 960K->64K(960K), 0.0027717 secs] 80838K->80452K(524224K), 0.0028655 secs] [Times: user=0.02 sys=0.00, real=0.00 secs] 
41.514: [GC 41.514: [DefNew: 960K->64K(960K), 0.0025412 secs] 81349K->81005K(524224K), 0.0026167 secs] [Times: user=0.00 sys=0.00, real=0.00 secs] 
41.519: [GC 41.519: [DefNew: 960K->64K(960K), 0.0024536 secs] 81902K->81560K(524224K), 0.0025147 secs] [Times: user=0.00 sys=0.00, real=0.00 secs] 
41.523: [GC 41.523: [DefNew: 960K->63K(960K), 0.0025874 secs] 82457K->82060K(524224K), 0.0026538 secs] [Times: user=0.02 sys=0.00, real=0.00 secs] 
41.528: [GC 41.528: [DefNew: 959K->64K(960K), 0.0022900 secs] 82958K->82595K(524224K), 0.0023477 secs] [Times: user=0.00 sys=0.00, real=0.00 secs] 
41.531: [GC 41.531: [DefNew: 960K->63K(960K), 0.0023261 secs] 83491K->83124K(524224K), 0.0023848 secs] [Times: user=0.00 sys=0.00, real=0.00 secs] 
41.535: [GC 41.535: [DefNew: 959K->63K(960K), 0.0024878 secs] 84021K->83643K(524224K), 0.0025503 secs] [Times: user=0.00 sys=0.00, real=0.00 secs] 
41.540: [GC 41.540: [DefNew: 959K->64K(960K), 0.0025623 secs] 84539K->84177K(524224K), 0.0026369 secs] [Times: user=0.00 sys=0.00, real=0.00 secs] 
41.544: [GC 41.544: [DefNew: 960K->63K(960K), 0.0024772 secs] 85073K->84690K(524224K), 0.0025378 secs] [Times: user=0.00 sys=0.00, real=0.00 secs] 
41.549: [GC 41.549: [DefNew: 959K->63K(960K), 0.0025657 secs] 85587K->85255K(524224K), 0.0026259 secs] [Times: user=0.00 sys=0.00, real=0.00 secs] 
41.553: [GC 41.553: [DefNew: 959K->63K(960K), 0.0025518 secs] 86152K->85778K(524224K), 0.0026114 secs] [Times: user=0.02 sys=0.00, real=0.00 secs] 
41.559: [GC 41.559: [DefNew: 959K->64K(960K), 0.0028872 secs] 86675K->86314K(524224K), 0.0029584 secs] [Times: user=0.00 sys=0.00, real=0.00 secs] 
41.563: [GC 41.563: [DefNew: 960K->63K(960K), 0.0024632 secs] 87211K->86887K(524224K), 0.0025243 secs] [Times: user=0.00 sys=0.00, real=0.00 secs] 
41.568: [GC 41.568: [DefNew: 959K->64K(960K), 0.0024815 secs] 87783K->87406K(524224K), 0.0025402 secs] [Times: user=0.00 sys=0.00, real=0.00 secs] 
41.573: [GC 41.573: [DefNew: 960K->64K(960K), 0.0025676 secs] 88304K->87957K(524224K), 0.0026355 secs] [Times: user=0.00 sys=0.00, real=0.00 secs] 
41.577: [GC 41.577: [DefNew: 960K->63K(960K), 0.0024584 secs] 88855K->88483K(524224K), 0.0025171 secs] [Times: user=0.00 sys=0.00, real=0.00 secs] 
41.581: [GC 41.581: [DefNew: 959K->64K(960K), 0.0024777 secs] 89380K->89017K(524224K), 0.0025344 secs] [Times: user=0.00 sys=0.00, real=0.00 secs] 
41.585: [GC 41.585: [DefNew: 960K->64K(960K), 0.0026648 secs] 89914K->89548K(524224K), 0.0027235 secs] [Times: user=0.02 sys=0.00, real=0.00 secs] 
41.590: [GC 41.590: [DefNew: 960K->64K(960K), 0.0026461 secs] 90444K->90099K(524224K), 0.0027226 secs] [Times: user=0.00 sys=0.00, real=0.00 secs] 
41.595: [GC 41.595: [DefNew: 960K->63K(960K), 0.0026793 secs] 90997K->90643K(524224K), 0.0027447 secs] [Times: user=0.00 sys=0.00, real=0.00 secs] 
41.599: [GC 41.599: [DefNew: 959K->63K(960K), 0.0024416 secs] 91540K->91164K(524224K), 0.0025008 secs] [Times: user=0.00 sys=0.00, real=0.00 secs] 
41.604: [GC 41.604: [DefNew: 959K->64K(960K), 0.0024854 secs] 92060K->91724K(524224K), 0.0025489 secs] [Times: user=0.00 sys=0.00, real=0.00 secs] 
41.608: [GC 41.608: [DefNew: 960K->64K(960K), 0.0023833 secs] 92621K->92251K(524224K), 0.0024420 secs] [Times: user=0.00 sys=0.00, real=0.00 secs] 
41.612: [GC 41.612: [DefNew: 960K->64K(960K), 0.0023357 secs] 93148K->92788K(524224K), 0.0023987 secs] [Times: user=0.00 sys=0.00, real=0.00 secs] 
41.615: [GC 41.615: [DefNew: 960K->63K(960K), 0.0026076 secs] 93686K->93320K(524224K), 0.0028366 secs] [Times: user=0.02 sys=0.00, real=0.00 secs] 
41.620: [GC 41.620: [DefNew: 959K->63K(960K), 0.0025301 secs] 94217K->93886K(524224K), 0.0025879 secs] [Times: user=0.00 sys=0.00, real=0.00 secs] 
41.625: [GC 41.625: [DefNew: 959K->63K(960K), 0.0027139 secs] 94782K->94444K(524224K), 0.0027693 secs] [Times: user=0.00 sys=0.00, real=0.00 secs] 
41.629: [GC 41.629: [DefNew: 959K->64K(960K), 0.0025469 secs] 95341K->94987K(524224K), 0.0026004 secs] [Times: user=0.00 sys=0.00, real=0.00 secs] 
41.634: [GC 41.634: [DefNew: 960K->64K(960K), 0.0025623 secs] 95884K->95532K(524224K), 0.0026196 secs] [Times: user=0.00 sys=0.00, real=0.00 secs] 
41.638: [GC 41.638: [DefNew: 960K->63K(960K), 0.0025999 secs] 96430K->96022K(524224K), 0.0026620 secs] [Times: user=0.00 sys=0.00, real=0.00 secs] 
41.643: [GC 41.643: [DefNew: 959K->63K(960K), 0.0026220 secs] 96918K->96610K(524224K), 0.0026870 secs] [Times: user=0.00 sys=0.00, real=0.00 secs] 
41.648: [GC 41.648: [DefNew: 959K->63K(960K), 0.0025542 secs] 97506K->97163K(524224K), 0.0026114 secs] [Times: user=0.01 sys=0.00, real=0.00 secs] 
41.652: [GC 41.652: [DefNew: 959K->63K(960K), 0.0026081 secs] 98061K->97694K(524224K), 0.0026682 secs] [Times: user=0.00 sys=0.00, real=0.00 secs] 
41.657: [GC 41.657: [DefNew: 959K->63K(960K), 0.0028299 secs] 98591K->98230K(524224K), 0.0028968 secs] [Times: user=0.00 sys=0.00, real=0.00 secs] 
41.661: [GC 41.661: [DefNew: 959K->64K(960K), 0.0024531 secs] 99127K->98745K(524224K), 0.0025080 secs] [Times: user=0.00 sys=0.00, real=0.00 secs] 
41.665: [GC 41.665: [DefNew: 960K->63K(960K), 0.0023665 secs] 99642K->99276K(524224K), 0.0024204 secs] [Times: user=0.00 sys=0.00, real=0.00 secs] 
41.669: [GC 41.669: [DefNew: 959K->64K(960K), 0.0026278 secs] 100173K->99802K(524224K), 0.0026875 secs] [Times: user=0.00 sys=0.00, real=0.00 secs] 
41.673: [GC 41.673: [DefNew: 960K->63K(960K), 0.0024522 secs] 100699K->100343K(524224K), 0.0025094 secs] [Times: user=0.00 sys=0.00, real=0.00 secs] 
41.677: [GC 41.677: [DefNew: 959K->63K(960K), 0.0025941 secs] 101240K->100850K(524224K), 0.0026514 secs] [Times: user=0.00 sys=0.00, real=0.00 secs] 
41.681: [GC 41.681: [DefNew: 959K->63K(960K), 0.0023939 secs] 101747K->101355K(524224K), 0.0024483 secs] [Times: user=0.00 sys=0.00, real=0.00 secs] 
41.686: [GC 41.686: [DefNew: 959K->63K(960K), 0.0026201 secs] 102252K->101924K(524224K), 0.0026841 secs] [Times: user=0.00 sys=0.00, real=0.00 secs] 
41.690: [GC 41.690: [DefNew: 959K->63K(960K), 0.0029680 secs] 102821K->102460K(524224K), 0.0030459 secs] [Times: user=0.00 sys=0.00, real=0.00 secs] 
41.695: [GC 41.695: [DefNew: 959K->63K(960K), 0.0033390 secs] 103356K->103044K(524224K), 0.0034068 secs] [Times: user=0.02 sys=0.00, real=0.00 secs] 
41.701: [GC 41.701: [DefNew: 959K->63K(960K), 0.0028203 secs] 103940K->103619K(524224K), 0.0028857 secs] [Times: user=0.00 sys=0.00, real=0.00 secs] 
41.705: [GC 41.705: [DefNew: 959K->64K(960K), 0.0026836 secs] 104516K->104138K(524224K), 0.0027471 secs] [Times: user=0.00 sys=0.00, real=0.00 secs] 
41.710: [GC 41.710: [DefNew: 960K->64K(960K), 0.0028207 secs] 105036K->104696K(524224K), 0.0028891 secs] [Times: user=0.02 sys=0.00, real=0.00 secs] 
41.714: [GC 41.714: [DefNew: 960K->64K(960K), 0.0025137 secs] 105594K->105224K(524224K), 0.0025739 secs] [Times: user=0.00 sys=0.00, real=0.00 secs] 
41.719: [GC 41.719: [DefNew: 960K->64K(960K), 0.0025522 secs] 106122K->105782K(524224K), 0.0026095 secs] [Times: user=0.00 sys=0.00, real=0.00 secs] 
41.724: [GC 41.724: [DefNew: 960K->63K(960K), 0.0029045 secs] 106679K->106342K(524224K), 0.0029709 secs] [Times: user=0.02 sys=0.00, real=0.00 secs] 
41.728: [GC 41.728: [DefNew: 959K->64K(960K), 0.0028299 secs] 107239K->106880K(524224K), 0.0028949 secs] [Times: user=0.00 sys=0.00, real=0.00 secs] 
41.733: [GC 41.733: [DefNew: 960K->63K(960K), 0.0025888 secs] 107777K->107426K(524224K), 0.0026470 secs] [Times: user=0.00 sys=0.00, real=0.00 secs] 
41.737: [GC 41.737: [DefNew: 959K->63K(960K), 0.0027260 secs] 108324K->107966K(524224K), 0.0027895 secs] [Times: user=0.00 sys=0.00, real=0.00 secs] 
41.742: [GC 41.742: [DefNew: 959K->63K(960K), 0.0028621 secs] 108864K->108492K(524224K), 0.0029377 secs] [Times: user=0.02 sys=0.00, real=0.00 secs] 
41.746: [GC 41.746: [DefNew: 959K->63K(960K), 0.0024979 secs] 109388K->109015K(524224K), 0.0025575 secs] [Times: user=0.00 sys=0.00, real=0.00 secs] 
41.751: [GC 41.751: [DefNew: 959K->63K(960K), 0.0025955 secs] 109912K->109548K(524224K), 0.0026571 secs] [Times: user=0.00 sys=0.00, real=0.00 secs] 
41.756: [GC 41.756: [DefNew: 959K->64K(960K), 0.0026244 secs] 110445K->110085K(524224K), 0.0026879 secs] [Times: user=0.02 sys=0.00, real=0.00 secs] 
41.761: [GC 41.761: [DefNew: 960K->64K(960K), 0.0029362 secs] 110982K->110627K(524224K), 0.0030099 secs] [Times: user=0.00 sys=0.00, real=0.00 secs] 
41.765: [GC 41.765: [DefNew: 960K->63K(960K), 0.0028289 secs] 111524K->111174K(524224K), 0.0028910 secs] [Times: user=0.00 sys=0.00, real=0.00 secs] 
41.769: [GC 41.769: [DefNew: 959K->63K(960K), 0.0025845 secs] 112071K->111703K(524224K), 0.0026504 secs] [Times: user=0.00 sys=0.00, real=0.00 secs] 
41.774: [GC 41.774: [DefNew: 959K->64K(960K), 0.0027043 secs] 112600K->112234K(524224K), 0.0027678 secs] [Times: user=0.00 sys=0.00, real=0.00 secs] 
41.779: [GC 41.779: [DefNew: 960K->64K(960K), 0.0026769 secs] 113131K->112787K(524224K), 0.0027361 secs] [Times: user=0.00 sys=0.00, real=0.00 secs] 
41.783: [GC 41.783: [DefNew: 960K->64K(960K), 0.0024522 secs] 113684K->113300K(524224K), 0.0025099 secs] [Times: user=0.00 sys=0.00, real=0.00 secs] 
41.788: [GC 41.788: [DefNew: 960K->63K(960K), 0.0025133 secs] 114197K->113845K(524224K), 0.0025700 secs] [Times: user=0.02 sys=0.00, real=0.00 secs] 
41.792: [GC 41.792: [DefNew: 959K->64K(960K), 0.0028626 secs] 114741K->114367K(524224K), 0.0029242 secs] [Times: user=0.00 sys=0.00, real=0.00 secs] 
41.797: [GC 41.797: [DefNew: 960K->64K(960K), 0.0024882 secs] 115264K->114897K(524224K), 0.0025460 secs] [Times: user=0.00 sys=0.00, real=0.00 secs] 
41.801: [GC 41.801: [DefNew: 960K->63K(960K), 0.0028082 secs] 115794K->115404K(524224K), 0.0028684 secs] [Times: user=0.00 sys=0.00, real=0.00 secs] 
41.807: [GC 41.808: [DefNew: 959K->63K(960K), 0.0027741 secs] 116300K->115933K(524224K), 0.0028602 secs] [Times: user=0.00 sys=0.00, real=0.00 secs] 
41.812: [GC 41.812: [DefNew: 959K->64K(960K), 0.0027351 secs] 116831K->116501K(524224K), 0.0028058 secs] [Times: user=0.00 sys=0.00, real=0.00 secs] 
41.816: [GC 41.816: [DefNew: 960K->63K(960K), 0.0027312 secs] 117398K->117032K(524224K), 0.0027914 secs] [Times: user=0.00 sys=0.00, real=0.00 secs] 
41.822: [GC 41.822: [DefNew: 959K->63K(960K), 0.0027760 secs] 117929K->117570K(524224K), 0.0029598 secs] [Times: user=0.00 sys=0.00, real=0.00 secs] 
41.826: [GC 41.826: [DefNew: 959K->64K(960K), 0.0025017 secs] 118467K->118075K(524224K), 0.0025566 secs] [Times: user=0.00 sys=0.00, real=0.00 secs] 
41.831: [GC 41.831: [DefNew: 960K->63K(960K), 0.0025599 secs] 118972K->118627K(524224K), 0.0026134 secs] [Times: user=0.00 sys=0.00, real=0.00 secs] 
41.836: [GC 41.836: [DefNew: 959K->64K(960K), 0.0029016 secs] 119524K->119176K(524224K), 0.0029665 secs] [Times: user=0.00 sys=0.00, real=0.00 secs] 
41.840: [GC 41.840: [DefNew: 960K->63K(960K), 0.0029266 secs] 120073K->119724K(524224K), 0.0029901 secs] [Times: user=0.00 sys=0.00, real=0.00 secs] 
41.845: [GC 41.845: [DefNew: 959K->63K(960K), 0.0032124 secs] 120622K->120306K(524224K), 0.0032914 secs] [Times: user=0.00 sys=0.00, real=0.00 secs] 
41.850: [GC 41.850: [DefNew: 959K->63K(960K), 0.0033111 secs] 121203K->120895K(524224K), 0.0033833 secs] [Times: user=0.01 sys=0.00, real=0.00 secs] 
41.856: [GC 41.856: [DefNew: 959K->63K(960K), 0.0030782 secs] 121792K->121413K(524224K), 0.0031480 secs] [Times: user=0.00 sys=0.00, real=0.00 secs] 
41.860: [GC 41.860: [DefNew: 959K->63K(960K), 0.0025864 secs] 122311K->121931K(524224K), 0.0026798 secs] [Times: user=0.00 sys=0.00, real=0.00 secs] 
41.865: [GC 41.865: [DefNew: 959K->63K(960K), 0.0028111 secs] 122828K->122451K(524224K), 0.0028857 secs] [Times: user=0.02 sys=0.00, real=0.00 secs] 
41.870: [GC 41.870: [DefNew: 959K->63K(960K), 0.0035050 secs] 123348K->123082K(524224K), 0.0035728 secs] [Times: user=0.00 sys=0.00, real=0.00 secs] 
41.875: [GC 41.875: [DefNew: 959K->63K(960K), 0.0030017 secs] 123979K->123712K(524224K), 0.0030681 secs] [Times: user=0.00 sys=0.00, real=0.00 secs] 
41.880: [GC 41.880: [DefNew: 959K->64K(960K), 0.0031528 secs] 124609K->124298K(524224K), 0.0032476 secs] [Times: user=0.01 sys=0.00, real=0.00 secs] 
41.884: [GC 41.884: [DefNew: 960K->63K(960K), 0.0028669 secs] 125195K->124848K(524224K), 0.0029396 secs] [Times: user=0.00 sys=0.00, real=0.00 secs] 
41.889: [GC 41.889: [DefNew: 959K->64K(960K), 0.0036806 secs] 125745K->125370K(524224K), 0.0037644 secs] [Times: user=0.00 sys=0.00, real=0.00 secs] 
41.894: [GC 41.894: [DefNew: 960K->63K(960K), 0.0029896 secs] 126267K->125968K(524224K), 0.0030556 secs] [Times: user=0.00 sys=0.00, real=0.00 secs] 
41.899: [GC 41.899: [DefNew: 959K->63K(960K), 0.0030137 secs] 126864K->126545K(524224K), 0.0031037 secs] [Times: user=0.00 sys=0.00, real=0.00 secs] 
41.904: [GC 41.904: [DefNew: 959K->64K(960K), 0.0026740 secs] 127442K->127108K(524224K), 0.0027389 secs] [Times: user=0.00 sys=0.00, real=0.00 secs] 
41.908: [GC 41.908: [DefNew: 960K->64K(960K), 0.0025450 secs] 128006K->127643K(524224K), 0.0026047 secs] [Times: user=0.00 sys=0.00, real=0.00 secs] 
41.913: [GC 41.913: [DefNew: 960K->63K(960K), 0.0027928 secs] 128540K->128223K(524224K), 0.0029872 secs] [Times: user=0.02 sys=0.00, real=0.00 secs] 
41.917: [GC 41.917: [DefNew: 959K->63K(960K), 0.0031364 secs] 129120K->128783K(524224K), 0.0032038 secs] [Times: user=0.00 sys=0.00, real=0.00 secs] 
41.922: [GC 41.922: [DefNew: 959K->63K(960K), 0.0031845 secs] 129680K->129371K(524224K), 0.0032485 secs] [Times: user=0.00 sys=0.00, real=0.00 secs] 
41.927: [GC 41.927: [DefNew: 959K->64K(960K), 0.0027505 secs] 130267K->129912K(524224K), 0.0028092 secs] [Times: user=0.00 sys=0.00, real=0.00 secs] 
41.931: [GC 41.931: [DefNew: 960K->64K(960K), 0.0027029 secs] 130809K->130441K(524224K), 0.0027654 secs] [Times: user=0.00 sys=0.00, real=0.00 secs] 
41.936: [GC 41.936: [DefNew: 960K->63K(960K), 0.0028053 secs] 131339K->131005K(524224K), 0.0028761 secs] [Times: user=0.00 sys=0.00, real=0.00 secs] 
41.940: [GC 41.940: [DefNew: 959K->63K(960K), 0.0039977 secs] 131902K->131546K(524224K), 0.0040848 secs] [Times: user=0.00 sys=0.00, real=0.00 secs] 
41.946: [GC 41.946: [DefNew: 959K->63K(960K), 0.0032644 secs] 132443K->132214K(524224K), 0.0033371 secs] [Times: user=0.00 sys=0.00, real=0.00 secs] 
41.950: [GC 41.950: [DefNew: 959K->63K(960K), 0.0030623 secs] 133110K->132728K(524224K), 0.0031407 secs] [Times: user=0.00 sys=0.00, real=0.00 secs] 
41.955: [GC 41.955: [DefNew: 959K->63K(960K), 0.0029536 secs] 133625K->133287K(524224K), 0.0030228 secs] [Times: user=0.00 sys=0.00, real=0.00 secs] 
41.960: [GC 41.960: [DefNew: 959K->63K(960K), 0.0028684 secs] 134183K->133859K(524224K), 0.0029526 secs] [Times: user=0.02 sys=0.00, real=0.00 secs] 
41.964: [GC 41.964: [DefNew: 959K->63K(960K), 0.0028207 secs] 134756K->134382K(524224K), 0.0028833 secs] [Times: user=0.00 sys=0.00, real=0.00 secs] 
41.969: [GC 41.969: [DefNew: 959K->63K(960K), 0.0027361 secs] 135279K->134954K(524224K), 0.0028039 secs] [Times: user=0.00 sys=0.00, real=0.00 secs] 
41.973: [GC 41.973: [DefNew: 959K->63K(960K), 0.0026365 secs] 135851K->135495K(524224K), 0.0027043 secs] [Times: user=0.00 sys=0.00, real=0.00 secs] 
41.978: [GC 41.978: [DefNew: 959K->63K(960K), 0.0025744 secs] 136392K->136056K(524224K), 0.0026360 secs] [Times: user=0.00 sys=0.00, real=0.00 secs] 
41.983: [GC 41.983: [DefNew: 959K->64K(960K), 0.0027669 secs] 136952K->136581K(524224K), 0.0533815 secs] [Times: user=0.00 sys=0.00, real=0.05 secs] 
42.038: [GC 42.038: [DefNew: 960K->64K(960K), 0.0029127 secs] 137477K->137221K(524224K), 0.0029771 secs] [Times: user=0.02 sys=0.00, real=0.00 secs] 
42.043: [GC 42.043: [DefNew: 960K->63K(960K), 0.0040815 secs] 138119K->137826K(524224K), 0.0041638 secs] [Times: user=0.00 sys=0.00, real=0.00 secs] 
42.048: [GC 42.048: [DefNew: 959K->64K(960K), 0.0038082 secs] 138722K->138508K(524224K), 0.0038880 secs] [Times: user=0.00 sys=0.00, real=0.00 secs] 
42.054: [GC 42.054: [DefNew: 960K->63K(960K), 0.0043283 secs] 139405K->139234K(524224K), 0.0044149 secs] [Times: user=0.02 sys=0.00, real=0.00 secs] 
42.060: [GC 42.060: [DefNew: 959K->63K(960K), 0.0051107 secs] 140131K->139937K(524224K), 0.0051882 secs] [Times: user=0.00 sys=0.00, real=0.00 secs] 
42.067: [GC 42.067: [DefNew: 959K->64K(960K), 0.0045853 secs] 140833K->140615K(524224K), 0.0046757 secs] [Times: user=0.01 sys=0.00, real=0.00 secs] 
42.074: [GC 42.074: [DefNew: 960K->63K(960K), 0.0035805 secs] 141512K->141256K(524224K), 0.0036556 secs] [Times: user=0.00 sys=0.00, real=0.00 secs] 
42.079: [GC 42.079: [DefNew: 959K->63K(960K), 0.0028867 secs] 142153K->141819K(524224K), 0.0029574 secs] [Times: user=0.00 sys=0.00, real=0.00 secs] 
42.084: [GC 42.084: [DefNew: 959K->63K(960K), 0.0028265 secs] 142716K->142421K(524224K), 0.0028992 secs] [Times: user=0.02 sys=0.00, real=0.00 secs] 
42.089: [GC 42.089: [DefNew: 959K->63K(960K), 0.0030195 secs] 143319K->142948K(524224K), 0.0030883 secs] [Times: user=0.00 sys=0.00, real=0.00 secs] 
42.094: [GC 42.094: [DefNew: 959K->64K(960K), 0.0033279 secs] 143844K->143637K(524224K), 0.0034112 secs] [Times: user=0.00 sys=0.00, real=0.00 secs] 
42.099: [GC 42.099: [DefNew: 960K->63K(960K), 0.0033043 secs] 144535K->144203K(524224K), 0.0033823 secs] [Times: user=0.00 sys=0.00, real=0.00 secs] 
42.105: [GC 42.105: [DefNew: 959K->64K(960K), 0.0032408 secs] 145100K->144799K(524224K), 0.0033159 secs] [Times: user=0.00 sys=0.00, real=0.00 secs] 
42.111: [GC 42.111: [DefNew: 960K->63K(960K), 0.0029507 secs] 145695K->145371K(524224K), 0.0030142 secs] [Times: user=0.00 sys=0.00, real=0.00 secs] 
42.115: [GC 42.115: [DefNew: 959K->64K(960K), 0.0031350 secs] 146268K->145938K(524224K), 0.0032067 secs] [Times: user=0.02 sys=0.00, real=0.00 secs] 
42.120: [GC 42.120: [DefNew: 960K->64K(960K), 0.0030878 secs] 146834K->146508K(524224K), 0.0031605 secs] [Times: user=0.00 sys=0.00, real=0.00 secs] 
42.124: [GC 42.124: [DefNew: 960K->63K(960K), 0.0033015 secs] 147406K->147115K(524224K), 0.0033664 secs] [Times: user=0.00 sys=0.00, real=0.00 secs] 
42.130: [GC 42.130: [DefNew: 959K->64K(960K), 0.0030522 secs] 148012K->147672K(524224K), 0.0031263 secs] [Times: user=0.01 sys=0.00, real=0.00 secs] 
42.134: [GC 42.134: [DefNew: 960K->63K(960K), 0.0030426 secs] 148570K->148230K(524224K), 0.0031119 secs] [Times: user=0.00 sys=0.00, real=0.00 secs] 
42.139: [GC 42.139: [DefNew: 959K->63K(960K), 0.0032991 secs] 149126K->148870K(524224K), 0.0033732 secs] [Times: user=0.00 sys=0.00, real=0.00 secs] 
42.145: [GC 42.145: [DefNew: 959K->63K(960K), 0.0033385 secs] 149767K->149444K(524224K), 0.0034107 secs] [Times: user=0.02 sys=0.00, real=0.00 secs] 
42.149: [GC 42.149: [DefNew: 959K->63K(960K), 0.0029030 secs] 150342K->149961K(524224K), 0.0029824 secs] [Times: user=0.00 sys=0.00, real=0.00 secs] 
42.154: [GC 42.154: [DefNew: 959K->64K(960K), 0.0033510 secs] 150857K->150593K(524224K), 0.0034343 secs] [Times: user=0.00 sys=0.00, real=0.00 secs] 
42.159: [GC 42.159: [DefNew: 960K->64K(960K), 0.0031427 secs] 151490K->151152K(524224K), 0.0032163 secs] [Times: user=0.00 sys=0.00, real=0.00 secs] 
42.164: [GC 42.164: [DefNew: 960K->63K(960K), 0.0030791 secs] 152050K->151744K(524224K), 0.0031619 secs] [Times: user=0.00 sys=0.00, real=0.00 secs] 
42.169: [GC 42.169: [DefNew: 959K->64K(960K), 0.0031706 secs] 152641K->152335K(524224K), 0.0032500 secs] [Times: user=0.00 sys=0.00, real=0.00 secs] 
42.173: [GC 42.173: [DefNew: 960K->64K(960K), 0.0030849 secs] 153233K->152920K(524224K), 0.0031480 secs] [Times: user=0.00 sys=0.00, real=0.00 secs] 
42.178: [GC 42.178: [DefNew: 960K->64K(960K), 0.0029690 secs] 153817K->153551K(524224K), 0.0030484 secs] [Times: user=0.01 sys=0.00, real=0.00 secs] 
42.182: [GC 42.182: [DefNew: 960K->64K(960K), 0.0031282 secs] 154449K->154154K(524224K), 0.0031999 secs] [Times: user=0.00 sys=0.00, real=0.00 secs] 
42.187: [GC 42.187: [DefNew: 960K->63K(960K), 0.0034473 secs] 155051K->154807K(524224K), 0.0035310 secs] [Times: user=0.00 sys=0.00, real=0.00 secs] 
42.192: [GC 42.192: [DefNew: 959K->64K(960K), 0.0036917 secs] 155704K->155399K(524224K), 0.0037673 secs] [Times: user=0.02 sys=0.00, real=0.00 secs] 
42.198: [GC 42.198: [DefNew: 960K->64K(960K), 0.0033505 secs] 156297K->156000K(524224K), 0.0034208 secs] [Times: user=0.00 sys=0.00, real=0.00 secs] 
42.204: [GC 42.204: [DefNew: 960K->64K(960K), 0.0033554 secs] 156897K->156610K(524224K), 0.0034246 secs] [Times: user=0.00 sys=0.00, real=0.00 secs] 
42.209: [GC 42.209: [DefNew: 960K->63K(960K), 0.0031345 secs] 157507K->157226K(524224K), 0.0032033 secs] [Times: user=0.02 sys=0.00, real=0.00 secs] 
42.214: [GC 42.214: [DefNew: 959K->63K(960K), 0.0030195 secs] 158124K->157805K(524224K), 0.0031047 secs] [Times: user=0.00 sys=0.00, real=0.00 secs] 
42.218: [GC 42.218: [DefNew: 959K->63K(960K), 0.0030883 secs] 158702K->158350K(524224K), 0.0031624 secs] [Times: user=0.00 sys=0.00, real=0.00 secs] 
42.223: [GC 42.223: [DefNew: 959K->64K(960K), 0.0034564 secs] 159247K->158922K(524224K), 0.0035329 secs] [Times: user=0.01 sys=0.00, real=0.00 secs] 
42.228: [GC 42.228: [DefNew: 960K->63K(960K), 0.0030690 secs] 159819K->159507K(524224K), 0.0031393 secs] [Times: user=0.00 sys=0.00, real=0.00 secs] 
42.233: [GC 42.233: [DefNew: 959K->64K(960K), 0.0029892 secs] 160403K->160072K(524224K), 0.0030517 secs] [Times: user=0.00 sys=0.00, real=0.00 secs] 
42.238: [GC 42.238: [DefNew: 960K->63K(960K), 0.0033409 secs] 160968K->160682K(524224K), 0.0034160 secs] [Times: user=0.00 sys=0.00, real=0.00 secs] 
42.244: [GC 42.244: [DefNew: 959K->63K(960K), 0.0034910 secs] 161579K->161295K(524224K), 0.0035632 secs] [Times: user=0.00 sys=0.00, real=0.00 secs] 
42.250: [GC 42.250: [DefNew: 959K->63K(960K), 0.0033659 secs] 162192K->161889K(524224K), 0.0034323 secs] [Times: user=0.00 sys=0.00, real=0.00 secs] 
42.255: [GC 42.255: [DefNew: 959K->64K(960K), 0.0039867 secs] 162785K->162471K(524224K), 0.0040675 secs] [Times: user=0.02 sys=0.00, real=0.00 secs] 
42.262: [GC 42.262: [DefNew: 960K->64K(960K), 0.0033140 secs] 163369K->163054K(524224K), 0.0033866 secs] [Times: user=0.00 sys=0.00, real=0.00 secs] 
42.267: [GC 42.267: [DefNew: 960K->63K(960K), 0.0031773 secs] 163951K->163634K(524224K), 0.0032543 secs] [Times: user=0.00 sys=0.00, real=0.00 secs] 
42.272: [GC 42.272: [DefNew: 959K->63K(960K), 0.0038298 secs] 164531K->164257K(524224K), 0.0039097 secs] [Times: user=0.01 sys=0.00, real=0.00 secs] 
42.278: [GC 42.278: [DefNew: 959K->63K(960K), 0.0033799 secs] 165153K->164882K(524224K), 0.0034627 secs] [Times: user=0.00 sys=0.00, real=0.00 secs] 
42.283: [GC 42.283: [DefNew: 959K->64K(960K), 0.0032278 secs] 165779K->165443K(524224K), 0.0032995 secs] [Times: user=0.00 sys=0.00, real=0.00 secs] 
42.289: [GC 42.289: [DefNew: 960K->64K(960K), 0.0036850 secs] 166340K->166038K(524224K), 0.0037567 secs] [Times: user=0.00 sys=0.00, real=0.00 secs] 
42.294: [GC 42.294: [DefNew: 960K->64K(960K), 0.0033679 secs] 166934K->166639K(524224K), 0.0034482 secs] [Times: user=0.00 sys=0.00, real=0.00 secs] 
42.300: [GC 42.300: [DefNew: 960K->63K(960K), 0.0031715 secs] 167535K->167241K(524224K), 0.0032514 secs] [Times: user=0.00 sys=0.00, real=0.00 secs] 
42.305: [GC 42.305: [DefNew: 959K->64K(960K), 0.0031369 secs] 168137K->167782K(524224K), 0.0032067 secs] [Times: user=0.00 sys=0.00, real=0.00 secs] 
42.310: [GC 42.310: [DefNew: 960K->63K(960K), 0.0032841 secs] 168678K->168341K(524224K), 0.0033539 secs] [Times: user=0.00 sys=0.00, real=0.00 secs] 
42.315: [GC 42.315: [DefNew: 959K->63K(960K), 0.0029016 secs] 169238K->168887K(524224K), 0.0029646 secs] [Times: user=0.00 sys=0.00, real=0.00 secs] 
42.319: [GC 42.319: [DefNew: 959K->63K(960K), 0.0035786 secs] 169785K->169430K(524224K), 0.0036753 secs] [Times: user=0.02 sys=0.00, real=0.00 secs] 
42.325: [GC 42.325: [DefNew: 959K->64K(960K), 0.0033332 secs] 170327K->170008K(524224K), 0.0034083 secs] [Times: user=0.00 sys=0.00, real=0.00 secs] 
42.329: [GC 42.329: [DefNew: 960K->63K(960K), 0.0030488 secs] 170906K->170539K(524224K), 0.0031109 secs] [Times: user=0.00 sys=0.00, real=0.00 secs] 
42.334: [GC 42.334: [DefNew: 959K->63K(960K), 0.0033221 secs] 171436K->171106K(524224K), 0.0033914 secs] [Times: user=0.02 sys=0.00, real=0.00 secs] 
42.340: [GC 42.340: [DefNew: 959K->64K(960K), 0.0032986 secs] 172003K->171663K(524224K), 0.0033688 secs] [Times: user=0.00 sys=0.00, real=0.00 secs] 
42.344: [GC 42.344: [DefNew: 960K->63K(960K), 0.0031994 secs] 172562K->172247K(524224K), 0.0032687 secs] [Times: user=0.00 sys=0.00, real=0.00 secs] 
42.350: [GC 42.350: [DefNew: 959K->64K(960K), 0.0035907 secs] 173145K->172829K(524224K), 0.0036580 secs] [Times: user=0.01 sys=0.00, real=0.00 secs] 
42.355: [GC 42.355: [DefNew: 960K->64K(960K), 0.0032225 secs] 173727K->173407K(524224K), 0.0032851 secs] [Times: user=0.00 sys=0.00, real=0.00 secs] 
42.360: [GC 42.360: [DefNew: 960K->63K(960K), 0.0032225 secs] 174304K->173998K(524224K), 0.0032822 secs] [Times: user=0.00 sys=0.00, real=0.00 secs] 
42.364: [GC 42.364: [DefNew: 959K->64K(960K), 0.0029261 secs] 174895K->174538K(524224K), 0.0029892 secs] [Times: user=0.02 sys=0.00, real=0.00 secs] 
42.369: [GC 42.369: [DefNew: 960K->64K(960K), 0.0034275 secs] 175435K->175116K(524224K), 0.0034949 secs] [Times: user=0.00 sys=0.00, real=0.00 secs] 
42.375: [GC 42.375: [DefNew: 960K->64K(960K), 0.0031946 secs] 176012K->175679K(524224K), 0.0032577 secs] [Times: user=0.00 sys=0.00, real=0.00 secs] 
42.379: [GC 42.379: [DefNew: 960K->63K(960K), 0.0033520 secs] 176575K->176219K(524224K), 0.0034169 secs] [Times: user=0.01 sys=0.00, real=0.00 secs] 
42.385: [GC 42.385: [DefNew: 959K->63K(960K), 0.0031316 secs] 177115K->176768K(524224K), 0.0031985 secs] [Times: user=0.00 sys=0.00, real=0.00 secs] 
42.389: [GC 42.389: [DefNew: 959K->63K(960K), 0.0032764 secs] 177666K->177330K(524224K), 0.0033409 secs] [Times: user=0.00 sys=0.00, real=0.00 secs] 
42.394: [GC 42.394: [DefNew: 959K->63K(960K), 0.0033837 secs] 178227K->177926K(524224K), 0.0034492 secs] [Times: user=0.00 sys=0.00, real=0.00 secs] 
42.399: [GC 42.399: [DefNew: 959K->64K(960K), 0.0032187 secs] 178823K->178461K(524224K), 0.0032894 secs] [Times: user=0.00 sys=0.00, real=0.00 secs] 
42.404: [GC 42.404: [DefNew: 960K->64K(960K), 0.0033144 secs] 179358K->179058K(524224K), 0.0033784 secs] [Times: user=0.00 sys=0.00, real=0.00 secs] 
42.409: [GC 42.409: [DefNew: 960K->63K(960K), 0.0034670 secs] 179955K->179634K(524224K), 0.0035324 secs] [Times: user=0.00 sys=0.00, real=0.00 secs] 
42.414: [GC 42.414: [DefNew: 959K->64K(960K), 0.0032322 secs] 180532K->180158K(524224K), 0.0033087 secs] [Times: user=0.00 sys=0.00, real=0.00 secs] 
42.419: [GC 42.419: [DefNew: 960K->64K(960K), 0.0030118 secs] 181055K->180709K(524224K), 0.0030734 secs] [Times: user=0.00 sys=0.00, real=0.00 secs] 
42.423: [GC 42.423: [DefNew: 960K->64K(960K), 0.0033380 secs] 181607K->181326K(524224K), 0.0034006 secs] [Times: user=0.00 sys=0.00, real=0.00 secs] 
42.428: [GC 42.428: [DefNew: 960K->64K(960K), 0.0031638 secs] 182223K->181858K(524224K), 0.0032259 secs] [Times: user=0.01 sys=0.00, real=0.00 secs] 
42.433: [GC 42.433: [DefNew: 960K->64K(960K), 0.0030002 secs] 182755K->182398K(524224K), 0.0030970 secs] [Times: user=0.00 sys=0.00, real=0.00 secs] 
42.437: [GC 42.437: [DefNew: 960K->63K(960K), 0.0031725 secs] 183296K->182963K(524224K), 0.0032351 secs] [Times: user=0.00 sys=0.00, real=0.00 secs] 
42.442: [GC 42.442: [DefNew: 959K->64K(960K), 0.0040358 secs] 183860K->183514K(524224K), 0.0041075 secs] [Times: user=0.02 sys=0.00, real=0.00 secs] 
42.448: [GC 42.448: [DefNew: 960K->64K(960K), 0.0031047 secs] 184411K->184076K(524224K), 0.0031720 secs] [Times: user=0.00 sys=0.00, real=0.00 secs] 
42.453: [GC 42.453: [DefNew: 960K->63K(960K), 0.0031316 secs] 184973K->184644K(524224K), 0.0031966 secs] [Times: user=0.00 sys=0.00, real=0.00 secs] 
42.457: [GC 42.457: [DefNew: 959K->64K(960K), 0.0037889 secs] 185542K->185221K(524224K), 0.0038640 secs] [Times: user=0.01 sys=0.00, real=0.00 secs] 
42.463: [GC 42.463: [DefNew: 960K->63K(960K), 0.0034035 secs] 186118K->185827K(524224K), 0.0034699 secs] [Times: user=0.00 sys=0.00, real=0.00 secs] 
42.469: [GC 42.469: [DefNew: 959K->63K(960K), 0.0030820 secs] 186724K->186373K(524224K), 0.0031441 secs] [Times: user=0.00 sys=0.00, real=0.00 secs] 
42.473: [GC 42.473: [DefNew: 959K->64K(960K), 0.0033313 secs] 187269K->186925K(524224K), 0.0034025 secs] [Times: user=0.02 sys=0.00, real=0.00 secs] 
42.482: [GC 42.482: [DefNew: 960K->63K(960K), 0.0036099 secs] 187823K->187550K(524224K), 0.0036835 secs] [Times: user=0.00 sys=0.00, real=0.00 secs] 
42.486: [GC 42.486: [DefNew: 959K->64K(960K), 0.0033419 secs] 188448K->188094K(524224K), 0.0034049 secs] [Times: user=0.00 sys=0.00, real=0.00 secs] 
42.491: [GC 42.491: [DefNew: 960K->64K(960K), 0.0033751 secs] 188990K->188679K(524224K), 0.0034627 secs] [Times: user=0.00 sys=0.00, real=0.00 secs] 
42.496: [GC 42.496: [DefNew: 960K->63K(960K), 0.0032322 secs] 189577K->189237K(524224K), 0.0032942 secs] [Times: user=0.00 sys=0.00, real=0.00 secs] 
42.501: [GC 42.501: [DefNew: 959K->64K(960K), 0.0030407 secs] 190134K->189793K(524224K), 0.0031027 secs] [Times: user=0.00 sys=0.00, real=0.00 secs] 
42.506: [GC 42.506: [DefNew: 960K->64K(960K), 0.0034752 secs] 190691K->190397K(524224K), 0.0035440 secs] [Times: user=0.02 sys=0.00, real=0.00 secs] 
42.512: [GC 42.512: [DefNew: 960K->63K(960K), 0.0038741 secs] 191295K->190978K(524224K), 0.0039434 secs] [Times: user=0.00 sys=0.00, real=0.00 secs] 
42.518: [GC 42.518: [DefNew: 959K->64K(960K), 0.0033751 secs] 191875K->191550K(524224K), 0.0034482 secs] [Times: user=0.00 sys=0.00, real=0.00 secs] 
42.523: [GC 42.523: [DefNew: 960K->64K(960K), 0.0034208 secs] 192446K->192122K(524224K), 0.0034886 secs] [Times: user=0.00 sys=0.00, real=0.00 secs] 
42.529: [GC 42.529: [DefNew: 960K->64K(960K), 0.0033582 secs] 193019K->192694K(524224K), 0.0034227 secs] [Times: user=0.00 sys=0.00, real=0.00 secs] 
42.534: [GC 42.534: [DefNew: 960K->64K(960K), 0.0040781 secs] 193593K->193265K(524224K), 0.0041431 secs] [Times: user=0.00 sys=0.00, real=0.00 secs] 
42.541: [GC 42.541: [DefNew: 960K->64K(960K), 0.0034781 secs] 194162K->193896K(524224K), 0.0035454 secs] [Times: user=0.00 sys=0.00, real=0.00 secs] 
42.547: [GC 42.547: [DefNew: 960K->64K(960K), 0.0032553 secs] 194794K->194471K(524224K), 0.0033183 secs] [Times: user=0.00 sys=0.00, real=0.00 secs] 
42.551: [GC 42.551: [DefNew: 960K->64K(960K), 0.0038500 secs] 195367K->195029K(524224K), 0.0039135 secs] [Times: user=0.00 sys=0.00, real=0.00 secs] 
42.557: [GC 42.557: [DefNew: 960K->64K(960K), 0.0034728 secs] 195927K->195614K(524224K), 0.0035387 secs] [Times: user=0.00 sys=0.00, real=0.00 secs] 
42.564: [GC 42.564: [DefNew: 960K->64K(960K), 0.0034660 secs] 196511K->196199K(524224K), 0.0035348 secs] [Times: user=0.00 sys=0.00, real=0.00 secs] 
42.570: [GC 42.570: [DefNew: 960K->63K(960K), 0.0035209 secs] 197096K->196810K(524224K), 0.0035858 secs] [Times: user=0.00 sys=0.00, real=0.00 secs] 
42.575: [GC 42.575: [DefNew: 959K->64K(960K), 0.0032620 secs] 197707K->197373K(524224K), 0.0033231 secs] [Times: user=0.00 sys=0.00, real=0.00 secs] 
42.580: [GC 42.580: [DefNew: 960K->63K(960K), 0.0032331 secs] 198270K->197968K(524224K), 0.0032942 secs] [Times: user=0.00 sys=0.00, real=0.00 secs] 
42.585: [GC 42.585: [DefNew: 959K->64K(960K), 0.0037980 secs] 198864K->198548K(524224K), 0.0038890 secs] [Times: user=0.00 sys=0.00, real=0.00 secs] 
42.590: [GC 42.590: [DefNew: 960K->64K(960K), 0.0032610 secs] 199444K->199079K(524224K), 0.0033332 secs] [Times: user=0.00 sys=0.00, real=0.00 secs] 
42.595: [GC 42.595: [DefNew: 960K->64K(960K), 0.0033611 secs] 199976K->199657K(524224K), 0.0034304 secs] [Times: user=0.00 sys=0.00, real=0.00 secs] 
42.599: [GC 42.599: [DefNew: 960K->64K(960K), 0.0032452 secs] 200553K->200182K(524224K), 0.0033063 secs] [Times: user=0.01 sys=0.00, real=0.00 secs] 
42.604: [GC 42.604: [DefNew: 960K->63K(960K), 0.0031427 secs] 201080K->200730K(524224K), 0.0032033 secs] [Times: user=0.00 sys=0.00, real=0.00 secs] 
42.609: [GC 42.609: [DefNew: 959K->64K(960K), 0.0030479 secs] 201627K->201272K(524224K), 0.0031090 secs] [Times: user=0.00 sys=0.00, real=0.00 secs] 
42.613: [GC 42.613: [DefNew: 960K->63K(960K), 0.0034776 secs] 202169K->201812K(524224K), 0.0035445 secs] [Times: user=0.02 sys=0.00, real=0.00 secs] 
42.619: [GC 42.619: [DefNew: 959K->64K(960K), 0.0031273 secs] 202708K->202391K(524224K), 0.0031903 secs] [Times: user=0.00 sys=0.00, real=0.00 secs] 
42.623: [GC 42.623: [DefNew: 960K->64K(960K), 0.0030994 secs] 203290K->202950K(524224K), 0.0031605 secs] [Times: user=0.00 sys=0.00, real=0.00 secs] 
42.628: [GC 42.628: [DefNew: 960K->63K(960K), 0.0030835 secs] 203847K->203534K(524224K), 0.0031441 secs] [Times: user=0.00 sys=0.00, real=0.00 secs] 
42.633: [GC 42.633: [DefNew: 959K->64K(960K), 0.0033207 secs] 204431K->204090K(524224K), 0.0033809 secs] [Times: user=0.00 sys=0.00, real=0.00 secs] 
42.638: [GC 42.638: [DefNew: 960K->64K(960K), 0.0033784 secs] 204988K->204630K(524224K), 0.0034424 secs] [Times: user=0.00 sys=0.00, real=0.00 secs] 
42.643: [GC 42.643: [DefNew: 960K->64K(960K), 0.0034737 secs] 205528K->205210K(524224K), 0.0035473 secs] [Times: user=0.02 sys=0.00, real=0.00 secs] 
42.649: [GC 42.649: [DefNew: 960K->64K(960K), 0.0031807 secs] 206107K->205772K(524224K), 0.0032505 secs] [Times: user=0.00 sys=0.00, real=0.00 secs] 
42.654: [GC 42.654: [DefNew: 960K->64K(960K), 0.0030339 secs] 206670K->206306K(524224K), 0.0030965 secs] [Times: user=0.00 sys=0.00, real=0.00 secs] 
42.658: [GC 42.658: [DefNew: 960K->63K(960K), 0.0031379 secs] 207203K->206861K(524224K), 0.0031937 secs] [Times: user=0.00 sys=0.00, real=0.00 secs] 
42.663: [GC 42.663: [DefNew: 959K->63K(960K), 0.0032399 secs] 207757K->207433K(524224K), 0.0033034 secs] [Times: user=0.00 sys=0.00, real=0.00 secs] 
42.667: [GC 42.667: [DefNew: 959K->64K(960K), 0.0032928 secs] 208330K->207952K(524224K), 0.0033597 secs] [Times: user=0.00 sys=0.00, real=0.00 secs] 
42.672: [GC 42.672: [DefNew: 960K->63K(960K), 0.0034328 secs] 208849K->208547K(524224K), 0.0034983 secs] [Times: user=0.00 sys=0.00, real=0.00 secs] 
42.678: [GC 42.678: [DefNew: 959K->64K(960K), 0.0038938 secs] 209444K->209107K(524224K), 0.0039636 secs] [Times: user=0.02 sys=0.00, real=0.00 secs] 
42.684: [GC 42.684: [DefNew: 960K->63K(960K), 0.0039689 secs] 210004K->209709K(524224K), 0.0040358 secs] [Times: user=0.00 sys=0.00, real=0.00 secs] 
42.690: [GC 42.690: [DefNew: 959K->64K(960K), 0.0034771 secs] 210606K->210273K(524224K), 0.0035430 secs] [Times: user=0.00 sys=0.00, real=0.00 secs] 
42.695: [GC 42.695: [DefNew: 960K->64K(960K), 0.0032899 secs] 211169K->210812K(524224K), 0.0033558 secs] [Times: user=0.00 sys=0.00, real=0.00 secs] 
42.700: [GC 42.700: [DefNew: 960K->63K(960K), 0.0032942 secs] 211710K->211354K(524224K), 0.0033674 secs] [Times: user=0.00 sys=0.00, real=0.00 secs] 
42.705: [GC 42.705: [DefNew: 959K->64K(960K), 0.0039684 secs] 212252K->211994K(524224K), 0.0040478 secs] [Times: user=0.00 sys=0.00, real=0.00 secs] 
42.711: [GC 42.711: [DefNew: 960K->64K(960K), 0.0042648 secs] 212891K->212719K(524224K), 0.0043365 secs] [Times: user=0.00 sys=0.00, real=0.00 secs] 
42.718: [GC 42.718: [DefNew: 960K->63K(960K), 0.0043322 secs] 213615K->213338K(524224K), 0.0044019 secs] [Times: user=0.00 sys=0.00, real=0.00 secs] 
42.724: [GC 42.724: [DefNew: 959K->64K(960K), 0.0038389 secs] 214235K->213937K(524224K), 0.0039102 secs] [Times: user=0.01 sys=0.00, real=0.00 secs] 
42.730: [GC 42.730: [DefNew: 960K->64K(960K), 0.0040343 secs] 214834K->214534K(524224K), 0.0041036 secs] [Times: user=0.00 sys=0.00, real=0.00 secs] 
42.735: [GC 42.735: [DefNew: 960K->63K(960K), 0.0045179 secs] 215431K->215110K(524224K), 0.0045973 secs] [Times: user=0.00 sys=0.00, real=0.01 secs] 
42.742: [GC 42.743: [DefNew: 959K->64K(960K), 0.0042812 secs] 216008K->215913K(524224K), 0.0043495 secs] [Times: user=0.00 sys=0.00, real=0.00 secs] 
42.749: [GC 42.749: [DefNew: 960K->63K(960K), 0.0042715 secs] 216809K->216567K(524224K), 0.0043408 secs] [Times: user=0.00 sys=0.00, real=0.01 secs] 
42.755: [GC 42.756: [DefNew: 959K->63K(960K), 0.0047561 secs] 217464K->217370K(524224K), 0.0048292 secs] [Times: user=0.02 sys=0.00, real=0.01 secs] 
42.763: [GC 42.763: [DefNew: 959K->64K(960K), 0.0053201 secs] 218267K->218203K(524224K), 0.0053985 secs] [Times: user=0.00 sys=0.00, real=0.00 secs] 
42.770: [GC 42.770: [DefNew: 960K->64K(960K), 0.0040579 secs] 219100K->218809K(524224K), 0.0041281 secs] [Times: user=0.01 sys=0.00, real=0.00 secs] 
42.776: [GC 42.776: [DefNew: 960K->64K(960K), 0.0032971 secs] 219705K->219399K(524224K), 0.0033587 secs] [Times: user=0.00 sys=0.00, real=0.00 secs] 
42.780: [GC 42.780: [DefNew: 960K->63K(960K), 0.0034978 secs] 220297K->219973K(524224K), 0.0035570 secs] [Times: user=0.00 sys=0.00, real=0.00 secs] 
42.786: [GC 42.786: [DefNew: 959K->63K(960K), 0.0037470 secs] 220870K->220566K(524224K), 0.0038183 secs] [Times: user=0.02 sys=0.00, real=0.00 secs] 
42.791: [GC 42.791: [DefNew: 959K->63K(960K), 0.0033857 secs] 221464K->221123K(524224K), 0.0034506 secs] [Times: user=0.00 sys=0.00, real=0.00 secs] 
42.796: [GC 42.796: [DefNew: 959K->63K(960K), 0.0033592 secs] 222019K->221699K(524224K), 0.0034227 secs] [Times: user=0.00 sys=0.00, real=0.00 secs] 
42.801: [GC 42.801: [DefNew: 959K->64K(960K), 0.0035791 secs] 222595K->222293K(524224K), 0.0036441 secs] [Times: user=0.02 sys=0.00, real=0.00 secs] 
42.806: [GC 42.806: [DefNew: 960K->64K(960K), 0.0035267 secs] 223190K->222867K(524224K), 0.0035935 secs] [Times: user=0.00 sys=0.00, real=0.00 secs] 
42.812: [GC 42.812: [DefNew: 960K->64K(960K), 0.0036970 secs] 223764K->223607K(524224K), 0.0037725 secs] [Times: user=0.00 sys=0.00, real=0.00 secs] 
42.817: [GC 42.817: [DefNew: 960K->64K(960K), 0.0047864 secs] 224503K->224253K(524224K), 0.0048615 secs] [Times: user=0.02 sys=0.00, real=0.01 secs] 
42.824: [GC 42.824: [DefNew: 960K->63K(960K), 0.0036445 secs] 225150K->224897K(524224K), 0.0037143 secs] [Times: user=0.00 sys=0.00, real=0.00 secs] 
42.830: [GC 42.830: [DefNew: 959K->64K(960K), 0.0036672 secs] 225794K->225489K(524224K), 0.0037326 secs] [Times: user=0.00 sys=0.00, real=0.00 secs] 
42.835: [GC 42.835: [DefNew: 960K->63K(960K), 0.0036980 secs] 226385K->226078K(524224K), 0.0037653 secs] [Times: user=0.00 sys=0.00, real=0.00 secs] 
42.841: [GC 42.841: [DefNew: 959K->64K(960K), 0.0039636 secs] 226974K->226685K(524224K), 0.0040377 secs] [Times: user=0.00 sys=0.00, real=0.00 secs] 
42.846: [GC 42.846: [DefNew: 960K->64K(960K), 0.0032177 secs] 227582K->227258K(524224K), 0.0032784 secs] [Times: user=0.00 sys=0.00, real=0.00 secs] 
42.851: [GC 42.851: [DefNew: 960K->63K(960K), 0.0036845 secs] 228154K->227859K(524224K), 0.0037788 secs] [Times: user=0.00 sys=0.00, real=0.00 secs] 
42.857: [GC 42.857: [DefNew: 959K->64K(960K), 0.0037470 secs] 228756K->228476K(524224K), 0.0038187 secs] [Times: user=0.00 sys=0.00, real=0.00 secs] 
42.862: [GC 42.862: [DefNew: 960K->64K(960K), 0.0036075 secs] 229374K->229043K(524224K), 0.0036701 secs] [Times: user=0.02 sys=0.00, real=0.00 secs] 
42.868: [GC 42.868: [DefNew: 960K->63K(960K), 0.0036455 secs] 229940K->229633K(524224K), 0.0037090 secs] [Times: user=0.00 sys=0.00, real=0.00 secs] 
42.873: [GC 42.873: [DefNew: 959K->63K(960K), 0.0036210 secs] 230529K->230211K(524224K), 0.0036946 secs] [Times: user=0.00 sys=0.00, real=0.00 secs] 
42.879: [GC 42.879: [DefNew: 959K->64K(960K), 0.0041407 secs] 231107K->230875K(524224K), 0.0042162 secs] [Times: user=0.02 sys=0.00, real=0.00 secs] 
42.884: [GC 42.884: [DefNew: 960K->64K(960K), 0.0037629 secs] 231771K->231524K(524224K), 0.0038269 secs] [Times: user=0.00 sys=0.00, real=0.00 secs] 
42.890: [GC 42.890: [DefNew: 960K->63K(960K), 0.0043745 secs] 232421K->232286K(524224K), 0.0044404 secs] [Times: user=0.00 sys=0.00, real=0.00 secs] 
42.897: [GC 42.897: [DefNew: 959K->63K(960K), 0.0042994 secs] 233183K->232990K(524224K), 0.0043634 secs] [Times: user=0.00 sys=0.00, real=0.00 secs] 
42.903: [GC 42.903: [DefNew: 959K->64K(960K), 0.0037494 secs] 233887K->233653K(524224K), 0.0038269 secs] [Times: user=0.00 sys=0.00, real=0.00 secs] 
42.909: [GC 42.909: [DefNew: 960K->63K(960K), 0.0035199 secs] 234549K->234245K(524224K), 0.0035820 secs] [Times: user=0.02 sys=0.00, real=0.00 secs] 
42.914: [GC 42.914: [DefNew: 959K->63K(960K), 0.0033188 secs] 235144K->234790K(524224K), 0.0033823 secs] [Times: user=0.00 sys=0.00, real=0.00 secs] 
42.919: [GC 42.919: [DefNew: 959K->63K(960K), 0.0034877 secs] 235687K->235386K(524224K), 0.0035526 secs] [Times: user=0.00 sys=0.00, real=0.00 secs] 
42.924: [GC 42.924: [DefNew: 959K->63K(960K), 0.0034814 secs] 236283K->235964K(524224K), 0.0035449 secs] [Times: user=0.00 sys=0.00, real=0.00 secs] 
42.930: [GC 42.930: [DefNew: 959K->63K(960K), 0.0034756 secs] 236861K->236566K(524224K), 0.0035363 secs] [Times: user=0.00 sys=0.00, real=0.00 secs] 
42.936: [GC 42.936: [DefNew: 959K->63K(960K), 0.0035493 secs] 237463K->237150K(524224K), 0.0036157 secs] [Times: user=0.00 sys=0.00, real=0.00 secs] 
42.941: [GC 42.941: [DefNew: 959K->63K(960K), 0.0037932 secs] 238047K->237741K(524224K), 0.0038707 secs] [Times: user=0.01 sys=0.00, real=0.00 secs] 
42.947: [GC 42.947: [DefNew: 959K->64K(960K), 0.0036537 secs] 238638K->238345K(524224K), 0.0037177 secs] [Times: user=0.00 sys=0.00, real=0.00 secs] 
42.952: [GC 42.952: [DefNew: 960K->64K(960K), 0.0036522 secs] 239241K->238917K(524224K), 0.0037196 secs] [Times: user=0.00 sys=0.00, real=0.00 secs] 
42.958: [GC 42.958: [DefNew: 960K->63K(960K), 0.0037235 secs] 239814K->239532K(524224K), 0.0037932 secs] [Times: user=0.02 sys=0.00, real=0.00 secs] 
42.963: [GC 42.963: [DefNew: 959K->64K(960K), 0.0034208 secs] 240429K->240097K(524224K), 0.0034800 secs] [Times: user=0.00 sys=0.00, real=0.00 secs] 
42.968: [GC 42.968: [DefNew: 960K->64K(960K), 0.0033457 secs] 240994K->240662K(524224K), 0.0034059 secs] [Times: user=0.00 sys=0.00, real=0.00 secs] 
42.973: [GC 42.973: [DefNew: 960K->63K(960K), 0.0034213 secs] 241559K->241248K(524224K), 0.0034838 secs] [Times: user=0.01 sys=0.00, real=0.00 secs] 
42.977: [GC 42.977: [DefNew: 959K->63K(960K), 0.0036585 secs] 242144K->241796K(524224K), 0.0037302 secs] [Times: user=0.00 sys=0.00, real=0.00 secs] 
42.983: [GC 42.983: [DefNew: 959K->63K(960K), 0.0035570 secs] 242693K->242394K(524224K), 0.0036190 secs] [Times: user=0.00 sys=0.00, real=0.00 secs] 
42.988: [GC 42.988: [DefNew: 959K->63K(960K), 0.0053913 secs] 243291K->242944K(524224K), 0.0054673 secs] [Times: user=0.02 sys=0.00, real=0.01 secs] 
42.996: [GC 42.996: [DefNew: 959K->63K(960K), 0.0036003 secs] 243841K->243566K(524224K), 0.0036676 secs] [Times: user=0.00 sys=0.00, real=0.00 secs] 
43.001: [GC 43.001: [DefNew: 959K->64K(960K), 0.0037129 secs] 244464K->244213K(524224K), 0.0037802 secs] [Times: user=0.00 sys=0.00, real=0.00 secs] 
43.007: [GC 43.007: [DefNew: 960K->63K(960K), 0.0042302 secs] 245111K->244798K(524224K), 0.0043124 secs] [Times: user=0.00 sys=0.00, real=0.00 secs] 
43.013: [GC 43.013: [DefNew: 959K->63K(960K), 0.0037297 secs] 245695K->245402K(524224K), 0.0037995 secs] [Times: user=0.00 sys=0.00, real=0.00 secs] 
43.018: [GC 43.018: [DefNew: 959K->63K(960K), 0.0033852 secs] 246298K->245953K(524224K), 0.0034420 secs] [Times: user=0.00 sys=0.00, real=0.00 secs] 
43.023: [GC 43.023: [DefNew: 959K->63K(960K), 0.0034473 secs] 246851K->246530K(524224K), 0.0035132 secs] [Times: user=0.00 sys=0.00, real=0.00 secs] 
43.028: [GC 43.028: [DefNew: 959K->64K(960K), 0.0035512 secs] 247427K->247096K(524224K), 0.0036138 secs] [Times: user=0.00 sys=0.00, real=0.00 secs] 
43.034: [GC 43.034: [DefNew: 960K->64K(960K), 0.0039145 secs] 247994K->247671K(524224K), 0.0039992 secs] [Times: user=0.02 sys=0.00, real=0.00 secs] 
43.040: [GC 43.040: [DefNew: 960K->64K(960K), 0.0036542 secs] 248568K->248232K(524224K), 0.0037230 secs] [Times: user=0.00 sys=0.00, real=0.00 secs] 
43.045: [GC 43.045: [DefNew: 960K->64K(960K), 0.0035507 secs] 249129K->248784K(524224K), 0.0036147 secs] [Times: user=0.00 sys=0.00, real=0.00 secs] 
43.051: [GC 43.051: [DefNew: 960K->63K(960K), 0.0040064 secs] 249681K->249344K(524224K), 0.0040824 secs] [Times: user=0.02 sys=0.00, real=0.00 secs] 
43.057: [GC 43.057: [DefNew: 959K->63K(960K), 0.0039323 secs] 250241K->249958K(524224K), 0.0040054 secs] [Times: user=0.00 sys=0.00, real=0.00 secs] 
43.063: [GC 43.063: [DefNew: 959K->63K(960K), 0.0036705 secs] 250854K->250577K(524224K), 0.0037384 secs] [Times: user=0.00 sys=0.00, real=0.00 secs] 
43.069: [GC 43.069: [DefNew: 959K->64K(960K), 0.0034949 secs] 251473K->251144K(524224K), 0.0035613 secs] [Times: user=0.00 sys=0.00, real=0.00 secs] 
43.074: [GC 43.074: [DefNew: 960K->63K(960K), 0.0034141 secs] 252042K->251729K(524224K), 0.0034756 secs] [Times: user=0.00 sys=0.00, real=0.00 secs] 
43.080: [GC 43.080: [DefNew: 959K->63K(960K), 0.0035671 secs] 252625K->252304K(524224K), 0.0036287 secs] [Times: user=0.00 sys=0.00, real=0.00 secs] 
43.085: [GC 43.085: [DefNew: 959K->63K(960K), 0.0039520 secs] 253200K->252855K(524224K), 0.0040160 secs] [Times: user=0.00 sys=0.00, real=0.00 secs] 
43.091: [GC 43.091: [DefNew: 959K->64K(960K), 0.0036980 secs] 253753K->253425K(524224K), 0.0037639 secs] [Times: user=0.00 sys=0.00, real=0.00 secs] 
43.096: [GC 43.096: [DefNew: 960K->63K(960K), 0.0033582 secs] 254322K->254001K(524224K), 0.0034189 secs] [Times: user=0.00 sys=0.00, real=0.00 secs] 
43.101: [GC 43.101: [DefNew: 959K->63K(960K), 0.0033943 secs] 254898K->254561K(524224K), 0.0034545 secs] [Times: user=0.00 sys=0.00, real=0.00 secs] 
43.106: [GC 43.106: [DefNew: 959K->63K(960K), 0.0032707 secs] 255459K->255111K(524224K), 0.0033347 secs] [Times: user=0.00 sys=0.00, real=0.00 secs] 
43.111: [GC 43.111: [DefNew: 959K->64K(960K), 0.0035045 secs] 256008K->255703K(524224K), 0.0035623 secs] [Times: user=0.00 sys=0.00, real=0.00 secs] 
43.117: [GC 43.117: [DefNew: 960K->64K(960K), 0.0036109 secs] 256600K->256278K(524224K), 0.0036739 secs] [Times: user=0.00 sys=0.00, real=0.00 secs] 
43.122: [GC 43.122: [DefNew: 960K->64K(960K), 0.0037013 secs] 257175K->256860K(524224K), 0.0037615 secs] [Times: user=0.00 sys=0.00, real=0.00 secs] 
43.128: [GC 43.128: [DefNew: 960K->64K(960K), 0.0035887 secs] 257757K->257455K(524224K), 0.0036494 secs] [Times: user=0.02 sys=0.00, real=0.00 secs] 
43.134: [GC 43.134: [DefNew: 960K->64K(960K), 0.0039857 secs] 258352K->258026K(524224K), 0.0040651 secs] [Times: user=0.00 sys=0.00, real=0.00 secs] 
43.145: [GC 43.145: [DefNew: 960K->64K(960K), 0.0044645 secs] 258923K->258716K(524224K), 0.0045405 secs] [Times: user=0.02 sys=0.00, real=0.00 secs] 
43.150: [GC 43.150: [DefNew: 960K->64K(960K), 0.0037774 secs] 259613K->259277K(524224K), 0.0038418 secs] [Times: user=0.00 sys=0.00, real=0.00 secs] 
43.156: [GC 43.156: [DefNew: 960K->64K(960K), 0.0035661 secs] 260174K->259865K(524224K), 0.0036282 secs] [Times: user=0.00 sys=0.00, real=0.00 secs] 
43.162: [GC 43.162: [DefNew: 960K->63K(960K), 0.0038317 secs] 260762K->260473K(524224K), 0.0039005 secs] [Times: user=0.00 sys=0.00, real=0.00 secs] 
43.167: [GC 43.167: [DefNew: 959K->64K(960K), 0.0036296 secs] 261369K->261043K(524224K), 0.0036984 secs] [Times: user=0.00 sys=0.00, real=0.00 secs] 
43.173: [GC 43.173: [DefNew: 960K->64K(960K), 0.0038317 secs] 261940K->261636K(524224K), 0.0038981 secs] [Times: user=0.00 sys=0.00, real=0.00 secs] 
43.178: [GC 43.179: [DefNew: 960K->64K(960K), 0.0037754 secs] 262532K->262243K(524224K), 0.0038433 secs] [Times: user=0.00 sys=0.00, real=0.00 secs] 
43.184: [GC 43.184: [DefNew: 960K->64K(960K), 0.0036498 secs] 263140K->262804K(524224K), 0.0037215 secs] [Times: user=0.00 sys=0.00, real=0.00 secs] 
43.189: [GC 43.189: [DefNew: 960K->63K(960K), 0.0036210 secs] 263700K->263384K(524224K), 0.0036811 secs] [Times: user=0.01 sys=0.00, real=0.00 secs] 
43.196: [GC 43.196: [DefNew: 959K->63K(960K), 0.0037071 secs] 264280K->263977K(524224K), 0.0037721 secs] [Times: user=0.00 sys=0.00, real=0.00 secs] 
43.201: [GC 43.201: [DefNew: 959K->63K(960K), 0.0035536 secs] 264874K->264567K(524224K), 0.0036142 secs] [Times: user=0.00 sys=0.00, real=0.00 secs] 
43.206: [GC 43.206: [DefNew: 959K->64K(960K), 0.0037331 secs] 265464K->265152K(524224K), 0.0037947 secs] [Times: user=0.02 sys=0.00, real=0.00 secs] 
43.212: [GC 43.212: [DefNew: 960K->63K(960K), 0.0037629 secs] 266049K->265761K(524224K), 0.0038683 secs] [Times: user=0.00 sys=0.00, real=0.00 secs] 
43.217: [GC 43.217: [DefNew: 959K->63K(960K), 0.0035834 secs] 266658K->266330K(524224K), 0.0036503 secs] [Times: user=0.00 sys=0.00, real=0.00 secs] 
43.223: [GC 43.223: [DefNew: 959K->64K(960K), 0.0035002 secs] 267227K->266926K(524224K), 0.0035575 secs] [Times: user=0.01 sys=0.00, real=0.00 secs] 
43.228: [GC 43.228: [DefNew: 960K->63K(960K), 0.0040305 secs] 267822K->267504K(524224K), 0.0040988 secs] [Times: user=0.00 sys=0.00, real=0.00 secs] 
43.234: [GC 43.234: [DefNew: 959K->63K(960K), 0.0036412 secs] 268402K->268076K(524224K), 0.0037037 secs] [Times: user=0.00 sys=0.00, real=0.00 secs] 
43.241: [GC 43.241: [DefNew: 959K->64K(960K), 0.0039713 secs] 268973K->268666K(524224K), 0.0040425 secs] [Times: user=0.00 sys=0.00, real=0.00 secs] 
43.246: [GC 43.246: [DefNew: 960K->64K(960K), 0.0037013 secs] 269564K->269294K(524224K), 0.0037658 secs] [Times: user=0.00 sys=0.00, real=0.00 secs] 
43.252: [GC 43.252: [DefNew: 960K->64K(960K), 0.0037345 secs] 270191K->269855K(524224K), 0.0038062 secs] [Times: user=0.00 sys=0.01, real=0.00 secs] 
43.258: [GC 43.258: [DefNew: 960K->63K(960K), 0.0039020 secs] 270753K->270452K(524224K), 0.0041368 secs] [Times: user=0.00 sys=0.00, real=0.00 secs] 
43.264: [GC 43.264: [DefNew: 959K->63K(960K), 0.0036912 secs] 271348K->271078K(524224K), 0.0037586 secs] [Times: user=0.00 sys=0.00, real=0.00 secs] 
43.269: [GC 43.269: [DefNew: 959K->63K(960K), 0.0040257 secs] 271975K->271637K(524224K), 0.0040896 secs] [Times: user=0.02 sys=0.00, real=0.00 secs] 
43.275: [GC 43.275: [DefNew: 959K->63K(960K), 0.0038341 secs] 272535K->272237K(524224K), 0.0038967 secs] [Times: user=0.00 sys=0.00, real=0.00 secs] 
43.281: [GC 43.281: [DefNew: 959K->63K(960K), 0.0041811 secs] 273134K->272873K(524224K), 0.0042480 secs] [Times: user=0.00 sys=0.00, real=0.00 secs] 
43.286: [GC 43.286: [DefNew: 959K->64K(960K), 0.0041190 secs] 273770K->273467K(524224K), 0.0041864 secs] [Times: user=0.02 sys=0.00, real=0.00 secs] 
43.292: [GC 43.292: [DefNew: 960K->63K(960K), 0.0037393 secs] 274364K->274068K(524224K), 0.0038062 secs] [Times: user=0.00 sys=0.00, real=0.00 secs] 
43.297: [GC 43.297: [DefNew: 959K->63K(960K), 0.0037648 secs] 274965K->274648K(524224K), 0.0038226 secs] [Times: user=0.00 sys=0.00, real=0.00 secs] 
43.303: [GC 43.303: [DefNew: 959K->63K(960K), 0.0039087 secs] 275546K->275230K(524224K), 0.0039746 secs] [Times: user=0.00 sys=0.00, real=0.00 secs] 
43.308: [GC 43.308: [DefNew: 959K->63K(960K), 0.0038240 secs] 276127K->275784K(524224K), 0.0038924 secs] [Times: user=0.00 sys=0.00, real=0.00 secs] 
43.314: [GC 43.314: [DefNew: 959K->64K(960K), 0.0037985 secs] 276681K->276402K(524224K), 0.0038640 secs] [Times: user=0.02 sys=0.00, real=0.00 secs] 
43.320: [GC 43.320: [DefNew: 960K->64K(960K), 0.0038572 secs] 277299K->277015K(524224K), 0.0039208 secs] [Times: user=0.00 sys=0.00, real=0.00 secs] 
43.325: [GC 43.325: [DefNew: 960K->64K(960K), 0.0036561 secs] 277911K->277584K(524224K), 0.0037225 secs] [Times: user=0.00 sys=0.00, real=0.00 secs] 
43.331: [GC 43.331: [DefNew: 960K->64K(960K), 0.0033914 secs] 278480K->278165K(524224K), 0.0034564 secs] [Times: user=0.02 sys=0.00, real=0.00 secs] 
43.337: [GC 43.337: [DefNew: 960K->64K(960K), 0.0038568 secs] 279063K->278793K(524224K), 0.0039260 secs] [Times: user=0.00 sys=0.00, real=0.00 secs] 
43.344: [GC 43.344: [DefNew: 960K->64K(960K), 0.0041286 secs] 279690K->279380K(524224K), 0.0042008 secs] [Times: user=0.00 sys=0.00, real=0.00 secs] 
43.349: [GC 43.349: [DefNew: 960K->63K(960K), 0.0041686 secs] 280277K->279963K(524224K), 0.0042359 secs] [Times: user=0.00 sys=0.00, real=0.00 secs] 
43.355: [GC 43.355: [DefNew: 959K->63K(960K), 0.0038260 secs] 280859K->280569K(524224K), 0.0038924 secs] [Times: user=0.00 sys=0.00, real=0.00 secs] 
43.361: [GC 43.361: [DefNew: 959K->64K(960K), 0.0035656 secs] 281465K->281129K(524224K), 0.0036243 secs] [Times: user=0.00 sys=0.00, real=0.00 secs] 
43.366: [GC 43.366: [DefNew: 960K->64K(960K), 0.0037846 secs] 282026K->281706K(524224K), 0.0038543 secs] [Times: user=0.00 sys=0.00, real=0.00 secs] 
43.372: [GC 43.372: [DefNew: 960K->64K(960K), 0.0036662 secs] 282604K->282305K(524224K), 0.0037278 secs] [Times: user=0.00 sys=0.00, real=0.00 secs] 
43.377: [GC 43.377: [DefNew: 960K->64K(960K), 0.0038120 secs] 283203K->282859K(524224K), 0.0038794 secs] [Times: user=0.02 sys=0.00, real=0.00 secs] 
43.383: [GC 43.383: [DefNew: 960K->64K(960K), 0.0039684 secs] 283756K->283467K(524224K), 0.0040334 secs] [Times: user=0.00 sys=0.00, real=0.00 secs] 
43.388: [GC 43.388: [DefNew: 960K->63K(960K), 0.0039929 secs] 284365K->284061K(524224K), 0.0040560 secs] [Times: user=0.00 sys=0.00, real=0.00 secs] 
43.394: [GC 43.394: [DefNew: 959K->64K(960K), 0.0039761 secs] 284958K->284695K(524224K), 0.0040483 secs] [Times: user=0.02 sys=0.00, real=0.00 secs] 
43.400: [GC 43.400: [DefNew: 960K->64K(960K), 0.0038207 secs] 285592K->285276K(524224K), 0.0038856 secs] [Times: user=0.00 sys=0.00, real=0.00 secs] 
43.405: [GC 43.405: [DefNew: 960K->63K(960K), 0.0036075 secs] 286174K->285833K(524224K), 0.0036676 secs] [Times: user=0.00 sys=0.00, real=0.00 secs] 
43.411: [GC 43.411: [DefNew: 959K->63K(960K), 0.0037826 secs] 286731K->286449K(524224K), 0.0038438 secs] [Times: user=0.01 sys=0.00, real=0.00 secs] 
43.417: [GC 43.417: [DefNew: 959K->63K(960K), 0.0045054 secs] 287346K->287070K(524224K), 0.0045665 secs] [Times: user=0.00 sys=0.00, real=0.01 secs] 
43.423: [GC 43.423: [DefNew: 959K->63K(960K), 0.0038789 secs] 287967K->287670K(524224K), 0.0039414 secs] [Times: user=0.02 sys=0.00, real=0.00 secs] 
43.429: [GC 43.429: [DefNew: 959K->63K(960K), 0.0041426 secs] 288566K->288307K(524224K), 0.0042162 secs] [Times: user=0.00 sys=0.00, real=0.00 secs] 
43.434: [GC 43.434: [DefNew: 959K->64K(960K), 0.0040155 secs] 289203K->288911K(524224K), 0.0040800 secs] [Times: user=0.00 sys=0.00, real=0.00 secs] 
43.440: [GC 43.440: [DefNew: 960K->64K(960K), 0.0039641 secs] 289808K->289504K(524224K), 0.0040276 secs] [Times: user=0.01 sys=0.00, real=0.00 secs] 
43.446: [GC 43.446: [DefNew: 960K->63K(960K), 0.0042658 secs] 290401K->290097K(524224K), 0.0043370 secs] [Times: user=0.00 sys=0.00, real=0.00 secs] 
43.452: [GC 43.452: [DefNew: 959K->64K(960K), 0.0038616 secs] 290994K->290685K(524224K), 0.0039333 secs] [Times: user=0.00 sys=0.00, real=0.00 secs] 
43.457: [GC 43.457: [DefNew: 960K->64K(960K), 0.0040531 secs] 291583K->291268K(524224K), 0.0041204 secs] [Times: user=0.02 sys=0.00, real=0.00 secs] 
43.463: [GC 43.463: [DefNew: 960K->63K(960K), 0.0039535 secs] 292164K->291865K(524224K), 0.0040155 secs] [Times: user=0.00 sys=0.00, real=0.00 secs] 
43.469: [GC 43.469: [DefNew: 959K->64K(960K), 0.0038009 secs] 292761K->292433K(524224K), 0.0038664 secs] [Times: user=0.00 sys=0.00, real=0.00 secs] 
43.474: [GC 43.474: [DefNew: 960K->63K(960K), 0.0042114 secs] 293329K->293002K(524224K), 0.0042730 secs] [Times: user=0.00 sys=0.00, real=0.00 secs] 
43.481: [GC 43.481: [DefNew: 959K->63K(960K), 0.0045309 secs] 293899K->293655K(524224K), 0.0046262 secs] [Times: user=0.00 sys=0.00, real=0.00 secs] 
43.487: [GC 43.487: [DefNew: 959K->64K(960K), 0.0052330 secs] 294552K->294325K(524224K), 0.0053066 secs] [Times: user=0.00 sys=0.00, real=0.00 secs] 
43.494: [GC 43.494: [DefNew: 960K->64K(960K), 0.0041248 secs] 295222K->294949K(524224K), 0.0041921 secs] [Times: user=0.00 sys=0.00, real=0.00 secs] 
43.500: [GC 43.500: [DefNew: 960K->64K(960K), 0.0043543 secs] 295845K->295508K(524224K), 0.0044197 secs] [Times: user=0.00 sys=0.00, real=0.00 secs] 
43.507: [GC 43.507: [DefNew: 960K->63K(960K), 0.0041647 secs] 296406K->296109K(524224K), 0.0042388 secs] [Times: user=0.00 sys=0.00, real=0.00 secs] 
43.513: [GC 43.513: [DefNew: 959K->64K(960K), 0.0038774 secs] 297005K->296718K(524224K), 0.0039434 secs] [Times: user=0.00 sys=0.00, real=0.00 secs] 
43.519: [GC 43.519: [DefNew: 960K->63K(960K), 0.0042099 secs] 297615K->297349K(524224K), 0.0042788 secs] [Times: user=0.02 sys=0.00, real=0.00 secs] 
43.525: [GC 43.525: [DefNew: 959K->64K(960K), 0.0041180 secs] 298248K->297966K(524224K), 0.0041897 secs] [Times: user=0.00 sys=0.00, real=0.00 secs] 
43.530: [GC 43.530: [DefNew: 960K->63K(960K), 0.0039669 secs] 298863K->298555K(524224K), 0.0040276 secs] [Times: user=0.00 sys=0.00, real=0.00 secs] 
43.536: [GC 43.536: [DefNew: 959K->64K(960K), 0.0042754 secs] 299452K->299145K(524224K), 0.0043437 secs] [Times: user=0.00 sys=0.00, real=0.00 secs] 
43.541: [GC 43.541: [DefNew: 960K->63K(960K), 0.0040175 secs] 300042K->299729K(524224K), 0.0040853 secs] [Times: user=0.00 sys=0.00, real=0.00 secs] 
43.547: [GC 43.547: [DefNew: 959K->64K(960K), 0.0040136 secs] 300626K->300355K(524224K), 0.0041339 secs] [Times: user=0.00 sys=0.00, real=0.00 secs] 
43.552: [GC 43.552: [DefNew: 960K->64K(960K), 0.0040800 secs] 301251K->300914K(524224K), 0.0041508 secs] [Times: user=0.00 sys=0.00, real=0.00 secs] 
43.558: [GC 43.558: [DefNew: 960K->64K(960K), 0.0040468 secs] 301811K->301509K(524224K), 0.0041156 secs] [Times: user=0.00 sys=0.00, real=0.00 secs] 
43.564: [GC 43.564: [DefNew: 960K->63K(960K), 0.0039982 secs] 302405K->302133K(524224K), 0.0040747 secs] [Times: user=0.02 sys=0.00, real=0.00 secs] 
43.570: [GC 43.570: [DefNew: 959K->63K(960K), 0.0040454 secs] 303030K->302720K(524224K), 0.0041147 secs] [Times: user=0.00 sys=0.00, real=0.00 secs] 
43.576: [GC 43.576: [DefNew: 959K->63K(960K), 0.0037942 secs] 303618K->303331K(524224K), 0.0038558 secs] [Times: user=0.00 sys=0.00, real=0.00 secs] 
43.581: [GC 43.581: [DefNew: 959K->64K(960K), 0.0037259 secs] 304228K->303889K(524224K), 0.0037903 secs] [Times: user=0.02 sys=0.00, real=0.00 secs] 
43.587: [GC 43.587: [DefNew: 960K->63K(960K), 0.0039583 secs] 304786K->304492K(524224K), 0.0040218 secs] [Times: user=0.00 sys=0.00, real=0.00 secs] 
43.592: [GC 43.592: [DefNew: 959K->64K(960K), 0.0039140 secs] 305389K->305102K(524224K), 0.0039780 secs] [Times: user=0.00 sys=0.00, real=0.00 secs] 
43.598: [GC 43.598: [DefNew: 960K->64K(960K), 0.0046830 secs] 305999K->305714K(524224K), 0.0047652 secs] [Times: user=0.01 sys=0.00, real=0.00 secs] 
43.605: [GC 43.605: [DefNew: 960K->64K(960K), 0.0041628 secs] 306611K->306340K(524224K), 0.0042273 secs] [Times: user=0.00 sys=0.00, real=0.00 secs] 
43.610: [GC 43.610: [DefNew: 960K->63K(960K), 0.0036946 secs] 307237K->306918K(524224K), 0.0037576 secs] [Times: user=0.02 sys=0.00, real=0.00 secs] 
43.616: [GC 43.616: [DefNew: 959K->64K(960K), 0.0040521 secs] 307815K->307545K(524224K), 0.0041180 secs] [Times: user=0.00 sys=0.00, real=0.00 secs] 
43.621: [GC 43.621: [DefNew: 960K->64K(960K), 0.0040998 secs] 308443K->308150K(524224K), 0.0041657 secs] [Times: user=0.00 sys=0.00, real=0.00 secs] 
43.627: [GC 43.627: [DefNew: 960K->63K(960K), 0.0041748 secs] 309046K->308764K(524224K), 0.0042393 secs] [Times: user=0.02 sys=0.00, real=0.00 secs] 
43.632: [GC 43.632: [DefNew: 959K->63K(960K), 0.0039515 secs] 309661K->309331K(524224K), 0.0040155 secs] [Times: user=0.00 sys=0.00, real=0.00 secs] 
43.638: [GC 43.638: [DefNew: 959K->64K(960K), 0.0040487 secs] 310228K->309913K(524224K), 0.0041118 secs] [Times: user=0.00 sys=0.00, real=0.00 secs] 
43.644: [GC 43.644: [DefNew: 960K->63K(960K), 0.0043105 secs] 310810K->310555K(524224K), 0.0043851 secs] [Times: user=0.01 sys=0.00, real=0.00 secs] 
43.649: [GC 43.649: [DefNew: 959K->64K(960K), 0.0043711 secs] 311453K->311142K(524224K), 0.0044404 secs] [Times: user=0.00 sys=0.00, real=0.00 secs] 
43.656: [GC 43.656: [DefNew: 960K->63K(960K), 0.0046358 secs] 312039K->311747K(524224K), 0.0047094 secs] [Times: user=0.00 sys=0.00, real=0.00 secs] 
43.663: [GC 43.663: [DefNew: 959K->63K(960K), 0.0042446 secs] 312644K->312391K(524224K), 0.0043124 secs] [Times: user=0.00 sys=0.00, real=0.00 secs] 
43.670: [GC 43.670: [DefNew: 959K->63K(960K), 0.0053085 secs] 313288K->313072K(524224K), 0.0053865 secs] [Times: user=0.00 sys=0.00, real=0.00 secs] 
43.678: [GC 43.678: [DefNew: 959K->64K(960K), 0.0044996 secs] 313968K->313794K(524224K), 0.0045660 secs] [Times: user=0.00 sys=0.00, real=0.00 secs] 
43.684: [GC 43.684: [DefNew: 960K->63K(960K), 0.0041758 secs] 314691K->314385K(524224K), 0.0042542 secs] [Times: user=0.00 sys=0.00, real=0.00 secs] 
43.690: [GC 43.690: [DefNew: 959K->64K(960K), 0.0049144 secs] 315282K->314980K(524224K), 0.0049842 secs] [Times: user=0.02 sys=0.00, real=0.00 secs] 
43.696: [GC 43.696: [DefNew: 960K->64K(960K), 0.0039025 secs] 315876K->315572K(524224K), 0.0039684 secs] [Times: user=0.00 sys=0.00, real=0.00 secs] 
43.702: [GC 43.702: [DefNew: 960K->63K(960K), 0.0039357 secs] 316469K->316163K(524224K), 0.0040064 secs] [Times: user=0.00 sys=0.00, real=0.00 secs] 
43.707: [GC 43.707: [DefNew: 959K->64K(960K), 0.0040598 secs] 317060K->316774K(524224K), 0.0041238 secs] [Times: user=0.01 sys=0.00, real=0.00 secs] 
43.713: [GC 43.713: [DefNew: 960K->63K(960K), 0.0041176 secs] 317671K->317371K(524224K), 0.0041840 secs] [Times: user=0.00 sys=0.00, real=0.00 secs] 
43.718: [GC 43.718: [DefNew: 959K->63K(960K), 0.0041055 secs] 318270K->317961K(524224K), 0.0041753 secs] [Times: user=0.00 sys=0.00, real=0.00 secs] 
43.724: [GC 43.724: [DefNew: 959K->63K(960K), 0.0039169 secs] 318858K->318577K(524224K), 0.0039785 secs] [Times: user=0.00 sys=0.00, real=0.00 secs] 
43.730: [GC 43.730: [DefNew: 959K->63K(960K), 0.0043485 secs] 319475K->319173K(524224K), 0.0044222 secs] [Times: user=0.00 sys=0.00, real=0.00 secs] 
43.736: [GC 43.736: [DefNew: 959K->63K(960K), 0.0050857 secs] 320069K->319892K(524224K), 0.0051579 secs] [Times: user=0.02 sys=0.00, real=0.00 secs] 
43.743: [GC 43.743: [DefNew: 959K->63K(960K), 0.0045242 secs] 320788K->320544K(524224K), 0.0046012 secs] [Times: user=0.00 sys=0.00, real=0.00 secs] 
43.749: [GC 43.749: [DefNew: 959K->63K(960K), 0.0040420 secs] 321441K->321120K(524224K), 0.0041108 secs] [Times: user=0.00 sys=0.00, real=0.00 secs] 
43.755: [GC 43.755: [DefNew: 959K->64K(960K), 0.0042821 secs] 322017K->321750K(524224K), 0.0043610 secs] [Times: user=0.00 sys=0.00, real=0.00 secs] 
43.761: [GC 43.761: [DefNew: 960K->64K(960K), 0.0041970 secs] 322647K->322432K(524224K), 0.0042629 secs] [Times: user=0.00 sys=0.00, real=0.00 secs] 
43.767: [GC 43.767: [DefNew: 960K->63K(960K), 0.0045540 secs] 323328K->323055K(524224K), 0.0046286 secs] [Times: user=0.02 sys=0.00, real=0.00 secs] 
43.774: [GC 43.774: [DefNew: 959K->63K(960K), 0.0041734 secs] 323952K->323654K(524224K), 0.0042364 secs] [Times: user=0.00 sys=0.00, real=0.00 secs] 
43.779: [GC 43.779: [DefNew: 959K->63K(960K), 0.0038082 secs] 324551K->324228K(524224K), 0.0038871 secs] [Times: user=0.00 sys=0.00, real=0.00 secs] 
43.785: [GC 43.785: [DefNew: 959K->64K(960K), 0.0042561 secs] 325124K->324868K(524224K), 0.0043197 secs] [Times: user=0.01 sys=0.00, real=0.00 secs] 
43.790: [GC 43.790: [DefNew: 960K->64K(960K), 0.0041103 secs] 325765K->325452K(524224K), 0.0041767 secs] [Times: user=0.00 sys=0.00, real=0.00 secs] 
43.796: [GC 43.796: [DefNew: 960K->63K(960K), 0.0042792 secs] 326349K->326066K(524224K), 0.0043480 secs] [Times: user=0.00 sys=0.00, real=0.00 secs] 
43.801: [GC 43.801: [DefNew: 959K->63K(960K), 0.0041378 secs] 326963K->326644K(524224K), 0.0042032 secs] [Times: user=0.02 sys=0.00, real=0.00 secs] 
43.807: [GC 43.807: [DefNew: 959K->64K(960K), 0.0052994 secs] 327542K->327249K(524224K), 0.0053749 secs] [Times: user=0.00 sys=0.00, real=0.01 secs] 
43.814: [GC 43.814: [DefNew: 960K->63K(960K), 0.0040949 secs] 328145K->327828K(524224K), 0.0041917 secs] [Times: user=0.01 sys=0.00, real=0.00 secs] 
43.819: [GC 43.819: [DefNew: 959K->63K(960K), 0.0041580 secs] 328725K->328418K(524224K), 0.0042282 secs] [Times: user=0.00 sys=0.00, real=0.00 secs] 
43.825: [GC 43.825: [DefNew: 959K->63K(960K), 0.0040959 secs] 329316K->329049K(524224K), 0.0041580 secs] [Times: user=0.00 sys=0.00, real=0.00 secs] 
43.830: [GC 43.830: [DefNew: 959K->64K(960K), 0.0043043 secs] 329945K->329640K(524224K), 0.0043702 secs] [Times: user=0.02 sys=0.00, real=0.00 secs] 
43.836: [GC 43.836: [DefNew: 960K->63K(960K), 0.0042085 secs] 330538K->330243K(524224K), 0.0042816 secs] [Times: user=0.00 sys=0.00, real=0.00 secs] 
43.843: [GC 43.843: [DefNew: 959K->64K(960K), 0.0047590 secs] 331140K->330977K(524224K), 0.0048331 secs] [Times: user=0.00 sys=0.00, real=0.00 secs] 
43.849: [GC 43.849: [DefNew: 960K->63K(960K), 0.0045285 secs] 331874K->331566K(524224K), 0.0045978 secs] [Times: user=0.00 sys=0.00, real=0.00 secs] 
43.856: [GC 43.856: [DefNew: 959K->63K(960K), 0.0042369 secs] 332462K->332157K(524224K), 0.0043081 secs] [Times: user=0.00 sys=0.00, real=0.00 secs] 
43.861: [GC 43.861: [DefNew: 959K->64K(960K), 0.0038462 secs] 333054K->332720K(524224K), 0.0039179 secs] [Times: user=0.02 sys=0.00, real=0.00 secs] 
43.867: [GC 43.867: [DefNew: 960K->63K(960K), 0.0042576 secs] 333617K->333330K(524224K), 0.0043201 secs] [Times: user=0.00 sys=0.00, real=0.00 secs] 
43.872: [GC 43.872: [DefNew: 959K->64K(960K), 0.0040940 secs] 334226K->333917K(524224K), 0.0041623 secs] [Times: user=0.00 sys=0.00, real=0.00 secs] 
43.878: [GC 43.878: [DefNew: 960K->63K(960K), 0.0042595 secs] 334816K->334527K(524224K), 0.0043293 secs] [Times: user=0.01 sys=0.00, real=0.00 secs] 
43.883: [GC 43.884: [DefNew: 959K->63K(960K), 0.0043124 secs] 335424K->335207K(524224K), 0.0043837 secs] [Times: user=0.00 sys=0.00, real=0.00 secs] 
43.890: [GC 43.890: [DefNew: 959K->64K(960K), 0.0050660 secs] 336103K->335932K(524224K), 0.0051454 secs] [Times: user=0.02 sys=0.00, real=0.01 secs] 
43.897: [GC 43.897: [DefNew: 960K->63K(960K), 0.0047412 secs] 336829K->336585K(524224K), 0.0048624 secs] [Times: user=0.00 sys=0.00, real=0.00 secs] 
43.903: [GC 43.904: [DefNew: 959K->63K(960K), 0.0065822 secs] 337481K->337317K(524224K), 0.0067232 secs] [Times: user=0.00 sys=0.00, real=0.01 secs] 
43.912: [GC 43.912: [DefNew: 959K->64K(960K), 0.0051993 secs] 338213K->337934K(524224K), 0.0052691 secs] [Times: user=0.00 sys=0.00, real=0.01 secs] 
43.918: [GC 43.918: [DefNew: 960K->63K(960K), 0.0060077 secs] 338831K->338612K(524224K), 0.0060794 secs] [Times: user=0.00 sys=0.00, real=0.01 secs] 
43.926: [GC 43.926: [DefNew: 959K->63K(960K), 0.0047778 secs] 339509K->339274K(524224K), 0.0048461 secs] [Times: user=0.00 sys=0.00, real=0.01 secs] 
43.933: [GC 43.933: [DefNew: 959K->63K(960K), 0.0044900 secs] 340170K->339949K(524224K), 0.0045641 secs] [Times: user=0.00 sys=0.00, real=0.01 secs] 
43.939: [GC 43.939: [DefNew: 959K->63K(960K), 0.0054389 secs] 340845K->340569K(524224K), 0.0055178 secs] [Times: user=0.01 sys=0.00, real=0.01 secs] 
43.947: [GC 43.947: [DefNew: 959K->64K(960K), 0.0048653 secs] 341466K->341300K(524224K), 0.0049361 secs] [Times: user=0.00 sys=0.00, real=0.00 secs] 
43.953: [GC 43.953: [DefNew: 960K->63K(960K), 0.0053451 secs] 342197K->341873K(524224K), 0.0054211 secs] [Times: user=0.02 sys=0.00, real=0.00 secs] 
43.961: [GC 43.961: [DefNew: 959K->64K(960K), 0.0050934 secs] 342771K->342482K(524224K), 0.0051632 secs] [Times: user=0.00 sys=0.00, real=0.01 secs] 
43.967: [GC 43.967: [DefNew: 960K->64K(960K), 0.0044996 secs] 343378K->343133K(524224K), 0.0046117 secs] [Times: user=0.00 sys=0.00, real=0.00 secs] 
43.974: [GC 43.974: [DefNew: 960K->63K(960K), 0.0042951 secs] 344030K->343766K(524224K), 0.0043591 secs] [Times: user=0.00 sys=0.00, real=0.00 secs] 
43.980: [GC 43.980: [DefNew: 959K->64K(960K), 0.0045194 secs] 344663K->344340K(524224K), 0.0045838 secs] [Times: user=0.00 sys=0.00, real=0.00 secs] 
43.987: [GC 43.987: [DefNew: 960K->63K(960K), 0.0045184 secs] 345238K->344943K(524224K), 0.0046040 secs] [Times: user=0.02 sys=0.00, real=0.00 secs] 
43.994: [GC 43.994: [DefNew: 959K->64K(960K), 0.0046830 secs] 345840K->345652K(524224K), 0.0047600 secs] [Times: user=0.00 sys=0.00, real=0.00 secs] 
44.000: [GC 44.000: [DefNew: 960K->63K(960K), 0.0045444 secs] 346549K->346278K(524224K), 0.0046161 secs] [Times: user=0.01 sys=0.00, real=0.00 secs] 
44.007: [GC 44.007: [DefNew: 959K->63K(960K), 0.0052248 secs] 347175K->346901K(524224K), 0.0053128 secs] [Times: user=0.00 sys=0.00, real=0.01 secs] 
44.014: [GC 44.014: [DefNew: 959K->63K(960K), 0.0049033 secs] 347798K->347568K(524224K), 0.0049746 secs] [Times: user=0.00 sys=0.00, real=0.01 secs] 
44.021: [GC 44.021: [DefNew: 959K->63K(960K), 0.0045444 secs] 348464K->348199K(524224K), 0.0046113 secs] [Times: user=0.00 sys=0.00, real=0.00 secs] 
44.027: [GC 44.027: [DefNew: 959K->63K(960K), 0.0044727 secs] 349096K->348835K(524224K), 0.0045487 secs] [Times: user=0.00 sys=0.00, real=0.01 secs] 
44.034: [GC 44.034: [DefNew: 959K->63K(960K), 0.0047561 secs] 349733K->349507K(524224K), 0.0048230 secs] [Times: user=0.02 sys=0.00, real=0.01 secs] 
44.041: [GC 44.041: [DefNew: 959K->63K(960K), 0.0043938 secs] 350404K->350083K(524224K), 0.0044679 secs] [Times: user=0.00 sys=0.00, real=0.00 secs] 
44.047: [GC 44.047: [DefNew: 959K->64K(960K), 0.0042701 secs] 350980K->350695K(524224K), 0.0043375 secs] [Times: user=0.01 sys=0.00, real=0.00 secs] 
44.053: [GC 44.053: [DefNew: 960K->64K(960K), 0.0045078 secs] 351593K->351335K(524224K), 0.0045891 secs] [Times: user=0.00 sys=0.00, real=0.00 secs] 
44.060: [GC 44.060: [DefNew: 960K->64K(960K), 0.0045323 secs] 352232K->351946K(524224K), 0.0046151 secs] [Times: user=0.00 sys=0.00, real=0.01 secs] 
44.068: [GC 44.068: [DefNew: 960K->64K(960K), 0.0044154 secs] 352843K->352551K(524224K), 0.0044828 secs] [Times: user=0.00 sys=0.00, real=0.01 secs] 
44.073: [GC 44.073: [DefNew: 960K->64K(960K), 0.0043471 secs] 353447K->353172K(524224K), 0.0044111 secs] [Times: user=0.00 sys=0.00, real=0.00 secs] 
44.080: [GC 44.080: [DefNew: 960K->64K(960K), 0.0048600 secs] 354069K->353822K(524224K), 0.0049428 secs] [Times: user=0.02 sys=0.00, real=0.01 secs] 
44.087: [GC 44.087: [DefNew: 960K->63K(960K), 0.0045415 secs] 354719K->354470K(524224K), 0.0046377 secs] [Times: user=0.00 sys=0.00, real=0.00 secs] 
44.093: [GC 44.093: [DefNew: 959K->64K(960K), 0.0045935 secs] 355366K->355107K(524224K), 0.0046632 secs] [Times: user=0.02 sys=0.00, real=0.01 secs] 
44.102: [GC 44.102: [DefNew: 960K->63K(960K), 0.0045704 secs] 356004K->355721K(524224K), 0.0046411 secs] [Times: user=0.00 sys=0.00, real=0.00 secs] 
44.108: [GC 44.108: [DefNew: 959K->63K(960K), 0.0042066 secs] 356618K->356327K(524224K), 0.0042672 secs] [Times: user=0.00 sys=0.00, real=0.00 secs] 
44.114: [GC 44.114: [DefNew: 959K->63K(960K), 0.0050737 secs] 357223K->356935K(524224K), 0.0051362 secs] [Times: user=0.00 sys=0.00, real=0.00 secs] 
44.120: [GC 44.120: [DefNew: 959K->64K(960K), 0.0043283 secs] 357833K->357536K(524224K), 0.0043942 secs] [Times: user=0.00 sys=0.00, real=0.00 secs] 
44.130: [GC 44.131: [DefNew: 960K->64K(960K), 0.0045757 secs] 358433K->358192K(524224K), 0.0046435 secs] [Times: user=0.00 sys=0.00, real=0.01 secs] 
44.138: [GC 44.138: [DefNew: 960K->64K(960K), 0.0045011 secs] 359089K->358802K(524224K), 0.0045752 secs] [Times: user=0.00 sys=0.00, real=0.00 secs] 
44.144: [GC 44.144: [DefNew: 960K->63K(960K), 0.0048446 secs] 359698K->359461K(524224K), 0.0049130 secs] [Times: user=0.00 sys=0.00, real=0.00 secs] 
44.151: [GC 44.151: [DefNew: 959K->63K(960K), 0.0049582 secs] 360358K->360090K(524224K), 0.0050294 secs] [Times: user=0.00 sys=0.00, real=0.00 secs] 
44.157: [GC 44.157: [DefNew: 959K->63K(960K), 0.0042388 secs] 360987K->360689K(524224K), 0.0043173 secs] [Times: user=0.01 sys=0.00, real=0.00 secs] 
44.164: [GC 44.164: [DefNew: 959K->63K(960K), 0.0044101 secs] 361586K->361371K(524224K), 0.0044837 secs] [Times: user=0.00 sys=0.00, real=0.00 secs] 
44.170: [GC 44.170: [DefNew: 959K->63K(960K), 0.0046960 secs] 362267K->362013K(524224K), 0.0047638 secs] [Times: user=0.00 sys=0.00, real=0.00 secs] 
44.178: [GC 44.178: [DefNew: 959K->64K(960K), 0.0044910 secs] 362909K->362648K(524224K), 0.0045607 secs] [Times: user=0.00 sys=0.00, real=0.00 secs] 
44.183: [GC 44.183: [DefNew: 960K->64K(960K), 0.0045482 secs] 363545K->363246K(524224K), 0.0046161 secs] [Times: user=0.00 sys=0.00, real=0.00 secs] 
44.190: [GC 44.190: [DefNew: 960K->64K(960K), 0.0044669 secs] 364144K->363871K(524224K), 0.0045367 secs] [Times: user=0.02 sys=0.00, real=0.00 secs] 
44.197: [GC 44.197: [DefNew: 960K->64K(960K), 0.0044481 secs] 364767K->364501K(524224K), 0.0045232 secs] [Times: user=0.00 sys=0.00, real=0.00 secs] 
44.203: [GC 44.203: [DefNew: 960K->63K(960K), 0.0043630 secs] 365398K->365124K(524224K), 0.0044303 secs] [Times: user=0.02 sys=0.00, real=0.00 secs] 
44.210: [GC 44.210: [DefNew: 959K->64K(960K), 0.0043947 secs] 366020K->365735K(524224K), 0.0044597 secs] [Times: user=0.00 sys=0.00, real=0.00 secs] 
44.216: [GC 44.216: [DefNew: 960K->63K(960K), 0.0044948 secs] 366632K->366334K(524224K), 0.0045598 secs] [Times: user=0.00 sys=0.00, real=0.00 secs] 
44.223: [GC 44.223: [DefNew: 959K->63K(960K), 0.0045848 secs] 367232K->366957K(524224K), 0.0046517 secs] [Times: user=0.00 sys=0.00, real=0.00 secs] 
44.229: [GC 44.229: [DefNew: 959K->64K(960K), 0.0044683 secs] 367853K->367550K(524224K), 0.0045328 secs] [Times: user=0.00 sys=0.00, real=0.00 secs] 
44.236: [GC 44.236: [DefNew: 960K->63K(960K), 0.0046998 secs] 368447K->368200K(524224K), 0.0047984 secs] [Times: user=0.02 sys=0.00, real=0.00 secs] 
44.243: [GC 44.243: [DefNew: 959K->64K(960K), 0.0049351 secs] 369096K->368915K(524224K), 0.0050054 secs] [Times: user=0.00 sys=0.00, real=0.00 secs] 
44.249: [GC 44.249: [DefNew: 960K->63K(960K), 0.0045439 secs] 369812K->369517K(524224K), 0.0046170 secs] [Times: user=0.02 sys=0.00, real=0.00 secs] 
44.256: [GC 44.256: [DefNew: 959K->63K(960K), 0.0047989 secs] 370413K->370212K(524224K), 0.0048884 secs] [Times: user=0.00 sys=0.00, real=0.00 secs] 
44.262: [GC 44.262: [DefNew: 959K->64K(960K), 0.0047932 secs] 371109K->370951K(524224K), 0.0048600 secs] [Times: user=0.00 sys=0.00, real=0.00 secs] 
44.269: [GC 44.269: [DefNew: 960K->63K(960K), 0.0047470 secs] 371847K->371583K(524224K), 0.0048201 secs] [Times: user=0.01 sys=0.00, real=0.00 secs] 
44.275: [GC 44.275: [DefNew: 959K->64K(960K), 0.0043582 secs] 372481K->372173K(524224K), 0.0044279 secs] [Times: user=0.00 sys=0.00, real=0.00 secs] 
44.281: [GC 44.281: [DefNew: 960K->63K(960K), 0.0046392 secs] 373069K->372777K(524224K), 0.0047142 secs] [Times: user=0.02 sys=0.00, real=0.01 secs] 
44.288: [GC 44.288: [DefNew: 959K->63K(960K), 0.0044621 secs] 373674K->373382K(524224K), 0.0045362 secs] [Times: user=0.00 sys=0.00, real=0.00 secs] 
44.294: [GC 44.294: [DefNew: 959K->63K(960K), 0.0043654 secs] 374279K->374018K(524224K), 0.0044327 secs] [Times: user=0.00 sys=0.00, real=0.00 secs] 
44.301: [GC 44.301: [DefNew: 959K->64K(960K), 0.0045314 secs] 374915K->374652K(524224K), 0.0045997 secs] [Times: user=0.00 sys=0.00, real=0.01 secs] 
44.307: [GC 44.307: [DefNew: 960K->63K(960K), 0.0049813 secs] 375549K->375422K(524224K), 0.0050463 secs] [Times: user=0.00 sys=0.00, real=0.01 secs] 
44.314: [GC 44.314: [DefNew: 959K->63K(960K), 0.0051468 secs] 376319K->376071K(524224K), 0.0052190 secs] [Times: user=0.01 sys=0.00, real=0.01 secs] 
44.320: [GC 44.320: [DefNew: 959K->64K(960K), 0.0045429 secs] 376969K->376683K(524224K), 0.0046074 secs] [Times: user=0.00 sys=0.00, real=0.01 secs] 
44.327: [GC 44.327: [DefNew: 960K->64K(960K), 0.0049832 secs] 377580K->377469K(524224K), 0.0050530 secs] [Times: user=0.02 sys=0.00, real=0.01 secs] 
44.335: [GC 44.335: [DefNew: 960K->63K(960K), 0.0050544 secs] 378365K->378185K(524224K), 0.0051247 secs] [Times: user=0.00 sys=0.00, real=0.00 secs] 
44.341: [GC 44.341: [DefNew: 959K->64K(960K), 0.0049746 secs] 379081K->378790K(524224K), 0.0050434 secs] [Times: user=0.00 sys=0.00, real=0.00 secs] 
44.348: [GC 44.348: [DefNew: 960K->63K(960K), 0.0048995 secs] 379688K->379431K(524224K), 0.0049722 secs] [Times: user=0.00 sys=0.00, real=0.00 secs] 
44.354: [GC 44.354: [DefNew: 959K->64K(960K), 0.0055457 secs] 380328K->380116K(524224K), 0.0056391 secs] [Times: user=0.00 sys=0.00, real=0.01 secs] 
44.362: [GC 44.362: [DefNew: 960K->64K(960K), 0.0050424 secs] 381012K->380721K(524224K), 0.0051536 secs] [Times: user=0.02 sys=0.00, real=0.00 secs] 
44.369: [GC 44.369: [DefNew: 960K->63K(960K), 0.0049115 secs] 381617K->381475K(524224K), 0.0051526 secs] [Times: user=0.00 sys=0.00, real=0.00 secs] 
44.375: [GC 44.375: [DefNew: 959K->63K(960K), 0.0058633 secs] 382372K->382105K(524224K), 0.0059461 secs] [Times: user=0.02 sys=0.00, real=0.01 secs] 
44.383: [GC 44.383: [DefNew: 959K->64K(960K), 0.0048413 secs] 383001K->382775K(524224K), 0.0049159 secs] [Times: user=0.00 sys=0.00, real=0.01 secs] 
44.389: [GC 44.389: [DefNew: 960K->63K(960K), 0.0050963 secs] 383671K->383561K(524224K), 0.0051834 secs] [Times: user=0.02 sys=0.00, real=0.01 secs] 
44.396: [GC 44.396: [DefNew: 959K->63K(960K), 0.0069022 secs] 384457K->384351K(524224K), 0.0069720 secs] [Times: user=0.00 sys=0.00, real=0.01 secs] 
44.404: [GC 44.404: [DefNew: 959K->64K(960K), 0.0048851 secs] 385249K->384972K(524224K), 0.0049491 secs] [Times: user=0.00 sys=0.00, real=0.00 secs] 
44.411: [GC 44.411: [DefNew: 960K->63K(960K), 0.0045251 secs] 385869K->385618K(524224K), 0.0045959 secs] [Times: user=0.00 sys=0.00, real=0.00 secs] 
44.418: [GC 44.418: [DefNew: 959K->64K(960K), 0.0054091 secs] 386515K->386395K(524224K), 0.0054899 secs] [Times: user=0.00 sys=0.00, real=0.00 secs] 
44.425: [GC 44.425: [DefNew: 960K->63K(960K), 0.0049587 secs] 387292K->387017K(524224K), 0.0050333 secs] [Times: user=0.02 sys=0.00, real=0.01 secs] 
44.432: [GC 44.432: [DefNew: 959K->63K(960K), 0.0050217 secs] 387913K->387665K(524224K), 0.0050881 secs] [Times: user=0.00 sys=0.00, real=0.01 secs] 
44.438: [GC 44.438: [DefNew: 959K->64K(960K), 0.0062824 secs] 388563K->388277K(524224K), 0.0063546 secs] [Times: user=0.02 sys=0.00, real=0.01 secs] 
44.446: [GC 44.446: [DefNew: 960K->64K(960K), 0.0048750 secs] 389173K->388918K(524224K), 0.0049399 secs] [Times: user=0.00 sys=0.00, real=0.01 secs] 
44.452: [GC 44.452: [DefNew: 960K->64K(960K), 0.0044202 secs] 389814K->389524K(524224K), 0.0044837 secs] [Times: user=0.00 sys=0.00, real=0.00 secs] 
44.459: [GC 44.459: [DefNew: 960K->64K(960K), 0.0044250 secs] 390420K->390161K(524224K), 0.0044934 secs] [Times: user=0.00 sys=0.00, real=0.00 secs] 
44.466: [GC 44.466: [DefNew: 960K->63K(960K), 0.0042600 secs] 391058K->390756K(524224K), 0.0043245 secs] [Times: user=0.00 sys=0.00, real=0.00 secs] 
44.471: [GC 44.471: [DefNew: 959K->63K(960K), 0.0045559 secs] 391652K->391387K(524224K), 0.0046209 secs] [Times: user=0.02 sys=0.00, real=0.01 secs] 
44.478: [GC 44.478: [DefNew: 959K->63K(960K), 0.0046469 secs] 392284K->392028K(524224K), 0.0047176 secs] [Times: user=0.00 sys=0.00, real=0.00 secs] 
44.484: [GC 44.484: [DefNew: 959K->64K(960K), 0.0046204 secs] 392924K->392635K(524224K), 0.0046868 secs] [Times: user=0.01 sys=0.00, real=0.01 secs] 
44.491: [GC 44.491: [DefNew: 960K->64K(960K), 0.0044385 secs] 393531K->393270K(524224K), 0.0045044 secs] [Times: user=0.00 sys=0.00, real=0.00 secs] 
44.498: [GC 44.498: [DefNew: 960K->63K(960K), 0.0043861 secs] 394167K->393865K(524224K), 0.0044505 secs] [Times: user=0.00 sys=0.00, real=0.00 secs] 
44.503: [GC 44.503: [DefNew: 959K->64K(960K), 0.0049779 secs] 394761K->394455K(524224K), 0.0050463 secs] [Times: user=0.02 sys=0.00, real=0.00 secs] 
44.510: [GC 44.510: [DefNew: 960K->63K(960K), 0.0045891 secs] 395352K->395080K(524224K), 0.0046589 secs] [Times: user=0.00 sys=0.00, real=0.00 secs] 
44.517: [GC 44.517: [DefNew: 959K->64K(960K), 0.0047624 secs] 395977K->395712K(524224K), 0.0048292 secs] [Times: user=0.01 sys=0.00, real=0.00 secs] 
44.523: [GC 44.523: [DefNew: 960K->63K(960K), 0.0043158 secs] 396608K->396333K(524224K), 0.0043827 secs] [Times: user=0.00 sys=0.00, real=0.00 secs] 
44.529: [GC 44.529: [DefNew: 959K->63K(960K), 0.0044250 secs] 397230K->396950K(524224K), 0.0044876 secs] [Times: user=0.00 sys=0.00, real=0.00 secs] 
44.537: [GC 44.537: [DefNew: 959K->63K(960K), 0.0045131 secs] 397847K->397601K(524224K), 0.0045785 secs] [Times: user=0.00 sys=0.00, real=0.00 secs] 
44.544: [GC 44.544: [DefNew: 959K->64K(960K), 0.0045328 secs] 398497K->398237K(524224K), 0.0045963 secs] [Times: user=0.00 sys=0.00, real=0.00 secs] 
44.550: [GC 44.550: [DefNew: 960K->63K(960K), 0.0045718 secs] 399133K->398850K(524224K), 0.0046368 secs] [Times: user=0.00 sys=0.00, real=0.01 secs] 
44.557: [GC 44.557: [DefNew: 959K->63K(960K), 0.0045150 secs] 399747K->399464K(524224K), 0.0045858 secs] [Times: user=0.00 sys=0.00, real=0.00 secs] 
44.563: [GC 44.563: [DefNew: 959K->63K(960K), 0.0045054 secs] 400361K->400050K(524224K), 0.0045838 secs] [Times: user=0.02 sys=0.00, real=0.01 secs] 
44.570: [GC 44.570: [DefNew: 959K->64K(960K), 0.0041561 secs] 400947K->400648K(524224K), 0.0042215 secs] [Times: user=0.00 sys=0.00, real=0.00 secs] 
44.576: [GC 44.576: [DefNew: 960K->64K(960K), 0.0047142 secs] 401544K->401286K(524224K), 0.0047802 secs] [Times: user=0.00 sys=0.00, real=0.00 secs] 
44.583: [GC 44.583: [DefNew: 960K->64K(960K), 0.0045554 secs] 402183K->401889K(524224K), 0.0046204 secs] [Times: user=0.00 sys=0.00, real=0.00 secs] 
44.589: [GC 44.589: [DefNew: 960K->63K(960K), 0.0045290 secs] 402786K->402488K(524224K), 0.0045949 secs] [Times: user=0.00 sys=0.00, real=0.00 secs] 
44.595: [GC 44.595: [DefNew: 959K->64K(960K), 0.0045598 secs] 403384K->403108K(524224K), 0.0046652 secs] [Times: user=0.02 sys=0.00, real=0.00 secs] 
44.602: [GC 44.602: [DefNew: 960K->63K(960K), 0.0047951 secs] 404004K->403751K(524224K), 0.0048620 secs] [Times: user=0.00 sys=0.00, real=0.00 secs] 
44.609: [GC 44.609: [DefNew: 959K->64K(960K), 0.0046103 secs] 404648K->404398K(524224K), 0.0046709 secs] [Times: user=0.02 sys=0.00, real=0.00 secs] 
44.615: [GC 44.615: [DefNew: 960K->63K(960K), 0.0046108 secs] 405294K->405008K(524224K), 0.0046743 secs] [Times: user=0.00 sys=0.00, real=0.00 secs] 
44.622: [GC 44.622: [DefNew: 959K->63K(960K), 0.0045530 secs] 405904K->405658K(524224K), 0.0046166 secs] [Times: user=0.00 sys=0.00, real=0.00 secs] 
44.628: [GC 44.628: [DefNew: 959K->63K(960K), 0.0049404 secs] 406554K->406289K(524224K), 0.0050054 secs] [Times: user=0.00 sys=0.00, real=0.00 secs] 
44.635: [GC 44.635: [DefNew: 959K->64K(960K), 0.0047643 secs] 407186K->406915K(524224K), 0.0048355 secs] [Times: user=0.00 sys=0.00, real=0.00 secs] 
44.642: [GC 44.642: [DefNew: 960K->63K(960K), 0.0050227 secs] 407812K->407562K(524224K), 0.0050900 secs] [Times: user=0.02 sys=0.00, real=0.00 secs] 
44.648: [GC 44.648: [DefNew: 959K->64K(960K), 0.0045915 secs] 408459K->408174K(524224K), 0.0046575 secs] [Times: user=0.00 sys=0.00, real=0.00 secs] 
44.655: [GC 44.655: [DefNew: 960K->64K(960K), 0.0047046 secs] 409071K->408796K(524224K), 0.0047681 secs] [Times: user=0.00 sys=0.00, real=0.00 secs] 
44.661: [GC 44.661: [DefNew: 960K->63K(960K), 0.0047388 secs] 409693K->409439K(524224K), 0.0048028 secs] [Times: user=0.00 sys=0.00, real=0.00 secs] 
44.668: [GC 44.668: [DefNew: 959K->63K(960K), 0.0044626 secs] 410336K->410079K(524224K), 0.0045271 secs] [Times: user=0.00 sys=0.00, real=0.00 secs] 
44.674: [GC 44.674: [DefNew: 959K->63K(960K), 0.0047845 secs] 410975K->410704K(524224K), 0.0048490 secs] [Times: user=0.02 sys=0.00, real=0.00 secs] 
44.681: [GC 44.681: [DefNew: 959K->63K(960K), 0.0048706 secs] 411600K->411359K(524224K), 0.0049693 secs] [Times: user=0.00 sys=0.00, real=0.00 secs] 
44.688: [GC 44.688: [DefNew: 959K->63K(960K), 0.0045891 secs] 412255K->411963K(524224K), 0.0046647 secs] [Times: user=0.02 sys=0.00, real=0.00 secs] 
44.694: [GC 44.694: [DefNew: 959K->63K(960K), 0.0047166 secs] 412859K->412587K(524224K), 0.0047811 secs] [Times: user=0.00 sys=0.00, real=0.00 secs] 
44.701: [GC 44.701: [DefNew: 959K->63K(960K), 0.0048297 secs] 413484K->413222K(524224K), 0.0048995 secs] [Times: user=0.01 sys=0.00, real=0.01 secs] 
44.708: [GC 44.708: [DefNew: 959K->63K(960K), 0.0049154 secs] 414119K->413859K(524224K), 0.0049823 secs] [Times: user=0.00 sys=0.00, real=0.01 secs] 
44.715: [GC 44.715: [DefNew: 959K->63K(960K), 0.0047104 secs] 414756K->414481K(524224K), 0.0047917 secs] [Times: user=0.00 sys=0.00, real=0.01 secs] 
44.721: [GC 44.721: [DefNew: 959K->63K(960K), 0.0047980 secs] 415378K->415086K(524224K), 0.0048634 secs] [Times: user=0.02 sys=0.00, real=0.01 secs] 
44.728: [GC 44.728: [DefNew: 959K->64K(960K), 0.0045155 secs] 415984K->415724K(524224K), 0.0045805 secs] [Times: user=0.00 sys=0.00, real=0.00 secs] 
44.735: [GC 44.735: [DefNew: 960K->63K(960K), 0.0046565 secs] 416621K->416355K(524224K), 0.0047200 secs] [Times: user=0.01 sys=0.00, real=0.00 secs] 
44.741: [GC 44.741: [DefNew: 959K->63K(960K), 0.0052296 secs] 417251K->416997K(524224K), 0.0052994 secs] [Times: user=0.00 sys=0.00, real=0.01 secs] 
44.749: [GC 44.749: [DefNew: 959K->63K(960K), 0.0052816 secs] 417893K->417670K(524224K), 0.0053537 secs] [Times: user=0.02 sys=0.00, real=0.00 secs] 
44.756: [GC 44.756: [DefNew: 959K->63K(960K), 0.0053600 secs] 418566K->418289K(524224K), 0.0054278 secs] [Times: user=0.00 sys=0.00, real=0.00 secs] 
44.764: [GC 44.764: [DefNew: 959K->63K(960K), 0.0044496 secs] 419186K->418932K(524224K), 0.0045117 secs] [Times: user=0.00 sys=0.00, real=0.00 secs] 
44.770: [GC 44.770: [DefNew: 959K->63K(960K), 0.0046964 secs] 419829K->419534K(524224K), 0.0047652 secs] [Times: user=0.00 sys=0.00, real=0.00 secs] 
44.777: [GC 44.777: [DefNew: 959K->64K(960K), 0.0047590 secs] 420431K->420163K(524224K), 0.0048244 secs] [Times: user=0.00 sys=0.00, real=0.01 secs] 
44.783: [GC 44.783: [DefNew: 960K->64K(960K), 0.0048711 secs] 421059K->420807K(524224K), 0.0049250 secs] [Times: user=0.02 sys=0.00, real=0.00 secs] 
44.790: [GC 44.790: [DefNew: 960K->63K(960K), 0.0048778 secs] 421703K->421451K(524224K), 0.0049442 secs] [Times: user=0.00 sys=0.00, real=0.01 secs] 
44.797: [GC 44.797: [DefNew: 959K->63K(960K), 0.0047821 secs] 422349K->422068K(524224K), 0.0048514 secs] [Times: user=0.02 sys=0.00, real=0.01 secs] 
44.803: [GC 44.803: [DefNew: 959K->63K(960K), 0.0046714 secs] 422966K->422682K(524224K), 0.0047340 secs] [Times: user=0.00 sys=0.00, real=0.01 secs] 
44.810: [GC 44.810: [DefNew: 959K->64K(960K), 0.0048187 secs] 423578K->423325K(524224K), 0.0048870 secs] [Times: user=0.00 sys=0.00, real=0.01 secs] 
44.816: [GC 44.816: [DefNew: 960K->64K(960K), 0.0047099 secs] 424222K->423916K(524224K), 0.0047768 secs] [Times: user=0.00 sys=0.00, real=0.00 secs] 
44.823: [GC 44.823: [DefNew: 960K->63K(960K), 0.0045963 secs] 424814K->424583K(524224K), 0.0046637 secs] [Times: user=0.00 sys=0.00, real=0.00 secs] 
44.829: [GC 44.829: [DefNew: 959K->64K(960K), 0.0048451 secs] 425480K->425204K(524224K), 0.0049110 secs] [Times: user=0.02 sys=0.00, real=0.00 secs] 
44.836: [GC 44.836: [DefNew: 960K->64K(960K), 0.0047263 secs] 426101K->425831K(524224K), 0.0048018 secs] [Times: user=0.00 sys=0.00, real=0.01 secs] 
44.843: [GC 44.843: [DefNew: 960K->63K(960K), 0.0050246 secs] 426727K->426489K(524224K), 0.0050982 secs] [Times: user=0.02 sys=0.00, real=0.01 secs] 
44.850: [GC 44.850: [DefNew: 959K->64K(960K), 0.0048095 secs] 427385K->427108K(524224K), 0.0048745 secs] [Times: user=0.00 sys=0.00, real=0.01 secs] 
44.857: [GC 44.857: [DefNew: 960K->63K(960K), 0.0045487 secs] 428005K->427752K(524224K), 0.0046127 secs] [Times: user=0.00 sys=0.00, real=0.00 secs] 
44.864: [GC 44.864: [DefNew: 959K->64K(960K), 0.0047585 secs] 428649K->428411K(524224K), 0.0048148 secs] [Times: user=0.00 sys=0.00, real=0.00 secs] 
44.871: [GC 44.871: [DefNew: 960K->63K(960K), 0.0046214 secs] 429309K->429032K(524224K), 0.0046834 secs] [Times: user=0.00 sys=0.00, real=0.00 secs] 
44.877: [GC 44.877: [DefNew: 959K->63K(960K), 0.0044573 secs] 429928K->429636K(524224K), 0.0045242 secs] [Times: user=0.01 sys=0.00, real=0.00 secs] 
44.884: [GC 44.884: [DefNew: 959K->63K(960K), 0.0050429 secs] 430532K->430289K(524224K), 0.0051103 secs] [Times: user=0.00 sys=0.00, real=0.00 secs] 
44.891: [GC 44.891: [DefNew: 959K->64K(960K), 0.0049154 secs] 431186K->430915K(524224K), 0.0049861 secs] [Times: user=0.02 sys=0.00, real=0.00 secs] 
44.897: [GC 44.897: [DefNew: 960K->63K(960K), 0.0047484 secs] 431812K->431517K(524224K), 0.0048081 secs] [Times: user=0.00 sys=0.00, real=0.00 secs] 
44.904: [GC 44.904: [DefNew: 959K->63K(960K), 0.0044246 secs] 432415K->432132K(524224K), 0.0044886 secs] [Times: user=0.00 sys=0.00, real=0.00 secs] 
44.911: [GC 44.911: [DefNew: 959K->63K(960K), 0.0045732 secs] 433029K->432744K(524224K), 0.0046406 secs] [Times: user=0.00 sys=0.00, real=0.00 secs] 
44.917: [GC 44.917: [DefNew: 959K->63K(960K), 0.0047551 secs] 433641K->433394K(524224K), 0.0048187 secs] [Times: user=0.00 sys=0.00, real=0.00 secs] 
44.923: [GC 44.923: [DefNew: 959K->63K(960K), 0.0050862 secs] 434291K->434027K(524224K), 0.0051521 secs] [Times: user=0.02 sys=0.00, real=0.01 secs] 
44.930: [GC 44.930: [DefNew: 959K->64K(960K), 0.0047956 secs] 434924K->434697K(524224K), 0.0048735 secs] [Times: user=0.00 sys=0.00, real=0.00 secs] 
44.937: [GC 44.937: [DefNew: 960K->63K(960K), 0.0056656 secs] 435594K->435332K(524224K), 0.0057373 secs] [Times: user=0.02 sys=0.00, real=0.00 secs] 
44.944: [GC 44.944: [DefNew: 959K->64K(960K), 0.0048071 secs] 436229K->435985K(524224K), 0.0048721 secs] [Times: user=0.00 sys=0.00, real=0.00 secs] 
44.951: [GC 44.951: [DefNew: 960K->64K(960K), 0.0054736 secs] 436881K->436605K(524224K), 0.0055428 secs] [Times: user=0.02 sys=0.00, real=0.01 secs] 
44.958: [GC 44.958: [DefNew: 960K->64K(960K), 0.0048259 secs] 437501K->437291K(524224K), 0.0048899 secs] [Times: user=0.00 sys=0.00, real=0.01 secs] 
44.965: [GC 44.965: [DefNew: 960K->64K(960K), 0.0049038 secs] 438188K->437900K(524224K), 0.0049645 secs] [Times: user=0.00 sys=0.00, real=0.01 secs] 
44.971: [GC 44.971: [DefNew: 960K->64K(960K), 0.0045040 secs] 438797K->438497K(524224K), 0.0045761 secs] [Times: user=0.02 sys=0.00, real=0.01 secs] 
44.978: [GC 44.978: [DefNew: 960K->63K(960K), 0.0045246 secs] 439394K->439128K(524224K), 0.0045911 secs] [Times: user=0.00 sys=0.00, real=0.00 secs] 
44.985: [GC 44.985: [DefNew: 959K->63K(960K), 0.0050294 secs] 440025K->439752K(524224K), 0.0051035 secs] [Times: user=0.02 sys=0.00, real=0.01 secs] 
44.991: [GC 44.991: [DefNew: 959K->63K(960K), 0.0055679 secs] 440649K->440494K(524224K), 0.0056381 secs] [Times: user=0.00 sys=0.00, real=0.01 secs] 
44.999: [GC 44.999: [DefNew: 959K->64K(960K), 0.0056800 secs] 441391K->441158K(524224K), 0.0057483 secs] [Times: user=0.02 sys=0.00, real=0.00 secs] 
45.006: [GC 45.006: [DefNew: 960K->64K(960K), 0.0066871 secs] 442055K->441783K(524224K), 0.0067612 secs] [Times: user=0.00 sys=0.00, real=0.01 secs] 
45.015: [GC 45.015: [DefNew: 960K->64K(960K), 0.0050915 secs] 442680K->442441K(524224K), 0.0051589 secs] [Times: user=0.02 sys=0.00, real=0.01 secs] 
45.021: [GC 45.021: [DefNew: 960K->63K(960K), 0.0052253 secs] 443338K->443076K(524224K), 0.0052897 secs] [Times: user=0.00 sys=0.00, real=0.01 secs] 
45.028: [GC 45.028: [DefNew: 959K->64K(960K), 0.0046353 secs] 443972K->443716K(524224K), 0.0047032 secs] [Times: user=0.00 sys=0.00, real=0.00 secs] 
45.035: [GC 45.035: [DefNew: 960K->63K(960K), 0.0051444 secs] 444612K->444403K(524224K), 0.0052099 secs] [Times: user=0.00 sys=0.00, real=0.00 secs] 
45.041: [GC 45.041: [DefNew: 959K->63K(960K), 0.0051459 secs] 445300K->445026K(524224K), 0.0052152 secs] [Times: user=0.00 sys=0.00, real=0.01 secs] 
45.048: [GC 45.048: [DefNew: 959K->63K(960K), 0.0048110 secs] 445922K->445655K(524224K), 0.0048875 secs] [Times: user=0.01 sys=0.00, real=0.01 secs] 
45.054: [GC 45.054: [DefNew: 959K->64K(960K), 0.0051632 secs] 446552K->446278K(524224K), 0.0052281 secs] [Times: user=0.00 sys=0.00, real=0.01 secs] 
45.061: [GC 45.061: [DefNew: 960K->64K(960K), 0.0050713 secs] 447175K->446953K(524224K), 0.0051444 secs] [Times: user=0.02 sys=0.00, real=0.01 secs] 
45.067: [GC 45.067: [DefNew: 960K->63K(960K), 0.0048591 secs] 447850K->447584K(524224K), 0.0049260 secs] [Times: user=0.00 sys=0.00, real=0.01 secs] 
45.074: [GC 45.074: [DefNew: 959K->63K(960K), 0.0051872 secs] 448481K->448335K(524224K), 0.0052522 secs] [Times: user=0.00 sys=0.00, real=0.01 secs] 
45.080: [GC 45.080: [DefNew: 959K->64K(960K), 0.0054856 secs] 449231K->448954K(524224K), 0.0055597 secs] [Times: user=0.01 sys=0.00, real=0.01 secs] 
45.088: [GC 45.088: [DefNew: 960K->63K(960K), 0.0059071 secs] 449851K->449590K(524224K), 0.0059764 secs] [Times: user=0.00 sys=0.00, real=0.01 secs] 
45.096: [GC 45.096: [DefNew: 959K->64K(960K), 0.0050602 secs] 450487K->450277K(524224K), 0.0051314 secs] [Times: user=0.00 sys=0.00, real=0.01 secs] 
45.102: [GC 45.102: [DefNew: 960K->64K(960K), 0.0049553 secs] 451175K->450868K(524224K), 0.0050251 secs] [Times: user=0.00 sys=0.00, real=0.00 secs] 
45.109: [GC 45.109: [DefNew: 960K->64K(960K), 0.0050968 secs] 451765K->451551K(524224K), 0.0051670 secs] [Times: user=0.02 sys=0.00, real=0.01 secs] 
45.115: [GC 45.115: [DefNew: 960K->64K(960K), 0.0050208 secs] 452448K->452179K(524224K), 0.0050891 secs] [Times: user=0.00 sys=0.00, real=0.00 secs] 
45.122: [GC 45.122: [DefNew: 960K->63K(960K), 0.0047662 secs] 453076K->452771K(524224K), 0.0048345 secs] [Times: user=0.00 sys=0.00, real=0.01 secs] 
45.129: [GC 45.129: [DefNew: 959K->64K(960K), 0.0048398 secs] 453669K->453392K(524224K), 0.0049096 secs] [Times: user=0.00 sys=0.00, real=0.00 secs] 
45.135: [GC 45.135: [DefNew: 960K->64K(960K), 0.0058051 secs] 454291K->454028K(524224K), 0.0058826 secs] [Times: user=0.00 sys=0.00, real=0.01 secs] 
45.143: [GC 45.143: [DefNew: 960K->63K(960K), 0.0054981 secs] 454925K->454658K(524224K), 0.0055684 secs] [Times: user=0.00 sys=0.00, real=0.01 secs] 
45.150: [GC 45.150: [DefNew: 959K->63K(960K), 0.0049053 secs] 455555K->455285K(524224K), 0.0049746 secs] [Times: user=0.00 sys=0.00, real=0.01 secs] 
45.157: [GC 45.157: [DefNew: 959K->64K(960K), 0.0051959 secs] 456182K->455926K(524224K), 0.0052729 secs] [Times: user=0.02 sys=0.00, real=0.00 secs] 
45.163: [GC 45.164: [DefNew: 960K->63K(960K), 0.0050184 secs] 456822K->456564K(524224K), 0.0050872 secs] [Times: user=0.00 sys=0.00, real=0.01 secs] 
45.170: [GC 45.170: [DefNew: 959K->64K(960K), 0.0046570 secs] 457460K->457188K(524224K), 0.0047195 secs] [Times: user=0.02 sys=0.00, real=0.00 secs] 
45.177: [GC 45.177: [DefNew: 960K->64K(960K), 0.0059687 secs] 458085K->457844K(524224K), 0.0060471 secs] [Times: user=0.00 sys=0.00, real=0.01 secs] 
45.184: [GC 45.184: [DefNew: 960K->64K(960K), 0.0055289 secs] 458740K->458495K(524224K), 0.0056078 secs] [Times: user=0.00 sys=0.00, real=0.00 secs] 
45.193: [GC 45.193: [DefNew: 960K->63K(960K), 0.0055255 secs] 459392K->459262K(524224K), 0.0055972 secs] [Times: user=0.00 sys=0.00, real=0.00 secs] 
45.200: [GC 45.201: [DefNew: 959K->63K(960K), 0.0054047 secs] 460158K->460026K(524224K), 0.0055342 secs] [Times: user=0.00 sys=0.02, real=0.01 secs] 
45.208: [GC 45.208: [DefNew: 959K->63K(960K), 0.0052907 secs] 460923K->460658K(524224K), 0.0053610 secs] [Times: user=0.00 sys=0.00, real=0.01 secs] 
45.215: [GC 45.215: [DefNew: 959K->63K(960K), 0.0051622 secs] 461555K->461298K(524224K), 0.0052320 secs] [Times: user=0.00 sys=0.00, real=0.01 secs] 
45.222: [GC 45.222: [DefNew: 959K->64K(960K), 0.0055852 secs] 462195K->461917K(524224K), 0.0056627 secs] [Times: user=0.00 sys=0.00, real=0.01 secs] 
45.229: [GC 45.229: [DefNew: 960K->64K(960K), 0.0051324 secs] 462814K->462579K(524224K), 0.0052022 secs] [Times: user=0.00 sys=0.00, real=0.00 secs] 
45.236: [GC 45.236: [DefNew: 960K->64K(960K), 0.0049303 secs] 463476K->463233K(524224K), 0.0050010 secs] [Times: user=0.02 sys=0.00, real=0.00 secs] 
45.243: [GC 45.243: [DefNew: 960K->63K(960K), 0.0053061 secs] 464130K->463914K(524224K), 0.0053740 secs] [Times: user=0.00 sys=0.00, real=0.00 secs] 
45.249: [GC 45.249: [DefNew: 959K->64K(960K), 0.0053104 secs] 464811K->464517K(524224K), 0.0053812 secs] [Times: user=0.01 sys=0.00, real=0.00 secs] 
45.256: [GC 45.256: [DefNew: 960K->64K(960K), 0.0052344 secs] 465413K->465164K(524224K), 0.0053061 secs] [Times: user=0.00 sys=0.00, real=0.00 secs] 
45.263: [GC 45.263: [DefNew: 960K->64K(960K), 0.0057074 secs] 466061K->465877K(524224K), 0.0057993 secs] [Times: user=0.02 sys=0.00, real=0.01 secs] 
45.270: [GC 45.270: [DefNew: 960K->64K(960K), 0.0053845 secs] 466774K->466539K(524224K), 0.0054567 secs] [Times: user=0.00 sys=0.00, real=0.00 secs] 
45.277: [GC 45.277: [DefNew: 960K->64K(960K), 0.0053874 secs] 467436K->467172K(524224K), 0.0054625 secs] [Times: user=0.00 sys=0.00, real=0.01 secs] 
45.285: [GC 45.285: [DefNew: 960K->64K(960K), 0.0054577 secs] 468069K->467872K(524224K), 0.0055308 secs] [Times: user=0.00 sys=0.00, real=0.00 secs] 
45.293: [GC 45.293: [DefNew: 960K->63K(960K), 0.0052753 secs] 468769K->468560K(524224K), 0.0053475 secs] [Times: user=0.00 sys=0.00, real=0.00 secs] 
45.300: [GC 45.300: [DefNew: 959K->63K(960K), 0.0052508 secs] 469457K->469308K(524224K), 0.0053258 secs] [Times: user=0.00 sys=0.00, real=0.01 secs] 
45.308: [GC 45.308: [DefNew: 959K->64K(960K), 0.0064802 secs] 470205K->470115K(524224K), 0.0065558 secs] [Times: user=0.00 sys=0.00, real=0.01 secs] 
45.317: [GC 45.317: [DefNew: 960K->64K(960K), 0.0057507 secs] 471012K->470860K(524224K), 0.0058215 secs] [Times: user=0.00 sys=0.00, real=0.01 secs] 
45.324: [GC 45.324: [DefNew: 960K->64K(960K), 0.0052676 secs] 471756K->471527K(524224K), 0.0053465 secs] [Times: user=0.00 sys=0.00, real=0.01 secs] 
45.332: [GC 45.332: [DefNew: 960K->64K(960K), 0.0053451 secs] 472424K->472209K(524224K), 0.0054187 secs] [Times: user=0.00 sys=0.00, real=0.01 secs] 
45.339: [GC 45.339: [DefNew: 960K->63K(960K), 0.0057757 secs] 473105K->472993K(524224K), 0.0058566 secs] [Times: user=0.00 sys=0.00, real=0.01 secs] 
45.347: [GC 45.347: [DefNew: 959K->64K(960K), 0.0057425 secs] 473890K->473719K(524224K), 0.0058320 secs] [Times: user=0.00 sys=0.00, real=0.01 secs] 
45.354: [GC 45.354: [DefNew: 960K->63K(960K), 0.0056299 secs] 474616K->474447K(524224K), 0.0057055 secs] [Times: user=0.00 sys=0.00, real=0.01 secs] 
45.362: [GC 45.362: [DefNew: 959K->63K(960K), 0.0056810 secs] 475344K->475188K(524224K), 0.0057498 secs] [Times: user=0.00 sys=0.00, real=0.00 secs] 
45.369: [GC 45.369: [DefNew: 959K->63K(960K), 0.0051733 secs] 476084K->475792K(524224K), 0.0052464 secs] [Times: user=0.00 sys=0.00, real=0.01 secs] 
45.376: [GC 45.376: [DefNew: 959K->64K(960K), 0.0052200 secs] 476688K->476420K(524224K), 0.0052912 secs] [Times: user=0.01 sys=0.00, real=0.01 secs] 
45.382: [GC 45.382: [DefNew: 960K->63K(960K), 0.0051228 secs] 477318K->477052K(524224K), 0.0051911 secs] [Times: user=0.00 sys=0.00, real=0.01 secs] 
45.389: [GC 45.389: [DefNew: 959K->63K(960K), 0.0071178 secs] 477950K->477698K(524224K), 0.0071967 secs] [Times: user=0.02 sys=0.00, real=0.01 secs] 
45.398: [GC 45.398: [DefNew: 959K->64K(960K), 0.0053903 secs] 478594K->478411K(524224K), 0.0054654 secs] [Times: user=0.00 sys=0.00, real=0.00 secs] 
45.405: [GC 45.405: [DefNew: 960K->64K(960K), 0.0058821 secs] 479307K->479054K(524224K), 0.0059480 secs] [Times: user=0.02 sys=0.00, real=0.01 secs] 
45.413: [GC 45.413: [DefNew: 960K->63K(960K), 0.0051213 secs] 479951K->479681K(524224K), 0.0051892 secs] [Times: user=0.00 sys=0.00, real=0.01 secs] 
45.419: [GC 45.419: [DefNew: 959K->64K(960K), 0.0051030 secs] 480578K->480298K(524224K), 0.0051699 secs] [Times: user=0.01 sys=0.00, real=0.01 secs] 
45.426: [GC 45.426: [DefNew: 960K->64K(960K), 0.0051521 secs] 481194K->480999K(524224K), 0.0052200 secs] [Times: user=0.00 sys=0.00, real=0.01 secs] 
45.432: [GC 45.432: [DefNew: 960K->63K(960K), 0.0053080 secs] 481895K->481637K(524224K), 0.0053754 secs] [Times: user=0.00 sys=0.00, real=0.01 secs] 
45.441: [GC 45.441: [DefNew: 959K->64K(960K), 0.0055862 secs] 482534K->482315K(524224K), 0.0056559 secs] [Times: user=0.00 sys=0.00, real=0.00 secs] 
45.450: [GC 45.450: [DefNew: 960K->64K(960K), 0.0054269 secs] 483211K->482998K(524224K), 0.0054986 secs] [Times: user=0.02 sys=0.00, real=0.01 secs] 
45.457: [GC 45.457: [DefNew: 960K->63K(960K), 0.0054346 secs] 483894K->483626K(524224K), 0.0055039 secs] [Times: user=0.00 sys=0.00, real=0.00 secs] 
45.464: [GC 45.464: [DefNew: 959K->64K(960K), 0.0050833 secs] 484522K->484305K(524224K), 0.0051516 secs] [Times: user=0.00 sys=0.00, real=0.00 secs] 
45.470: [GC 45.470: [DefNew: 960K->64K(960K), 0.0049774 secs] 485202K->484909K(524224K), 0.0050458 secs] [Times: user=0.01 sys=0.00, real=0.00 secs] 
45.482: [GC 45.482: [DefNew: 960K->64K(960K), 0.0052532 secs] 485806K->485611K(524224K), 0.0053229 secs] [Times: user=0.02 sys=0.00, real=0.01 secs] 
45.490: [GC 45.490: [DefNew: 960K->64K(960K), 0.0053225 secs] 486507K->486240K(524224K), 0.0053908 secs] [Times: user=0.00 sys=0.00, real=0.00 secs] 
45.497: [GC 45.498: [DefNew: 960K->64K(960K), 0.0048437 secs] 487136K->486870K(524224K), 0.0049096 secs] [Times: user=0.02 sys=0.00, real=0.01 secs] 
45.504: [GC 45.504: [DefNew: 960K->63K(960K), 0.0052383 secs] 487767K->487542K(524224K), 0.0053114 secs] [Times: user=0.00 sys=0.00, real=0.01 secs] 
45.510: [GC 45.510: [DefNew: 959K->63K(960K), 0.0055342 secs] 488438K->488211K(524224K), 0.0056040 secs] [Times: user=0.00 sys=0.00, real=0.01 secs] 
45.519: [GC 45.519: [DefNew: 959K->63K(960K), 0.0053561 secs] 489107K->488866K(524224K), 0.0054341 secs] [Times: user=0.00 sys=0.00, real=0.01 secs] 
45.525: [GC 45.525: [DefNew: 959K->64K(960K), 0.0050111 secs] 489762K->489504K(524224K), 0.0050771 secs] [Times: user=0.00 sys=0.00, real=0.01 secs] 
45.532: [GC 45.532: [DefNew: 960K->64K(960K), 0.0053619 secs] 490401K->490189K(524224K), 0.0054697 secs] [Times: user=0.01 sys=0.00, real=0.00 secs] 
45.540: [GC 45.540: [DefNew: 960K->64K(960K), 0.0057782 secs] 491085K->490831K(524224K), 0.0058523 secs] [Times: user=0.00 sys=0.00, real=0.01 secs] 
45.547: [GC 45.547: [DefNew: 960K->63K(960K), 0.0056425 secs] 491728K->491487K(524224K), 0.0057522 secs] [Times: user=0.02 sys=0.00, real=0.01 secs] 
45.555: [GC 45.555: [DefNew: 959K->64K(960K), 0.0052358 secs] 492384K->492158K(524224K), 0.0053047 secs] [Times: user=0.00 sys=0.00, real=0.00 secs] 
45.565: [GC 45.565: [DefNew: 960K->64K(960K), 0.0053701 secs] 493055K->492820K(524224K), 0.0054418 secs] [Times: user=0.00 sys=0.00, real=0.00 secs] 
45.573: [GC 45.573: [DefNew: 960K->63K(960K), 0.0053374 secs] 493716K->493473K(524224K), 0.0054047 secs] [Times: user=0.00 sys=0.00, real=0.01 secs] 
45.579: [GC 45.579: [DefNew: 959K->63K(960K), 0.0049909 secs] 494371K->494091K(524224K), 0.0050554 secs] [Times: user=0.01 sys=0.00, real=0.00 secs] 
45.586: [GC 45.586: [DefNew: 959K->64K(960K), 0.0052859 secs] 494988K->494747K(524224K), 0.0053629 secs] [Times: user=0.00 sys=0.00, real=0.01 secs] 
45.594: [GC 45.594: [DefNew: 960K->63K(960K), 0.0057507 secs] 495644K->495415K(524224K), 0.0058234 secs] [Times: user=0.02 sys=0.00, real=0.01 secs] 
45.602: [GC 45.602: [DefNew: 959K->63K(960K), 0.0052965 secs] 496312K->496087K(524224K), 0.0053677 secs] [Times: user=0.00 sys=0.00, real=0.00 secs] 
45.610: [GC 45.610: [DefNew: 959K->63K(960K), 0.0052450 secs] 496984K->496720K(524224K), 0.0053109 secs] [Times: user=0.02 sys=0.00, real=0.01 secs] 
45.617: [GC 45.617: [DefNew: 959K->63K(960K), 0.0051743 secs] 497616K->497353K(524224K), 0.0052392 secs] [Times: user=0.00 sys=0.00, real=0.01 secs] 
45.624: [GC 45.624: [DefNew: 959K->63K(960K), 0.0052537 secs] 498249K->498007K(524224K), 0.0053239 secs] [Times: user=0.01 sys=0.00, real=0.00 secs] 
45.630: [GC 45.630: [DefNew: 959K->63K(960K), 0.0050554 secs] 498903K->498648K(524224K), 0.0051165 secs] [Times: user=0.00 sys=0.00, real=0.01 secs] 
45.637: [GC 45.637: [DefNew: 959K->64K(960K), 0.0059841 secs] 499545K->499305K(524224K), 0.0060510 secs] [Times: user=0.02 sys=0.00, real=0.01 secs] 
45.645: [GC 45.645: [DefNew: 960K->64K(960K), 0.0055977 secs] 500202K->499986K(524224K), 0.0056670 secs] [Times: user=0.00 sys=0.00, real=0.01 secs] 
45.652: [GC 45.652: [DefNew: 960K->64K(960K), 0.0051194 secs] 500883K->500624K(524224K), 0.0051872 secs] [Times: user=0.00 sys=0.00, real=0.01 secs] 
45.659: [GC 45.659: [DefNew: 960K->63K(960K), 0.0050371 secs] 501521K->501278K(524224K), 0.0051030 secs] [Times: user=0.00 sys=0.00, real=0.01 secs] 
45.665: [GC 45.665: [DefNew: 959K->64K(960K), 0.0052320 secs] 502175K->501915K(524224K), 0.0052994 secs] [Times: user=0.00 sys=0.00, real=0.01 secs] 
45.672: [GC 45.672: [DefNew: 960K->63K(960K), 0.0058012 secs] 502813K->502529K(524224K), 0.0060096 secs] [Times: user=0.01 sys=0.00, real=0.01 secs] 
45.679: [GC 45.679: [DefNew: 959K->63K(960K), 0.0055395 secs] 503425K->503181K(524224K), 0.0056367 secs] [Times: user=0.00 sys=0.00, real=0.01 secs] 
45.688: [GC 45.688: [DefNew: 959K->64K(960K), 0.0054697 secs] 504077K->503864K(524224K), 0.0055404 secs] [Times: user=0.02 sys=0.00, real=0.01 secs] 
45.696: [GC 45.696: [DefNew: 960K->63K(960K), 0.0052835 secs] 504761K->504502K(524224K), 0.0053533 secs] [Times: user=0.00 sys=0.00, real=0.01 secs] 
45.703: [GC 45.703: [DefNew: 959K->64K(960K), 0.0055838 secs] 505400K->505159K(524224K), 0.0056656 secs] [Times: user=0.02 sys=0.00, real=0.00 secs] 
45.711: [GC 45.711: [DefNew: 960K->64K(960K), 0.0055414 secs] 506056K->505822K(524224K), 0.0056117 secs] [Times: user=0.00 sys=0.00, real=0.01 secs] 
45.718: [GC 45.718: [DefNew: 960K->63K(960K), 0.0058518 secs] 506718K->506419K(524224K), 0.0059254 secs] [Times: user=0.01 sys=0.00, real=0.01 secs] 
45.726: [GC 45.726: [DefNew: 959K->63K(960K), 0.0052589 secs] 507316K->507115K(524224K), 0.0053249 secs] [Times: user=0.00 sys=0.00, real=0.00 secs] 
45.732: [GC 45.732: [DefNew: 959K->63K(960K), 0.0058157 secs] 508012K->507756K(524224K), 0.0058835 secs] [Times: user=0.02 sys=0.00, real=0.01 secs] 
45.742: [GC 45.742: [DefNew: 959K->64K(960K), 0.0057618 secs] 508652K->508445K(524224K), 0.0058393 secs] [Times: user=0.00 sys=0.00, real=0.01 secs] 
45.750: [GC 45.750: [DefNew: 960K->64K(960K), 0.0058927 secs] 509342K->509158K(524224K), 0.0059740 secs] [Times: user=0.02 sys=0.00, real=0.01 secs] 
45.760: [GC 45.760: [DefNew: 960K->64K(960K), 0.0074012 secs] 510054K->509859K(524224K), 0.0075032 secs] [Times: user=0.02 sys=0.00, real=0.01 secs] 
45.771: [GC 45.771: [DefNew: 960K->63K(960K), 0.0064595 secs] 510756K->510674K(524224K), 0.0065452 secs] [Times: user=0.00 sys=0.00, real=0.01 secs] 
45.779: [GC 45.779: [DefNew: 959K->63K(960K), 0.0057810 secs] 511570K->511394K(524224K), 0.0058542 secs] [Times: user=0.02 sys=0.00, real=0.01 secs] 
45.787: [GC 45.787: [DefNew: 959K->64K(960K), 0.0059673 secs] 512291K->512090K(524224K), 0.0060418 secs] [Times: user=0.00 sys=0.00, real=0.01 secs] 
45.794: [GC 45.794: [DefNew: 960K->63K(960K), 0.0057459 secs] 512988K->512756K(524224K), 0.0058152 secs] [Times: user=0.01 sys=0.00, real=0.01 secs] 
45.802: [GC 45.802: [DefNew: 959K->64K(960K), 0.0055847 secs] 513653K->513455K(524224K), 0.0056622 secs] [Times: user=0.00 sys=0.00, real=0.01 secs] 
45.809: [GC 45.809: [DefNew: 960K->63K(960K), 0.0066044 secs] 514352K->514180K(524224K), 0.0066943 secs] [Times: user=0.02 sys=0.00, real=0.01 secs] 
45.818: [GC 45.818: [DefNew: 959K->64K(960K), 0.0055145 secs] 515077K->514930K(524224K), 0.0055833 secs] [Times: user=0.00 sys=0.00, real=0.00 secs] 
45.826: [GC 45.826: [DefNew: 960K->63K(960K), 0.0053985 secs] 515826K->515565K(524224K), 0.0054731 secs] [Times: user=0.01 sys=0.00, real=0.01 secs] 
45.833: [GC 45.833: [DefNew: 959K->63K(960K), 0.0052782 secs] 516462K->516261K(524224K), 0.0053451 secs] [Times: user=0.00 sys=0.00, real=0.01 secs] 
45.841: [GC 45.841: [DefNew: 959K->63K(960K), 0.0058643 secs] 517158K->516942K(524224K), 0.0059307 secs] [Times: user=0.02 sys=0.00, real=0.01 secs] 
45.848: [GC 45.848: [DefNew: 959K->63K(960K), 0.0052734 secs] 517838K->517592K(524224K), 0.0053480 secs] [Times: user=0.00 sys=0.00, real=0.00 secs] 
45.856: [GC 45.856: [DefNew: 959K->63K(960K), 0.0053403 secs] 518489K->518285K(524224K), 0.0054067 secs] [Times: user=0.02 sys=0.00, real=0.01 secs] 
45.863: [GC 45.863: [DefNew: 959K->64K(960K), 0.0055140 secs] 519181K->518928K(524224K), 0.0055977 secs] [Times: user=0.00 sys=0.00, real=0.01 secs] 
45.871: [GC 45.871: [DefNew: 960K->64K(960K), 0.0058104 secs] 519825K->519640K(524224K), 0.0058903 secs] [Times: user=0.02 sys=0.00, real=0.01 secs] 
45.883: [GC 45.883: [DefNew: 960K->64K(960K), 0.0049640 secs] 520537K->519975K(524224K), 0.0050347 secs] [Times: user=0.00 sys=0.00, real=0.01 secs] 
45.889: [GC 45.889: [DefNew: 960K->64K(960K), 0.0045511 secs] 520872K->520593K(524224K), 0.0046344 secs] [Times: user=0.02 sys=0.00, real=0.00 secs] 
45.896: [GC 45.896: [DefNew: 960K->63K(960K), 0.0043880 secs] 521490K->521264K(524224K), 0.0044602 secs] [Times: user=0.00 sys=0.00, real=0.00 secs] 
45.901: [GC 45.901: [DefNew: 959K->64K(960K), 0.0036046 secs] 522160K->521782K(524224K), 0.0036773 secs] [Times: user=0.00 sys=0.00, real=0.00 secs] 
45.907: [GC 45.907: [DefNew: 960K->63K(960K), 0.0043967 secs] 522679K->522350K(524224K), 0.0044693 secs] [Times: user=0.02 sys=0.00, real=0.00 secs] 
45.914: [GC 45.914: [DefNew: 959K->63K(960K), 0.0036229 secs] 523248K->522852K(524224K), 0.0036912 secs] [Times: user=0.00 sys=0.00, real=0.00 secs] 
45.919: [GC 45.919: [DefNew: 959K->959K(960K), 0.0000077 secs]45.919: [Tenured: 522788K->12134K(523264K), 0.1721709 secs] 523748K->12134K(524224K), [Perm : 373K->373K(12288K)], 0.1722850 secs] [Times: user=0.17 sys=0.00, real=0.17 secs] 
46.093: [GC 46.093: [DefNew: 896K->64K(960K), 0.0026446 secs] 13031K->12914K(524224K), 0.0027317 secs] [Times: user=0.02 sys=0.00, real=0.00 secs] 
46.097: [GC 46.097: [DefNew: 960K->63K(960K), 0.0025527 secs] 13811K->13505K(524224K), 0.0026211 secs] [Times: user=0.00 sys=0.00, real=0.00 secs] 
46.102: [GC 46.102: [DefNew: 959K->63K(960K), 0.0023242 secs] 14403K->14044K(524224K), 0.0023896 secs] [Times: user=0.00 sys=0.00, real=0.00 secs] 
46.105: [GC 46.105: [DefNew: 959K->64K(960K), 0.0020778 secs] 14942K->14535K(524224K), 0.0021423 secs] [Times: user=0.00 sys=0.00, real=0.00 secs] 
46.109: [GC 46.109: [DefNew: 960K->63K(960K), 0.0022885 secs] 15433K->15043K(524224K), 0.0023660 secs] [Times: user=0.01 sys=0.00, real=0.00 secs] 
46.114: [GC 46.114: [DefNew: 959K->63K(960K), 0.0024151 secs] 15940K->15708K(524224K), 0.0024849 secs] [Times: user=0.00 sys=0.00, real=0.00 secs] 
46.118: [GC 46.118: [DefNew: 959K->63K(960K), 0.0020682 secs] 16605K->16199K(524224K), 0.0021288 secs] [Times: user=0.00 sys=0.00, real=0.00 secs] 
46.122: [GC 46.122: [DefNew: 959K->64K(960K), 0.0019527 secs] 17095K->16724K(524224K), 0.0020128 secs] [Times: user=0.00 sys=0.00, real=0.00 secs] 
46.125: [GC 46.125: [DefNew: 960K->64K(960K), 0.0024382 secs] 17620K->17238K(524224K), 0.0025027 secs] [Times: user=0.02 sys=0.00, real=0.00 secs] 
46.130: [GC 46.130: [DefNew: 960K->64K(960K), 0.0020306 secs] 18135K->17783K(524224K), 0.0020922 secs] [Times: user=0.00 sys=0.00, real=0.00 secs] 
46.134: [GC 46.134: [DefNew: 960K->63K(960K), 0.0020585 secs] 18680K->18303K(524224K), 0.0021216 secs] [Times: user=0.00 sys=0.00, real=0.00 secs] 
46.137: [GC 46.137: [DefNew: 959K->64K(960K), 0.0023896 secs] 19199K->18814K(524224K), 0.0024642 secs] [Times: user=0.00 sys=0.00, real=0.00 secs] 
46.142: [GC 46.142: [DefNew: 960K->63K(960K), 0.0031032 secs] 19711K->19365K(524224K), 0.0031893 secs] [Times: user=0.00 sys=0.00, real=0.00 secs] 
46.146: [GC 46.146: [DefNew: 959K->64K(960K), 0.0023752 secs] 20261K->19922K(524224K), 0.0024420 secs] [Times: user=0.00 sys=0.00, real=0.00 secs] 
46.151: [GC 46.151: [DefNew: 960K->63K(960K), 0.0020706 secs] 20819K->20452K(524224K), 0.0021360 secs] [Times: user=0.00 sys=0.00, real=0.00 secs] 
46.155: [GC 46.155: [DefNew: 959K->63K(960K), 0.0020667 secs] 21350K->20970K(524224K), 0.0021384 secs] [Times: user=0.01 sys=0.00, real=0.00 secs] 
46.158: [GC 46.158: [DefNew: 959K->64K(960K), 0.0023458 secs] 21867K->21663K(524224K), 0.0024141 secs] [Times: user=0.00 sys=0.00, real=0.00 secs] 
46.163: [GC 46.163: [DefNew: 960K->64K(960K), 0.0021798 secs] 22559K->22211K(524224K), 0.0022424 secs] [Times: user=0.00 sys=0.00, real=0.00 secs] 
46.166: [GC 46.166: [DefNew: 960K->63K(960K), 0.0020196 secs] 23109K->22716K(524224K), 0.0020783 secs] [Times: user=0.00 sys=0.00, real=0.00 secs] 
46.170: [GC 46.170: [DefNew: 959K->64K(960K), 0.0019748 secs] 23614K->23264K(524224K), 0.0020330 secs] [Times: user=0.00 sys=0.00, real=0.00 secs] 
46.173: [GC 46.173: [DefNew: 960K->63K(960K), 0.0020489 secs] 24162K->23783K(524224K), 0.0021206 secs] [Times: user=0.00 sys=0.00, real=0.00 secs] 
46.177: [GC 46.177: [DefNew: 959K->63K(960K), 0.0025782 secs] 24679K->24430K(524224K), 0.0026600 secs] [Times: user=0.00 sys=0.00, real=0.00 secs] 
46.182: [GC 46.182: [DefNew: 959K->63K(960K), 0.0021115 secs] 25327K->24954K(524224K), 0.0021764 secs] [Times: user=0.00 sys=0.00, real=0.00 secs] 
46.185: [GC 46.185: [DefNew: 959K->63K(960K), 0.0020951 secs] 25852K->25466K(524224K), 0.0021519 secs] [Times: user=0.00 sys=0.00, real=0.00 secs] 
46.189: [GC 46.189: [DefNew: 959K->64K(960K), 0.0030046 secs] 26363K->26037K(524224K), 0.0031090 secs] [Times: user=0.00 sys=0.00, real=0.00 secs] 
46.193: [GC 46.193: [DefNew: 960K->64K(960K), 0.0026822 secs] 26934K->26686K(524224K), 0.0027558 secs] [Times: user=0.00 sys=0.00, real=0.00 secs] 
46.198: [GC 46.198: [DefNew: 960K->63K(960K), 0.0023381 secs] 27583K->27260K(524224K), 0.0024214 secs] [Times: user=0.00 sys=0.00, real=0.00 secs] 
46.203: [GC 46.203: [DefNew: 959K->64K(960K), 0.0025672 secs] 28157K->27845K(524224K), 0.0026639 secs] [Times: user=0.02 sys=0.00, real=0.00 secs] 
46.207: [GC 46.207: [DefNew: 960K->64K(960K), 0.0024151 secs] 28742K->28515K(524224K), 0.0024906 secs] [Times: user=0.00 sys=0.00, real=0.00 secs] 
46.212: [GC 46.212: [DefNew: 960K->63K(960K), 0.0026167 secs] 29412K->29146K(524224K), 0.0027154 secs] [Times: user=0.00 sys=0.00, real=0.00 secs] 
46.216: [GC 46.216: [DefNew: 959K->64K(960K), 0.0021721 secs] 30043K->29702K(524224K), 0.0022505 secs] [Times: user=0.00 sys=0.00, real=0.00 secs] 
46.220: [GC 46.220: [DefNew: 960K->64K(960K), 0.0021586 secs] 30599K->30268K(524224K), 0.0022327 secs] [Times: user=0.00 sys=0.00, real=0.00 secs] 
46.223: [GC 46.224: [DefNew: 960K->63K(960K), 0.0022828 secs] 31164K->30848K(524224K), 0.0023593 secs] [Times: user=0.00 sys=0.00, real=0.00 secs] 
46.227: [GC 46.227: [DefNew: 959K->64K(960K), 0.0025691 secs] 31744K->31525K(524224K), 0.0026393 secs] [Times: user=0.00 sys=0.00, real=0.00 secs] 
46.232: [GC 46.232: [DefNew: 960K->63K(960K), 0.0025609 secs] 32422K->32142K(524224K), 0.0026355 secs] [Times: user=0.00 sys=0.00, real=0.00 secs] 
46.236: [GC 46.236: [DefNew: 959K->63K(960K), 0.0028539 secs] 33039K->32801K(524224K), 0.0029261 secs] [Times: user=0.00 sys=0.00, real=0.00 secs] 
46.241: [GC 46.241: [DefNew: 959K->63K(960K), 0.0032615 secs] 33698K->33333K(524224K), 0.0033375 secs] [Times: user=0.00 sys=0.00, real=0.00 secs] 
46.245: [GC 46.245: [DefNew: 959K->64K(960K), 0.0027096 secs] 34231K->33972K(524224K), 0.0027928 secs] [Times: user=0.00 sys=0.00, real=0.00 secs] 
46.250: [GC 46.250: [DefNew: 960K->63K(960K), 0.0030195 secs] 34869K->34589K(524224K), 0.0030926 secs] [Times: user=0.02 sys=0.00, real=0.00 secs] 
46.255: [GC 46.255: [DefNew: 959K->64K(960K), 0.0026908 secs] 35486K->35211K(524224K), 0.0027774 secs] [Times: user=0.00 sys=0.00, real=0.00 secs] 
46.259: [GC 46.259: [DefNew: 960K->63K(960K), 0.0032630 secs] 36108K->35900K(524224K), 0.0033371 secs] [Times: user=0.00 sys=0.00, real=0.00 secs] 
46.264: [GC 46.264: [DefNew: 959K->64K(960K), 0.0032168 secs] 36798K->36547K(524224K), 0.0032899 secs] [Times: user=0.02 sys=0.00, real=0.00 secs] 
46.270: [GC 46.270: [DefNew: 960K->64K(960K), 0.0024300 secs] 37443K->37158K(524224K), 0.0025498 secs] [Times: user=0.00 sys=0.00, real=0.00 secs] 
46.274: [GC 46.274: [DefNew: 960K->64K(960K), 0.0025922 secs] 38055K->37758K(524224K), 0.0026624 secs] [Times: user=0.00 sys=0.00, real=0.00 secs] 
46.279: [GC 46.279: [DefNew: 960K->63K(960K), 0.0025792 secs] 38656K->38318K(524224K), 0.0026475 secs] [Times: user=0.00 sys=0.00, real=0.00 secs] 
46.283: [GC 46.283: [DefNew: 959K->64K(960K), 0.0035483 secs] 39214K->39083K(524224K), 0.0036359 secs] [Times: user=0.00 sys=0.00, real=0.00 secs] 
46.289: [GC 46.289: [DefNew: 960K->63K(960K), 0.0027312 secs] 39980K->39656K(524224K), 0.0028621 secs] [Times: user=0.00 sys=0.00, real=0.00 secs] 
46.293: [GC 46.293: [DefNew: 959K->64K(960K), 0.0024113 secs] 40554K->40223K(524224K), 0.0024777 secs] [Times: user=0.00 sys=0.00, real=0.00 secs] 
46.298: [GC 46.298: [DefNew: 960K->63K(960K), 0.0028554 secs] 41120K->40847K(524224K), 0.0029795 secs] [Times: user=0.00 sys=0.00, real=0.00 secs] 
46.302: [GC 46.302: [DefNew: 959K->64K(960K), 0.0024214 secs] 41744K->41420K(524224K), 0.0024921 secs] [Times: user=0.00 sys=0.00, real=0.00 secs] 
46.307: [GC 46.307: [DefNew: 960K->64K(960K), 0.0024425 secs] 42317K->41957K(524224K), 0.0025320 secs] [Times: user=0.00 sys=0.00, real=0.00 secs] 
46.312: [GC 46.312: [DefNew: 960K->64K(960K), 0.0025162 secs] 42854K->42525K(524224K), 0.0025912 secs] [Times: user=0.02 sys=0.00, real=0.00 secs] 
46.316: [GC 46.316: [DefNew: 960K->64K(960K), 0.0023458 secs] 43422K->43091K(524224K), 0.0024156 secs] [Times: user=0.00 sys=0.00, real=0.00 secs] 
46.321: [GC 46.321: [DefNew: 960K->64K(960K), 0.0022568 secs] 43987K->43672K(524224K), 0.0023256 secs] [Times: user=0.00 sys=0.00, real=0.00 secs] 
46.324: [GC 46.325: [DefNew: 960K->64K(960K), 0.0023487 secs] 44569K->44228K(524224K), 0.0024339 secs] [Times: user=0.00 sys=0.00, real=0.00 secs] 
46.329: [GC 46.329: [DefNew: 960K->64K(960K), 0.0025623 secs] 45125K->44820K(524224K), 0.0026374 secs] [Times: user=0.00 sys=0.00, real=0.00 secs] 
46.334: [GC 46.334: [DefNew: 960K->63K(960K), 0.0022881 secs] 45717K->45338K(524224K), 0.0023602 secs] [Times: user=0.00 sys=0.00, real=0.00 secs] 
46.338: [GC 46.338: [DefNew: 959K->64K(960K), 0.0024031 secs] 46235K->45937K(524224K), 0.0024680 secs] [Times: user=0.00 sys=0.00, real=0.00 secs] 
46.343: [GC 46.343: [DefNew: 960K->64K(960K), 0.0026061 secs] 46833K->46507K(524224K), 0.0026730 secs] [Times: user=0.02 sys=0.00, real=0.00 secs] 
46.347: [GC 46.347: [DefNew: 960K->64K(960K), 0.0024911 secs] 47404K->47070K(524224K), 0.0025595 secs] [Times: user=0.00 sys=0.00, real=0.00 secs] 
46.352: [GC 46.352: [DefNew: 960K->64K(960K), 0.0023795 secs] 47967K->47649K(524224K), 0.0024512 secs] [Times: user=0.00 sys=0.00, real=0.00 secs] 
46.356: [GC 46.356: [DefNew: 960K->64K(960K), 0.0023838 secs] 48545K->48196K(524224K), 0.0024469 secs] [Times: user=0.00 sys=0.00, real=0.00 secs] 
46.361: [GC 46.361: [DefNew: 960K->63K(960K), 0.0021384 secs] 49093K->48693K(524224K), 0.0021957 secs] [Times: user=0.00 sys=0.00, real=0.00 secs] 
46.365: [GC 46.365: [DefNew: 959K->63K(960K), 0.0020378 secs] 49590K->49244K(524224K), 0.0021100 secs] [Times: user=0.00 sys=0.00, real=0.00 secs] 
46.368: [GC 46.368: [DefNew: 959K->64K(960K), 0.0023588 secs] 50141K->49850K(524224K), 0.0024185 secs] [Times: user=0.00 sys=0.00, real=0.00 secs] 
46.373: [GC 46.373: [DefNew: 960K->64K(960K), 0.0023708 secs] 50747K->50414K(524224K), 0.0024425 secs] [Times: user=0.00 sys=0.00, real=0.00 secs] 
46.377: [GC 46.377: [DefNew: 960K->63K(960K), 0.0024777 secs] 51311K->51016K(524224K), 0.0025417 secs] [Times: user=0.00 sys=0.00, real=0.00 secs] 
46.382: [GC 46.382: [DefNew: 959K->64K(960K), 0.0025099 secs] 51912K->51608K(524224K), 0.0026355 secs] [Times: user=0.00 sys=0.00, real=0.00 secs] 
46.387: [GC 46.387: [DefNew: 960K->64K(960K), 0.0023853 secs] 52506K->52132K(524224K), 0.0024777 secs] [Times: user=0.00 sys=0.00, real=0.00 secs] 
46.391: [GC 46.391: [DefNew: 960K->63K(960K), 0.0025753 secs] 53029K->52644K(524224K), 0.0026446 secs] [Times: user=0.00 sys=0.00, real=0.00 secs] 
46.397: [GC 46.397: [DefNew: 959K->63K(960K), 0.0025614 secs] 53542K->53192K(524224K), 0.0026355 secs] [Times: user=0.00 sys=0.00, real=0.00 secs] 
46.402: [GC 46.402: [DefNew: 959K->63K(960K), 0.0023025 secs] 54090K->53726K(524224K), 0.0023819 secs] [Times: user=0.00 sys=0.00, real=0.00 secs] 
46.406: [GC 46.406: [DefNew: 959K->64K(960K), 0.0022226 secs] 54624K->54309K(524224K), 0.0022871 secs] [Times: user=0.01 sys=0.00, real=0.00 secs] 
46.410: [GC 46.410: [DefNew: 960K->63K(960K), 0.0026225 secs] 55206K->54888K(524224K), 0.0027072 secs] [Times: user=0.00 sys=0.00, real=0.00 secs] 
46.415: [GC 46.416: [DefNew: 959K->63K(960K), 0.0023088 secs] 55785K->55446K(524224K), 0.0023800 secs] [Times: user=0.00 sys=0.00, real=0.00 secs] 
46.420: [GC 46.420: [DefNew: 959K->63K(960K), 0.0024420 secs] 56343K->56041K(524224K), 0.0025041 secs] [Times: user=0.02 sys=0.00, real=0.00 secs] 
46.424: [GC 46.424: [DefNew: 959K->63K(960K), 0.0027226 secs] 56937K->56640K(524224K), 0.0027900 secs] [Times: user=0.00 sys=0.00, real=0.00 secs] 
46.429: [GC 46.429: [DefNew: 959K->63K(960K), 0.0028304 secs] 57538K->57243K(524224K), 0.0029098 secs] [Times: user=0.00 sys=0.00, real=0.00 secs] 
46.433: [GC 46.434: [DefNew: 959K->63K(960K), 0.0026158 secs] 58139K->57801K(524224K), 0.0026918 secs] [Times: user=0.00 sys=0.00, real=0.00 secs] 
46.439: [GC 46.439: [DefNew: 959K->63K(960K), 0.0024719 secs] 58698K->58386K(524224K), 0.0025460 secs] [Times: user=0.00 sys=0.00, real=0.00 secs] 
46.442: [GC 46.442: [DefNew: 959K->63K(960K), 0.0026047 secs] 59284K->58892K(524224K), 0.0026759 secs] [Times: user=0.00 sys=0.00, real=0.00 secs] 
46.447: [GC 46.448: [DefNew: 959K->64K(960K), 0.0022722 secs] 59788K->59454K(524224K), 0.0023492 secs] [Times: user=0.00 sys=0.00, real=0.00 secs] 
46.452: [GC 46.452: [DefNew: 960K->64K(960K), 0.0024781 secs] 60352K->59977K(524224K), 0.0025460 secs] [Times: user=0.02 sys=0.00, real=0.00 secs] 
46.457: [GC 46.457: [DefNew: 960K->63K(960K), 0.0024825 secs] 60874K->60493K(524224K), 0.0025455 secs] [Times: user=0.00 sys=0.00, real=0.00 secs] 
46.461: [GC 46.461: [DefNew: 959K->63K(960K), 0.0024185 secs] 61391K->61021K(524224K), 0.0024753 secs] [Times: user=0.00 sys=0.00, real=0.00 secs] 
46.465: [GC 46.465: [DefNew: 959K->63K(960K), 0.0023814 secs] 61917K->61521K(524224K), 0.0024406 secs] [Times: user=0.00 sys=0.00, real=0.00 secs] 
46.471: [GC 46.471: [DefNew: 959K->64K(960K), 0.0023525 secs] 62418K->62062K(524224K), 0.0024165 secs] [Times: user=0.00 sys=0.00, real=0.00 secs] 
46.474: [GC 46.474: [DefNew: 960K->63K(960K), 0.0025137 secs] 62959K->62576K(524224K), 0.0025821 secs] [Times: user=0.00 sys=0.00, real=0.00 secs] 
46.479: [GC 46.479: [DefNew: 959K->63K(960K), 0.0025330 secs] 63474K->63151K(524224K), 0.0026466 secs] [Times: user=0.00 sys=0.00, real=0.00 secs] 
46.484: [GC 46.484: [DefNew: 959K->64K(960K), 0.0027895 secs] 64048K->63652K(524224K), 0.0028515 secs] [Times: user=0.02 sys=0.00, real=0.00 secs] 
46.488: [GC 46.488: [DefNew: 960K->64K(960K), 0.0022433 secs] 64549K->64144K(524224K), 0.0023011 secs] [Times: user=0.00 sys=0.00, real=0.00 secs] 
46.492: [GC 46.492: [DefNew: 960K->64K(960K), 0.0024084 secs] 65041K->64676K(524224K), 0.0024757 secs] [Times: user=0.00 sys=0.00, real=0.00 secs] 
46.496: [GC 46.496: [DefNew: 960K->63K(960K), 0.0024084 secs] 65574K->65190K(524224K), 0.0024695 secs] [Times: user=0.00 sys=0.00, real=0.00 secs] 
46.502: [GC 46.502: [DefNew: 959K->64K(960K), 0.0024401 secs] 66087K->65719K(524224K), 0.0025003 secs] [Times: user=0.00 sys=0.00, real=0.00 secs] 
46.507: [GC 46.507: [DefNew: 960K->64K(960K), 0.0025316 secs] 66615K->66246K(524224K), 0.0025975 secs] [Times: user=0.00 sys=0.00, real=0.00 secs] 
46.511: [GC 46.511: [DefNew: 960K->63K(960K), 0.0025474 secs] 67143K->66793K(524224K), 0.0026182 secs] [Times: user=0.00 sys=0.00, real=0.00 secs] 
46.516: [GC 46.516: [DefNew: 959K->64K(960K), 0.0030103 secs] 67690K->67317K(524224K), 0.0030844 secs] [Times: user=0.00 sys=0.00, real=0.00 secs] 
46.520: [GC 46.520: [DefNew: 960K->64K(960K), 0.0027072 secs] 68213K->67844K(524224K), 0.0027784 secs] [Times: user=0.00 sys=0.00, real=0.00 secs] 
46.542: [GC 46.542: [DefNew: 960K->63K(960K), 0.0065991 secs] 68740K->68401K(524224K), 0.0066886 secs] [Times: user=0.02 sys=0.00, real=0.01 secs] 
46.554: [GC 46.554: [DefNew: 959K->64K(960K), 0.0078709 secs] 69298K->69173K(524224K), 0.0079690 secs] [Times: user=0.00 sys=0.00, real=0.01 secs] 
46.569: [GC 46.569: [DefNew: 960K->64K(960K), 0.0030835 secs] 70069K->69827K(524224K), 0.0031585 secs] [Times: user=0.00 sys=0.00, real=0.00 secs] 
46.574: [GC 46.574: [DefNew: 960K->63K(960K), 0.0035464 secs] 70723K->70379K(524224K), 0.0036479 secs] [Times: user=0.00 sys=0.00, real=0.00 secs] 
46.580: [GC 46.580: [DefNew: 959K->63K(960K), 0.0058181 secs] 71276K->71137K(524224K), 0.0059369 secs] [Times: user=0.00 sys=0.00, real=0.01 secs] 
46.587: [GC 46.587: [DefNew: 959K->63K(960K), 0.0039188 secs] 72033K->71911K(524224K), 0.0040208 secs] [Times: user=0.00 sys=0.00, real=0.00 secs] 
46.592: [GC 46.592: [DefNew: 959K->64K(960K), 0.0039780 secs] 72808K->72529K(524224K), 0.0040709 secs] [Times: user=0.02 sys=0.00, real=0.00 secs] 
46.598: [GC 46.598: [DefNew: 960K->63K(960K), 0.0028116 secs] 73425K->73182K(524224K), 0.0028799 secs] [Times: user=0.00 sys=0.00, real=0.00 secs] 
46.602: [GC 46.602: [DefNew: 959K->64K(960K), 0.0032057 secs] 74080K->73721K(524224K), 0.0032856 secs] [Times: user=0.00 sys=0.00, real=0.00 secs] 
46.607: [GC 46.607: [DefNew: 960K->64K(960K), 0.0050424 secs] 74617K->74447K(524224K), 0.0051627 secs] [Times: user=0.02 sys=0.00, real=0.01 secs] 
46.615: [GC 46.615: [DefNew: 960K->64K(960K), 0.0039135 secs] 75344K->75189K(524224K), 0.0040107 secs] [Times: user=0.00 sys=0.00, real=0.00 secs] 
46.620: [GC 46.620: [DefNew: 960K->64K(960K), 0.0037600 secs] 76086K->75928K(524224K), 0.0039900 secs] [Times: user=0.00 sys=0.00, real=0.00 secs] 
46.626: [GC 46.626: [DefNew: 960K->64K(960K), 0.0030089 secs] 76825K->76495K(524224K), 0.0030724 secs] [Times: user=0.00 sys=0.00, real=0.00 secs] 
46.630: [GC 46.630: [DefNew: 960K->63K(960K), 0.0022486 secs] 77393K->77010K(524224K), 0.0023078 secs] [Times: user=0.00 sys=0.00, real=0.00 secs] 
46.634: [GC 46.634: [DefNew: 959K->64K(960K), 0.0025118 secs] 77908K->77581K(524224K), 0.0025763 secs] [Times: user=0.00 sys=0.00, real=0.00 secs] 
46.639: [GC 46.639: [DefNew: 960K->63K(960K), 0.0053999 secs] 78477K->78275K(524224K), 0.0055250 secs] [Times: user=0.01 sys=0.00, real=0.01 secs] 
46.648: [GC 46.648: [DefNew: 959K->64K(960K), 0.0039915 secs] 79171K->79113K(524224K), 0.0040709 secs] [Times: user=0.00 sys=0.00, real=0.00 secs] 
46.654: [GC 46.654: [DefNew: 960K->64K(960K), 0.0029511 secs] 80009K->79673K(524224K), 0.0030248 secs] [Times: user=0.02 sys=0.00, real=0.00 secs] 
46.658: [GC 46.658: [DefNew: 960K->63K(960K), 0.0037514 secs] 80571K->80194K(524224K), 0.0040930 secs] [Times: user=0.00 sys=0.00, real=0.00 secs] 
46.664: [GC 46.665: [DefNew: 959K->64K(960K), 0.0042706 secs] 81092K->80944K(524224K), 0.0043678 secs] [Times: user=0.00 sys=0.00, real=0.00 secs] 
46.670: [GC 46.670: [DefNew: 960K->63K(960K), 0.0035680 secs] 81840K->81512K(524224K), 0.0036859 secs] [Times: user=0.01 sys=0.00, real=0.00 secs] 
46.676: [GC 46.676: [DefNew: 959K->63K(960K), 0.0029362 secs] 82409K->82059K(524224K), 0.0030310 secs] [Times: user=0.00 sys=0.00, real=0.00 secs] 
46.681: [GC 46.681: [DefNew: 959K->64K(960K), 0.0029882 secs] 82955K->82630K(524224K), 0.0030503 secs] [Times: user=0.00 sys=0.00, real=0.00 secs] 
46.685: [GC 46.685: [DefNew: 960K->64K(960K), 0.0026292 secs] 83528K->83150K(524224K), 0.0027043 secs] [Times: user=0.02 sys=0.00, real=0.00 secs] 
46.690: [GC 46.690: [DefNew: 960K->64K(960K), 0.0030950 secs] 84047K->83798K(524224K), 0.0031840 secs] [Times: user=0.00 sys=0.00, real=0.00 secs] 
46.695: [GC 46.695: [DefNew: 960K->63K(960K), 0.0031359 secs] 84695K->84433K(524224K), 0.0032172 secs] [Times: user=0.00 sys=0.00, real=0.00 secs] 
46.699: [GC 46.699: [DefNew: 959K->63K(960K), 0.0025811 secs] 85330K->84951K(524224K), 0.0026499 secs] [Times: user=0.00 sys=0.00, real=0.00 secs] 
46.703: [GC 46.703: [DefNew: 959K->63K(960K), 0.0025667 secs] 85848K->85488K(524224K), 0.0026470 secs] [Times: user=0.00 sys=0.00, real=0.00 secs] 
46.708: [GC 46.708: [DefNew: 959K->63K(960K), 0.0025821 secs] 86385K->86045K(524224K), 0.0026518 secs] [Times: user=0.00 sys=0.00, real=0.00 secs] 
46.713: [GC 46.713: [DefNew: 959K->64K(960K), 0.0034261 secs] 86941K->86747K(524224K), 0.0034930 secs] [Times: user=0.00 sys=0.00, real=0.00 secs] 
46.718: [GC 46.718: [DefNew: 960K->64K(960K), 0.0026177 secs] 87644K->87276K(524224K), 0.0026788 secs] [Times: user=0.02 sys=0.00, real=0.00 secs] 
46.723: [GC 46.723: [DefNew: 960K->63K(960K), 0.0027130 secs] 88173K->87819K(524224K), 0.0028001 secs] [Times: user=0.00 sys=0.00, real=0.00 secs] 
46.727: [GC 46.727: [DefNew: 959K->63K(960K), 0.0031465 secs] 88716K->88378K(524224K), 0.0032225 secs] [Times: user=0.00 sys=0.00, real=0.00 secs] 
46.732: [GC 46.732: [DefNew: 959K->63K(960K), 0.0026817 secs] 89275K->88930K(524224K), 0.0027442 secs] [Times: user=0.02 sys=0.00, real=0.00 secs] 
46.737: [GC 46.737: [DefNew: 959K->64K(960K), 0.0028174 secs] 89826K->89508K(524224K), 0.0028852 secs] [Times: user=0.00 sys=0.00, real=0.00 secs] 
46.741: [GC 46.741: [DefNew: 960K->64K(960K), 0.0049077 secs] 90405K->90180K(524224K), 0.0050078 secs] [Times: user=0.00 sys=0.00, real=0.01 secs] 
46.748: [GC 46.748: [DefNew: 960K->63K(960K), 0.0031393 secs] 91076K->90883K(524224K), 0.0032413 secs] [Times: user=0.02 sys=0.00, real=0.00 secs] 
46.753: [GC 46.753: [DefNew: 959K->64K(960K), 0.0031903 secs] 91780K->91502K(524224K), 0.0032769 secs] [Times: user=0.00 sys=0.00, real=0.00 secs] 
46.758: [GC 46.758: [DefNew: 960K->63K(960K), 0.0044019 secs] 92399K->92079K(524224K), 0.0045020 secs] [Times: user=0.00 sys=0.00, real=0.00 secs] 
46.765: [GC 46.765: [DefNew: 959K->63K(960K), 0.0028463 secs] 92976K->92744K(524224K), 0.0029155 secs] [Times: user=0.01 sys=0.00, real=0.00 secs] 
46.769: [GC 46.769: [DefNew: 959K->63K(960K), 0.0028963 secs] 93642K->93273K(524224K), 0.0029685 secs] [Times: user=0.00 sys=0.00, real=0.00 secs] 
46.773: [GC 46.773: [DefNew: 959K->64K(960K), 0.0024430 secs] 94170K->93803K(524224K), 0.0025099 secs] [Times: user=0.00 sys=0.00, real=0.00 secs] 
46.778: [GC 46.778: [DefNew: 960K->63K(960K), 0.0031157 secs] 94700K->94460K(524224K), 0.0031903 secs] [Times: user=0.02 sys=0.00, real=0.00 secs] 
46.783: [GC 46.783: [DefNew: 959K->64K(960K), 0.0027346 secs] 95357K->94981K(524224K), 0.0028309 secs] [Times: user=0.00 sys=0.00, real=0.00 secs] 
46.787: [GC 46.787: [DefNew: 960K->63K(960K), 0.0028958 secs] 95877K->95615K(524224K), 0.0029656 secs] [Times: user=0.00 sys=0.00, real=0.00 secs] 
46.792: [GC 46.792: [DefNew: 959K->63K(960K), 0.0028645 secs] 96511K->96200K(524224K), 0.0029540 secs] [Times: user=0.00 sys=0.00, real=0.00 secs] 
46.796: [GC 46.796: [DefNew: 959K->63K(960K), 0.0027231 secs] 97096K->96777K(524224K), 0.0027890 secs] [Times: user=0.02 sys=0.00, real=0.00 secs] 
46.801: [GC 46.801: [DefNew: 959K->63K(960K), 0.0027341 secs] 97673K->97334K(524224K), 0.0028015 secs] [Times: user=0.00 sys=0.00, real=0.00 secs] 
46.806: [GC 46.806: [DefNew: 959K->64K(960K), 0.0040795 secs] 98232K->97957K(524224K), 0.0041647 secs] [Times: user=0.00 sys=0.00, real=0.00 secs] 
46.813: [GC 46.813: [DefNew: 960K->63K(960K), 0.0034160 secs] 98853K->98659K(524224K), 0.0035060 secs] [Times: user=0.00 sys=0.00, real=0.00 secs] 
46.818: [GC 46.818: [DefNew: 959K->64K(960K), 0.0031253 secs] 99556K->99314K(524224K), 0.0031922 secs] [Times: user=0.00 sys=0.00, real=0.00 secs] 
46.822: [GC 46.822: [DefNew: 960K->63K(960K), 0.0027803 secs] 100211K->99848K(524224K), 0.0028463 secs] [Times: user=0.00 sys=0.00, real=0.00 secs] 
46.827: [GC 46.827: [DefNew: 959K->63K(960K), 0.0042258 secs] 100745K->100524K(524224K), 0.0043009 secs] [Times: user=0.01 sys=0.00, real=0.00 secs] 
46.833: [GC 46.833: [DefNew: 959K->64K(960K), 0.0029348 secs] 101421K->101074K(524224K), 0.0029964 secs] [Times: user=0.00 sys=0.00, real=0.00 secs] 
46.839: [GC 46.839: [DefNew: 960K->64K(960K), 0.0050203 secs] 101971K->101668K(524224K), 0.0051002 secs] [Times: user=0.00 sys=0.00, real=0.00 secs] 
46.845: [GC 46.845: [DefNew: 960K->64K(960K), 0.0033813 secs] 102564K->102347K(524224K), 0.0034492 secs] [Times: user=0.00 sys=0.00, real=0.00 secs] 
46.850: [GC 46.850: [DefNew: 960K->63K(960K), 0.0029208 secs] 103244K->102927K(524224K), 0.0029805 secs] [Times: user=0.00 sys=0.00, real=0.00 secs] 
46.855: [GC 46.855: [DefNew: 959K->63K(960K), 0.0029598 secs] 103823K->103489K(524224K), 0.0030368 secs] [Times: user=0.00 sys=0.00, real=0.00 secs] 
46.860: [GC 46.860: [DefNew: 959K->63K(960K), 0.0031196 secs] 104386K->104200K(524224K), 0.0031869 secs] [Times: user=0.00 sys=0.00, real=0.00 secs] 
46.865: [GC 46.865: [DefNew: 959K->64K(960K), 0.0030459 secs] 105097K->104735K(524224K), 0.0031143 secs] [Times: user=0.00 sys=0.00, real=0.00 secs] 
46.869: [GC 46.869: [DefNew: 960K->63K(960K), 0.0026942 secs] 105632K->105318K(524224K), 0.0027616 secs] [Times: user=0.00 sys=0.00, real=0.00 secs] 
46.874: [GC 46.874: [DefNew: 959K->64K(960K), 0.0039039 secs] 106214K->105957K(524224K), 0.0040011 secs] [Times: user=0.02 sys=0.00, real=0.00 secs] 
46.880: [GC 46.880: [DefNew: 960K->63K(960K), 0.0032139 secs] 106855K->106563K(524224K), 0.0032803 secs] [Times: user=0.00 sys=0.00, real=0.00 secs] 
46.884: [GC 46.884: [DefNew: 959K->63K(960K), 0.0026138 secs] 107462K->107108K(524224K), 0.0026754 secs] [Times: user=0.00 sys=0.00, real=0.00 secs] 
46.889: [GC 46.889: [DefNew: 959K->63K(960K), 0.0033520 secs] 108005K->107693K(524224K), 0.0034357 secs] [Times: user=0.01 sys=0.00, real=0.00 secs] 
46.895: [GC 46.895: [DefNew: 959K->63K(960K), 0.0038216 secs] 108590K->108368K(524224K), 0.0038972 secs] [Times: user=0.00 sys=0.00, real=0.00 secs] 
46.900: [GC 46.900: [DefNew: 959K->63K(960K), 0.0029733 secs] 109265K->108922K(524224K), 0.0030503 secs] [Times: user=0.00 sys=0.00, real=0.00 secs] 
46.904: [GC 46.904: [DefNew: 959K->64K(960K), 0.0037692 secs] 109819K->109457K(524224K), 0.0038361 secs] [Times: user=0.02 sys=0.00, real=0.00 secs] 
46.910: [GC 46.910: [DefNew: 960K->64K(960K), 0.0031903 secs] 110353K->110157K(524224K), 0.0032726 secs] [Times: user=0.00 sys=0.00, real=0.00 secs] 
46.915: [GC 46.915: [DefNew: 960K->64K(960K), 0.0029521 secs] 111053K->110698K(524224K), 0.0030228 secs] [Times: user=0.00 sys=0.00, real=0.00 secs] 
46.919: [GC 46.919: [DefNew: 960K->64K(960K), 0.0036547 secs] 111595K->111225K(524224K), 0.0038000 secs] [Times: user=0.02 sys=0.00, real=0.00 secs] 
46.925: [GC 46.925: [DefNew: 960K->63K(960K), 0.0038168 secs] 112123K->111856K(524224K), 0.0038900 secs] [Times: user=0.00 sys=0.00, real=0.00 secs] 
46.930: [GC 46.930: [DefNew: 959K->63K(960K), 0.0029863 secs] 112753K->112390K(524224K), 0.0030541 secs] [Times: user=0.00 sys=0.00, real=0.00 secs] 
46.935: [GC 46.935: [DefNew: 959K->63K(960K), 0.0038053 secs] 113287K->113020K(524224K), 0.0038803 secs] [Times: user=0.01 sys=0.00, real=0.00 secs] 
46.941: [GC 46.941: [DefNew: 959K->64K(960K), 0.0051675 secs] 113917K->113766K(524224K), 0.0052609 secs] [Times: user=0.00 sys=0.00, real=0.01 secs] 
46.948: [GC 46.948: [DefNew: 960K->63K(960K), 0.0038447 secs] 114664K->114524K(524224K), 0.0039164 secs] [Times: user=0.00 sys=0.00, real=0.00 secs] 
46.954: [GC 46.954: [DefNew: 959K->64K(960K), 0.0035026 secs] 115421K->115096K(524224K), 0.0035796 secs] [Times: user=0.00 sys=0.00, real=0.00 secs] 
46.959: [GC 46.959: [DefNew: 960K->64K(960K), 0.0032139 secs] 115993K->115631K(524224K), 0.0032793 secs] [Times: user=0.00 sys=0.00, real=0.00 secs] 
46.964: [GC 46.964: [DefNew: 960K->64K(960K), 0.0028227 secs] 116528K->116205K(524224K), 0.0028862 secs] [Times: user=0.00 sys=0.00, real=0.00 secs] 
46.968: [GC 46.968: [DefNew: 960K->64K(960K), 0.0033597 secs] 117102K->116734K(524224K), 0.0034275 secs] [Times: user=0.00 sys=0.00, real=0.00 secs] 
46.973: [GC 46.973: [DefNew: 960K->64K(960K), 0.0034935 secs] 117631K->117303K(524224K), 0.0036138 secs] [Times: user=0.00 sys=0.00, real=0.00 secs] 
46.979: [GC 46.979: [DefNew: 960K->63K(960K), 0.0039804 secs] 118201K->118133K(524224K), 0.0041233 secs] [Times: user=0.00 sys=0.00, real=0.01 secs] 
46.985: [GC 46.985: [DefNew: 959K->63K(960K), 0.0038928 secs] 119030K->118725K(524224K), 0.0039660 secs] [Times: user=0.00 sys=0.00, real=0.00 secs] 
46.991: [GC 46.991: [DefNew: 959K->63K(960K), 0.0036436 secs] 119621K->119373K(524224K), 0.0037114 secs] [Times: user=0.00 sys=0.00, real=0.00 secs] 
46.996: [GC 46.996: [DefNew: 959K->63K(960K), 0.0034636 secs] 120271K->119930K(524224K), 0.0035353 secs] [Times: user=0.02 sys=0.00, real=0.00 secs] 
47.003: [GC 47.003: [DefNew: 959K->63K(960K), 0.0032245 secs] 120827K->120673K(524224K), 0.0032986 secs] [Times: user=0.00 sys=0.00, real=0.00 secs] 
47.009: [GC 47.009: [DefNew: 959K->63K(960K), 0.0054072 secs] 121570K->121414K(524224K), 0.0054798 secs] [Times: user=0.00 sys=0.00, real=0.01 secs] 
47.016: [GC 47.016: [DefNew: 959K->63K(960K), 0.0036956 secs] 122310K->122075K(524224K), 0.0037644 secs] [Times: user=0.00 sys=0.00, real=0.00 secs] 
47.021: [GC 47.021: [DefNew: 959K->64K(960K), 0.0030657 secs] 122972K->122681K(524224K), 0.0031297 secs] [Times: user=0.00 sys=0.00, real=0.00 secs] 
47.026: [GC 47.026: [DefNew: 960K->64K(960K), 0.0033005 secs] 123578K->123377K(524224K), 0.0033650 secs] [Times: user=0.00 sys=0.00, real=0.00 secs] 
47.031: [GC 47.031: [DefNew: 960K->63K(960K), 0.0033712 secs] 124273K->123950K(524224K), 0.0034376 secs] [Times: user=0.00 sys=0.00, real=0.00 secs] 
47.035: [GC 47.035: [DefNew: 959K->64K(960K), 0.0028645 secs] 124847K->124470K(524224K), 0.0029309 secs] [Times: user=0.00 sys=0.00, real=0.00 secs] 
47.040: [GC 47.040: [DefNew: 960K->63K(960K), 0.0035979 secs] 125367K->125051K(524224K), 0.0036830 secs] [Times: user=0.00 sys=0.00, real=0.00 secs] 
47.045: [GC 47.045: [DefNew: 959K->64K(960K), 0.0027803 secs] 125948K->125589K(524224K), 0.0030787 secs] [Times: user=0.01 sys=0.00, real=0.00 secs] 
47.050: [GC 47.050: [DefNew: 960K->63K(960K), 0.0029593 secs] 126485K->126147K(524224K), 0.0030286 secs] [Times: user=0.00 sys=0.00, real=0.00 secs] 
47.055: [GC 47.055: [DefNew: 959K->64K(960K), 0.0027649 secs] 127043K->126680K(524224K), 0.0028289 secs] [Times: user=0.00 sys=0.00, real=0.00 secs] 
47.060: [GC 47.060: [DefNew: 960K->64K(960K), 0.0030695 secs] 127576K->127266K(524224K), 0.0031379 secs] [Times: user=0.02 sys=0.00, real=0.00 secs] 
47.065: [GC 47.065: [DefNew: 960K->64K(960K), 0.0028583 secs] 128163K->127818K(524224K), 0.0029228 secs] [Times: user=0.00 sys=0.00, real=0.00 secs] 
47.069: [GC 47.069: [DefNew: 960K->63K(960K), 0.0028044 secs] 128715K->128361K(524224K), 0.0028660 secs] [Times: user=0.00 sys=0.00, real=0.00 secs] 
47.074: [GC 47.074: [DefNew: 959K->64K(960K), 0.0029074 secs] 129257K->128950K(524224K), 0.0029718 secs] [Times: user=0.02 sys=0.00, real=0.00 secs] 
47.078: [GC 47.078: [DefNew: 960K->63K(960K), 0.0030926 secs] 129847K->129485K(524224K), 0.0031561 secs] [Times: user=0.00 sys=0.00, real=0.00 secs] 
47.083: [GC 47.083: [DefNew: 959K->64K(960K), 0.0028049 secs] 130382K->130055K(524224K), 0.0028660 secs] [Times: user=0.00 sys=0.00, real=0.00 secs] 
47.088: [GC 47.088: [DefNew: 960K->63K(960K), 0.0027361 secs] 130952K->130580K(524224K), 0.0028010 secs] [Times: user=0.00 sys=0.00, real=0.00 secs] 
47.093: [GC 47.093: [DefNew: 959K->64K(960K), 0.0030974 secs] 131476K->131172K(524224K), 0.0031672 secs] [Times: user=0.01 sys=0.00, real=0.00 secs] 
47.098: [GC 47.098: [DefNew: 960K->64K(960K), 0.0030397 secs] 132069K->131729K(524224K), 0.0031047 secs] [Times: user=0.00 sys=0.00, real=0.00 secs] 
47.102: [GC 47.102: [DefNew: 960K->64K(960K), 0.0027471 secs] 132627K->132252K(524224K), 0.0028049 secs] [Times: user=0.00 sys=0.00, real=0.00 secs] 
47.107: [GC 47.107: [DefNew: 960K->63K(960K), 0.0030719 secs] 133149K->132811K(524224K), 0.0031354 secs] [Times: user=0.02 sys=0.00, real=0.00 secs] 
47.111: [GC 47.111: [DefNew: 959K->64K(960K), 0.0027871 secs] 133708K->133345K(524224K), 0.0028496 secs] [Times: user=0.00 sys=0.00, real=0.00 secs] 
47.116: [GC 47.116: [DefNew: 960K->64K(960K), 0.0027712 secs] 134242K->133896K(524224K), 0.0028280 secs] [Times: user=0.00 sys=0.00, real=0.00 secs] 
47.121: [GC 47.121: [DefNew: 960K->63K(960K), 0.0028366 secs] 134793K->134457K(524224K), 0.0029122 secs] [Times: user=0.00 sys=0.02, real=0.00 secs] 
47.126: [GC 47.126: [DefNew: 959K->63K(960K), 0.0028828 secs] 135354K->135041K(524224K), 0.0029468 secs] [Times: user=0.00 sys=0.00, real=0.00 secs] 
47.131: [GC 47.131: [DefNew: 959K->63K(960K), 0.0028381 secs] 135938K->135594K(524224K), 0.0029030 secs] [Times: user=0.00 sys=0.00, real=0.00 secs] 
47.135: [GC 47.135: [DefNew: 959K->63K(960K), 0.0026759 secs] 136492K->136114K(524224K), 0.0028799 secs] [Times: user=0.00 sys=0.00, real=0.00 secs] 
47.141: [GC 47.141: [DefNew: 959K->63K(960K), 0.0031364 secs] 137011K->136685K(524224K), 0.0032076 secs] [Times: user=0.00 sys=0.00, real=0.00 secs] 
47.146: [GC 47.146: [DefNew: 959K->64K(960K), 0.0028188 secs] 137581K->137251K(524224K), 0.0028809 secs] [Times: user=0.00 sys=0.00, real=0.00 secs] 
47.150: [GC 47.150: [DefNew: 960K->63K(960K), 0.0027211 secs] 138147K->137784K(524224K), 0.0027770 secs] [Times: user=0.00 sys=0.00, real=0.00 secs] 
47.155: [GC 47.155: [DefNew: 959K->64K(960K), 0.0027962 secs] 138682K->138368K(524224K), 0.0028660 secs] [Times: user=0.00 sys=0.00, real=0.00 secs] 
47.159: [GC 47.159: [DefNew: 960K->64K(960K), 0.0030950 secs] 139265K->138920K(524224K), 0.0031634 secs] [Times: user=0.00 sys=0.00, real=0.00 secs] 
47.164: [GC 47.164: [DefNew: 960K->64K(960K), 0.0029819 secs] 139817K->139506K(524224K), 0.0030426 secs] [Times: user=0.00 sys=0.00, real=0.00 secs] 
47.168: [GC 47.168: [DefNew: 960K->64K(960K), 0.0029406 secs] 140403K->140047K(524224K), 0.0029988 secs] [Times: user=0.01 sys=0.00, real=0.00 secs] 
47.173: [GC 47.173: [DefNew: 960K->64K(960K), 0.0029420 secs] 140945K->140562K(524224K), 0.0030127 secs] [Times: user=0.00 sys=0.00, real=0.00 secs] 
47.178: [GC 47.178: [DefNew: 960K->64K(960K), 0.0030137 secs] 141460K->141141K(524224K), 0.0030796 secs] [Times: user=0.00 sys=0.00, real=0.00 secs] 
47.182: [GC 47.182: [DefNew: 960K->63K(960K), 0.0031547 secs] 142037K->141667K(524224K), 0.0032201 secs] [Times: user=0.00 sys=0.00, real=0.00 secs] 
47.187: [GC 47.187: [DefNew: 959K->64K(960K), 0.0033154 secs] 142564K->142223K(524224K), 0.0033837 secs] [Times: user=0.00 sys=0.00, real=0.00 secs] 
47.192: [GC 47.192: [DefNew: 960K->64K(960K), 0.0031225 secs] 143119K->142807K(524224K), 0.0031999 secs] [Times: user=0.00 sys=0.00, real=0.00 secs] 
47.197: [GC 47.197: [DefNew: 960K->63K(960K), 0.0030007 secs] 143704K->143390K(524224K), 0.0030594 secs] [Times: user=0.00 sys=0.00, real=0.00 secs] 
47.201: [GC 47.202: [DefNew: 959K->63K(960K), 0.0029338 secs] 144288K->143922K(524224K), 0.0030055 secs] [Times: user=0.02 sys=0.00, real=0.00 secs] 
47.206: [GC 47.206: [DefNew: 959K->63K(960K), 0.0029338 secs] 144819K->144493K(524224K), 0.0029973 secs] [Times: user=0.00 sys=0.00, real=0.00 secs] 
47.211: [GC 47.211: [DefNew: 959K->64K(960K), 0.0029786 secs] 145390K->145020K(524224K), 0.0030368 secs] [Times: user=0.00 sys=0.00, real=0.00 secs] 
47.215: [GC 47.215: [DefNew: 960K->63K(960K), 0.0031484 secs] 145917K->145563K(524224K), 0.0032110 secs] [Times: user=0.02 sys=0.00, real=0.00 secs] 
47.220: [GC 47.220: [DefNew: 959K->63K(960K), 0.0029574 secs] 146460K->146126K(524224K), 0.0030421 secs] [Times: user=0.00 sys=0.00, real=0.00 secs] 
47.225: [GC 47.225: [DefNew: 959K->64K(960K), 0.0034891 secs] 147023K->146671K(524224K), 0.0035637 secs] [Times: user=0.00 sys=0.00, real=0.00 secs] 
47.230: [GC 47.230: [DefNew: 960K->63K(960K), 0.0033149 secs] 147568K->147246K(524224K), 0.0033809 secs] [Times: user=0.01 sys=0.00, real=0.00 secs] 
47.236: [GC 47.236: [DefNew: 959K->64K(960K), 0.0030455 secs] 148143K->147796K(524224K), 0.0031109 secs] [Times: user=0.00 sys=0.00, real=0.00 secs] 
47.240: [GC 47.240: [DefNew: 960K->63K(960K), 0.0030248 secs] 148694K->148348K(524224K), 0.0030902 secs] [Times: user=0.00 sys=0.00, real=0.00 secs] 
47.245: [GC 47.245: [DefNew: 959K->63K(960K), 0.0029747 secs] 149245K->148920K(524224K), 0.0030330 secs] [Times: user=0.00 sys=0.00, real=0.00 secs] 
47.249: [GC 47.249: [DefNew: 959K->63K(960K), 0.0033770 secs] 149818K->149482K(524224K), 0.0034434 secs] [Times: user=0.00 sys=0.00, real=0.00 secs] 
47.254: [GC 47.254: [DefNew: 959K->63K(960K), 0.0031427 secs] 150380K->150058K(524224K), 0.0032110 secs] [Times: user=0.00 sys=0.00, real=0.00 secs] 
47.259: [GC 47.259: [DefNew: 959K->64K(960K), 0.0032057 secs] 150955K->150631K(524224K), 0.0032750 secs] [Times: user=0.00 sys=0.00, real=0.00 secs] 
47.264: [GC 47.264: [DefNew: 960K->63K(960K), 0.0030854 secs] 151529K->151207K(524224K), 0.0031528 secs] [Times: user=0.02 sys=0.00, real=0.00 secs] 
47.269: [GC 47.269: [DefNew: 959K->63K(960K), 0.0029613 secs] 152104K->151771K(524224K), 0.0030209 secs] [Times: user=0.00 sys=0.00, real=0.00 secs] 
47.273: [GC 47.273: [DefNew: 959K->63K(960K), 0.0031379 secs] 152669K->152319K(524224K), 0.0031970 secs] [Times: user=0.00 sys=0.00, real=0.00 secs] 
47.278: [GC 47.278: [DefNew: 959K->64K(960K), 0.0030257 secs] 153216K->152871K(524224K), 0.0030868 secs] [Times: user=0.01 sys=0.00, real=0.00 secs] 
47.282: [GC 47.282: [DefNew: 960K->63K(960K), 0.0033558 secs] 153769K->153453K(524224K), 0.0034179 secs] [Times: user=0.00 sys=0.00, real=0.00 secs] 
47.288: [GC 47.288: [DefNew: 959K->64K(960K), 0.0031268 secs] 154350K->154003K(524224K), 0.0032062 secs] [Times: user=0.00 sys=0.00, real=0.00 secs] 
47.292: [GC 47.293: [DefNew: 960K->64K(960K), 0.0026947 secs] 154900K->154551K(524224K), 0.0027577 secs] [Times: user=0.00 sys=0.00, real=0.00 secs] 
47.297: [GC 47.297: [DefNew: 960K->63K(960K), 0.0030560 secs] 155447K->155102K(524224K), 0.0031191 secs] [Times: user=0.00 sys=0.00, real=0.00 secs] 
47.302: [GC 47.302: [DefNew: 959K->64K(960K), 0.0029035 secs] 155999K->155655K(524224K), 0.0029685 secs] [Times: user=0.00 sys=0.00, real=0.00 secs] 
47.306: [GC 47.306: [DefNew: 960K->63K(960K), 0.0030840 secs] 156552K->156190K(524224K), 0.0031557 secs] [Times: user=0.00 sys=0.00, real=0.00 secs] 
47.311: [GC 47.311: [DefNew: 959K->64K(960K), 0.0034068 secs] 157088K->156788K(524224K), 0.0034737 secs] [Times: user=0.00 sys=0.00, real=0.00 secs] 
47.316: [GC 47.316: [DefNew: 960K->63K(960K), 0.0029406 secs] 157686K->157331K(524224K), 0.0030026 secs] [Times: user=0.00 sys=0.00, real=0.00 secs] 
47.321: [GC 47.321: [DefNew: 959K->64K(960K), 0.0029973 secs] 158229K->157896K(524224K), 0.0030613 secs] [Times: user=0.00 sys=0.00, real=0.00 secs] 
47.326: [GC 47.326: [DefNew: 960K->64K(960K), 0.0031359 secs] 158793K->158462K(524224K), 0.0032052 secs] [Times: user=0.02 sys=0.00, real=0.00 secs] 
47.330: [GC 47.330: [DefNew: 960K->64K(960K), 0.0030036 secs] 159359K->159013K(524224K), 0.0030613 secs] [Times: user=0.00 sys=0.00, real=0.00 secs] 
47.335: [GC 47.335: [DefNew: 960K->64K(960K), 0.0028799 secs] 159910K->159577K(524224K), 0.0029439 secs] [Times: user=0.00 sys=0.00, real=0.00 secs] 
47.339: [GC 47.339: [DefNew: 960K->64K(960K), 0.0033809 secs] 160473K->160121K(524224K), 0.0034535 secs] [Times: user=0.00 sys=0.00, real=0.00 secs] 
47.346: [GC 47.346: [DefNew: 960K->64K(960K), 0.0033563 secs] 161020K->160734K(524224K), 0.0034246 secs] [Times: user=0.00 sys=0.00, real=0.00 secs] 
47.351: [GC 47.352: [DefNew: 960K->64K(960K), 0.0030637 secs] 161630K->161277K(524224K), 0.0032760 secs] [Times: user=0.00 sys=0.00, real=0.00 secs] 
47.357: [GC 47.357: [DefNew: 960K->64K(960K), 0.0032918 secs] 162173K->161811K(524224K), 0.0033616 secs] [Times: user=0.01 sys=0.00, real=0.00 secs] 
47.363: [GC 47.363: [DefNew: 960K->64K(960K), 0.0030671 secs] 162708K->162367K(524224K), 0.0031292 secs] [Times: user=0.00 sys=0.00, real=0.00 secs] 
47.367: [GC 47.367: [DefNew: 960K->64K(960K), 0.0031552 secs] 163264K->162919K(524224K), 0.0032235 secs] [Times: user=0.00 sys=0.00, real=0.00 secs] 
47.372: [GC 47.372: [DefNew: 960K->64K(960K), 0.0036898 secs] 163816K->163485K(524224K), 0.0037610 secs] [Times: user=0.02 sys=0.00, real=0.00 secs] 
47.377: [GC 47.377: [DefNew: 960K->63K(960K), 0.0032538 secs] 164382K->164067K(524224K), 0.0033221 secs] [Times: user=0.00 sys=0.00, real=0.00 secs] 
47.382: [GC 47.382: [DefNew: 959K->63K(960K), 0.0032971 secs] 164964K->164627K(524224K), 0.0033631 secs] [Times: user=0.00 sys=0.00, real=0.00 secs] 
47.387: [GC 47.387: [DefNew: 959K->64K(960K), 0.0030565 secs] 165525K->165213K(524224K), 0.0031292 secs] [Times: user=0.02 sys=0.00, real=0.00 secs] 
47.394: [GC 47.394: [DefNew: 960K->64K(960K), 0.0036489 secs] 166110K->165935K(524224K), 0.0037177 secs] [Times: user=0.00 sys=0.00, real=0.00 secs] 
47.399: [GC 47.399: [DefNew: 960K->63K(960K), 0.0034747 secs] 166833K->166496K(524224K), 0.0035406 secs] [Times: user=0.00 sys=0.00, real=0.00 secs] 
47.404: [GC 47.404: [DefNew: 959K->63K(960K), 0.0037432 secs] 167393K->167066K(524224K), 0.0038086 secs] [Times: user=0.02 sys=0.00, real=0.00 secs] 
47.410: [GC 47.410: [DefNew: 959K->63K(960K), 0.0032375 secs] 167963K->167647K(524224K), 0.0033029 secs] [Times: user=0.00 sys=0.00, real=0.00 secs] 
47.414: [GC 47.414: [DefNew: 959K->64K(960K), 0.0029083 secs] 168544K->168181K(524224K), 0.0029665 secs] [Times: user=0.00 sys=0.00, real=0.00 secs] 
47.419: [GC 47.419: [DefNew: 960K->64K(960K), 0.0029348 secs] 169078K->168732K(524224K), 0.0030070 secs] [Times: user=0.02 sys=0.00, real=0.00 secs] 
47.425: [GC 47.425: [DefNew: 960K->63K(960K), 0.0035594 secs] 169628K->169303K(524224K), 0.0036320 secs] [Times: user=0.00 sys=0.00, real=0.00 secs] 
47.429: [GC 47.429: [DefNew: 959K->64K(960K), 0.0033443 secs] 170199K->169889K(524224K), 0.0034107 secs] [Times: user=0.00 sys=0.00, real=0.00 secs] 
47.435: [GC 47.435: [DefNew: 960K->63K(960K), 0.0038452 secs] 170785K->170464K(524224K), 0.0039188 secs] [Times: user=0.01 sys=0.00, real=0.00 secs] 
47.440: [GC 47.440: [DefNew: 959K->63K(960K), 0.0033683 secs] 171360K->170989K(524224K), 0.0034424 secs] [Times: user=0.00 sys=0.00, real=0.00 secs] 
47.446: [GC 47.446: [DefNew: 959K->63K(960K), 0.0033385 secs] 171885K->171601K(524224K), 0.0034102 secs] [Times: user=0.00 sys=0.00, real=0.00 secs] 
47.450: [GC 47.450: [DefNew: 959K->64K(960K), 0.0043610 secs] 172498K->172143K(524224K), 0.0044279 secs] [Times: user=0.02 sys=0.00, real=0.00 secs] 
47.456: [GC 47.456: [DefNew: 960K->64K(960K), 0.0044578 secs] 173041K->172734K(524224K), 0.0045328 secs] [Times: user=0.00 sys=0.00, real=0.00 secs] 
47.463: [GC 47.463: [DefNew: 960K->64K(960K), 0.0032192 secs] 173631K->173304K(524224K), 0.0032870 secs] [Times: user=0.00 sys=0.00, real=0.00 secs] 
47.467: [GC 47.467: [DefNew: 960K->64K(960K), 0.0029256 secs] 174201K->173861K(524224K), 0.0029853 secs] [Times: user=0.00 sys=0.00, real=0.00 secs] 
47.472: [GC 47.472: [DefNew: 960K->64K(960K), 0.0034386 secs] 174758K->174383K(524224K), 0.0035069 secs] [Times: user=0.00 sys=0.00, real=0.00 secs] 
47.477: [GC 47.477: [DefNew: 960K->63K(960K), 0.0031066 secs] 175280K->174945K(524224K), 0.0031691 secs] [Times: user=0.00 sys=0.00, real=0.00 secs] 
47.482: [GC 47.482: [DefNew: 959K->63K(960K), 0.0033390 secs] 175841K->175504K(524224K), 0.0034054 secs] [Times: user=0.01 sys=0.00, real=0.00 secs] 
47.486: [GC 47.486: [DefNew: 959K->64K(960K), 0.0035839 secs] 176401K->176044K(524224K), 0.0036537 secs] [Times: user=0.00 sys=0.00, real=0.00 secs] 
47.492: [GC 47.492: [DefNew: 960K->63K(960K), 0.0032307 secs] 176940K->176603K(524224K), 0.0032966 secs] [Times: user=0.00 sys=0.00, real=0.00 secs] 
47.498: [GC 47.498: [DefNew: 959K->64K(960K), 0.0031985 secs] 177501K->177174K(524224K), 0.0032649 secs] [Times: user=0.02 sys=0.00, real=0.00 secs] 
47.502: [GC 47.502: [DefNew: 960K->63K(960K), 0.0032432 secs] 178071K->177720K(524224K), 0.0033087 secs] [Times: user=0.00 sys=0.00, real=0.00 secs] 
47.507: [GC 47.507: [DefNew: 959K->63K(960K), 0.0033775 secs] 178617K->178287K(524224K), 0.0034487 secs] [Times: user=0.00 sys=0.00, real=0.00 secs] 
47.512: [GC 47.512: [DefNew: 959K->64K(960K), 0.0038510 secs] 179184K->178873K(524224K), 0.0039241 secs] [Times: user=0.02 sys=0.00, real=0.00 secs] 
47.518: [GC 47.518: [DefNew: 960K->64K(960K), 0.0032326 secs] 179770K->179447K(524224K), 0.0032952 secs] [Times: user=0.00 sys=0.00, real=0.00 secs] 
47.522: [GC 47.522: [DefNew: 960K->63K(960K), 0.0036498 secs] 180345K->180015K(524224K), 0.0037182 secs] [Times: user=0.00 sys=0.00, real=0.00 secs] 
47.528: [GC 47.528: [DefNew: 959K->64K(960K), 0.0032447 secs] 180912K->180586K(524224K), 0.0033068 secs] [Times: user=0.02 sys=0.00, real=0.00 secs] 
47.533: [GC 47.533: [DefNew: 960K->64K(960K), 0.0032562 secs] 181484K->181152K(524224K), 0.0033193 secs] [Times: user=0.00 sys=0.00, real=0.00 secs] 
47.538: [GC 47.538: [DefNew: 960K->64K(960K), 0.0038125 secs] 182049K->181714K(524224K), 0.0038799 secs] [Times: user=0.00 sys=0.00, real=0.00 secs] 
47.544: [GC 47.544: [DefNew: 960K->64K(960K), 0.0038770 secs] 182612K->182298K(524224K), 0.0039463 secs] [Times: user=0.02 sys=0.00, real=0.00 secs] 
47.549: [GC 47.549: [DefNew: 960K->63K(960K), 0.0030902 secs] 183195K->182855K(524224K), 0.0031499 secs] [Times: user=0.00 sys=0.00, real=0.00 secs] 
47.554: [GC 47.554: [DefNew: 959K->64K(960K), 0.0035411 secs] 183752K->183416K(524224K), 0.0036080 secs] [Times: user=0.00 sys=0.00, real=0.00 secs] 
47.559: [GC 47.559: [DefNew: 960K->63K(960K), 0.0042326 secs] 184314K->183958K(524224K), 0.0043047 secs] [Times: user=0.00 sys=0.00, real=0.00 secs] 
47.566: [GC 47.566: [DefNew: 959K->63K(960K), 0.0032630 secs] 184855K->184557K(524224K), 0.0033260 secs] [Times: user=0.00 sys=0.00, real=0.00 secs] 
47.571: [GC 47.571: [DefNew: 959K->63K(960K), 0.0037206 secs] 185453K->185102K(524224K), 0.0037870 secs] [Times: user=0.00 sys=0.00, real=0.00 secs] 
47.576: [GC 47.576: [DefNew: 959K->63K(960K), 0.0039342 secs] 186000K->185668K(524224K), 0.0040011 secs] [Times: user=0.02 sys=0.00, real=0.00 secs] 
47.582: [GC 47.582: [DefNew: 959K->63K(960K), 0.0032865 secs] 186565K->186249K(524224K), 0.0033520 secs] [Times: user=0.00 sys=0.00, real=0.00 secs] 
47.586: [GC 47.586: [DefNew: 959K->64K(960K), 0.0031013 secs] 187146K->186801K(524224K), 0.0031634 secs] [Times: user=0.00 sys=0.00, real=0.00 secs] 
47.594: [GC 47.594: [DefNew: 960K->63K(960K), 0.0037302 secs] 187699K->187415K(524224K), 0.0038096 secs] [Times: user=0.00 sys=0.00, real=0.00 secs] 
47.600: [GC 47.600: [DefNew: 959K->63K(960K), 0.0034141 secs] 188313K->187998K(524224K), 0.0034795 secs] [Times: user=0.00 sys=0.00, real=0.00 secs] 
47.604: [GC 47.604: [DefNew: 959K->64K(960K), 0.0034270 secs] 188895K->188529K(524224K), 0.0035252 secs] [Times: user=0.00 sys=0.00, real=0.00 secs] 
47.610: [GC 47.610: [DefNew: 960K->64K(960K), 0.0033929 secs] 189426K->189118K(524224K), 0.0034564 secs] [Times: user=0.00 sys=0.00, real=0.00 secs] 
47.615: [GC 47.615: [DefNew: 960K->63K(960K), 0.0032976 secs] 190014K->189679K(524224K), 0.0033650 secs] [Times: user=0.00 sys=0.00, real=0.00 secs] 
47.620: [GC 47.620: [DefNew: 959K->64K(960K), 0.0033529 secs] 190576K->190264K(524224K), 0.0034174 secs] [Times: user=0.02 sys=0.00, real=0.00 secs] 
47.626: [GC 47.626: [DefNew: 960K->64K(960K), 0.0031730 secs] 191160K->190842K(524224K), 0.0032394 secs] [Times: user=0.00 sys=0.00, real=0.00 secs] 
47.631: [GC 47.631: [DefNew: 960K->63K(960K), 0.0033457 secs] 191739K->191430K(524224K), 0.0034092 secs] [Times: user=0.00 sys=0.00, real=0.00 secs] 
47.637: [GC 47.637: [DefNew: 959K->63K(960K), 0.0048427 secs] 192326K->191988K(524224K), 0.0049159 secs] [Times: user=0.01 sys=0.00, real=0.00 secs] 
47.644: [GC 47.644: [DefNew: 959K->64K(960K), 0.0035579 secs] 192885K->192566K(524224K), 0.0036368 secs] [Times: user=0.00 sys=0.00, real=0.00 secs] 
47.650: [GC 47.650: [DefNew: 960K->63K(960K), 0.0034853 secs] 193463K->193214K(524224K), 0.0035507 secs] [Times: user=0.00 sys=0.00, real=0.00 secs] 
47.655: [GC 47.655: [DefNew: 959K->63K(960K), 0.0042696 secs] 194111K->193772K(524224K), 0.0043365 secs] [Times: user=0.00 sys=0.00, real=0.00 secs] 
47.661: [GC 47.661: [DefNew: 959K->64K(960K), 0.0030806 secs] 194670K->194358K(524224K), 0.0031403 secs] [Times: user=0.00 sys=0.00, real=0.00 secs] 
47.665: [GC 47.665: [DefNew: 960K->63K(960K), 0.0034723 secs] 195255K->194900K(524224K), 0.0035368 secs] [Times: user=0.00 sys=0.00, real=0.00 secs] 
47.671: [GC 47.671: [DefNew: 959K->64K(960K), 0.0040406 secs] 195797K->195445K(524224K), 0.0041075 secs] [Times: user=0.00 sys=0.00, real=0.00 secs] 
47.677: [GC 47.677: [DefNew: 960K->64K(960K), 0.0029901 secs] 196341K->196013K(524224K), 0.0030589 secs] [Times: user=0.00 sys=0.00, real=0.00 secs] 
47.681: [GC 47.681: [DefNew: 960K->64K(960K), 0.0032683 secs] 196911K->196539K(524224K), 0.0033303 secs] [Times: user=0.00 sys=0.00, real=0.00 secs] 
47.687: [GC 47.687: [DefNew: 960K->64K(960K), 0.0039155 secs] 197436K->197087K(524224K), 0.0039852 secs] [Times: user=0.00 sys=0.00, real=0.00 secs] 
47.692: [GC 47.692: [DefNew: 960K->63K(960K), 0.0032995 secs] 197985K->197637K(524224K), 0.0033736 secs] [Times: user=0.00 sys=0.00, real=0.00 secs] 
47.697: [GC 47.697: [DefNew: 959K->64K(960K), 0.0032673 secs] 198535K->198211K(524224K), 0.0033303 secs] [Times: user=0.00 sys=0.00, real=0.00 secs] 
47.702: [GC 47.702: [DefNew: 960K->63K(960K), 0.0034068 secs] 199107K->198763K(524224K), 0.0034756 secs] [Times: user=0.00 sys=0.00, real=0.00 secs] 
47.707: [GC 47.707: [DefNew: 959K->63K(960K), 0.0032586 secs] 199661K->199358K(524224K), 0.0033284 secs] [Times: user=0.00 sys=0.00, real=0.00 secs] 
47.712: [GC 47.712: [DefNew: 959K->63K(960K), 0.0033717 secs] 200255K->199933K(524224K), 0.0034347 secs] [Times: user=0.00 sys=0.00, real=0.00 secs] 
47.716: [GC 47.716: [DefNew: 959K->64K(960K), 0.0034829 secs] 200831K->200487K(524224K), 0.0035488 secs] [Times: user=0.02 sys=0.00, real=0.00 secs] 
47.722: [GC 47.722: [DefNew: 960K->64K(960K), 0.0035098 secs] 201384K->201041K(524224K), 0.0035748 secs] [Times: user=0.00 sys=0.00, real=0.00 secs] 
47.727: [GC 47.727: [DefNew: 960K->63K(960K), 0.0029261 secs] 201938K->201579K(524224K), 0.0029834 secs] [Times: user=0.00 sys=0.00, real=0.00 secs] 
47.732: [GC 47.732: [DefNew: 959K->63K(960K), 0.0033525 secs] 202476K->202166K(524224K), 0.0034165 secs] [Times: user=0.01 sys=0.00, real=0.00 secs] 
47.737: [GC 47.737: [DefNew: 959K->63K(960K), 0.0035714 secs] 203063K->202726K(524224K), 0.0036402 secs] [Times: user=0.00 sys=0.00, real=0.00 secs] 
47.742: [GC 47.742: [DefNew: 959K->64K(960K), 0.0036291 secs] 203624K->203275K(524224K), 0.0037057 secs] [Times: user=0.00 sys=0.00, real=0.00 secs] 
47.749: [GC 47.749: [DefNew: 960K->64K(960K), 0.0034655 secs] 204172K->203851K(524224K), 0.0035993 secs] [Times: user=0.00 sys=0.00, real=0.00 secs] 
47.753: [GC 47.753: [DefNew: 960K->63K(960K), 0.0042585 secs] 204748K->204436K(524224K), 0.0043264 secs] [Times: user=0.00 sys=0.00, real=0.00 secs] 
47.759: [GC 47.759: [DefNew: 959K->63K(960K), 0.0039025 secs] 205334K->204997K(524224K), 0.0039761 secs] [Times: user=0.00 sys=0.00, real=0.00 secs] 
47.764: [GC 47.765: [DefNew: 959K->64K(960K), 0.0043890 secs] 205893K->205600K(524224K), 0.0044823 secs] [Times: user=0.00 sys=0.00, real=0.00 secs] 
47.771: [GC 47.771: [DefNew: 960K->64K(960K), 0.0039819 secs] 206498K->206157K(524224K), 0.0040502 secs] [Times: user=0.00 sys=0.00, real=0.00 secs] 
47.777: [GC 47.777: [DefNew: 960K->64K(960K), 0.0032837 secs] 207054K->206715K(524224K), 0.0033457 secs] [Times: user=0.02 sys=0.00, real=0.00 secs] 
47.781: [GC 47.781: [DefNew: 960K->63K(960K), 0.0036340 secs] 207614K->207254K(524224K), 0.0037340 secs] [Times: user=0.00 sys=0.00, real=0.00 secs] 
47.787: [GC 47.787: [DefNew: 959K->63K(960K), 0.0036277 secs] 208151K->207860K(524224K), 0.0037211 secs] [Times: user=0.00 sys=0.00, real=0.00 secs] 
47.792: [GC 47.792: [DefNew: 959K->63K(960K), 0.0037350 secs] 208757K->208467K(524224K), 0.0038009 secs] [Times: user=0.02 sys=0.00, real=0.00 secs] 
47.798: [GC 47.798: [DefNew: 959K->64K(960K), 0.0034068 secs] 209364K->209045K(524224K), 0.0034694 secs] [Times: user=0.00 sys=0.00, real=0.00 secs] 
47.802: [GC 47.802: [DefNew: 960K->64K(960K), 0.0031350 secs] 209942K->209577K(524224K), 0.0031956 secs] [Times: user=0.00 sys=0.00, real=0.00 secs] 
47.807: [GC 47.807: [DefNew: 960K->63K(960K), 0.0037750 secs] 210474K->210128K(524224K), 0.0038553 secs] [Times: user=0.02 sys=0.00, real=0.00 secs] 
47.813: [GC 47.814: [DefNew: 959K->63K(960K), 0.0038765 secs] 211024K->210774K(524224K), 0.0040305 secs] [Times: user=0.00 sys=0.00, real=0.00 secs] 
47.818: [GC 47.818: [DefNew: 959K->64K(960K), 0.0032495 secs] 211670K->211336K(524224K), 0.0033106 secs] [Times: user=0.00 sys=0.00, real=0.00 secs] 
47.823: [GC 47.823: [DefNew: 960K->63K(960K), 0.0034636 secs] 212232K->211929K(524224K), 0.0035281 secs] [Times: user=0.02 sys=0.00, real=0.00 secs] 
47.829: [GC 47.829: [DefNew: 959K->64K(960K), 0.0035825 secs] 212827K->212514K(524224K), 0.0036508 secs] [Times: user=0.00 sys=0.00, real=0.00 secs] 
47.834: [GC 47.834: [DefNew: 960K->64K(960K), 0.0033265 secs] 213411K->213094K(524224K), 0.0033934 secs] [Times: user=0.00 sys=0.00, real=0.00 secs] 
47.838: [GC 47.839: [DefNew: 960K->63K(960K), 0.0045449 secs] 213991K->213647K(524224K), 0.0046204 secs] [Times: user=0.02 sys=0.00, real=0.00 secs] 
47.845: [GC 47.846: [DefNew: 959K->63K(960K), 0.0038428 secs] 214544K->214259K(524224K), 0.0039111 secs] [Times: user=0.00 sys=0.00, real=0.00 secs] 
47.851: [GC 47.851: [DefNew: 959K->63K(960K), 0.0033010 secs] 215155K->214815K(524224K), 0.0033597 secs] [Times: user=0.00 sys=0.00, real=0.00 secs] 
47.855: [GC 47.855: [DefNew: 959K->63K(960K), 0.0048273 secs] 215713K->215345K(524224K), 0.0048971 secs] [Times: user=0.02 sys=0.00, real=0.00 secs] 
47.862: [GC 47.862: [DefNew: 959K->63K(960K), 0.0034237 secs] 216242K->215939K(524224K), 0.0034901 secs] [Times: user=0.00 sys=0.00, real=0.00 secs] 
47.867: [GC 47.868: [DefNew: 959K->64K(960K), 0.0036676 secs] 216835K->216515K(524224K), 0.0037340 secs] [Times: user=0.00 sys=0.00, real=0.00 secs] 
47.874: [GC 47.874: [DefNew: 960K->63K(960K), 0.0035204 secs] 217411K->217118K(524224K), 0.0035882 secs] [Times: user=0.00 sys=0.00, real=0.00 secs] 
47.879: [GC 47.879: [DefNew: 959K->64K(960K), 0.0035151 secs] 218014K->217686K(524224K), 0.0035830 secs] [Times: user=0.00 sys=0.00, real=0.00 secs] 
47.885: [GC 47.885: [DefNew: 960K->64K(960K), 0.0036802 secs] 218584K->218270K(524224K), 0.0053191 secs] [Times: user=0.02 sys=0.00, real=0.00 secs] 
47.892: [GC 47.892: [DefNew: 960K->63K(960K), 0.0039992 secs] 219167K->218883K(524224K), 0.0040709 secs] [Times: user=0.00 sys=0.00, real=0.00 secs] 
47.897: [GC 47.897: [DefNew: 959K->64K(960K), 0.0034145 secs] 219780K->219422K(524224K), 0.0034737 secs] [Times: user=0.00 sys=0.00, real=0.00 secs] 
47.902: [GC 47.902: [DefNew: 960K->64K(960K), 0.0032707 secs] 220319K->219998K(524224K), 0.0033308 secs] [Times: user=0.01 sys=0.00, real=0.00 secs] 
47.907: [GC 47.907: [DefNew: 960K->64K(960K), 0.0035531 secs] 220895K->220596K(524224K), 0.0036267 secs] [Times: user=0.00 sys=0.00, real=0.00 secs] 
47.913: [GC 47.913: [DefNew: 960K->63K(960K), 0.0034372 secs] 221494K->221164K(524224K), 0.0035007 secs] [Times: user=0.00 sys=0.00, real=0.00 secs] 
47.918: [GC 47.918: [DefNew: 959K->63K(960K), 0.0032548 secs] 222061K->221698K(524224K), 0.0033164 secs] [Times: user=0.02 sys=0.00, real=0.00 secs] 
47.923: [GC 47.923: [DefNew: 959K->63K(960K), 0.0034285 secs] 222595K->222249K(524224K), 0.0035074 secs] [Times: user=0.00 sys=0.00, real=0.00 secs] 
47.928: [GC 47.928: [DefNew: 959K->63K(960K), 0.0037490 secs] 223147K->222855K(524224K), 0.0038168 secs] [Times: user=0.00 sys=0.00, real=0.00 secs] 
47.933: [GC 47.933: [DefNew: 959K->63K(960K), 0.0040131 secs] 223753K->223436K(524224K), 0.0040771 secs] [Times: user=0.01 sys=0.00, real=0.00 secs] 
47.939: [GC 47.939: [DefNew: 959K->63K(960K), 0.0033631 secs] 224334K->223980K(524224K), 0.0034391 secs] [Times: user=0.00 sys=0.00, real=0.00 secs] 
47.943: [GC 47.943: [DefNew: 959K->63K(960K), 0.0031701 secs] 224877K->224549K(524224K), 0.0032351 secs] [Times: user=0.00 sys=0.00, real=0.00 secs] 
47.948: [GC 47.948: [DefNew: 959K->64K(960K), 0.0039540 secs] 225445K->225136K(524224K), 0.0040247 secs] [Times: user=0.02 sys=0.00, real=0.00 secs] 
47.954: [GC 47.954: [DefNew: 960K->63K(960K), 0.0045752 secs] 226033K->225729K(524224K), 0.0046440 secs] [Times: user=0.00 sys=0.00, real=0.00 secs] 
47.960: [GC 47.960: [DefNew: 959K->63K(960K), 0.0031874 secs] 226626K->226268K(524224K), 0.0032461 secs] [Times: user=0.00 sys=0.00, real=0.00 secs] 
47.965: [GC 47.965: [DefNew: 959K->63K(960K), 0.0039804 secs] 227165K->226867K(524224K), 0.0040473 secs] [Times: user=0.02 sys=0.00, real=0.00 secs] 
47.970: [GC 47.970: [DefNew: 959K->64K(960K), 0.0041055 secs] 227764K->227444K(524224K), 0.0041724 secs] [Times: user=0.00 sys=0.00, real=0.00 secs] 
47.976: [GC 47.976: [DefNew: 960K->63K(960K), 0.0038625 secs] 228341K->228018K(524224K), 0.0039289 secs] [Times: user=0.00 sys=0.00, real=0.00 secs] 
47.981: [GC 47.981: [DefNew: 959K->64K(960K), 0.0036267 secs] 228915K->228558K(524224K), 0.0036893 secs] [Times: user=0.02 sys=0.00, real=0.00 secs] 
47.987: [GC 47.987: [DefNew: 960K->64K(960K), 0.0035358 secs] 229455K->229124K(524224K), 0.0036041 secs] [Times: user=0.00 sys=0.00, real=0.00 secs] 
47.994: [GC 47.994: [DefNew: 960K->63K(960K), 0.0035969 secs] 230021K->229683K(524224K), 0.0036696 secs] [Times: user=0.00 sys=0.00, real=0.00 secs] 
47.999: [GC 47.999: [DefNew: 959K->63K(960K), 0.0041599 secs] 230579K->230331K(524224K), 0.0042321 secs] [Times: user=0.00 sys=0.00, real=0.00 secs] 
48.005: [GC 48.005: [DefNew: 959K->64K(960K), 0.0040021 secs] 231227K->230934K(524224K), 0.0040685 secs] [Times: user=0.00 sys=0.00, real=0.00 secs] 
48.010: [GC 48.010: [DefNew: 960K->63K(960K), 0.0037673 secs] 231832K->231503K(524224K), 0.0038380 secs] [Times: user=0.02 sys=0.00, real=0.00 secs] 
48.017: [GC 48.017: [DefNew: 959K->64K(960K), 0.0034631 secs] 232400K->232111K(524224K), 0.0035319 secs] [Times: user=0.00 sys=0.00, real=0.00 secs] 
48.021: [GC 48.021: [DefNew: 960K->64K(960K), 0.0037162 secs] 233008K->232640K(524224K), 0.0037875 secs] [Times: user=0.00 sys=0.00, real=0.00 secs] 
48.027: [GC 48.027: [DefNew: 960K->64K(960K), 0.0035469 secs] 233538K->233248K(524224K), 0.0036109 secs] [Times: user=0.02 sys=0.00, real=0.00 secs] 
48.033: [GC 48.033: [DefNew: 960K->63K(960K), 0.0039188 secs] 234145K->233782K(524224K), 0.0039790 secs] [Times: user=0.00 sys=0.00, real=0.00 secs] 
48.039: [GC 48.039: [DefNew: 959K->64K(960K), 0.0038553 secs] 234678K->234344K(524224K), 0.0039227 secs] [Times: user=0.00 sys=0.00, real=0.00 secs] 
48.044: [GC 48.044: [DefNew: 960K->64K(960K), 0.0037567 secs] 235240K->234940K(524224K), 0.0038240 secs] [Times: user=0.00 sys=0.00, real=0.00 secs] 
48.050: [GC 48.050: [DefNew: 960K->64K(960K), 0.0036306 secs] 235837K->235522K(524224K), 0.0036960 secs] [Times: user=0.00 sys=0.00, real=0.00 secs] 
48.058: [GC 48.058: [DefNew: 960K->63K(960K), 0.0043582 secs] 236418K->236121K(524224K), 0.0044323 secs] [Times: user=0.02 sys=0.00, real=0.01 secs] 
48.064: [GC 48.064: [DefNew: 959K->64K(960K), 0.0038539 secs] 237018K->236722K(524224K), 0.0039299 secs] [Times: user=0.00 sys=0.00, real=0.00 secs] 
48.069: [GC 48.069: [DefNew: 960K->64K(960K), 0.0039289 secs] 237619K->237311K(524224K), 0.0039929 secs] [Times: user=0.00 sys=0.00, real=0.00 secs] 
48.075: [GC 48.075: [DefNew: 960K->64K(960K), 0.0039029 secs] 238207K->237914K(524224K), 0.0039703 secs] [Times: user=0.01 sys=0.00, real=0.00 secs] 
48.080: [GC 48.080: [DefNew: 960K->63K(960K), 0.0035748 secs] 238811K->238484K(524224K), 0.0036383 secs] [Times: user=0.00 sys=0.00, real=0.00 secs] 
48.086: [GC 48.086: [DefNew: 959K->64K(960K), 0.0046305 secs] 239380K->239058K(524224K), 0.0047099 secs] [Times: user=0.00 sys=0.00, real=0.00 secs] 
48.093: [GC 48.093: [DefNew: 960K->63K(960K), 0.0036243 secs] 239956K->239665K(524224K), 0.0036922 secs] [Times: user=0.00 sys=0.00, real=0.00 secs] 
48.098: [GC 48.098: [DefNew: 959K->64K(960K), 0.0033255 secs] 240562K->240249K(524224K), 0.0033861 secs] [Times: user=0.00 sys=0.00, real=0.00 secs] 
48.102: [GC 48.102: [DefNew: 960K->64K(960K), 0.0036474 secs] 241147K->240818K(524224K), 0.0037480 secs] [Times: user=0.00 sys=0.00, real=0.00 secs] 
48.108: [GC 48.108: [DefNew: 960K->64K(960K), 0.0034035 secs] 241715K->241425K(524224K), 0.0034631 secs] [Times: user=0.00 sys=0.00, real=0.00 secs] 
48.113: [GC 48.113: [DefNew: 960K->63K(960K), 0.0036046 secs] 242321K->241962K(524224K), 0.0036701 secs] [Times: user=0.00 sys=0.00, real=0.00 secs] 
48.118: [GC 48.118: [DefNew: 959K->64K(960K), 0.0034304 secs] 242859K->242532K(524224K), 0.0034968 secs] [Times: user=0.00 sys=0.00, real=0.00 secs] 
48.125: [GC 48.125: [DefNew: 960K->64K(960K), 0.0037942 secs] 243430K->243142K(524224K), 0.0038606 secs] [Times: user=0.00 sys=0.00, real=0.00 secs] 
48.130: [GC 48.130: [DefNew: 960K->64K(960K), 0.0036547 secs] 244039K->243723K(524224K), 0.0037129 secs] [Times: user=0.00 sys=0.00, real=0.00 secs] 
48.136: [GC 48.137: [DefNew: 960K->63K(960K), 0.0041022 secs] 244620K->244262K(524224K), 0.0041753 secs] [Times: user=0.02 sys=0.00, real=0.00 secs] 
48.142: [GC 48.142: [DefNew: 959K->64K(960K), 0.0038500 secs] 245158K->244845K(524224K), 0.0039217 secs] [Times: user=0.00 sys=0.00, real=0.00 secs] 
48.147: [GC 48.147: [DefNew: 960K->64K(960K), 0.0037191 secs] 245743K->245443K(524224K), 0.0037822 secs] [Times: user=0.00 sys=0.00, real=0.00 secs] 
48.153: [GC 48.153: [DefNew: 960K->63K(960K), 0.0040675 secs] 246340K->246004K(524224K), 0.0041373 secs] [Times: user=0.01 sys=0.00, real=0.00 secs] 
48.158: [GC 48.158: [DefNew: 959K->64K(960K), 0.0035223 secs] 246902K->246572K(524224K), 0.0035916 secs] [Times: user=0.00 sys=0.00, real=0.00 secs] 
48.164: [GC 48.164: [DefNew: 960K->63K(960K), 0.0035738 secs] 247470K->247159K(524224K), 0.0036421 secs] [Times: user=0.00 sys=0.00, real=0.00 secs] 
48.170: [GC 48.170: [DefNew: 959K->63K(960K), 0.0048336 secs] 248057K->247731K(524224K), 0.0049115 secs] [Times: user=0.00 sys=0.00, real=0.01 secs] 
48.176: [GC 48.177: [DefNew: 959K->63K(960K), 0.0038130 secs] 248627K->248356K(524224K), 0.0038808 secs] [Times: user=0.00 sys=0.00, real=0.00 secs] 
48.182: [GC 48.182: [DefNew: 959K->64K(960K), 0.0035637 secs] 249253K->248932K(524224K), 0.0036364 secs] [Times: user=0.02 sys=0.00, real=0.00 secs] 
48.189: [GC 48.189: [DefNew: 960K->64K(960K), 0.0037952 secs] 249828K->249513K(524224K), 0.0038630 secs] [Times: user=0.00 sys=0.00, real=0.00 secs] 
48.194: [GC 48.194: [DefNew: 960K->63K(960K), 0.0035084 secs] 250410K->250093K(524224K), 0.0035728 secs] [Times: user=0.00 sys=0.00, real=0.00 secs] 
48.199: [GC 48.199: [DefNew: 959K->64K(960K), 0.0040478 secs] 250990K->250652K(524224K), 0.0041161 secs] [Times: user=0.02 sys=0.00, real=0.00 secs] 
48.205: [GC 48.205: [DefNew: 960K->64K(960K), 0.0038312 secs] 251548K->251262K(524224K), 0.0039029 secs] [Times: user=0.00 sys=0.00, real=0.00 secs] 
48.210: [GC 48.210: [DefNew: 960K->64K(960K), 0.0034357 secs] 252159K->251838K(524224K), 0.0034997 secs] [Times: user=0.00 sys=0.00, real=0.00 secs] 
48.216: [GC 48.216: [DefNew: 960K->64K(960K), 0.0038736 secs] 252735K->252409K(524224K), 0.0039410 secs] [Times: user=0.00 sys=0.00, real=0.00 secs] 
48.222: [GC 48.222: [DefNew: 960K->64K(960K), 0.0038139 secs] 253307K->252990K(524224K), 0.0038799 secs] [Times: user=0.00 sys=0.00, real=0.00 secs] 
48.227: [GC 48.227: [DefNew: 960K->64K(960K), 0.0035844 secs] 253887K->253550K(524224K), 0.0036508 secs] [Times: user=0.00 sys=0.00, real=0.00 secs] 
48.234: [GC 48.234: [DefNew: 960K->64K(960K), 0.0036566 secs] 254449K->254150K(524224K), 0.0037196 secs] [Times: user=0.00 sys=0.00, real=0.00 secs] 
48.239: [GC 48.239: [DefNew: 960K->64K(960K), 0.0036888 secs] 255047K->254695K(524224K), 0.0037547 secs] [Times: user=0.00 sys=0.00, real=0.00 secs] 
48.245: [GC 48.245: [DefNew: 960K->63K(960K), 0.0034598 secs] 255593K->255287K(524224K), 0.0035565 secs] [Times: user=0.02 sys=0.00, real=0.00 secs] 
48.251: [GC 48.251: [DefNew: 959K->63K(960K), 0.0041180 secs] 256185K->255935K(524224K), 0.0042306 secs] [Times: user=0.00 sys=0.00, real=0.00 secs] 
48.257: [GC 48.257: [DefNew: 959K->64K(960K), 0.0040459 secs] 256831K->256551K(524224K), 0.0041166 secs] [Times: user=0.00 sys=0.00, real=0.00 secs] 
48.263: [GC 48.263: [DefNew: 960K->64K(960K), 0.0043447 secs] 257447K->257135K(524224K), 0.0044149 secs] [Times: user=0.00 sys=0.00, real=0.00 secs] 
48.268: [GC 48.268: [DefNew: 960K->63K(960K), 0.0037971 secs] 258032K->257700K(524224K), 0.0038649 secs] [Times: user=0.00 sys=0.00, real=0.00 secs] 
48.274: [GC 48.274: [DefNew: 959K->64K(960K), 0.0038298 secs] 258597K->258338K(524224K), 0.0038914 secs] [Times: user=0.00 sys=0.00, real=0.00 secs] 
48.279: [GC 48.279: [DefNew: 960K->64K(960K), 0.0037249 secs] 259236K->258901K(524224K), 0.0038082 secs] [Times: user=0.00 sys=0.00, real=0.00 secs] 
48.285: [GC 48.285: [DefNew: 960K->64K(960K), 0.0034862 secs] 259798K->259480K(524224K), 0.0035950 secs] [Times: user=0.00 sys=0.00, real=0.00 secs] 
48.290: [GC 48.290: [DefNew: 960K->63K(960K), 0.0034357 secs] 260377K->260103K(524224K), 0.0034978 secs] [Times: user=0.00 sys=0.00, real=0.00 secs] 
48.297: [GC 48.297: [DefNew: 959K->64K(960K), 0.0038077 secs] 261000K->260727K(524224K), 0.0038765 secs] [Times: user=0.00 sys=0.00, real=0.00 secs] 
48.303: [GC 48.303: [DefNew: 960K->63K(960K), 0.0038019 secs] 261624K->261305K(524224K), 0.0038741 secs] [Times: user=0.00 sys=0.00, real=0.00 secs] 
48.309: [GC 48.309: [DefNew: 959K->63K(960K), 0.0040386 secs] 262201K->261893K(524224K), 0.0041084 secs] [Times: user=0.02 sys=0.00, real=0.00 secs] 
48.314: [GC 48.314: [DefNew: 959K->64K(960K), 0.0038024 secs] 262789K->262481K(524224K), 0.0038669 secs] [Times: user=0.00 sys=0.00, real=0.00 secs] 
48.319: [GC 48.319: [DefNew: 960K->64K(960K), 0.0036787 secs] 263377K->263045K(524224K), 0.0037470 secs] [Times: user=0.00 sys=0.00, real=0.00 secs] 
48.325: [GC 48.325: [DefNew: 960K->64K(960K), 0.0039135 secs] 263943K->263635K(524224K), 0.0039785 secs] [Times: user=0.00 sys=0.00, real=0.00 secs] 
48.330: [GC 48.331: [DefNew: 960K->64K(960K), 0.0036075 secs] 264532K->264211K(524224K), 0.0036696 secs] [Times: user=0.00 sys=0.00, real=0.00 secs] 
48.336: [GC 48.336: [DefNew: 960K->63K(960K), 0.0040516 secs] 265108K->264773K(524224K), 0.0041286 secs] [Times: user=0.00 sys=0.00, real=0.00 secs] 
48.342: [GC 48.342: [DefNew: 959K->64K(960K), 0.0045420 secs] 265670K->265350K(524224K), 0.0046108 secs] [Times: user=0.00 sys=0.00, real=0.00 secs] 
48.348: [GC 48.348: [DefNew: 960K->63K(960K), 0.0035618 secs] 266246K->265929K(524224K), 0.0036239 secs] [Times: user=0.00 sys=0.00, real=0.00 secs] 
48.354: [GC 48.354: [DefNew: 959K->64K(960K), 0.0045530 secs] 266827K->266524K(524224K), 0.0046276 secs] [Times: user=0.02 sys=0.00, real=0.00 secs] 
48.360: [GC 48.360: [DefNew: 960K->63K(960K), 0.0034501 secs] 267421K->267091K(524224K), 0.0035127 secs] [Times: user=0.00 sys=0.00, real=0.00 secs] 
48.366: [GC 48.366: [DefNew: 959K->64K(960K), 0.0037581 secs] 267988K->267680K(524224K), 0.0038211 secs] [Times: user=0.00 sys=0.00, real=0.00 secs] 
48.372: [GC 48.372: [DefNew: 960K->64K(960K), 0.0046652 secs] 268576K->268251K(524224K), 0.0047335 secs] [Times: user=0.02 sys=0.00, real=0.00 secs] 
48.378: [GC 48.378: [DefNew: 960K->64K(960K), 0.0035570 secs] 269147K->268843K(524224K), 0.0036176 secs] [Times: user=0.00 sys=0.00, real=0.00 secs] 
48.384: [GC 48.384: [DefNew: 960K->64K(960K), 0.0037052 secs] 269739K->269434K(524224K), 0.0037721 secs] [Times: user=0.00 sys=0.00, real=0.00 secs] 
48.391: [GC 48.391: [DefNew: 960K->63K(960K), 0.0041113 secs] 270331K->270048K(524224K), 0.0041820 secs] [Times: user=0.00 sys=0.00, real=0.00 secs] 
48.397: [GC 48.397: [DefNew: 959K->64K(960K), 0.0039771 secs] 270944K->270648K(524224K), 0.0040410 secs] [Times: user=0.00 sys=0.00, real=0.00 secs] 
48.403: [GC 48.403: [DefNew: 960K->64K(960K), 0.0041253 secs] 271545K->271220K(524224K), 0.0041926 secs] [Times: user=0.01 sys=0.00, real=0.00 secs] 
48.408: [GC 48.408: [DefNew: 960K->64K(960K), 0.0039078 secs] 272118K->271835K(524224K), 0.0039727 secs] [Times: user=0.00 sys=0.00, real=0.00 secs] 
48.414: [GC 48.414: [DefNew: 960K->64K(960K), 0.0037259 secs] 272732K->272406K(524224K), 0.0037908 secs] [Times: user=0.00 sys=0.00, real=0.00 secs] 
48.419: [GC 48.419: [DefNew: 960K->63K(960K), 0.0043120 secs] 273303K->272966K(524224K), 0.0043933 secs] [Times: user=0.00 sys=0.00, real=0.00 secs] 
48.425: [GC 48.425: [DefNew: 959K->63K(960K), 0.0038957 secs] 273862K->273551K(524224K), 0.0039636 secs] [Times: user=0.00 sys=0.00, real=0.00 secs] 
48.430: [GC 48.430: [DefNew: 959K->64K(960K), 0.0038077 secs] 274449K->274129K(524224K), 0.0038688 secs] [Times: user=0.00 sys=0.00, real=0.00 secs] 
48.436: [GC 48.436: [DefNew: 960K->64K(960K), 0.0039020 secs] 275026K->274724K(524224K), 0.0039722 secs] [Times: user=0.00 sys=0.00, real=0.00 secs] 
48.442: [GC 48.442: [DefNew: 960K->63K(960K), 0.0036571 secs] 275620K->275289K(524224K), 0.0037191 secs] [Times: user=0.00 sys=0.00, real=0.00 secs] 
48.447: [GC 48.447: [DefNew: 959K->63K(960K), 0.0035199 secs] 276185K->275881K(524224K), 0.0035839 secs] [Times: user=0.02 sys=0.00, real=0.00 secs] 
48.453: [GC 48.453: [DefNew: 959K->64K(960K), 0.0041897 secs] 276779K->276458K(524224K), 0.0042566 secs] [Times: user=0.00 sys=0.00, real=0.00 secs] 
48.458: [GC 48.458: [DefNew: 960K->63K(960K), 0.0037841 secs] 277356K->277041K(524224K), 0.0038476 secs] [Times: user=0.00 sys=0.00, real=0.00 secs] 
48.464: [GC 48.464: [DefNew: 959K->63K(960K), 0.0040459 secs] 277938K->277631K(524224K), 0.0041103 secs] [Times: user=0.01 sys=0.00, real=0.00 secs] 
48.469: [GC 48.470: [DefNew: 959K->64K(960K), 0.0037836 secs] 278529K->278209K(524224K), 0.0038750 secs] [Times: user=0.00 sys=0.00, real=0.00 secs] 
48.475: [GC 48.475: [DefNew: 960K->64K(960K), 0.0037138 secs] 279106K->278799K(524224K), 0.0037812 secs] [Times: user=0.00 sys=0.00, real=0.00 secs] 
48.480: [GC 48.480: [DefNew: 960K->63K(960K), 0.0038568 secs] 279696K->279372K(524224K), 0.0039188 secs] [Times: user=0.02 sys=0.00, real=0.00 secs] 
48.486: [GC 48.486: [DefNew: 959K->63K(960K), 0.0039588 secs] 280270K->279970K(524224K), 0.0040242 secs] [Times: user=0.00 sys=0.00, real=0.00 secs] 
48.492: [GC 48.492: [DefNew: 959K->63K(960K), 0.0040334 secs] 280867K->280566K(524224K), 0.0041050 secs] [Times: user=0.00 sys=0.00, real=0.00 secs] 
48.497: [GC 48.497: [DefNew: 959K->64K(960K), 0.0041844 secs] 281463K->281141K(524224K), 0.0042499 secs] [Times: user=0.00 sys=0.00, real=0.00 secs] 
48.503: [GC 48.503: [DefNew: 960K->64K(960K), 0.0038856 secs] 282037K->281735K(524224K), 0.0039612 secs] [Times: user=0.00 sys=0.00, real=0.00 secs] 
48.508: [GC 48.508: [DefNew: 960K->63K(960K), 0.0039256 secs] 282633K->282316K(524224K), 0.0039920 secs] [Times: user=0.00 sys=0.00, real=0.00 secs] 
48.515: [GC 48.515: [DefNew: 959K->63K(960K), 0.0038620 secs] 283213K->282926K(524224K), 0.0039270 secs] [Times: user=0.00 sys=0.00, real=0.00 secs] 
48.520: [GC 48.520: [DefNew: 959K->63K(960K), 0.0039573 secs] 283822K->283482K(524224K), 0.0040237 secs] [Times: user=0.00 sys=0.00, real=0.00 secs] 
48.526: [GC 48.526: [DefNew: 959K->64K(960K), 0.0040117 secs] 284380K->284092K(524224K), 0.0040791 secs] [Times: user=0.02 sys=0.00, real=0.00 secs] 
48.532: [GC 48.532: [DefNew: 960K->64K(960K), 0.0038673 secs] 284988K->284685K(524224K), 0.0039285 secs] [Times: user=0.00 sys=0.00, real=0.00 secs] 
48.537: [GC 48.537: [DefNew: 960K->63K(960K), 0.0039915 secs] 285582K->285266K(524224K), 0.0040569 secs] [Times: user=0.00 sys=0.00, real=0.00 secs] 
48.543: [GC 48.543: [DefNew: 959K->63K(960K), 0.0040560 secs] 286162K->285859K(524224K), 0.0041219 secs] [Times: user=0.02 sys=0.00, real=0.00 secs] 
48.548: [GC 48.548: [DefNew: 959K->64K(960K), 0.0036903 secs] 286756K->286416K(524224K), 0.0037562 secs] [Times: user=0.00 sys=0.00, real=0.00 secs] 
48.554: [GC 48.554: [DefNew: 960K->63K(960K), 0.0040252 secs] 287313K->287004K(524224K), 0.0040925 secs] [Times: user=0.00 sys=0.00, real=0.00 secs] 
48.560: [GC 48.560: [DefNew: 959K->64K(960K), 0.0043293 secs] 287901K->287603K(524224K), 0.0043986 secs] [Times: user=0.00 sys=0.00, real=0.00 secs] 
48.565: [GC 48.565: [DefNew: 960K->63K(960K), 0.0040078 secs] 288502K->288199K(524224K), 0.0040743 secs] [Times: user=0.00 sys=0.00, real=0.00 secs] 
48.571: [GC 48.571: [DefNew: 959K->63K(960K), 0.0043625 secs] 289096K->288778K(524224K), 0.0044361 secs] [Times: user=0.02 sys=0.00, real=0.00 secs] 
48.577: [GC 48.577: [DefNew: 959K->64K(960K), 0.0039217 secs] 289675K->289406K(524224K), 0.0039852 secs] [Times: user=0.00 sys=0.00, real=0.00 secs] 
48.583: [GC 48.583: [DefNew: 960K->64K(960K), 0.0040627 secs] 290302K->289993K(524224K), 0.0041291 secs] [Times: user=0.00 sys=0.00, real=0.00 secs] 
48.589: [GC 48.589: [DefNew: 960K->63K(960K), 0.0047763 secs] 290891K->290625K(524224K), 0.0048581 secs] [Times: user=0.01 sys=0.00, real=0.00 secs] 
48.595: [GC 48.595: [DefNew: 959K->63K(960K), 0.0042643 secs] 291521K->291261K(524224K), 0.0043317 secs] [Times: user=0.00 sys=0.00, real=0.00 secs] 
48.600: [GC 48.600: [DefNew: 959K->63K(960K), 0.0041339 secs] 292158K->291837K(524224K), 0.0042008 secs] [Times: user=0.00 sys=0.00, real=0.00 secs] 
48.606: [GC 48.606: [DefNew: 959K->63K(960K), 0.0041007 secs] 292734K->292476K(524224K), 0.0041676 secs] [Times: user=0.00 sys=0.00, real=0.00 secs] 
48.612: [GC 48.612: [DefNew: 959K->64K(960K), 0.0038471 secs] 293372K->293067K(524224K), 0.0039092 secs] [Times: user=0.00 sys=0.00, real=0.00 secs] 
48.617: [GC 48.617: [DefNew: 960K->63K(960K), 0.0039434 secs] 293964K->293619K(524224K), 0.0040141 secs] [Times: user=0.00 sys=0.00, real=0.00 secs] 
48.624: [GC 48.624: [DefNew: 959K->64K(960K), 0.0036657 secs] 294516K->294210K(524224K), 0.0037278 secs] [Times: user=0.00 sys=0.00, real=0.00 secs] 
48.629: [GC 48.629: [DefNew: 960K->64K(960K), 0.0037461 secs] 295107K->294785K(524224K), 0.0038086 secs] [Times: user=0.00 sys=0.00, real=0.00 secs] 
48.635: [GC 48.635: [DefNew: 960K->64K(960K), 0.0045083 secs] 295683K->295363K(524224K), 0.0045747 secs] [Times: user=0.00 sys=0.00, real=0.00 secs] 
48.642: [GC 48.642: [DefNew: 960K->64K(960K), 0.0040497 secs] 296261K->295963K(524224K), 0.0041147 secs] [Times: user=0.00 sys=0.00, real=0.00 secs] 
48.647: [GC 48.647: [DefNew: 960K->63K(960K), 0.0039092 secs] 296862K->296571K(524224K), 0.0039708 secs] [Times: user=0.00 sys=0.00, real=0.00 secs] 
48.653: [GC 48.653: [DefNew: 959K->64K(960K), 0.0043769 secs] 297467K->297176K(524224K), 0.0044525 secs] [Times: user=0.00 sys=0.00, real=0.00 secs] 
48.659: [GC 48.659: [DefNew: 960K->64K(960K), 0.0039549 secs] 298074K->297786K(524224K), 0.0040175 secs] [Times: user=0.00 sys=0.00, real=0.00 secs] 
48.665: [GC 48.665: [DefNew: 960K->63K(960K), 0.0039949 secs] 298683K->298379K(524224K), 0.0040550 secs] [Times: user=0.02 sys=0.00, real=0.00 secs] 
48.671: [GC 48.671: [DefNew: 959K->63K(960K), 0.0043644 secs] 299277K->298990K(524224K), 0.0044337 secs] [Times: user=0.00 sys=0.00, real=0.00 secs] 
48.677: [GC 48.677: [DefNew: 959K->64K(960K), 0.0041055 secs] 299887K->299573K(524224K), 0.0041748 secs] [Times: user=0.00 sys=0.00, real=0.00 secs] 
48.682: [GC 48.683: [DefNew: 960K->63K(960K), 0.0052556 secs] 300470K->300156K(524224K), 0.0053273 secs] [Times: user=0.02 sys=0.00, real=0.01 secs] 
48.693: [GC 48.693: [DefNew: 959K->64K(960K), 0.0040016 secs] 301052K->300787K(524224K), 0.0040680 secs] [Times: user=0.00 sys=0.00, real=0.00 secs] 
48.698: [GC 48.698: [DefNew: 960K->63K(960K), 0.0042066 secs] 301684K->301373K(524224K), 0.0042735 secs] [Times: user=0.01 sys=0.00, real=0.00 secs] 
48.703: [GC 48.703: [DefNew: 959K->64K(960K), 0.0040940 secs] 302270K->301928K(524224K), 0.0041599 secs] [Times: user=0.00 sys=0.00, real=0.00 secs] 
48.709: [GC 48.709: [DefNew: 960K->63K(960K), 0.0039188 secs] 302826K->302553K(524224K), 0.0039804 secs] [Times: user=0.00 sys=0.00, real=0.00 secs] 
48.714: [GC 48.714: [DefNew: 959K->63K(960K), 0.0043447 secs] 303449K->303133K(524224K), 0.0044116 secs] [Times: user=0.02 sys=0.00, real=0.00 secs] 
48.720: [GC 48.720: [DefNew: 959K->64K(960K), 0.0038250 secs] 304030K->303706K(524224K), 0.0038924 secs] [Times: user=0.00 sys=0.00, real=0.00 secs] 
48.726: [GC 48.726: [DefNew: 960K->63K(960K), 0.0039318 secs] 304604K->304288K(524224K), 0.0039939 secs] [Times: user=0.00 sys=0.00, real=0.00 secs] 
48.731: [GC 48.731: [DefNew: 959K->63K(960K), 0.0039756 secs] 305184K->304884K(524224K), 0.0040391 secs] [Times: user=0.00 sys=0.00, real=0.00 secs] 
48.737: [GC 48.737: [DefNew: 959K->63K(960K), 0.0040391 secs] 305780K->305479K(524224K), 0.0041185 secs] [Times: user=0.00 sys=0.00, real=0.00 secs] 
48.743: [GC 48.743: [DefNew: 959K->63K(960K), 0.0040877 secs] 306376K->306126K(524224K), 0.0041589 secs] [Times: user=0.00 sys=0.00, real=0.00 secs] 
48.749: [GC 48.749: [DefNew: 959K->64K(960K), 0.0041026 secs] 307023K->306728K(524224K), 0.0041715 secs] [Times: user=0.00 sys=0.00, real=0.00 secs] 
48.754: [GC 48.755: [DefNew: 960K->63K(960K), 0.0039833 secs] 307625K->307300K(524224K), 0.0040593 secs] [Times: user=0.00 sys=0.00, real=0.00 secs] 
48.761: [GC 48.761: [DefNew: 959K->63K(960K), 0.0039203 secs] 308197K->307915K(524224K), 0.0039915 secs] [Times: user=0.02 sys=0.00, real=0.00 secs] 
48.765: [GC 48.766: [DefNew: 959K->63K(960K), 0.0039573 secs] 308812K->308498K(524224K), 0.0040204 secs] [Times: user=0.00 sys=0.00, real=0.00 secs] 
48.771: [GC 48.771: [DefNew: 959K->63K(960K), 0.0039703 secs] 309395K->309122K(524224K), 0.0040334 secs] [Times: user=0.00 sys=0.00, real=0.00 secs] 
48.777: [GC 48.777: [DefNew: 959K->64K(960K), 0.0038125 secs] 310019K->309721K(524224K), 0.0038799 secs] [Times: user=0.02 sys=0.00, real=0.00 secs] 
48.783: [GC 48.783: [DefNew: 960K->64K(960K), 0.0040762 secs] 310619K->310302K(524224K), 0.0041666 secs] [Times: user=0.00 sys=0.00, real=0.00 secs] 
48.789: [GC 48.789: [DefNew: 960K->63K(960K), 0.0040781 secs] 311199K->310924K(524224K), 0.0041411 secs] [Times: user=0.01 sys=0.00, real=0.00 secs] 
48.794: [GC 48.794: [DefNew: 959K->63K(960K), 0.0044380 secs] 311821K->311517K(524224K), 0.0045035 secs] [Times: user=0.00 sys=0.00, real=0.00 secs] 
48.801: [GC 48.801: [DefNew: 959K->64K(960K), 0.0037552 secs] 312413K->312107K(524224K), 0.0038187 secs] [Times: user=0.00 sys=0.00, real=0.00 secs] 
48.807: [GC 48.807: [DefNew: 960K->64K(960K), 0.0049476 secs] 313003K->312684K(524224K), 0.0050150 secs] [Times: user=0.00 sys=0.00, real=0.00 secs] 
48.816: [GC 48.816: [DefNew: 960K->63K(960K), 0.0041036 secs] 313581K->313312K(524224K), 0.0041748 secs] [Times: user=0.00 sys=0.00, real=0.00 secs] 
48.822: [GC 48.822: [DefNew: 959K->64K(960K), 0.0047672 secs] 314208K->313900K(524224K), 0.0048393 secs] [Times: user=0.02 sys=0.00, real=0.00 secs] 
48.828: [GC 48.828: [DefNew: 960K->64K(960K), 0.0039256 secs] 314798K->314483K(524224K), 0.0039949 secs] [Times: user=0.00 sys=0.00, real=0.00 secs] 
48.834: [GC 48.834: [DefNew: 960K->64K(960K), 0.0048586 secs] 315381K->315079K(524224K), 0.0049293 secs] [Times: user=0.00 sys=0.00, real=0.01 secs] 
48.840: [GC 48.840: [DefNew: 960K->63K(960K), 0.0041806 secs] 315976K->315668K(524224K), 0.0042600 secs] [Times: user=0.00 sys=0.00, real=0.00 secs] 
48.848: [GC 48.848: [DefNew: 959K->63K(960K), 0.0042788 secs] 316565K->316291K(524224K), 0.0043480 secs] [Times: user=0.00 sys=0.00, real=0.00 secs] 
48.857: [GC 48.857: [DefNew: 959K->64K(960K), 0.0052301 secs] 317188K->317065K(524224K), 0.0053128 secs] [Times: user=0.00 sys=0.00, real=0.01 secs] 
48.864: [GC 48.865: [DefNew: 960K->63K(960K), 0.0049953 secs] 317962K->317855K(524224K), 0.0050698 secs] [Times: user=0.00 sys=0.00, real=0.00 secs] 
48.871: [GC 48.871: [DefNew: 959K->64K(960K), 0.0052787 secs] 318752K->318615K(524224K), 0.0053552 secs] [Times: user=0.00 sys=0.00, real=0.00 secs] 
48.878: [GC 48.878: [DefNew: 960K->63K(960K), 0.0048543 secs] 319511K->319314K(524224K), 0.0049351 secs] [Times: user=0.00 sys=0.00, real=0.00 secs] 
48.885: [GC 48.885: [DefNew: 959K->64K(960K), 0.0065192 secs] 320211K->319967K(524224K), 0.0066558 secs] [Times: user=0.01 sys=0.00, real=0.01 secs] 
48.894: [GC 48.894: [DefNew: 960K->63K(960K), 0.0067853 secs] 320863K->320786K(524224K), 0.0068681 secs] [Times: user=0.00 sys=0.00, real=0.01 secs] 
48.902: [GC 48.902: [DefNew: 959K->63K(960K), 0.0067097 secs] 321683K->321397K(524224K), 0.0067959 secs] [Times: user=0.00 sys=0.00, real=0.01 secs] 
48.911: [GC 48.911: [DefNew: 959K->64K(960K), 0.0043697 secs] 322294K->322147K(524224K), 0.0045968 secs] [Times: user=0.00 sys=0.00, real=0.00 secs] 
48.917: [GC 48.917: [DefNew: 960K->63K(960K), 0.0062507 secs] 323043K->322805K(524224K), 0.0063638 secs] [Times: user=0.02 sys=0.00, real=0.01 secs] 
48.926: [GC 48.926: [DefNew: 959K->63K(960K), 0.0065418 secs] 323702K->323613K(524224K), 0.0066236 secs] [Times: user=0.00 sys=0.00, real=0.01 secs] 
48.935: [GC 48.935: [DefNew: 959K->64K(960K), 0.0060428 secs] 324510K->324257K(524224K), 0.0061564 secs] [Times: user=0.00 sys=0.00, real=0.01 secs] 
48.942: [GC 48.942: [DefNew: 960K->63K(960K), 0.0049168 secs] 325153K->324949K(524224K), 0.0049851 secs] [Times: user=0.00 sys=0.00, real=0.01 secs] 
48.948: [GC 48.948: [DefNew: 959K->63K(960K), 0.0047864 secs] 325846K->325556K(524224K), 0.0049317 secs] [Times: user=0.02 sys=0.00, real=0.01 secs] 
48.956: [GC 48.956: [DefNew: 959K->63K(960K), 0.0045627 secs] 326452K->326219K(524224K), 0.0046372 secs] [Times: user=0.00 sys=0.00, real=0.01 secs] 
48.962: [GC 48.962: [DefNew: 959K->64K(960K), 0.0047768 secs] 327116K->326807K(524224K), 0.0048485 secs] [Times: user=0.01 sys=0.00, real=0.01 secs] 
48.968: [GC 48.969: [DefNew: 960K->63K(960K), 0.0051189 secs] 327703K->327517K(524224K), 0.0052286 secs] [Times: user=0.00 sys=0.00, real=0.01 secs] 
48.976: [GC 48.976: [DefNew